<?xml version="1.0"?>
<link_info>
   <banner>TMS320C2000 Linker PC v6.2.8</banner>
   <copyright>Copyright (c) 1996-2014 Texas Instruments Incorporated</copyright>
   <link_time>0x5434a41e</link_time>
   <link_errors>0x0</link_errors>
   <output_file>Example_F2802xLaunchPad_demo.out</output_file>
   <entry_point>
      <name>code_start</name>
      <address>0x3f7ff6</address>
   </entry_point>
   <input_file_list>
      <input_file id="fl-2">
         <path>.\</path>
         <kind>object</kind>
         <file>VoiceModule.obj</file>
         <name>VoiceModule.obj</name>
      </input_file>
      <input_file id="fl-9">
         <path>C:\ti\controlSUITE\development_kits\C2000_LaunchPad\f2802x_common\lib\</path>
         <kind>archive</kind>
         <file>driverlib.lib</file>
         <name>wdog.obj</name>
      </input_file>
      <input_file id="fl-a">
         <path>C:\ti\controlSUITE\development_kits\C2000_LaunchPad\f2802x_common\lib\</path>
         <kind>archive</kind>
         <file>driverlib.lib</file>
         <name>sci_io.obj</name>
      </input_file>
      <input_file id="fl-b">
         <path>C:\ti\controlSUITE\development_kits\C2000_LaunchPad\f2802x_common\lib\</path>
         <kind>archive</kind>
         <file>driverlib.lib</file>
         <name>sci.obj</name>
      </input_file>
      <input_file id="fl-c">
         <path>C:\ti\controlSUITE\development_kits\C2000_LaunchPad\f2802x_common\lib\</path>
         <kind>archive</kind>
         <file>driverlib.lib</file>
         <name>pll.obj</name>
      </input_file>
      <input_file id="fl-d">
         <path>C:\ti\controlSUITE\development_kits\C2000_LaunchPad\f2802x_common\lib\</path>
         <kind>archive</kind>
         <file>driverlib.lib</file>
         <name>pie.obj</name>
      </input_file>
      <input_file id="fl-e">
         <path>C:\ti\controlSUITE\development_kits\C2000_LaunchPad\f2802x_common\lib\</path>
         <kind>archive</kind>
         <file>driverlib.lib</file>
         <name>gpio.obj</name>
      </input_file>
      <input_file id="fl-f">
         <path>C:\ti\controlSUITE\development_kits\C2000_LaunchPad\f2802x_common\lib\</path>
         <kind>archive</kind>
         <file>driverlib.lib</file>
         <name>flash.obj</name>
      </input_file>
      <input_file id="fl-10">
         <path>C:\ti\controlSUITE\development_kits\C2000_LaunchPad\f2802x_common\lib\</path>
         <kind>archive</kind>
         <file>driverlib.lib</file>
         <name>cpu.obj</name>
      </input_file>
      <input_file id="fl-11">
         <path>C:\ti\controlSUITE\development_kits\C2000_LaunchPad\f2802x_common\lib\</path>
         <kind>archive</kind>
         <file>driverlib.lib</file>
         <name>clk.obj</name>
      </input_file>
      <input_file id="fl-12">
         <path>C:\ti\controlSUITE\development_kits\C2000_LaunchPad\f2802x_common\lib\</path>
         <kind>archive</kind>
         <file>driverlib.lib</file>
         <name>adc.obj</name>
      </input_file>
      <input_file id="fl-13">
         <path>C:\ti\controlSUITE\development_kits\C2000_LaunchPad\f2802x_common\lib\</path>
         <kind>archive</kind>
         <file>driverlib.lib</file>
         <name>F2802x_asmfuncs.obj</name>
      </input_file>
      <input_file id="fl-14">
         <path>C:\ti\controlSUITE\development_kits\C2000_LaunchPad\f2802x_common\lib\</path>
         <kind>archive</kind>
         <file>driverlib.lib</file>
         <name>F2802x_DefaultIsr.obj</name>
      </input_file>
      <input_file id="fl-15">
         <path>c:\ti\ccsv6\tools\compiler\c2000_6.2.8\lib\</path>
         <kind>archive</kind>
         <file>rts2800_ml.lib</file>
         <name>boot.obj</name>
      </input_file>
      <input_file id="fl-16">
         <path>c:\ti\ccsv6\tools\compiler\c2000_6.2.8\lib\</path>
         <kind>archive</kind>
         <file>rts2800_ml.lib</file>
         <name>defs.obj</name>
      </input_file>
      <input_file id="fl-17">
         <path>c:\ti\ccsv6\tools\compiler\c2000_6.2.8\lib\</path>
         <kind>archive</kind>
         <file>rts2800_ml.lib</file>
         <name>exit.obj</name>
      </input_file>
      <input_file id="fl-18">
         <path>c:\ti\ccsv6\tools\compiler\c2000_6.2.8\lib\</path>
         <kind>archive</kind>
         <file>rts2800_ml.lib</file>
         <name>fopen.obj</name>
      </input_file>
      <input_file id="fl-19">
         <path>c:\ti\ccsv6\tools\compiler\c2000_6.2.8\lib\</path>
         <kind>archive</kind>
         <file>rts2800_ml.lib</file>
         <name>fputc.obj</name>
      </input_file>
      <input_file id="fl-1a">
         <path>c:\ti\ccsv6\tools\compiler\c2000_6.2.8\lib\</path>
         <kind>archive</kind>
         <file>rts2800_ml.lib</file>
         <name>lowlev.obj</name>
      </input_file>
      <input_file id="fl-1b">
         <path>c:\ti\ccsv6\tools\compiler\c2000_6.2.8\lib\</path>
         <kind>archive</kind>
         <file>rts2800_ml.lib</file>
         <name>memcpy_ff.obj</name>
      </input_file>
      <input_file id="fl-1c">
         <path>c:\ti\ccsv6\tools\compiler\c2000_6.2.8\lib\</path>
         <kind>archive</kind>
         <file>rts2800_ml.lib</file>
         <name>printf.obj</name>
      </input_file>
      <input_file id="fl-1d">
         <path>c:\ti\ccsv6\tools\compiler\c2000_6.2.8\lib\</path>
         <kind>archive</kind>
         <file>rts2800_ml.lib</file>
         <name>setvbuf.obj</name>
      </input_file>
      <input_file id="fl-1e">
         <path>c:\ti\ccsv6\tools\compiler\c2000_6.2.8\lib\</path>
         <kind>archive</kind>
         <file>rts2800_ml.lib</file>
         <name>strchr.obj</name>
      </input_file>
      <input_file id="fl-1f">
         <path>c:\ti\ccsv6\tools\compiler\c2000_6.2.8\lib\</path>
         <kind>archive</kind>
         <file>rts2800_ml.lib</file>
         <name>strcmp.obj</name>
      </input_file>
      <input_file id="fl-20">
         <path>c:\ti\ccsv6\tools\compiler\c2000_6.2.8\lib\</path>
         <kind>archive</kind>
         <file>rts2800_ml.lib</file>
         <name>strncpy.obj</name>
      </input_file>
      <input_file id="fl-21">
         <path>c:\ti\ccsv6\tools\compiler\c2000_6.2.8\lib\</path>
         <kind>archive</kind>
         <file>rts2800_ml.lib</file>
         <name>trgdrv.obj</name>
      </input_file>
      <input_file id="fl-22">
         <path>c:\ti\ccsv6\tools\compiler\c2000_6.2.8\lib\</path>
         <kind>archive</kind>
         <file>rts2800_ml.lib</file>
         <name>_io_perm.obj</name>
      </input_file>
      <input_file id="fl-23">
         <path>c:\ti\ccsv6\tools\compiler\c2000_6.2.8\lib\</path>
         <kind>archive</kind>
         <file>rts2800_ml.lib</file>
         <name>_lock.obj</name>
      </input_file>
      <input_file id="fl-24">
         <path>c:\ti\ccsv6\tools\compiler\c2000_6.2.8\lib\</path>
         <kind>archive</kind>
         <file>rts2800_ml.lib</file>
         <name>_printfi.obj</name>
      </input_file>
      <input_file id="fl-25">
         <path>c:\ti\ccsv6\tools\compiler\c2000_6.2.8\lib\</path>
         <kind>archive</kind>
         <file>rts2800_ml.lib</file>
         <name>ankmsg.obj</name>
      </input_file>
      <input_file id="fl-26">
         <path>c:\ti\ccsv6\tools\compiler\c2000_6.2.8\lib\</path>
         <kind>archive</kind>
         <file>rts2800_ml.lib</file>
         <name>args_main.obj</name>
      </input_file>
      <input_file id="fl-27">
         <path>c:\ti\ccsv6\tools\compiler\c2000_6.2.8\lib\</path>
         <kind>archive</kind>
         <file>rts2800_ml.lib</file>
         <name>atoi.obj</name>
      </input_file>
      <input_file id="fl-28">
         <path>c:\ti\ccsv6\tools\compiler\c2000_6.2.8\lib\</path>
         <kind>archive</kind>
         <file>rts2800_ml.lib</file>
         <name>ctype.obj</name>
      </input_file>
      <input_file id="fl-29">
         <path>c:\ti\ccsv6\tools\compiler\c2000_6.2.8\lib\</path>
         <kind>archive</kind>
         <file>rts2800_ml.lib</file>
         <name>fclose.obj</name>
      </input_file>
      <input_file id="fl-2a">
         <path>c:\ti\ccsv6\tools\compiler\c2000_6.2.8\lib\</path>
         <kind>archive</kind>
         <file>rts2800_ml.lib</file>
         <name>fd_cmp.obj</name>
      </input_file>
      <input_file id="fl-2b">
         <path>c:\ti\ccsv6\tools\compiler\c2000_6.2.8\lib\</path>
         <kind>archive</kind>
         <file>rts2800_ml.lib</file>
         <name>fd_div.obj</name>
      </input_file>
      <input_file id="fl-2c">
         <path>c:\ti\ccsv6\tools\compiler\c2000_6.2.8\lib\</path>
         <kind>archive</kind>
         <file>rts2800_ml.lib</file>
         <name>fd_mpy.obj</name>
      </input_file>
      <input_file id="fl-2d">
         <path>c:\ti\ccsv6\tools\compiler\c2000_6.2.8\lib\</path>
         <kind>archive</kind>
         <file>rts2800_ml.lib</file>
         <name>fd_neg.obj</name>
      </input_file>
      <input_file id="fl-2e">
         <path>c:\ti\ccsv6\tools\compiler\c2000_6.2.8\lib\</path>
         <kind>archive</kind>
         <file>rts2800_ml.lib</file>
         <name>fd_sub.obj</name>
      </input_file>
      <input_file id="fl-2f">
         <path>c:\ti\ccsv6\tools\compiler\c2000_6.2.8\lib\</path>
         <kind>archive</kind>
         <file>rts2800_ml.lib</file>
         <name>fd_toi.obj</name>
      </input_file>
      <input_file id="fl-30">
         <path>c:\ti\ccsv6\tools\compiler\c2000_6.2.8\lib\</path>
         <kind>archive</kind>
         <file>rts2800_ml.lib</file>
         <name>fd_tol.obj</name>
      </input_file>
      <input_file id="fl-31">
         <path>c:\ti\ccsv6\tools\compiler\c2000_6.2.8\lib\</path>
         <kind>archive</kind>
         <file>rts2800_ml.lib</file>
         <name>fflush.obj</name>
      </input_file>
      <input_file id="fl-32">
         <path>c:\ti\ccsv6\tools\compiler\c2000_6.2.8\lib\</path>
         <kind>archive</kind>
         <file>rts2800_ml.lib</file>
         <name>fputs.obj</name>
      </input_file>
      <input_file id="fl-33">
         <path>c:\ti\ccsv6\tools\compiler\c2000_6.2.8\lib\</path>
         <kind>archive</kind>
         <file>rts2800_ml.lib</file>
         <name>fs_tofd.obj</name>
      </input_file>
      <input_file id="fl-34">
         <path>c:\ti\ccsv6\tools\compiler\c2000_6.2.8\lib\</path>
         <kind>archive</kind>
         <file>rts2800_ml.lib</file>
         <name>fseek.obj</name>
      </input_file>
      <input_file id="fl-35">
         <path>c:\ti\ccsv6\tools\compiler\c2000_6.2.8\lib\</path>
         <kind>archive</kind>
         <file>rts2800_ml.lib</file>
         <name>l_tofd.obj</name>
      </input_file>
      <input_file id="fl-36">
         <path>c:\ti\ccsv6\tools\compiler\c2000_6.2.8\lib\</path>
         <kind>archive</kind>
         <file>rts2800_ml.lib</file>
         <name>ll_aox.obj</name>
      </input_file>
      <input_file id="fl-37">
         <path>c:\ti\ccsv6\tools\compiler\c2000_6.2.8\lib\</path>
         <kind>archive</kind>
         <file>rts2800_ml.lib</file>
         <name>ll_cmp.obj</name>
      </input_file>
      <input_file id="fl-38">
         <path>c:\ti\ccsv6\tools\compiler\c2000_6.2.8\lib\</path>
         <kind>archive</kind>
         <file>rts2800_ml.lib</file>
         <name>ll_div.obj</name>
      </input_file>
      <input_file id="fl-39">
         <path>c:\ti\ccsv6\tools\compiler\c2000_6.2.8\lib\</path>
         <kind>archive</kind>
         <file>rts2800_ml.lib</file>
         <name>ll_mpy.obj</name>
      </input_file>
      <input_file id="fl-3a">
         <path>c:\ti\ccsv6\tools\compiler\c2000_6.2.8\lib\</path>
         <kind>archive</kind>
         <file>rts2800_ml.lib</file>
         <name>ltoa.obj</name>
      </input_file>
      <input_file id="fl-3b">
         <path>c:\ti\ccsv6\tools\compiler\c2000_6.2.8\lib\</path>
         <kind>archive</kind>
         <file>rts2800_ml.lib</file>
         <name>memccpy.obj</name>
      </input_file>
      <input_file id="fl-3c">
         <path>c:\ti\ccsv6\tools\compiler\c2000_6.2.8\lib\</path>
         <kind>archive</kind>
         <file>rts2800_ml.lib</file>
         <name>memchr.obj</name>
      </input_file>
      <input_file id="fl-3d">
         <path>c:\ti\ccsv6\tools\compiler\c2000_6.2.8\lib\</path>
         <kind>archive</kind>
         <file>rts2800_ml.lib</file>
         <name>memory.obj</name>
      </input_file>
      <input_file id="fl-3e">
         <path>c:\ti\ccsv6\tools\compiler\c2000_6.2.8\lib\</path>
         <kind>archive</kind>
         <file>rts2800_ml.lib</file>
         <name>memset.obj</name>
      </input_file>
      <input_file id="fl-3f">
         <path>c:\ti\ccsv6\tools\compiler\c2000_6.2.8\lib\</path>
         <kind>archive</kind>
         <file>rts2800_ml.lib</file>
         <name>remove.obj</name>
      </input_file>
      <input_file id="fl-40">
         <path>c:\ti\ccsv6\tools\compiler\c2000_6.2.8\lib\</path>
         <kind>archive</kind>
         <file>rts2800_ml.lib</file>
         <name>strcpy.obj</name>
      </input_file>
      <input_file id="fl-41">
         <path>c:\ti\ccsv6\tools\compiler\c2000_6.2.8\lib\</path>
         <kind>archive</kind>
         <file>rts2800_ml.lib</file>
         <name>strlen.obj</name>
      </input_file>
      <input_file id="fl-42">
         <path>c:\ti\ccsv6\tools\compiler\c2000_6.2.8\lib\</path>
         <kind>archive</kind>
         <file>rts2800_ml.lib</file>
         <name>fd_add.obj</name>
      </input_file>
      <input_file id="fl-43">
         <path>c:\ti\ccsv6\tools\compiler\c2000_6.2.8\lib\</path>
         <kind>archive</kind>
         <file>rts2800_ml.lib</file>
         <name>l_div.obj</name>
      </input_file>
   </input_file_list>
   <object_component_list>
      <object_component id="oc-90">
         <name>.cinit</name>
         <load_address>0x3f30ad</load_address>
         <run_address>0x3f30ad</run_address>
         <size>0x31</size>
         <input_file_ref idref="fl-1a"/>
      </object_component>
      <object_component id="oc-7c">
         <name>.cinit</name>
         <load_address>0x3f30de</load_address>
         <run_address>0x3f30de</run_address>
         <size>0x2a</size>
         <input_file_ref idref="fl-16"/>
      </object_component>
      <object_component id="oc-b7">
         <name>.cinit</name>
         <load_address>0x3f3108</load_address>
         <run_address>0x3f3108</run_address>
         <size>0xa</size>
         <input_file_ref idref="fl-23"/>
      </object_component>
      <object_component id="oc-80">
         <name>.cinit</name>
         <load_address>0x3f3112</load_address>
         <run_address>0x3f3112</run_address>
         <size>0xa</size>
         <input_file_ref idref="fl-17"/>
      </object_component>
      <object_component id="oc-39">
         <name>.cinit</name>
         <load_address>0x3f311c</load_address>
         <run_address>0x3f311c</run_address>
         <size>0x8</size>
         <input_file_ref idref="fl-2"/>
      </object_component>
      <object_component id="oc-44">
         <name>.cinit</name>
         <load_address>0x3f3124</load_address>
         <run_address>0x3f3124</run_address>
         <size>0x4</size>
         <input_file_ref idref="fl-a"/>
      </object_component>
      <object_component id="oc-86">
         <name>.cinit</name>
         <load_address>0x3f3128</load_address>
         <run_address>0x3f3128</run_address>
         <size>0x4</size>
         <input_file_ref idref="fl-18"/>
      </object_component>
      <object_component id="oc-123">
         <name>.cinit</name>
         <load_address>0x3f312c</load_address>
         <run_address>0x3f312c</run_address>
         <size>0x4</size>
         <input_file_ref idref="fl-3d"/>
      </object_component>
      <object_component id="oc-194">
         <name>.text</name>
         <load_address>0x3f2000</load_address>
         <run_address>0x3f2000</run_address>
         <size>0x1d3</size>
         <input_file_ref idref="fl-3d"/>
      </object_component>
      <object_component id="oc-145">
         <name>.text:_main</name>
         <load_address>0x3f21d3</load_address>
         <run_address>0x3f21d3</run_address>
         <size>0x1c0</size>
         <input_file_ref idref="fl-2"/>
      </object_component>
      <object_component id="oc-16c">
         <name>.text</name>
         <load_address>0x3f2393</load_address>
         <run_address>0x3f2393</run_address>
         <size>0xff</size>
         <input_file_ref idref="fl-18"/>
      </object_component>
      <object_component id="oc-19a">
         <name>.text</name>
         <load_address>0x3f2492</load_address>
         <run_address>0x3f2492</run_address>
         <size>0xa8</size>
         <input_file_ref idref="fl-32"/>
      </object_component>
      <object_component id="oc-139">
         <name>.text</name>
         <load_address>0x3f253a</load_address>
         <run_address>0x3f253a</run_address>
         <size>0x9c</size>
         <input_file_ref idref="fl-42"/>
      </object_component>
      <object_component id="oc-146">
         <name>.text</name>
         <load_address>0x3f25d6</load_address>
         <run_address>0x3f25d6</run_address>
         <size>0x8e</size>
         <input_file_ref idref="fl-25"/>
      </object_component>
      <object_component id="oc-d9">
         <name>.text</name>
         <load_address>0x3f2664</load_address>
         <run_address>0x3f2664</run_address>
         <size>0x8b</size>
         <input_file_ref idref="fl-2b"/>
      </object_component>
      <object_component id="oc-dd">
         <name>.text</name>
         <load_address>0x3f26ef</load_address>
         <run_address>0x3f26ef</run_address>
         <size>0x83</size>
         <input_file_ref idref="fl-2c"/>
      </object_component>
      <object_component id="oc-16e">
         <name>.text:_drawTILogo</name>
         <load_address>0x3f2772</load_address>
         <run_address>0x3f2772</run_address>
         <size>0x6f</size>
         <input_file_ref idref="fl-2"/>
      </object_component>
      <object_component id="oc-1cc">
         <name>.text</name>
         <load_address>0x3f27e1</load_address>
         <run_address>0x3f27e1</run_address>
         <size>0x6b</size>
         <input_file_ref idref="fl-31"/>
      </object_component>
      <object_component id="oc-15f">
         <name>.text:_scia_init</name>
         <load_address>0x3f284c</load_address>
         <run_address>0x3f284c</run_address>
         <size>0x66</size>
         <input_file_ref idref="fl-2"/>
      </object_component>
      <object_component id="oc-1ce">
         <name>.text</name>
         <load_address>0x3f28b2</load_address>
         <run_address>0x3f28b2</run_address>
         <size>0x65</size>
         <input_file_ref idref="fl-22"/>
      </object_component>
      <object_component id="oc-172">
         <name>.text:_clearTextBox</name>
         <load_address>0x3f2917</load_address>
         <run_address>0x3f2917</run_address>
         <size>0x63</size>
         <input_file_ref idref="fl-2"/>
      </object_component>
      <object_component id="oc-193">
         <name>.text</name>
         <load_address>0x3f297a</load_address>
         <run_address>0x3f297a</run_address>
         <size>0x5b</size>
         <input_file_ref idref="fl-29"/>
      </object_component>
      <object_component id="oc-195">
         <name>.text</name>
         <load_address>0x3f29d5</load_address>
         <run_address>0x3f29d5</run_address>
         <size>0x50</size>
         <input_file_ref idref="fl-19"/>
      </object_component>
      <object_component id="oc-15b">
         <name>.text:_GPIO_setMode</name>
         <load_address>0x3f2a25</load_address>
         <run_address>0x3f2a25</run_address>
         <size>0x49</size>
         <input_file_ref idref="fl-e"/>
      </object_component>
      <object_component id="oc-75">
         <name>.text</name>
         <load_address>0x3f2a6e</load_address>
         <run_address>0x3f2a6e</run_address>
         <size>0x44</size>
         <input_file_ref idref="fl-15"/>
      </object_component>
      <object_component id="oc-1d4">
         <name>.text</name>
         <load_address>0x3f2ab2</load_address>
         <run_address>0x3f2ab2</run_address>
         <size>0x3d</size>
         <input_file_ref idref="fl-34"/>
      </object_component>
      <object_component id="oc-163">
         <name>.text:_GPIO_setDirection</name>
         <load_address>0x3f2aef</load_address>
         <run_address>0x3f2aef</run_address>
         <size>0x34</size>
         <input_file_ref idref="fl-e"/>
      </object_component>
      <object_component id="oc-161">
         <name>.text:_GPIO_setPullUp</name>
         <load_address>0x3f2b23</load_address>
         <run_address>0x3f2b23</run_address>
         <size>0x34</size>
         <input_file_ref idref="fl-e"/>
      </object_component>
      <object_component id="oc-173">
         <name>.text</name>
         <load_address>0x3f2b57</load_address>
         <run_address>0x3f2b57</run_address>
         <size>0x32</size>
         <input_file_ref idref="fl-1c"/>
      </object_component>
      <object_component id="oc-1d0">
         <name>.text</name>
         <load_address>0x3f2b89</load_address>
         <run_address>0x3f2b89</run_address>
         <size>0x31</size>
         <input_file_ref idref="fl-27"/>
      </object_component>
      <object_component id="oc-1d1">
         <name>.text</name>
         <load_address>0x3f2bba</load_address>
         <run_address>0x3f2bba</run_address>
         <size>0x2c</size>
         <input_file_ref idref="fl-3a"/>
      </object_component>
      <object_component id="oc-162">
         <name>.text:_GPIO_setQualification</name>
         <load_address>0x3f2be6</load_address>
         <run_address>0x3f2be6</run_address>
         <size>0x2b</size>
         <input_file_ref idref="fl-e"/>
      </object_component>
      <object_component id="oc-d5">
         <name>.text</name>
         <load_address>0x3f2c11</load_address>
         <run_address>0x3f2c11</run_address>
         <size>0x2a</size>
         <input_file_ref idref="fl-2a"/>
      </object_component>
      <object_component id="oc-13d">
         <name>.text</name>
         <load_address>0x3f2c3b</load_address>
         <run_address>0x3f2c3b</run_address>
         <size>0x2a</size>
         <input_file_ref idref="fl-43"/>
      </object_component>
      <object_component id="oc-e9">
         <name>.text</name>
         <load_address>0x3f2c65</load_address>
         <run_address>0x3f2c65</run_address>
         <size>0x21</size>
         <input_file_ref idref="fl-2f"/>
      </object_component>
      <object_component id="oc-15a">
         <name>.text</name>
         <load_address>0x3f2c86</load_address>
         <run_address>0x3f2c86</run_address>
         <size>0x21</size>
         <input_file_ref idref="fl-1b"/>
      </object_component>
      <object_component id="oc-ed">
         <name>.text</name>
         <load_address>0x3f2ca7</load_address>
         <run_address>0x3f2ca7</run_address>
         <size>0x1f</size>
         <input_file_ref idref="fl-30"/>
      </object_component>
      <object_component id="oc-10a">
         <name>.text</name>
         <load_address>0x3f2cc6</load_address>
         <run_address>0x3f2cc6</run_address>
         <size>0x1e</size>
         <input_file_ref idref="fl-37"/>
      </object_component>
      <object_component id="oc-192">
         <name>.text</name>
         <load_address>0x3f2ce4</load_address>
         <run_address>0x3f2ce4</run_address>
         <size>0x1e</size>
         <input_file_ref idref="fl-20"/>
      </object_component>
      <object_component id="oc-167">
         <name>.text:_SCI_write</name>
         <load_address>0x3f2d02</load_address>
         <run_address>0x3f2d02</run_address>
         <size>0x1c</size>
         <input_file_ref idref="fl-a"/>
      </object_component>
      <object_component id="oc-fa">
         <name>.text</name>
         <load_address>0x3f2d1e</load_address>
         <run_address>0x3f2d1e</run_address>
         <size>0x1c</size>
         <input_file_ref idref="fl-33"/>
      </object_component>
      <object_component id="oc-102">
         <name>.text</name>
         <load_address>0x3f2d3a</load_address>
         <run_address>0x3f2d3a</run_address>
         <size>0x1c</size>
         <input_file_ref idref="fl-35"/>
      </object_component>
      <object_component id="oc-141">
         <name>.text</name>
         <load_address>0x3f2d56</load_address>
         <run_address>0x3f2d56</run_address>
         <size>0x19</size>
         <input_file_ref idref="fl-26"/>
      </object_component>
      <object_component id="oc-142">
         <name>.text</name>
         <load_address>0x3f2d6f</load_address>
         <run_address>0x3f2d6f</run_address>
         <size>0x19</size>
         <input_file_ref idref="fl-17"/>
      </object_component>
      <object_component id="oc-106">
         <name>.text</name>
         <load_address>0x3f2d88</load_address>
         <run_address>0x3f2d88</run_address>
         <size>0x18</size>
         <input_file_ref idref="fl-36"/>
      </object_component>
      <object_component id="oc-155">
         <name>.text:_PLL_setup</name>
         <load_address>0x3f2da0</load_address>
         <run_address>0x3f2da0</run_address>
         <size>0x15</size>
         <input_file_ref idref="fl-c"/>
      </object_component>
      <object_component id="oc-112">
         <name>.text</name>
         <load_address>0x3f2db5</load_address>
         <run_address>0x3f2db5</run_address>
         <size>0x14</size>
         <input_file_ref idref="fl-39"/>
      </object_component>
      <object_component id="oc-16f">
         <name>.text:_GPIO_setHigh</name>
         <load_address>0x3f2dc9</load_address>
         <run_address>0x3f2dc9</run_address>
         <size>0x13</size>
         <input_file_ref idref="fl-e"/>
      </object_component>
      <object_component id="oc-170">
         <name>.text:_GPIO_setLow</name>
         <load_address>0x3f2ddc</load_address>
         <run_address>0x3f2ddc</run_address>
         <size>0x13</size>
         <input_file_ref idref="fl-e"/>
      </object_component>
      <object_component id="oc-165">
         <name>.text:_SCI_open</name>
         <load_address>0x3f2def</load_address>
         <run_address>0x3f2def</run_address>
         <size>0x13</size>
         <input_file_ref idref="fl-a"/>
      </object_component>
      <object_component id="oc-166">
         <name>.text:_SCI_read</name>
         <load_address>0x3f2e02</load_address>
         <run_address>0x3f2e02</run_address>
         <size>0x13</size>
         <input_file_ref idref="fl-a"/>
      </object_component>
      <object_component id="oc-6a">
         <name>.text</name>
         <load_address>0x3f2e15</load_address>
         <run_address>0x3f2e15</run_address>
         <size>0x12</size>
         <input_file_ref idref="fl-13"/>
      </object_component>
      <object_component id="oc-1cf">
         <name>.text</name>
         <load_address>0x3f2e27</load_address>
         <run_address>0x3f2e27</run_address>
         <size>0x12</size>
         <input_file_ref idref="fl-3c"/>
      </object_component>
      <object_component id="oc-171">
         <name>.text:_GPIO_getData</name>
         <load_address>0x3f2e39</load_address>
         <run_address>0x3f2e39</run_address>
         <size>0x11</size>
         <input_file_ref idref="fl-e"/>
      </object_component>
      <object_component id="oc-15d">
         <name>.text:_PIE_setDebugIntVectorTable</name>
         <load_address>0x3f2e4a</load_address>
         <run_address>0x3f2e4a</run_address>
         <size>0x11</size>
         <input_file_ref idref="fl-d"/>
      </object_component>
      <object_component id="oc-157">
         <name>.text:_PIE_disableAllInts</name>
         <load_address>0x3f2e5b</load_address>
         <run_address>0x3f2e5b</run_address>
         <size>0xf</size>
         <input_file_ref idref="fl-d"/>
      </object_component>
      <object_component id="oc-e5">
         <name>.text</name>
         <load_address>0x3f2e6a</load_address>
         <run_address>0x3f2e6a</run_address>
         <size>0xe</size>
         <input_file_ref idref="fl-2e"/>
      </object_component>
      <object_component id="oc-1d3">
         <name>.text</name>
         <load_address>0x3f2e78</load_address>
         <run_address>0x3f2e78</run_address>
         <size>0xd</size>
         <input_file_ref idref="fl-3b"/>
      </object_component>
      <object_component id="oc-1d2">
         <name>.text</name>
         <load_address>0x3f2e85</load_address>
         <run_address>0x3f2e85</run_address>
         <size>0xd</size>
         <input_file_ref idref="fl-3e"/>
      </object_component>
      <object_component id="oc-164">
         <name>.text:_SCI_close</name>
         <load_address>0x3f2e92</load_address>
         <run_address>0x3f2e92</run_address>
         <size>0xc</size>
         <input_file_ref idref="fl-a"/>
      </object_component>
      <object_component id="oc-191">
         <name>.text</name>
         <load_address>0x3f2e9e</load_address>
         <run_address>0x3f2e9e</run_address>
         <size>0xb</size>
         <input_file_ref idref="fl-1e"/>
      </object_component>
      <object_component id="oc-185">
         <name>.text:_SCI_resetChannels</name>
         <load_address>0x3f2ea9</load_address>
         <run_address>0x3f2ea9</run_address>
         <size>0xa</size>
         <input_file_ref idref="fl-b"/>
      </object_component>
      <object_component id="oc-187">
         <name>.text:_SCI_resetRxFifo</name>
         <load_address>0x3f2eb3</load_address>
         <run_address>0x3f2eb3</run_address>
         <size>0xa</size>
         <input_file_ref idref="fl-b"/>
      </object_component>
      <object_component id="oc-183">
         <name>.text:_SCI_resetTxFifo</name>
         <load_address>0x3f2ebd</load_address>
         <run_address>0x3f2ebd</run_address>
         <size>0xa</size>
         <input_file_ref idref="fl-b"/>
      </object_component>
      <object_component id="oc-190">
         <name>.text</name>
         <load_address>0x3f2ec7</load_address>
         <run_address>0x3f2ec7</run_address>
         <size>0xa</size>
         <input_file_ref idref="fl-1f"/>
      </object_component>
      <object_component id="oc-179">
         <name>.text:_CLK_enableSciaClock</name>
         <load_address>0x3f2ed1</load_address>
         <run_address>0x3f2ed1</run_address>
         <size>0x9</size>
         <input_file_ref idref="fl-11"/>
      </object_component>
      <object_component id="oc-18f">
         <name>.text:_SCI_putDataBlocking</name>
         <load_address>0x3f2eda</load_address>
         <run_address>0x3f2eda</run_address>
         <size>0x9</size>
         <input_file_ref idref="fl-b"/>
      </object_component>
      <object_component id="oc-144">
         <name>.text</name>
         <load_address>0x3f2ee3</load_address>
         <run_address>0x3f2ee3</run_address>
         <size>0x9</size>
         <input_file_ref idref="fl-23"/>
      </object_component>
      <object_component id="oc-e1">
         <name>.text</name>
         <load_address>0x3f2eec</load_address>
         <run_address>0x3f2eec</run_address>
         <size>0x9</size>
         <input_file_ref idref="fl-2d"/>
      </object_component>
      <object_component id="oc-149">
         <name>.text:_ADC_init</name>
         <load_address>0x3f2ef5</load_address>
         <run_address>0x3f2ef5</run_address>
         <size>0x8</size>
         <input_file_ref idref="fl-12"/>
      </object_component>
      <object_component id="oc-14e">
         <name>.text:_PIE_init</name>
         <load_address>0x3f2efd</load_address>
         <run_address>0x3f2efd</run_address>
         <size>0x8</size>
         <input_file_ref idref="fl-d"/>
      </object_component>
      <object_component id="oc-152">
         <name>.text:_WDOG_disable</name>
         <load_address>0x3f2f05</load_address>
         <run_address>0x3f2f05</run_address>
         <size>0x8</size>
         <input_file_ref idref="fl-9"/>
      </object_component>
      <object_component id="oc-147">
         <name>.text</name>
         <load_address>0x3f2f0d</load_address>
         <run_address>0x3f2f0d</run_address>
         <size>0x8</size>
         <input_file_ref idref="fl-41"/>
      </object_component>
      <object_component id="oc-153">
         <name>.text:_CLK_enableAdcClock</name>
         <load_address>0x3f2f15</load_address>
         <run_address>0x3f2f15</run_address>
         <size>0x7</size>
         <input_file_ref idref="fl-11"/>
      </object_component>
      <object_component id="oc-14a">
         <name>.text:_CLK_init</name>
         <load_address>0x3f2f1c</load_address>
         <run_address>0x3f2f1c</run_address>
         <size>0x7</size>
         <input_file_ref idref="fl-11"/>
      </object_component>
      <object_component id="oc-15c">
         <name>.text:_CLK_setClkOutPreScaler</name>
         <load_address>0x3f2f23</load_address>
         <run_address>0x3f2f23</run_address>
         <size>0x7</size>
         <input_file_ref idref="fl-11"/>
      </object_component>
      <object_component id="oc-154">
         <name>.text:_CLK_setOscSrc</name>
         <load_address>0x3f2f2a</load_address>
         <run_address>0x3f2f2a</run_address>
         <size>0x7</size>
         <input_file_ref idref="fl-11"/>
      </object_component>
      <object_component id="oc-14c">
         <name>.text:_FLASH_init</name>
         <load_address>0x3f2f31</load_address>
         <run_address>0x3f2f31</run_address>
         <size>0x7</size>
         <input_file_ref idref="fl-f"/>
      </object_component>
      <object_component id="oc-14d">
         <name>.text:_GPIO_init</name>
         <load_address>0x3f2f38</load_address>
         <run_address>0x3f2f38</run_address>
         <size>0x7</size>
         <input_file_ref idref="fl-e"/>
      </object_component>
      <object_component id="oc-14f">
         <name>.text:_PLL_init</name>
         <load_address>0x3f2f3f</load_address>
         <run_address>0x3f2f3f</run_address>
         <size>0x7</size>
         <input_file_ref idref="fl-c"/>
      </object_component>
      <object_component id="oc-175">
         <name>.text:_PLL_setDivider</name>
         <load_address>0x3f2f46</load_address>
         <run_address>0x3f2f46</run_address>
         <size>0x7</size>
         <input_file_ref idref="fl-c"/>
      </object_component>
      <object_component id="oc-150">
         <name>.text:_SCI_init</name>
         <load_address>0x3f2f4d</load_address>
         <run_address>0x3f2f4d</run_address>
         <size>0x7</size>
         <input_file_ref idref="fl-b"/>
      </object_component>
      <object_component id="oc-189">
         <name>.text:_SCI_setRxFifoIntLevel</name>
         <load_address>0x3f2f54</load_address>
         <run_address>0x3f2f54</run_address>
         <size>0x7</size>
         <input_file_ref idref="fl-b"/>
      </object_component>
      <object_component id="oc-186">
         <name>.text:_SCI_setTxFifoIntLevel</name>
         <load_address>0x3f2f5b</load_address>
         <run_address>0x3f2f5b</run_address>
         <size>0x7</size>
         <input_file_ref idref="fl-b"/>
      </object_component>
      <object_component id="oc-151">
         <name>.text:_WDOG_init</name>
         <load_address>0x3f2f62</load_address>
         <run_address>0x3f2f62</run_address>
         <size>0x7</size>
         <input_file_ref idref="fl-9"/>
      </object_component>
      <object_component id="oc-176">
         <name>.text:_PLL_setMultiplier</name>
         <load_address>0x3f2f69</load_address>
         <run_address>0x3f2f69</run_address>
         <size>0x6</size>
         <input_file_ref idref="fl-c"/>
      </object_component>
      <object_component id="oc-181">
         <name>.text:_SCI_setBaudRate</name>
         <load_address>0x3f2f6f</load_address>
         <run_address>0x3f2f6f</run_address>
         <size>0x6</size>
         <input_file_ref idref="fl-b"/>
      </object_component>
      <object_component id="oc-1b1">
         <name>.text:_ADCINT2_ISR</name>
         <load_address>0x3f2f75</load_address>
         <run_address>0x3f2f75</run_address>
         <size>0x5</size>
         <input_file_ref idref="fl-14"/>
      </object_component>
      <object_component id="oc-1c5">
         <name>.text:_ADCINT3_ISR</name>
         <load_address>0x3f2f7a</load_address>
         <run_address>0x3f2f7a</run_address>
         <size>0x5</size>
         <input_file_ref idref="fl-14"/>
      </object_component>
      <object_component id="oc-1c6">
         <name>.text:_ADCINT4_ISR</name>
         <load_address>0x3f2f7f</load_address>
         <run_address>0x3f2f7f</run_address>
         <size>0x5</size>
         <input_file_ref idref="fl-14"/>
      </object_component>
      <object_component id="oc-1c7">
         <name>.text:_ADCINT5_ISR</name>
         <load_address>0x3f2f84</load_address>
         <run_address>0x3f2f84</run_address>
         <size>0x5</size>
         <input_file_ref idref="fl-14"/>
      </object_component>
      <object_component id="oc-1c8">
         <name>.text:_ADCINT6_ISR</name>
         <load_address>0x3f2f89</load_address>
         <run_address>0x3f2f89</run_address>
         <size>0x5</size>
         <input_file_ref idref="fl-14"/>
      </object_component>
      <object_component id="oc-1c9">
         <name>.text:_ADCINT7_ISR</name>
         <load_address>0x3f2f8e</load_address>
         <run_address>0x3f2f8e</run_address>
         <size>0x5</size>
         <input_file_ref idref="fl-14"/>
      </object_component>
      <object_component id="oc-1ca">
         <name>.text:_ADCINT8_ISR</name>
         <load_address>0x3f2f93</load_address>
         <run_address>0x3f2f93</run_address>
         <size>0x5</size>
         <input_file_ref idref="fl-14"/>
      </object_component>
      <object_component id="oc-1b5">
         <name>.text:_ADCINT9_ISR</name>
         <load_address>0x3f2f98</load_address>
         <run_address>0x3f2f98</run_address>
         <size>0x5</size>
         <input_file_ref idref="fl-14"/>
      </object_component>
      <object_component id="oc-19f">
         <name>.text:_DATALOG_ISR</name>
         <load_address>0x3f2f9d</load_address>
         <run_address>0x3f2f9d</run_address>
         <size>0x5</size>
         <input_file_ref idref="fl-14"/>
      </object_component>
      <object_component id="oc-1be">
         <name>.text:_ECAP1_INT_ISR</name>
         <load_address>0x3f2fa2</load_address>
         <run_address>0x3f2fa2</run_address>
         <size>0x5</size>
         <input_file_ref idref="fl-14"/>
      </object_component>
      <object_component id="oc-1a1">
         <name>.text:_EMUINT_ISR</name>
         <load_address>0x3f2fa7</load_address>
         <run_address>0x3f2fa7</run_address>
         <size>0x5</size>
         <input_file_ref idref="fl-14"/>
      </object_component>
      <object_component id="oc-1bb">
         <name>.text:_EPWM1_INT_ISR</name>
         <load_address>0x3f2fac</load_address>
         <run_address>0x3f2fac</run_address>
         <size>0x5</size>
         <input_file_ref idref="fl-14"/>
      </object_component>
      <object_component id="oc-1b8">
         <name>.text:_EPWM1_TZINT_ISR</name>
         <load_address>0x3f2fb1</load_address>
         <run_address>0x3f2fb1</run_address>
         <size>0x5</size>
         <input_file_ref idref="fl-14"/>
      </object_component>
      <object_component id="oc-1bc">
         <name>.text:_EPWM2_INT_ISR</name>
         <load_address>0x3f2fb6</load_address>
         <run_address>0x3f2fb6</run_address>
         <size>0x5</size>
         <input_file_ref idref="fl-14"/>
      </object_component>
      <object_component id="oc-1b9">
         <name>.text:_EPWM2_TZINT_ISR</name>
         <load_address>0x3f2fbb</load_address>
         <run_address>0x3f2fbb</run_address>
         <size>0x5</size>
         <input_file_ref idref="fl-14"/>
      </object_component>
      <object_component id="oc-1bd">
         <name>.text:_EPWM3_INT_ISR</name>
         <load_address>0x3f2fc0</load_address>
         <run_address>0x3f2fc0</run_address>
         <size>0x5</size>
         <input_file_ref idref="fl-14"/>
      </object_component>
      <object_component id="oc-1ba">
         <name>.text:_EPWM3_TZINT_ISR</name>
         <load_address>0x3f2fc5</load_address>
         <run_address>0x3f2fc5</run_address>
         <size>0x5</size>
         <input_file_ref idref="fl-14"/>
      </object_component>
      <object_component id="oc-1c1">
         <name>.text:_I2CINT1A_ISR</name>
         <load_address>0x3f2fca</load_address>
         <run_address>0x3f2fca</run_address>
         <size>0x5</size>
         <input_file_ref idref="fl-14"/>
      </object_component>
      <object_component id="oc-1c2">
         <name>.text:_I2CINT2A_ISR</name>
         <load_address>0x3f2fcf</load_address>
         <run_address>0x3f2fcf</run_address>
         <size>0x5</size>
         <input_file_ref idref="fl-14"/>
      </object_component>
      <object_component id="oc-1a3">
         <name>.text:_ILLEGAL_ISR</name>
         <load_address>0x3f2fd4</load_address>
         <run_address>0x3f2fd4</run_address>
         <size>0x5</size>
         <input_file_ref idref="fl-14"/>
      </object_component>
      <object_component id="oc-19d">
         <name>.text:_INT13_ISR</name>
         <load_address>0x3f2fd9</load_address>
         <run_address>0x3f2fd9</run_address>
         <size>0x5</size>
         <input_file_ref idref="fl-14"/>
      </object_component>
      <object_component id="oc-19e">
         <name>.text:_INT14_ISR</name>
         <load_address>0x3f2fde</load_address>
         <run_address>0x3f2fde</run_address>
         <size>0x5</size>
         <input_file_ref idref="fl-14"/>
      </object_component>
      <object_component id="oc-1a2">
         <name>.text:_NMI_ISR</name>
         <load_address>0x3f2fe3</load_address>
         <run_address>0x3f2fe3</run_address>
         <size>0x5</size>
         <input_file_ref idref="fl-14"/>
      </object_component>
      <object_component id="oc-19c">
         <name>.text:_PIE_RESERVED</name>
         <load_address>0x3f2fe8</load_address>
         <run_address>0x3f2fe8</run_address>
         <size>0x5</size>
         <input_file_ref idref="fl-14"/>
      </object_component>
      <object_component id="oc-1a0">
         <name>.text:_RTOSINT_ISR</name>
         <load_address>0x3f2fed</load_address>
         <run_address>0x3f2fed</run_address>
         <size>0x5</size>
         <input_file_ref idref="fl-14"/>
      </object_component>
      <object_component id="oc-1c3">
         <name>.text:_SCIRXINTA_ISR</name>
         <load_address>0x3f2ff2</load_address>
         <run_address>0x3f2ff2</run_address>
         <size>0x5</size>
         <input_file_ref idref="fl-14"/>
      </object_component>
      <object_component id="oc-1c4">
         <name>.text:_SCITXINTA_ISR</name>
         <load_address>0x3f2ff7</load_address>
         <run_address>0x3f2ff7</run_address>
         <size>0x5</size>
         <input_file_ref idref="fl-14"/>
      </object_component>
      <object_component id="oc-1bf">
         <name>.text:_SPIRXINTA_ISR</name>
         <load_address>0x3f2ffc</load_address>
         <run_address>0x3f2ffc</run_address>
         <size>0x5</size>
         <input_file_ref idref="fl-14"/>
      </object_component>
      <object_component id="oc-1c0">
         <name>.text:_SPITXINTA_ISR</name>
         <load_address>0x3f3001</load_address>
         <run_address>0x3f3001</run_address>
         <size>0x5</size>
         <input_file_ref idref="fl-14"/>
      </object_component>
      <object_component id="oc-1b6">
         <name>.text:_TINT0_ISR</name>
         <load_address>0x3f3006</load_address>
         <run_address>0x3f3006</run_address>
         <size>0x5</size>
         <input_file_ref idref="fl-14"/>
      </object_component>
      <object_component id="oc-1ad">
         <name>.text:_USER10_ISR</name>
         <load_address>0x3f300b</load_address>
         <run_address>0x3f300b</run_address>
         <size>0x5</size>
         <input_file_ref idref="fl-14"/>
      </object_component>
      <object_component id="oc-1ae">
         <name>.text:_USER11_ISR</name>
         <load_address>0x3f3010</load_address>
         <run_address>0x3f3010</run_address>
         <size>0x5</size>
         <input_file_ref idref="fl-14"/>
      </object_component>
      <object_component id="oc-1af">
         <name>.text:_USER12_ISR</name>
         <load_address>0x3f3015</load_address>
         <run_address>0x3f3015</run_address>
         <size>0x5</size>
         <input_file_ref idref="fl-14"/>
      </object_component>
      <object_component id="oc-1a4">
         <name>.text:_USER1_ISR</name>
         <load_address>0x3f301a</load_address>
         <run_address>0x3f301a</run_address>
         <size>0x5</size>
         <input_file_ref idref="fl-14"/>
      </object_component>
      <object_component id="oc-1a5">
         <name>.text:_USER2_ISR</name>
         <load_address>0x3f301f</load_address>
         <run_address>0x3f301f</run_address>
         <size>0x5</size>
         <input_file_ref idref="fl-14"/>
      </object_component>
      <object_component id="oc-1a6">
         <name>.text:_USER3_ISR</name>
         <load_address>0x3f3024</load_address>
         <run_address>0x3f3024</run_address>
         <size>0x5</size>
         <input_file_ref idref="fl-14"/>
      </object_component>
      <object_component id="oc-1a7">
         <name>.text:_USER4_ISR</name>
         <load_address>0x3f3029</load_address>
         <run_address>0x3f3029</run_address>
         <size>0x5</size>
         <input_file_ref idref="fl-14"/>
      </object_component>
      <object_component id="oc-1a8">
         <name>.text:_USER5_ISR</name>
         <load_address>0x3f302e</load_address>
         <run_address>0x3f302e</run_address>
         <size>0x5</size>
         <input_file_ref idref="fl-14"/>
      </object_component>
      <object_component id="oc-1a9">
         <name>.text:_USER6_ISR</name>
         <load_address>0x3f3033</load_address>
         <run_address>0x3f3033</run_address>
         <size>0x5</size>
         <input_file_ref idref="fl-14"/>
      </object_component>
      <object_component id="oc-1aa">
         <name>.text:_USER7_ISR</name>
         <load_address>0x3f3038</load_address>
         <run_address>0x3f3038</run_address>
         <size>0x5</size>
         <input_file_ref idref="fl-14"/>
      </object_component>
      <object_component id="oc-1ab">
         <name>.text:_USER8_ISR</name>
         <load_address>0x3f303d</load_address>
         <run_address>0x3f303d</run_address>
         <size>0x5</size>
         <input_file_ref idref="fl-14"/>
      </object_component>
      <object_component id="oc-1ac">
         <name>.text:_USER9_ISR</name>
         <load_address>0x3f3042</load_address>
         <run_address>0x3f3042</run_address>
         <size>0x5</size>
         <input_file_ref idref="fl-14"/>
      </object_component>
      <object_component id="oc-1b7">
         <name>.text:_WAKEINT_ISR</name>
         <load_address>0x3f3047</load_address>
         <run_address>0x3f3047</run_address>
         <size>0x5</size>
         <input_file_ref idref="fl-14"/>
      </object_component>
      <object_component id="oc-1b3">
         <name>.text:_XINT1_ISR</name>
         <load_address>0x3f304c</load_address>
         <run_address>0x3f304c</run_address>
         <size>0x5</size>
         <input_file_ref idref="fl-14"/>
      </object_component>
      <object_component id="oc-1b4">
         <name>.text:_XINT2_ISR</name>
         <load_address>0x3f3051</load_address>
         <run_address>0x3f3051</run_address>
         <size>0x5</size>
         <input_file_ref idref="fl-14"/>
      </object_component>
      <object_component id="oc-1cb">
         <name>.text:_XINT3_ISR</name>
         <load_address>0x3f3056</load_address>
         <run_address>0x3f3056</run_address>
         <size>0x5</size>
         <input_file_ref idref="fl-14"/>
      </object_component>
      <object_component id="oc-1b2">
         <name>.text:_rsvd_ISR</name>
         <load_address>0x3f305b</load_address>
         <run_address>0x3f305b</run_address>
         <size>0x5</size>
         <input_file_ref idref="fl-14"/>
      </object_component>
      <object_component id="oc-148">
         <name>.text</name>
         <load_address>0x3f3060</load_address>
         <run_address>0x3f3060</run_address>
         <size>0x5</size>
         <input_file_ref idref="fl-40"/>
      </object_component>
      <object_component id="oc-14b">
         <name>.text:_CPU_init</name>
         <load_address>0x3f3065</load_address>
         <run_address>0x3f3065</run_address>
         <size>0x4</size>
         <input_file_ref idref="fl-10"/>
      </object_component>
      <object_component id="oc-188">
         <name>.text:_SCI_clearRxFifoInt</name>
         <load_address>0x3f3069</load_address>
         <run_address>0x3f3069</run_address>
         <size>0x4</size>
         <input_file_ref idref="fl-b"/>
      </object_component>
      <object_component id="oc-184">
         <name>.text:_SCI_clearTxFifoInt</name>
         <load_address>0x3f306d</load_address>
         <run_address>0x3f306d</run_address>
         <size>0x4</size>
         <input_file_ref idref="fl-b"/>
      </object_component>
      <object_component id="oc-182">
         <name>.text:_SCI_enableFifoEnh</name>
         <load_address>0x3f3071</load_address>
         <run_address>0x3f3071</run_address>
         <size>0x4</size>
         <input_file_ref idref="fl-b"/>
      </object_component>
      <object_component id="oc-17c">
         <name>.text:_SCI_setCharLength</name>
         <load_address>0x3f3075</load_address>
         <run_address>0x3f3075</run_address>
         <size>0x4</size>
         <input_file_ref idref="fl-b"/>
      </object_component>
      <object_component id="oc-17b">
         <name>.text:_SCI_setNumStopBits</name>
         <load_address>0x3f3079</load_address>
         <run_address>0x3f3079</run_address>
         <size>0x4</size>
         <input_file_ref idref="fl-b"/>
      </object_component>
      <object_component id="oc-159">
         <name>.text:_CPU_clearIntFlags</name>
         <load_address>0x3f307d</load_address>
         <run_address>0x3f307d</run_address>
         <size>0x3</size>
         <input_file_ref idref="fl-10"/>
      </object_component>
      <object_component id="oc-158">
         <name>.text:_CPU_disableGlobalInts</name>
         <load_address>0x3f3080</load_address>
         <run_address>0x3f3080</run_address>
         <size>0x3</size>
         <input_file_ref idref="fl-10"/>
      </object_component>
      <object_component id="oc-156">
         <name>.text:_PIE_disable</name>
         <load_address>0x3f3083</load_address>
         <run_address>0x3f3083</run_address>
         <size>0x3</size>
         <input_file_ref idref="fl-d"/>
      </object_component>
      <object_component id="oc-15e">
         <name>.text:_PIE_enable</name>
         <load_address>0x3f3086</load_address>
         <run_address>0x3f3086</run_address>
         <size>0x3</size>
         <input_file_ref idref="fl-d"/>
      </object_component>
      <object_component id="oc-174">
         <name>.text:_PLL_getClkStatus</name>
         <load_address>0x3f3089</load_address>
         <run_address>0x3f3089</run_address>
         <size>0x3</size>
         <input_file_ref idref="fl-c"/>
      </object_component>
      <object_component id="oc-177">
         <name>.text:_PLL_getLockStatus</name>
         <load_address>0x3f308c</load_address>
         <run_address>0x3f308c</run_address>
         <size>0x3</size>
         <input_file_ref idref="fl-c"/>
      </object_component>
      <object_component id="oc-17a">
         <name>.text:_SCI_disableParity</name>
         <load_address>0x3f308f</load_address>
         <run_address>0x3f308f</run_address>
         <size>0x3</size>
         <input_file_ref idref="fl-b"/>
      </object_component>
      <object_component id="oc-18b">
         <name>.text:_SCI_enable</name>
         <load_address>0x3f3092</load_address>
         <run_address>0x3f3092</run_address>
         <size>0x3</size>
         <input_file_ref idref="fl-b"/>
      </object_component>
      <object_component id="oc-17e">
         <name>.text:_SCI_enableRx</name>
         <load_address>0x3f3095</load_address>
         <run_address>0x3f3095</run_address>
         <size>0x3</size>
         <input_file_ref idref="fl-b"/>
      </object_component>
      <object_component id="oc-180">
         <name>.text:_SCI_enableRxInt</name>
         <load_address>0x3f3098</load_address>
         <run_address>0x3f3098</run_address>
         <size>0x3</size>
         <input_file_ref idref="fl-b"/>
      </object_component>
      <object_component id="oc-17d">
         <name>.text:_SCI_enableTx</name>
         <load_address>0x3f309b</load_address>
         <run_address>0x3f309b</run_address>
         <size>0x3</size>
         <input_file_ref idref="fl-b"/>
      </object_component>
      <object_component id="oc-17f">
         <name>.text:_SCI_enableTxInt</name>
         <load_address>0x3f309e</load_address>
         <run_address>0x3f309e</run_address>
         <size>0x3</size>
         <input_file_ref idref="fl-b"/>
      </object_component>
      <object_component id="oc-18a">
         <name>.text:_SCI_setPriority</name>
         <load_address>0x3f30a1</load_address>
         <run_address>0x3f30a1</run_address>
         <size>0x3</size>
         <input_file_ref idref="fl-b"/>
      </object_component>
      <object_component id="oc-1cd">
         <name>.text</name>
         <load_address>0x3f30a4</load_address>
         <run_address>0x3f30a4</run_address>
         <size>0x3</size>
         <input_file_ref idref="fl-3f"/>
      </object_component>
      <object_component id="oc-168">
         <name>.text:_SCI_lseek</name>
         <load_address>0x3f30a7</load_address>
         <run_address>0x3f30a7</run_address>
         <size>0x2</size>
         <input_file_ref idref="fl-a"/>
      </object_component>
      <object_component id="oc-16a">
         <name>.text:_SCI_rename</name>
         <load_address>0x3f30a9</load_address>
         <run_address>0x3f30a9</run_address>
         <size>0x2</size>
         <input_file_ref idref="fl-a"/>
      </object_component>
      <object_component id="oc-169">
         <name>.text:_SCI_unlink</name>
         <load_address>0x3f30ab</load_address>
         <run_address>0x3f30ab</run_address>
         <size>0x2</size>
         <input_file_ref idref="fl-a"/>
      </object_component>
      <object_component id="oc-19b">
         <name>.text</name>
         <load_address>0x3f70d8</load_address>
         <run_address>0x3f70d8</run_address>
         <size>0x930</size>
         <input_file_ref idref="fl-24"/>
      </object_component>
      <object_component id="oc-16b">
         <name>.text</name>
         <load_address>0x3f7a08</load_address>
         <run_address>0x3f7a08</run_address>
         <size>0x201</size>
         <input_file_ref idref="fl-1a"/>
      </object_component>
      <object_component id="oc-143">
         <name>.text</name>
         <load_address>0x3f7c09</load_address>
         <run_address>0x3f7c09</run_address>
         <size>0x1f2</size>
         <input_file_ref idref="fl-21"/>
      </object_component>
      <object_component id="oc-10e">
         <name>.text</name>
         <load_address>0x3f7dfb</load_address>
         <run_address>0x3f7dfb</run_address>
         <size>0x107</size>
         <input_file_ref idref="fl-38"/>
      </object_component>
      <object_component id="oc-16d">
         <name>.text</name>
         <load_address>0x3f7f02</load_address>
         <run_address>0x3f7f02</run_address>
         <size>0x79</size>
         <input_file_ref idref="fl-1d"/>
      </object_component>
      <object_component id="oc-1b0">
         <name>.text:_ADCINT1_ISR</name>
         <load_address>0x3f7f7b</load_address>
         <run_address>0x3f7f7b</run_address>
         <size>0x5</size>
         <input_file_ref idref="fl-14"/>
      </object_component>
      <object_component id="oc-37">
         <name>codestart</name>
         <load_address>0x3f7ff6</load_address>
         <run_address>0x3f7ff6</run_address>
         <size>0x2</size>
         <input_file_ref idref="fl-13"/>
      </object_component>
      <object_component id="oc-160">
         <name>ramfuncs:_FLASH_setup</name>
         <load_address>0x3f70b8</load_address>
         <run_address>0x8000</run_address>
         <size>0xc</size>
         <input_file_ref idref="fl-f"/>
      </object_component>
      <object_component id="oc-18c">
         <name>ramfuncs:_FLASH_enablePipelineMode</name>
         <load_address>0x3f70c4</load_address>
         <run_address>0x800c</run_address>
         <size>0x6</size>
         <input_file_ref idref="fl-f"/>
      </object_component>
      <object_component id="oc-18e">
         <name>ramfuncs:_FLASH_setActiveWaitCount</name>
         <load_address>0x3f70ca</load_address>
         <run_address>0x8012</run_address>
         <size>0x5</size>
         <input_file_ref idref="fl-f"/>
      </object_component>
      <object_component id="oc-18d">
         <name>ramfuncs:_FLASH_setStandbyWaitCount</name>
         <load_address>0x3f70cf</load_address>
         <run_address>0x8017</run_address>
         <size>0x5</size>
         <input_file_ref idref="fl-f"/>
      </object_component>
      <object_component id="oc-6b">
         <name>ramfuncs</name>
         <load_address>0x3f70d4</load_address>
         <run_address>0x801c</run_address>
         <size>0x4</size>
         <input_file_ref idref="fl-13"/>
      </object_component>
      <object_component id="oc-6c">
         <name>csmpasswds</name>
         <load_address>0x3f7ff8</load_address>
         <run_address>0x3f7ff8</run_address>
         <size>0x8</size>
         <input_file_ref idref="fl-13"/>
      </object_component>
      <object_component id="oc-6d">
         <name>csm_rsvd</name>
         <load_address>0x3f7f80</load_address>
         <run_address>0x3f7f80</run_address>
         <size>0x76</size>
         <input_file_ref idref="fl-13"/>
      </object_component>
      <object_component id="oc-76">
         <name>.stack</name>
         <uninitialized>true</uninitialized>
         <run_address>0x50</run_address>
         <size>0x0</size>
         <input_file_ref idref="fl-15"/>
      </object_component>
      <object_component id="oc-212">
         <name>.stack</name>
         <uninitialized>true</uninitialized>
         <run_address>0x50</run_address>
         <size>0x0</size>
      </object_component>
      <object_component id="oc-3a">
         <name>.ebss</name>
         <uninitialized>true</uninitialized>
         <run_address>0x8960</run_address>
         <size>0x10</size>
         <input_file_ref idref="fl-2"/>
      </object_component>
      <object_component id="oc-45">
         <name>.ebss</name>
         <uninitialized>true</uninitialized>
         <run_address>0x8a08</run_address>
         <size>0x4</size>
         <input_file_ref idref="fl-a"/>
      </object_component>
      <object_component id="oc-5e">
         <name>.ebss</name>
         <uninitialized>true</uninitialized>
         <run_address>0x8a14</run_address>
         <size>0x1</size>
         <input_file_ref idref="fl-10"/>
      </object_component>
      <object_component id="oc-7d">
         <name>.ebss</name>
         <uninitialized>true</uninitialized>
         <run_address>0x8800</run_address>
         <size>0x160</size>
         <input_file_ref idref="fl-16"/>
      </object_component>
      <object_component id="oc-81">
         <name>.ebss</name>
         <uninitialized>true</uninitialized>
         <run_address>0x8a10</run_address>
         <size>0x4</size>
         <input_file_ref idref="fl-17"/>
      </object_component>
      <object_component id="oc-87">
         <name>.ebss</name>
         <uninitialized>true</uninitialized>
         <run_address>0x8a15</run_address>
         <size>0x1</size>
         <input_file_ref idref="fl-18"/>
      </object_component>
      <object_component id="oc-91">
         <name>.ebss</name>
         <uninitialized>true</uninitialized>
         <run_address>0x8980</run_address>
         <size>0x88</size>
         <input_file_ref idref="fl-1a"/>
      </object_component>
      <object_component id="oc-ae">
         <name>.ebss</name>
         <uninitialized>true</uninitialized>
         <run_address>0x8978</run_address>
         <size>0x8</size>
         <input_file_ref idref="fl-21"/>
      </object_component>
      <object_component id="oc-b8">
         <name>.ebss</name>
         <uninitialized>true</uninitialized>
         <run_address>0x8a0c</run_address>
         <size>0x4</size>
         <input_file_ref idref="fl-23"/>
      </object_component>
      <object_component id="oc-125">
         <name>.ebss</name>
         <uninitialized>true</uninitialized>
         <run_address>0x8970</run_address>
         <size>0x8</size>
         <input_file_ref idref="fl-3d"/>
      </object_component>
      <object_component id="oc-124">
         <name>.sysmem</name>
         <uninitialized>true</uninitialized>
         <run_address>0x8a16</run_address>
         <size>0x1</size>
         <input_file_ref idref="fl-3d"/>
      </object_component>
      <object_component id="oc-213">
         <name>.sysmem</name>
         <uninitialized>true</uninitialized>
         <run_address>0x8a16</run_address>
         <size>0x0</size>
      </object_component>
      <object_component id="oc-c3">
         <name>.cio</name>
         <uninitialized>true</uninitialized>
         <run_address>0x400</run_address>
         <size>0x120</size>
         <input_file_ref idref="fl-25"/>
      </object_component>
      <object_component id="oc-196">
         <name>.econst:_ti_ascii</name>
         <load_address>0x3f6000</load_address>
         <run_address>0x3f6000</run_address>
         <size>0xe3d</size>
         <input_file_ref idref="fl-2"/>
      </object_component>
      <object_component id="oc-1d5">
         <name>.econst:.string:__ctypes_</name>
         <load_address>0x3f6e3d</load_address>
         <run_address>0x3f6e3d</run_address>
         <size>0x101</size>
         <input_file_ref idref="fl-28"/>
      </object_component>
      <object_component id="oc-178">
         <name>.econst:_PIE_tableDebugInit</name>
         <load_address>0x3f6f3e</load_address>
         <run_address>0x3f6f3e</run_address>
         <size>0x100</size>
         <input_file_ref idref="fl-d"/>
      </object_component>
      <object_component id="oc-be">
         <name>.econst:.string</name>
         <load_address>0x3f703e</load_address>
         <run_address>0x3f703e</run_address>
         <size>0x24</size>
         <input_file_ref idref="fl-24"/>
      </object_component>
      <object_component id="oc-3b">
         <name>.econst:.string</name>
         <load_address>0x3f7062</load_address>
         <run_address>0x3f7062</run_address>
         <size>0x1b</size>
         <input_file_ref idref="fl-2"/>
      </object_component>
      <object_component id="oc-bd">
         <name>.econst</name>
         <load_address>0x3f707e</load_address>
         <run_address>0x3f707e</run_address>
         <size>0x18</size>
         <input_file_ref idref="fl-24"/>
      </object_component>
      <object_component id="oc-199">
         <name>.econst:.string:_pucTempString</name>
         <load_address>0x3f7096</load_address>
         <run_address>0x3f7096</run_address>
         <size>0x15</size>
         <input_file_ref idref="fl-2"/>
      </object_component>
      <object_component id="oc-197">
         <name>.econst:.string:_escRed</name>
         <load_address>0x3f70ab</load_address>
         <run_address>0x3f70ab</run_address>
         <size>0x5</size>
         <input_file_ref idref="fl-2"/>
      </object_component>
      <object_component id="oc-198">
         <name>.econst:.string:_escWhite</name>
         <load_address>0x3f70b0</load_address>
         <run_address>0x3f70b0</run_address>
         <size>0x5</size>
         <input_file_ref idref="fl-2"/>
      </object_component>
      <object_component id="oc-f6">
         <name>.econst:.string</name>
         <load_address>0x3f70b6</load_address>
         <run_address>0x3f70b6</run_address>
         <size>0x2</size>
         <input_file_ref idref="fl-32"/>
      </object_component>
      <object_component id="oc-77">
         <name>.reset</name>
         <load_address>0x3fffc0</load_address>
         <run_address>0x3fffc0</run_address>
         <size>0x2</size>
         <input_file_ref idref="fl-15"/>
      </object_component>
      <object_component id="oc-38">
         <name>.debug_info</name>
         <load_address>0x0</load_address>
         <run_address>0x0</run_address>
         <size>0x2f79</size>
         <input_file_ref idref="fl-2"/>
      </object_component>
      <object_component id="oc-3f">
         <name>.debug_info</name>
         <load_address>0x2f79</load_address>
         <run_address>0x2f79</run_address>
         <size>0x7f6</size>
         <input_file_ref idref="fl-9"/>
      </object_component>
      <object_component id="oc-43">
         <name>.debug_info</name>
         <load_address>0x376f</load_address>
         <run_address>0x376f</run_address>
         <size>0x105b</size>
         <input_file_ref idref="fl-a"/>
      </object_component>
      <object_component id="oc-49">
         <name>.debug_info</name>
         <load_address>0x47ca</load_address>
         <run_address>0x47ca</run_address>
         <size>0x2147</size>
         <input_file_ref idref="fl-b"/>
      </object_component>
      <object_component id="oc-4d">
         <name>.debug_info</name>
         <load_address>0x6911</load_address>
         <run_address>0x6911</run_address>
         <size>0xed2</size>
         <input_file_ref idref="fl-c"/>
      </object_component>
      <object_component id="oc-51">
         <name>.debug_info</name>
         <load_address>0x77e3</load_address>
         <run_address>0x77e3</run_address>
         <size>0x2a80</size>
         <input_file_ref idref="fl-d"/>
      </object_component>
      <object_component id="oc-55">
         <name>.debug_info</name>
         <load_address>0xa263</load_address>
         <run_address>0xa263</run_address>
         <size>0x2060</size>
         <input_file_ref idref="fl-e"/>
      </object_component>
      <object_component id="oc-59">
         <name>.debug_info</name>
         <load_address>0xc2c3</load_address>
         <run_address>0xc2c3</run_address>
         <size>0x11f4</size>
         <input_file_ref idref="fl-f"/>
      </object_component>
      <object_component id="oc-5d">
         <name>.debug_info</name>
         <load_address>0xd4b7</load_address>
         <run_address>0xd4b7</run_address>
         <size>0x7f7</size>
         <input_file_ref idref="fl-10"/>
      </object_component>
      <object_component id="oc-62">
         <name>.debug_info</name>
         <load_address>0xdcae</load_address>
         <run_address>0xdcae</run_address>
         <size>0xfb8</size>
         <input_file_ref idref="fl-11"/>
      </object_component>
      <object_component id="oc-66">
         <name>.debug_info</name>
         <load_address>0xec66</load_address>
         <run_address>0xec66</run_address>
         <size>0x1c94</size>
         <input_file_ref idref="fl-12"/>
      </object_component>
      <object_component id="oc-6e">
         <name>.debug_info</name>
         <load_address>0x108fa</load_address>
         <run_address>0x108fa</run_address>
         <size>0x329</size>
         <input_file_ref idref="fl-13"/>
      </object_component>
      <object_component id="oc-71">
         <name>.debug_info</name>
         <load_address>0x10c23</load_address>
         <run_address>0x10c23</run_address>
         <size>0x5348</size>
         <input_file_ref idref="fl-14"/>
      </object_component>
      <object_component id="oc-78">
         <name>.debug_info</name>
         <load_address>0x15f6b</load_address>
         <run_address>0x15f6b</run_address>
         <size>0xde</size>
         <input_file_ref idref="fl-15"/>
      </object_component>
      <object_component id="oc-7b">
         <name>.debug_info</name>
         <load_address>0x16049</load_address>
         <run_address>0x16049</run_address>
         <size>0x3a7</size>
         <input_file_ref idref="fl-16"/>
      </object_component>
      <object_component id="oc-7f">
         <name>.debug_info</name>
         <load_address>0x163f0</load_address>
         <run_address>0x163f0</run_address>
         <size>0x3d6</size>
         <input_file_ref idref="fl-17"/>
      </object_component>
      <object_component id="oc-85">
         <name>.debug_info</name>
         <load_address>0x167c6</load_address>
         <run_address>0x167c6</run_address>
         <size>0x850</size>
         <input_file_ref idref="fl-18"/>
      </object_component>
      <object_component id="oc-8b">
         <name>.debug_info</name>
         <load_address>0x17016</load_address>
         <run_address>0x17016</run_address>
         <size>0x566</size>
         <input_file_ref idref="fl-19"/>
      </object_component>
      <object_component id="oc-8f">
         <name>.debug_info</name>
         <load_address>0x1757c</load_address>
         <run_address>0x1757c</run_address>
         <size>0x1254</size>
         <input_file_ref idref="fl-1a"/>
      </object_component>
      <object_component id="oc-95">
         <name>.debug_info</name>
         <load_address>0x187d0</load_address>
         <run_address>0x187d0</run_address>
         <size>0x3a3</size>
         <input_file_ref idref="fl-1b"/>
      </object_component>
      <object_component id="oc-99">
         <name>.debug_info</name>
         <load_address>0x18b73</load_address>
         <run_address>0x18b73</run_address>
         <size>0x630</size>
         <input_file_ref idref="fl-1c"/>
      </object_component>
      <object_component id="oc-9d">
         <name>.debug_info</name>
         <load_address>0x191a3</load_address>
         <run_address>0x191a3</run_address>
         <size>0x510</size>
         <input_file_ref idref="fl-1d"/>
      </object_component>
      <object_component id="oc-a1">
         <name>.debug_info</name>
         <load_address>0x196b3</load_address>
         <run_address>0x196b3</run_address>
         <size>0x38b</size>
         <input_file_ref idref="fl-1e"/>
      </object_component>
      <object_component id="oc-a5">
         <name>.debug_info</name>
         <load_address>0x19a3e</load_address>
         <run_address>0x19a3e</run_address>
         <size>0x37d</size>
         <input_file_ref idref="fl-1f"/>
      </object_component>
      <object_component id="oc-a9">
         <name>.debug_info</name>
         <load_address>0x19dbb</load_address>
         <run_address>0x19dbb</run_address>
         <size>0x3a9</size>
         <input_file_ref idref="fl-20"/>
      </object_component>
      <object_component id="oc-ad">
         <name>.debug_info</name>
         <load_address>0x1a164</load_address>
         <run_address>0x1a164</run_address>
         <size>0xd72</size>
         <input_file_ref idref="fl-21"/>
      </object_component>
      <object_component id="oc-b2">
         <name>.debug_info</name>
         <load_address>0x1aed6</load_address>
         <run_address>0x1aed6</run_address>
         <size>0x4cc</size>
         <input_file_ref idref="fl-22"/>
      </object_component>
      <object_component id="oc-b6">
         <name>.debug_info</name>
         <load_address>0x1b3a2</load_address>
         <run_address>0x1b3a2</run_address>
         <size>0x3fc</size>
         <input_file_ref idref="fl-23"/>
      </object_component>
      <object_component id="oc-bc">
         <name>.debug_info</name>
         <load_address>0x1b79e</load_address>
         <run_address>0x1b79e</run_address>
         <size>0x1ef1</size>
         <input_file_ref idref="fl-24"/>
      </object_component>
      <object_component id="oc-c2">
         <name>.debug_info</name>
         <load_address>0x1d68f</load_address>
         <run_address>0x1d68f</run_address>
         <size>0x4b5</size>
         <input_file_ref idref="fl-25"/>
      </object_component>
      <object_component id="oc-c7">
         <name>.debug_info</name>
         <load_address>0x1db44</load_address>
         <run_address>0x1db44</run_address>
         <size>0x3bd</size>
         <input_file_ref idref="fl-26"/>
      </object_component>
      <object_component id="oc-cb">
         <name>.debug_info</name>
         <load_address>0x1df01</load_address>
         <run_address>0x1df01</run_address>
         <size>0x34f</size>
         <input_file_ref idref="fl-27"/>
      </object_component>
      <object_component id="oc-cf">
         <name>.debug_info</name>
         <load_address>0x1e250</load_address>
         <run_address>0x1e250</run_address>
         <size>0x2c0</size>
         <input_file_ref idref="fl-28"/>
      </object_component>
      <object_component id="oc-d1">
         <name>.debug_info</name>
         <load_address>0x1e510</load_address>
         <run_address>0x1e510</run_address>
         <size>0x5cb</size>
         <input_file_ref idref="fl-29"/>
      </object_component>
      <object_component id="oc-d6">
         <name>.debug_info</name>
         <load_address>0x1eadb</load_address>
         <run_address>0x1eadb</run_address>
         <size>0xcc</size>
         <input_file_ref idref="fl-2a"/>
      </object_component>
      <object_component id="oc-da">
         <name>.debug_info</name>
         <load_address>0x1eba7</load_address>
         <run_address>0x1eba7</run_address>
         <size>0xc0</size>
         <input_file_ref idref="fl-2b"/>
      </object_component>
      <object_component id="oc-de">
         <name>.debug_info</name>
         <load_address>0x1ec67</load_address>
         <run_address>0x1ec67</run_address>
         <size>0xc0</size>
         <input_file_ref idref="fl-2c"/>
      </object_component>
      <object_component id="oc-e2">
         <name>.debug_info</name>
         <load_address>0x1ed27</load_address>
         <run_address>0x1ed27</run_address>
         <size>0xc0</size>
         <input_file_ref idref="fl-2d"/>
      </object_component>
      <object_component id="oc-e6">
         <name>.debug_info</name>
         <load_address>0x1ede7</load_address>
         <run_address>0x1ede7</run_address>
         <size>0xce</size>
         <input_file_ref idref="fl-2e"/>
      </object_component>
      <object_component id="oc-ea">
         <name>.debug_info</name>
         <load_address>0x1eeb5</load_address>
         <run_address>0x1eeb5</run_address>
         <size>0xc0</size>
         <input_file_ref idref="fl-2f"/>
      </object_component>
      <object_component id="oc-ee">
         <name>.debug_info</name>
         <load_address>0x1ef75</load_address>
         <run_address>0x1ef75</run_address>
         <size>0xc0</size>
         <input_file_ref idref="fl-30"/>
      </object_component>
      <object_component id="oc-f1">
         <name>.debug_info</name>
         <load_address>0x1f035</load_address>
         <run_address>0x1f035</run_address>
         <size>0x543</size>
         <input_file_ref idref="fl-31"/>
      </object_component>
      <object_component id="oc-f5">
         <name>.debug_info</name>
         <load_address>0x1f578</load_address>
         <run_address>0x1f578</run_address>
         <size>0x71e</size>
         <input_file_ref idref="fl-32"/>
      </object_component>
      <object_component id="oc-fb">
         <name>.debug_info</name>
         <load_address>0x1fc96</load_address>
         <run_address>0x1fc96</run_address>
         <size>0xc3</size>
         <input_file_ref idref="fl-33"/>
      </object_component>
      <object_component id="oc-fe">
         <name>.debug_info</name>
         <load_address>0x1fd59</load_address>
         <run_address>0x1fd59</run_address>
         <size>0x4ba</size>
         <input_file_ref idref="fl-34"/>
      </object_component>
      <object_component id="oc-103">
         <name>.debug_info</name>
         <load_address>0x20213</load_address>
         <run_address>0x20213</run_address>
         <size>0xc0</size>
         <input_file_ref idref="fl-35"/>
      </object_component>
      <object_component id="oc-107">
         <name>.debug_info</name>
         <load_address>0x202d3</load_address>
         <run_address>0x202d3</run_address>
         <size>0x11e</size>
         <input_file_ref idref="fl-36"/>
      </object_component>
      <object_component id="oc-10b">
         <name>.debug_info</name>
         <load_address>0x203f1</load_address>
         <run_address>0x203f1</run_address>
         <size>0xf8</size>
         <input_file_ref idref="fl-37"/>
      </object_component>
      <object_component id="oc-10f">
         <name>.debug_info</name>
         <load_address>0x204e9</load_address>
         <run_address>0x204e9</run_address>
         <size>0x1c1</size>
         <input_file_ref idref="fl-38"/>
      </object_component>
      <object_component id="oc-113">
         <name>.debug_info</name>
         <load_address>0x206aa</load_address>
         <run_address>0x206aa</run_address>
         <size>0xc0</size>
         <input_file_ref idref="fl-39"/>
      </object_component>
      <object_component id="oc-116">
         <name>.debug_info</name>
         <load_address>0x2076a</load_address>
         <run_address>0x2076a</run_address>
         <size>0x3f5</size>
         <input_file_ref idref="fl-3a"/>
      </object_component>
      <object_component id="oc-11a">
         <name>.debug_info</name>
         <load_address>0x20b5f</load_address>
         <run_address>0x20b5f</run_address>
         <size>0x370</size>
         <input_file_ref idref="fl-3b"/>
      </object_component>
      <object_component id="oc-11e">
         <name>.debug_info</name>
         <load_address>0x20ecf</load_address>
         <run_address>0x20ecf</run_address>
         <size>0x398</size>
         <input_file_ref idref="fl-3c"/>
      </object_component>
      <object_component id="oc-122">
         <name>.debug_info</name>
         <load_address>0x21267</load_address>
         <run_address>0x21267</run_address>
         <size>0x9f7</size>
         <input_file_ref idref="fl-3d"/>
      </object_component>
      <object_component id="oc-129">
         <name>.debug_info</name>
         <load_address>0x21c5e</load_address>
         <run_address>0x21c5e</run_address>
         <size>0x39a</size>
         <input_file_ref idref="fl-3e"/>
      </object_component>
      <object_component id="oc-12d">
         <name>.debug_info</name>
         <load_address>0x21ff8</load_address>
         <run_address>0x21ff8</run_address>
         <size>0x337</size>
         <input_file_ref idref="fl-3f"/>
      </object_component>
      <object_component id="oc-131">
         <name>.debug_info</name>
         <load_address>0x2232f</load_address>
         <run_address>0x2232f</run_address>
         <size>0x381</size>
         <input_file_ref idref="fl-40"/>
      </object_component>
      <object_component id="oc-135">
         <name>.debug_info</name>
         <load_address>0x226b0</load_address>
         <run_address>0x226b0</run_address>
         <size>0x366</size>
         <input_file_ref idref="fl-41"/>
      </object_component>
      <object_component id="oc-13a">
         <name>.debug_info</name>
         <load_address>0x22a16</load_address>
         <run_address>0x22a16</run_address>
         <size>0xc0</size>
         <input_file_ref idref="fl-42"/>
      </object_component>
      <object_component id="oc-13e">
         <name>.debug_info</name>
[...]
      </symbol>
      <symbol id="sm-324">
         <name>_XINT1_ISR</name>
         <value>0x3f304c</value>
         <object_component_ref idref="oc-1b3"/>
      </symbol>
      <symbol id="sm-325">
         <name>_INT14_ISR</name>
         <value>0x3f2fde</value>
         <object_component_ref idref="oc-19e"/>
      </symbol>
      <symbol id="sm-326">
         <name>_USER6_ISR</name>
         <value>0x3f3033</value>
         <object_component_ref idref="oc-1a9"/>
      </symbol>
      <symbol id="sm-327">
         <name>_ADCINT1_ISR</name>
         <value>0x3f7f7b</value>
         <object_component_ref idref="oc-1b0"/>
      </symbol>
      <symbol id="sm-328">
         <name>_USER12_ISR</name>
         <value>0x3f3015</value>
         <object_component_ref idref="oc-1af"/>
      </symbol>
      <symbol id="sm-329">
         <name>_USER1_ISR</name>
         <value>0x3f301a</value>
         <object_component_ref idref="oc-1a4"/>
      </symbol>
      <symbol id="sm-32a">
         <name>_XINT3_ISR</name>
         <value>0x3f3056</value>
         <object_component_ref idref="oc-1cb"/>
      </symbol>
      <symbol id="sm-32b">
         <name>_NMI_ISR</name>
         <value>0x3f2fe3</value>
         <object_component_ref idref="oc-1a2"/>
      </symbol>
      <symbol id="sm-32c">
         <name>_ADCINT2_ISR</name>
         <value>0x3f2f75</value>
         <object_component_ref idref="oc-1b1"/>
      </symbol>
      <symbol id="sm-32d">
         <name>_PIE_RESERVED</name>
         <value>0x3f2fe8</value>
         <object_component_ref idref="oc-19c"/>
      </symbol>
      <symbol id="sm-32e">
         <name>_I2CINT1A_ISR</name>
         <value>0x3f2fca</value>
         <object_component_ref idref="oc-1c1"/>
      </symbol>
      <symbol id="sm-32f">
         <name>_XINT2_ISR</name>
         <value>0x3f3051</value>
         <object_component_ref idref="oc-1b4"/>
      </symbol>
      <symbol id="sm-330">
         <name>_I2CINT2A_ISR</name>
         <value>0x3f2fcf</value>
         <object_component_ref idref="oc-1c2"/>
      </symbol>
      <symbol id="sm-331">
         <name>_RTOSINT_ISR</name>
         <value>0x3f2fed</value>
         <object_component_ref idref="oc-1a0"/>
      </symbol>
      <symbol id="sm-332">
         <name>_EPWM3_INT_ISR</name>
         <value>0x3f2fc0</value>
         <object_component_ref idref="oc-1bd"/>
      </symbol>
      <symbol id="sm-333">
         <name>_ADCINT3_ISR</name>
         <value>0x3f2f7a</value>
         <object_component_ref idref="oc-1c5"/>
      </symbol>
      <symbol id="sm-334">
         <name>_USER9_ISR</name>
         <value>0x3f3042</value>
         <object_component_ref idref="oc-1ac"/>
      </symbol>
      <symbol id="sm-335">
         <name>_USER3_ISR</name>
         <value>0x3f3024</value>
         <object_component_ref idref="oc-1a6"/>
      </symbol>
      <symbol id="sm-336">
         <name>_USER8_ISR</name>
         <value>0x3f303d</value>
         <object_component_ref idref="oc-1ab"/>
      </symbol>
      <symbol id="sm-337">
         <name>_EPWM1_INT_ISR</name>
         <value>0x3f2fac</value>
         <object_component_ref idref="oc-1bb"/>
      </symbol>
      <symbol id="sm-338">
         <name>_USER2_ISR</name>
         <value>0x3f301f</value>
         <object_component_ref idref="oc-1a5"/>
      </symbol>
      <symbol id="sm-339">
         <name>_SCITXINTA_ISR</name>
         <value>0x3f2ff7</value>
         <object_component_ref idref="oc-1c4"/>
      </symbol>
      <symbol id="sm-33a">
         <name>_SCIRXINTA_ISR</name>
         <value>0x3f2ff2</value>
         <object_component_ref idref="oc-1c3"/>
      </symbol>
      <symbol id="sm-33b">
         <name>_rsvd_ISR</name>
         <value>0x3f305b</value>
         <object_component_ref idref="oc-1b2"/>
      </symbol>
      <symbol id="sm-34f">
         <name>_c_int00</name>
         <value>0x3f2a6e</value>
         <object_component_ref idref="oc-75"/>
      </symbol>
      <symbol id="sm-350">
         <name>__stack</name>
         <value>0x50</value>
         <object_component_ref idref="oc-76"/>
      </symbol>
      <symbol id="sm-35a">
         <name>___TI_ft_end</name>
         <value>0x8800</value>
         <object_component_ref idref="oc-7d"/>
      </symbol>
      <symbol id="sm-35b">
         <name>___TI_tmpnams</name>
         <value>0x88c0</value>
         <object_component_ref idref="oc-7d"/>
      </symbol>
      <symbol id="sm-35c">
         <name>__ftable</name>
         <value>0x8840</value>
         <object_component_ref idref="oc-7d"/>
      </symbol>
      <symbol id="sm-36d">
         <name>C$$EXIT</name>
         <value>0x3f2d6f</value>
         <object_component_ref idref="oc-142"/>
      </symbol>
      <symbol id="sm-36e">
         <name>_exit</name>
         <value>0x3f2d71</value>
         <object_component_ref idref="oc-142"/>
      </symbol>
      <symbol id="sm-36f">
         <name>___TI_cleanup_ptr</name>
         <value>0x8a10</value>
         <object_component_ref idref="oc-81"/>
      </symbol>
      <symbol id="sm-370">
         <name>_abort</name>
         <value>0x3f2d6f</value>
         <object_component_ref idref="oc-142"/>
      </symbol>
      <symbol id="sm-371">
         <name>___TI_dtors_ptr</name>
         <value>0x8a12</value>
         <object_component_ref idref="oc-81"/>
      </symbol>
      <symbol id="sm-3a4">
         <name>_fopen</name>
         <value>0x3f2478</value>
         <object_component_ref idref="oc-16c"/>
      </symbol>
      <symbol id="sm-3a5">
         <name>___TI_cleanup</name>
         <value>0x3f240b</value>
         <object_component_ref idref="oc-16c"/>
      </symbol>
      <symbol id="sm-3a6">
         <name>_freopen</name>
         <value>0x3f2428</value>
         <object_component_ref idref="oc-16c"/>
      </symbol>
      <symbol id="sm-3b6">
         <name>_putchar</name>
         <value>0x3f2a20</value>
         <object_component_ref idref="oc-195"/>
      </symbol>
      <symbol id="sm-3b7">
         <name>_putc</name>
         <value>0x3f29d5</value>
         <object_component_ref idref="oc-195"/>
      </symbol>
      <symbol id="sm-3b8">
         <name>_fputc</name>
         <value>0x3f29d5</value>
         <object_component_ref idref="oc-195"/>
      </symbol>
      <symbol id="sm-3ed">
         <name>_add_device</name>
         <value>0x3f7b9d</value>
         <object_component_ref idref="oc-16b"/>
      </symbol>
      <symbol id="sm-3ee">
         <name>_rename</name>
         <value>0x3f7a86</value>
         <object_component_ref idref="oc-16b"/>
      </symbol>
      <symbol id="sm-3ef">
         <name>_read</name>
         <value>0x3f7ac9</value>
         <object_component_ref idref="oc-16b"/>
      </symbol>
      <symbol id="sm-3f0">
         <name>_unlink</name>
         <value>0x3f7a6e</value>
         <object_component_ref idref="oc-16b"/>
      </symbol>
      <symbol id="sm-3f1">
         <name>_remove_device</name>
         <value>0x3f7aaf</value>
         <object_component_ref idref="oc-16b"/>
      </symbol>
      <symbol id="sm-3f2">
         <name>_open</name>
         <value>0x3f7ae1</value>
         <object_component_ref idref="oc-16b"/>
      </symbol>
      <symbol id="sm-3f3">
         <name>_lseek</name>
         <value>0x3f7b53</value>
         <object_component_ref idref="oc-16b"/>
      </symbol>
      <symbol id="sm-3f4">
         <name>_close</name>
         <value>0x3f7b6b</value>
         <object_component_ref idref="oc-16b"/>
      </symbol>
      <symbol id="sm-3f5">
         <name>_write</name>
         <value>0x3f7a08</value>
         <object_component_ref idref="oc-16b"/>
      </symbol>
      <symbol id="sm-404">
         <name>___memcpy_ff</name>
         <value>0x3f2c86</value>
         <object_component_ref idref="oc-15a"/>
      </symbol>
      <symbol id="sm-412">
         <name>_printf</name>
         <value>0x3f2b5d</value>
         <object_component_ref idref="oc-173"/>
      </symbol>
      <symbol id="sm-427">
         <name>_setvbuf</name>
         <value>0x3f7f02</value>
         <object_component_ref idref="oc-16d"/>
      </symbol>
      <symbol id="sm-434">
         <name>_strchr</name>
         <value>0x3f2e9e</value>
         <object_component_ref idref="oc-191"/>
      </symbol>
      <symbol id="sm-440">
         <name>_strcmp</name>
         <value>0x3f2ec7</value>
         <object_component_ref idref="oc-190"/>
      </symbol>
      <symbol id="sm-44e">
         <name>_strncpy</name>
         <value>0x3f2ce4</value>
         <object_component_ref idref="oc-192"/>
      </symbol>
      <symbol id="sm-45f">
         <name>_HOSTopen</name>
         <value>0x3f7d02</value>
         <object_component_ref idref="oc-143"/>
      </symbol>
      <symbol id="sm-460">
         <name>_HOSTread</name>
         <value>0x3f7ccc</value>
         <object_component_ref idref="oc-143"/>
      </symbol>
      <symbol id="sm-461">
         <name>_HOSTgetenv</name>
         <value>0x3f7d80</value>
         <object_component_ref idref="oc-143"/>
      </symbol>
      <symbol id="sm-462">
         <name>_HOSTtime</name>
         <value>0x3f7c64</value>
         <object_component_ref idref="oc-143"/>
      </symbol>
      <symbol id="sm-463">
         <name>_HOSTrename</name>
         <value>0x3f7c8e</value>
         <object_component_ref idref="oc-143"/>
      </symbol>
      <symbol id="sm-464">
         <name>_HOSTclock</name>
         <value>0x3f7dd1</value>
         <object_component_ref idref="oc-143"/>
      </symbol>
      <symbol id="sm-465">
         <name>_HOSTwrite</name>
         <value>0x3f7c09</value>
         <object_component_ref idref="oc-143"/>
      </symbol>
      <symbol id="sm-466">
         <name>_HOSTlseek</name>
         <value>0x3f7d39</value>
         <object_component_ref idref="oc-143"/>
      </symbol>
      <symbol id="sm-467">
         <name>_HOSTunlink</name>
         <value>0x3f7c3f</value>
         <object_component_ref idref="oc-143"/>
      </symbol>
      <symbol id="sm-468">
         <name>_HOSTclose</name>
         <value>0x3f7daa</value>
         <object_component_ref idref="oc-143"/>
      </symbol>
      <symbol id="sm-47d">
         <name>___TI_rd_ok</name>
         <value>0x3f28ec</value>
         <object_component_ref idref="oc-1ce"/>
      </symbol>
      <symbol id="sm-47e">
         <name>___TI_wrt_ok</name>
         <value>0x3f28b2</value>
         <object_component_ref idref="oc-1ce"/>
      </symbol>
      <symbol id="sm-48c">
         <name>__unlock</name>
         <value>0x8a0c</value>
         <object_component_ref idref="oc-b8"/>
      </symbol>
      <symbol id="sm-48d">
         <name>__lock</name>
         <value>0x8a0e</value>
         <object_component_ref idref="oc-b8"/>
      </symbol>
      <symbol id="sm-48e">
         <name>__register_lock</name>
         <value>0x3f2ee7</value>
         <object_component_ref idref="oc-144"/>
      </symbol>
      <symbol id="sm-48f">
         <name>__nop</name>
         <value>0x3f2eeb</value>
         <object_component_ref idref="oc-144"/>
      </symbol>
      <symbol id="sm-490">
         <name>__register_unlock</name>
         <value>0x3f2ee3</value>
         <object_component_ref idref="oc-144"/>
      </symbol>
      <symbol id="sm-599">
         <name>___TI_printfi</name>
         <value>0x3f7916</value>
         <object_component_ref idref="oc-19b"/>
      </symbol>
      <symbol id="sm-5af">
         <name>___TI_readmsg</name>
         <value>0x3f262a</value>
         <object_component_ref idref="oc-146"/>
      </symbol>
      <symbol id="sm-5b0">
         <name>C$$IO$$</name>
         <value>0x3f2626</value>
         <object_component_ref idref="oc-146"/>
      </symbol>
      <symbol id="sm-5b1">
         <name>__CIOBUF_</name>
         <value>0x400</value>
         <object_component_ref idref="oc-c3"/>
      </symbol>
      <symbol id="sm-5b2">
         <name>___TI_writemsg</name>
         <value>0x3f25d6</value>
         <object_component_ref idref="oc-146"/>
      </symbol>
      <symbol id="sm-5be">
         <name>__args_main</name>
         <value>0x3f2d56</value>
         <object_component_ref idref="oc-141"/>
      </symbol>
      <symbol id="sm-5bf">
         <name>__TI_args_main</name>
         <value>0x1</value>
      </symbol>
      <symbol id="sm-5d0">
         <name>_atoi</name>
         <value>0x3f2b89</value>
         <object_component_ref idref="oc-1d0"/>
      </symbol>
      <symbol id="sm-5d8">
         <name>__ctypes_</name>
         <value>0x3f6e3d</value>
         <object_component_ref idref="oc-1d5"/>
      </symbol>
      <symbol id="sm-5e7">
         <name>___TI_closefile</name>
         <value>0x3f297a</value>
         <object_component_ref idref="oc-193"/>
      </symbol>
      <symbol id="sm-5e8">
         <name>_fclose</name>
         <value>0x3f29bc</value>
         <object_component_ref idref="oc-193"/>
      </symbol>
      <symbol id="sm-5f4">
         <name>FD$$CMP</name>
         <value>0x3f2c11</value>
         <object_component_ref idref="oc-d5"/>
      </symbol>
      <symbol id="sm-607">
         <name>FD$$DIV</name>
         <value>0x3f2664</value>
         <object_component_ref idref="oc-d9"/>
      </symbol>
      <symbol id="sm-615">
         <name>FD$$MPY</name>
         <value>0x3f26ef</value>
         <object_component_ref idref="oc-dd"/>
      </symbol>
      <symbol id="sm-61e">
         <name>FD$$NEG</name>
         <value>0x3f2eec</value>
         <object_component_ref idref="oc-e1"/>
      </symbol>
      <symbol id="sm-626">
         <name>FD$$SUB</name>
         <value>0x3f2e6a</value>
         <object_component_ref idref="oc-e5"/>
      </symbol>
      <symbol id="sm-631">
         <name>FD$$TOI</name>
         <value>0x3f2c65</value>
         <object_component_ref idref="oc-e9"/>
      </symbol>
      <symbol id="sm-63c">
         <name>FD$$TOL</name>
         <value>0x3f2ca7</value>
         <object_component_ref idref="oc-ed"/>
      </symbol>
      <symbol id="sm-64f">
         <name>___TI_doflush</name>
         <value>0x3f27e1</value>
         <object_component_ref idref="oc-1cc"/>
      </symbol>
      <symbol id="sm-650">
         <name>_fflush</name>
         <value>0x3f2810</value>
         <object_component_ref idref="oc-1cc"/>
      </symbol>
      <symbol id="sm-66a">
         <name>_puts</name>
         <value>0x3f2528</value>
         <object_component_ref idref="oc-19a"/>
      </symbol>
      <symbol id="sm-66b">
         <name>_fputs</name>
         <value>0x3f2492</value>
         <object_component_ref idref="oc-19a"/>
      </symbol>
      <symbol id="sm-677">
         <name>FS$$TOFD</name>
         <value>0x3f2d1e</value>
         <object_component_ref idref="oc-fa"/>
      </symbol>
      <symbol id="sm-685">
         <name>_fseek</name>
         <value>0x3f2ab2</value>
         <object_component_ref idref="oc-1d4"/>
      </symbol>
      <symbol id="sm-691">
         <name>L$$TOFD</name>
         <value>0x3f2d3a</value>
         <object_component_ref idref="oc-102"/>
      </symbol>
      <symbol id="sm-699">
         <name>LL$$AND</name>
         <value>0x3f2d88</value>
         <object_component_ref idref="oc-106"/>
      </symbol>
      <symbol id="sm-69a">
         <name>LL$$OR</name>
         <value>0x3f2d90</value>
         <object_component_ref idref="oc-106"/>
      </symbol>
      <symbol id="sm-69b">
         <name>LL$$XOR</name>
         <value>0x3f2d98</value>
         <object_component_ref idref="oc-106"/>
      </symbol>
      <symbol id="sm-6a5">
         <name>ULL$$CMP</name>
         <value>0x3f2cd8</value>
         <object_component_ref idref="oc-10a"/>
      </symbol>
      <symbol id="sm-6a6">
         <name>LL$$CMP</name>
         <value>0x3f2cc6</value>
         <object_component_ref idref="oc-10a"/>
      </symbol>
      <symbol id="sm-6cd">
         <name>ULL$$MOD</name>
         <value>0x3f7ea0</value>
         <object_component_ref idref="oc-10e"/>
      </symbol>
      <symbol id="sm-6ce">
         <name>ULL$$DIV</name>
         <value>0x3f7e71</value>
         <object_component_ref idref="oc-10e"/>
      </symbol>
      <symbol id="sm-6cf">
         <name>LL$$MOD</name>
         <value>0x3f7e37</value>
         <object_component_ref idref="oc-10e"/>
      </symbol>
      <symbol id="sm-6d0">
         <name>LL$$DIV</name>
         <value>0x3f7dfb</value>
         <object_component_ref idref="oc-10e"/>
      </symbol>
      <symbol id="sm-6d8">
         <name>LL$$MPY</name>
         <value>0x3f2db5</value>
         <object_component_ref idref="oc-112"/>
      </symbol>
      <symbol id="sm-6e4">
         <name>_ltoa</name>
         <value>0x3f2bba</value>
         <object_component_ref idref="oc-1d1"/>
      </symbol>
      <symbol id="sm-6f1">
         <name>_memccpy</name>
         <value>0x3f2e78</value>
         <object_component_ref idref="oc-1d3"/>
      </symbol>
      <symbol id="sm-6fe">
         <name>_memchr</name>
         <value>0x3f2e27</value>
         <object_component_ref idref="oc-1cf"/>
      </symbol>
      <symbol id="sm-746">
         <name>__sys_memory</name>
         <value>0x8a16</value>
         <object_component_ref idref="oc-124"/>
      </symbol>
      <symbol id="sm-747">
         <name>_chkheap</name>
         <value>0x3f21b9</value>
         <object_component_ref idref="oc-194"/>
      </symbol>
      <symbol id="sm-748">
         <name>_realloc</name>
         <value>0x3f20c9</value>
         <object_component_ref idref="oc-194"/>
      </symbol>
      <symbol id="sm-749">
         <name>_free_memory</name>
         <value>0x3f219d</value>
         <object_component_ref idref="oc-194"/>
      </symbol>
      <symbol id="sm-74a">
         <name>_max_free</name>
         <value>0x3f217d</value>
         <object_component_ref idref="oc-194"/>
      </symbol>
      <symbol id="sm-74b">
         <name>_free</name>
         <value>0x3f2000</value>
         <object_component_ref idref="oc-194"/>
      </symbol>
      <symbol id="sm-74c">
         <name>_calloc</name>
         <value>0x3f21bb</value>
         <object_component_ref idref="oc-194"/>
      </symbol>
      <symbol id="sm-74d">
         <name>_malloc</name>
         <value>0x3f2069</value>
         <object_component_ref idref="oc-194"/>
      </symbol>
      <symbol id="sm-74e">
         <name>_minit</name>
         <value>0x3f2045</value>
         <object_component_ref idref="oc-194"/>
      </symbol>
      <symbol id="sm-75a">
         <name>_memset</name>
         <value>0x3f2e85</value>
         <object_component_ref idref="oc-1d2"/>
      </symbol>
      <symbol id="sm-764">
         <name>_remove</name>
         <value>0x3f30a4</value>
         <object_component_ref idref="oc-1cd"/>
      </symbol>
      <symbol id="sm-76f">
         <name>_strcpy</name>
         <value>0x3f3060</value>
         <object_component_ref idref="oc-148"/>
      </symbol>
      <symbol id="sm-77a">
         <name>_strlen</name>
         <value>0x3f2f0d</value>
         <object_component_ref idref="oc-147"/>
      </symbol>
      <symbol id="sm-791">
         <name>FD$$ADD</name>
         <value>0x3f253a</value>
         <object_component_ref idref="oc-139"/>
      </symbol>
      <symbol id="sm-799">
         <name>UL$$MOD</name>
         <value>0x3f2c5f</value>
         <object_component_ref idref="oc-13d"/>
      </symbol>
      <symbol id="sm-79a">
         <name>L$$MOD</name>
         <value>0x3f2c4a</value>
         <object_component_ref idref="oc-13d"/>
      </symbol>
      <symbol id="sm-79b">
         <name>L$$DIV</name>
         <value>0x3f2c3b</value>
         <object_component_ref idref="oc-13d"/>
      </symbol>
      <symbol id="sm-79c">
         <name>UL$$DIV</name>
         <value>0x3f2c58</value>
         <object_component_ref idref="oc-13d"/>
      </symbol>
   </symbol_table>
   <title>Link successful</title>
</link_info>
