******************************************************************************
             TMS320C2000 Linker PC v6.2.8                      
******************************************************************************
>> Linked Tue Oct 07 21:36:37 2014

OUTPUT FILE NAME:   <Example_F2802xLaunchPad_demo.out>
ENTRY POINT SYMBOL: "code_start"  address: 003f7ff6


MEMORY CONFIGURATION

         name            origin    length      used     unused   attr    fill
----------------------  --------  ---------  --------  --------  ----  --------
PAGE 0:
  PRAML0                00008000   00000800  00000020  000007e0  RWIX
  OTP                   003d7800   00000400  00000000  00000400  RWIX
  FLASHD                003f0000   00002000  00000000  00002000  RWIX
  FLASHC                003f2000   00002000  00001305  00000cfb  RWIX
  FLASHA                003f6000   00001f80  00001f80  00000000  RWIX
  CSM_RSVD              003f7f80   00000076  00000076  00000000  RWIX
  BEGIN                 003f7ff6   00000002  00000002  00000000  RWIX
  CSM_PWL_P0            003f7ff8   00000008  00000008  00000000  RWIX
  IQTABLES              003fe000   00000b50  00000000  00000b50  RWIX
  IQTABLES2             003feb50   0000008c  00000000  0000008c  RWIX
  IQTABLES3             003febdc   000000aa  00000000  000000aa  RWIX
  ROM                   003ff27c   00000d44  00000000  00000d44  RWIX
  RESET                 003fffc0   00000002  00000000  00000002  RWIX
  VECTORS               003fffc2   0000003e  00000000  0000003e  RWIX

PAGE 1:
  BOOT_RSVD             00000000   00000050  00000000  00000050  RWIX
  RAMM0                 00000050   000003b0  00000300  000000b0  RWIX
  RAMM1                 00000400   00000400  00000120  000002e0  RWIX
  DEV_EMU               00000880   00000105  00000000  00000105  RWIX
  SYS_PWR_CTL           00000985   00000003  00000000  00000003  RWIX
  FLASH_REGS            00000a80   00000060  00000000  00000060  RWIX
  CSM                   00000ae0   00000010  00000000  00000010  RWIX
  ADC_RESULT            00000b00   00000020  00000000  00000020  RWIX
  CPU_TIMER0            00000c00   00000008  00000000  00000008  RWIX
  CPU_TIMER1            00000c08   00000008  00000000  00000008  RWIX
  CPU_TIMER2            00000c10   00000008  00000000  00000008  RWIX
  PIE_CTRL              00000ce0   00000020  00000000  00000020  RWIX
  PIE_VECT              00000d00   00000100  00000000  00000100  RWIX
  COMP1                 00006400   00000020  00000000  00000020  RWIX
  COMP2                 00006420   00000020  00000000  00000020  RWIX
  EPWM1                 00006800   00000040  00000000  00000040  RWIX
  EPWM2                 00006840   00000040  00000000  00000040  RWIX
  EPWM3                 00006880   00000040  00000000  00000040  RWIX
  EPWM4                 000068c0   00000040  00000000  00000040  RWIX
  ECAP1                 00006a00   00000020  00000000  00000020  RWIX
  GPIOCTRL              00006f80   00000040  00000000  00000040  RWIX
  GPIODAT               00006fc0   00000020  00000000  00000020  RWIX
  GPIOINT               00006fe0   00000020  00000000  00000020  RWIX
  SYSTEM                00007010   00000020  00000000  00000020  RWIX
  SPIA                  00007040   00000010  00000000  00000010  RWIX
  SCIA                  00007050   00000010  00000000  00000010  RWIX
  NMIINTRUPT            00007060   00000010  00000000  00000010  RWIX
  XINTRUPT              00007070   00000010  00000000  00000010  RWIX
  ADC                   00007100   00000080  00000000  00000080  RWIX
  I2CA                  00007900   00000040  00000000  00000040  RWIX
  DRAML0                00008800   00000800  00000416  000003ea  RWIX
  PARTID                003d7fff   00000001  00000000  00000001  RWIX
  FLASHB                003f4000   00002000  00000000  00002000  RWIX
  CSM_PWL               003f7ff8   00000008  00000000  00000008  RWIX


SECTION ALLOCATION MAP

 output                                  attributes/
section   page    origin      length       input sections
--------  ----  ----------  ----------   ----------------
.pinit     0    003f6000    00000000     UNINITIALIZED

.text.1    0    003f2000    00001280     
                  003f2000    000001f2     rts2800_ml.lib : trgdrv.obj (.text)
                  003f21f2    000001d3                    : memory.obj (.text)
                  003f23c5    00000107                    : ll_div.obj (.text)
                  003f24cc    000000ff                    : fopen.obj (.text)
                  003f25cb    0000009c                    : fd_add.obj (.text)
                  003f2667    0000008e                    : ankmsg.obj (.text)
                  003f26f5    0000008b                    : fd_div.obj (.text)
                  003f2780    00000083                    : fd_mpy.obj (.text)
                  003f2803    00000079                    : setvbuf.obj (.text)
                  003f287c    0000006f     VoiceModule.obj (.text:_drawTILogo)
                  003f28eb    0000006b     rts2800_ml.lib : fflush.obj (.text)
                  003f2956    00000066     VoiceModule.obj (.text:_scia_init)
                  003f29bc    00000065     rts2800_ml.lib : _io_perm.obj (.text)
                  003f2a21    00000063     VoiceModule.obj (.text:_clearTextBox)
                  003f2a84    0000005b     rts2800_ml.lib : fclose.obj (.text)
                  003f2adf    00000050                    : fputc.obj (.text)
                  003f2b2f    00000049     driverlib.lib : gpio.obj (.text:_GPIO_setMode)
                  003f2b78    00000044     rts2800_ml.lib : boot.obj (.text)
                  003f2bbc    0000003d                    : fseek.obj (.text)
                  003f2bf9    00000034     driverlib.lib : gpio.obj (.text:_GPIO_setPullUp)
                  003f2c2d    00000032     rts2800_ml.lib : printf.obj (.text)
                  003f2c5f    00000031                    : atoi.obj (.text)
                  003f2c90    0000002c                    : ltoa.obj (.text)
                  003f2cbc    0000002b     driverlib.lib : gpio.obj (.text:_GPIO_setQualification)
                  003f2ce7    0000002a     rts2800_ml.lib : fd_cmp.obj (.text)
                  003f2d11    0000002a                    : l_div.obj (.text)
                  003f2d3b    00000024     driverlib.lib : adc.obj (.text:_ADC_setIntSrc)
                  003f2d5f    00000021     rts2800_ml.lib : fd_toi.obj (.text)
                  003f2d80    00000021                    : memcpy_ff.obj (.text)
                  003f2da1    0000001f                    : fd_tol.obj (.text)
                  003f2dc0    0000001e                    : ll_cmp.obj (.text)
                  003f2dde    0000001e                    : strncpy.obj (.text)
                  003f2dfc    0000001d     VoiceModule.obj (.text:_sampleTemperature)
                  003f2e19    0000001c     driverlib.lib : adc.obj (.text:_ADC_setSocChanNumber)
                  003f2e35    0000001c                   : adc.obj (.text:_ADC_setSocSampleWindow)
                  003f2e51    0000001c                   : sci_io.obj (.text:_SCI_write)
                  003f2e6d    0000001c     rts2800_ml.lib : fs_tofd.obj (.text)
                  003f2e89    0000001c                    : l_tofd.obj (.text)
                  003f2ea5    00000019                    : args_main.obj (.text)
                  003f2ebe    00000019                    : exit.obj (.text)
                  003f2ed7    00000018     driverlib.lib : adc.obj (.text:_ADC_enableInt)
                  003f2eef    00000018     rts2800_ml.lib : ll_aox.obj (.text)
                  003f2f07    00000017     VoiceModule.obj (.text:_updateTemperature)
                  003f2f1e    00000015     driverlib.lib : pll.obj (.text:_PLL_setup)
                  003f2f33    00000014     rts2800_ml.lib : ll_mpy.obj (.text)
                  003f2f47    00000013     driverlib.lib : gpio.obj (.text:_GPIO_setHigh)
                  003f2f5a    00000013                   : gpio.obj (.text:_GPIO_setLow)
                  003f2f6d    00000013                   : sci_io.obj (.text:_SCI_open)
                  003f2f80    00000013                   : sci_io.obj (.text:_SCI_read)
                  003f2f93    00000012                   : adc.obj (.text:_ADC_setVoltRefSrc)
                  003f2fa5    00000012                   : F2802x_asmfuncs.obj (.text)
                  003f2fb7    00000012     rts2800_ml.lib : memchr.obj (.text)
                  003f2fc9    00000011     driverlib.lib : gpio.obj (.text:_GPIO_getData)
                  003f2fda    00000011                   : pie.obj (.text:_PIE_setDebugIntVectorTable)
                  003f2feb    0000000f                   : gpio.obj (.text:_GPIO_setPortData)
                  003f2ffa    0000000f                   : pie.obj (.text:_PIE_disableAllInts)
                  003f3009    0000000e     rts2800_ml.lib : fd_sub.obj (.text)
                  003f3017    0000000d                    : memccpy.obj (.text)
                  003f3024    0000000d                    : memset.obj (.text)
                  003f3031    0000000c     driverlib.lib : sci_io.obj (.text:_SCI_close)
                  003f303d    0000000b                   : adc.obj (.text:_ADC_enable)
                  003f3048    0000000b                   : adc.obj (.text:_ADC_enableBandGap)
                  003f3053    0000000b                   : adc.obj (.text:_ADC_enableRefBuffers)
                  003f305e    0000000b                   : adc.obj (.text:_ADC_enableTempSensor)
                  003f3069    0000000b                   : adc.obj (.text:_ADC_powerUp)
                  003f3074    0000000b     rts2800_ml.lib : strchr.obj (.text)
                  003f307f    0000000a     driverlib.lib : sci.obj (.text:_SCI_resetChannels)
                  003f3089    0000000a                   : sci.obj (.text:_SCI_resetRxFifo)
                  003f3093    0000000a                   : sci.obj (.text:_SCI_resetTxFifo)
                  003f309d    0000000a     rts2800_ml.lib : strcmp.obj (.text)
                  003f30a7    00000009     driverlib.lib : clk.obj (.text:_CLK_enableSciaClock)
                  003f30b0    00000009                   : sci.obj (.text:_SCI_putDataBlocking)
                  003f30b9    00000009     rts2800_ml.lib : _lock.obj (.text)
                  003f30c2    00000009                    : fd_neg.obj (.text)
                  003f30cb    00000008     driverlib.lib : pie.obj (.text:_PIE_init)
                  003f30d3    00000008                   : wdog.obj (.text:_WDOG_disable)
                  003f30db    00000008     rts2800_ml.lib : strlen.obj (.text)
                  003f30e3    00000007     driverlib.lib : clk.obj (.text:_CLK_enableAdcClock)
                  003f30ea    00000007                   : clk.obj (.text:_CLK_init)
                  003f30f1    00000007                   : clk.obj (.text:_CLK_setClkOutPreScaler)
                  003f30f8    00000007                   : clk.obj (.text:_CLK_setOscSrc)
                  003f30ff    00000007                   : flash.obj (.text:_FLASH_init)
                  003f3106    00000007                   : gpio.obj (.text:_GPIO_init)
                  003f310d    00000007                   : pll.obj (.text:_PLL_init)
                  003f3114    00000007                   : pll.obj (.text:_PLL_setDivider)
                  003f311b    00000007                   : sci.obj (.text:_SCI_init)
                  003f3122    00000007                   : sci.obj (.text:_SCI_setRxFifoIntLevel)
                  003f3129    00000007                   : sci.obj (.text:_SCI_setTxFifoIntLevel)
                  003f3130    00000007                   : wdog.obj (.text:_WDOG_init)
                  003f3137    00000006                   : pll.obj (.text:_PLL_setMultiplier)
                  003f313d    00000006                   : sci.obj (.text:_SCI_setBaudRate)
                  003f3143    00000005                   : F2802x_DefaultIsr.obj (.text:_ADCINT1_ISR)
                  003f3148    00000005                   : F2802x_DefaultIsr.obj (.text:_ADCINT2_ISR)
                  003f314d    00000005                   : F2802x_DefaultIsr.obj (.text:_ADCINT3_ISR)
                  003f3152    00000005                   : F2802x_DefaultIsr.obj (.text:_ADCINT4_ISR)
                  003f3157    00000005                   : F2802x_DefaultIsr.obj (.text:_ADCINT5_ISR)
                  003f315c    00000005                   : F2802x_DefaultIsr.obj (.text:_ADCINT6_ISR)
                  003f3161    00000005                   : F2802x_DefaultIsr.obj (.text:_ADCINT7_ISR)
                  003f3166    00000005                   : F2802x_DefaultIsr.obj (.text:_ADCINT8_ISR)
                  003f316b    00000005                   : F2802x_DefaultIsr.obj (.text:_ADCINT9_ISR)
                  003f3170    00000005                   : F2802x_DefaultIsr.obj (.text:_DATALOG_ISR)
                  003f3175    00000005                   : F2802x_DefaultIsr.obj (.text:_ECAP1_INT_ISR)
                  003f317a    00000005                   : F2802x_DefaultIsr.obj (.text:_EMUINT_ISR)
                  003f317f    00000005                   : F2802x_DefaultIsr.obj (.text:_EPWM1_INT_ISR)
                  003f3184    00000005                   : F2802x_DefaultIsr.obj (.text:_EPWM1_TZINT_ISR)
                  003f3189    00000005                   : F2802x_DefaultIsr.obj (.text:_EPWM2_INT_ISR)
                  003f318e    00000005                   : F2802x_DefaultIsr.obj (.text:_EPWM2_TZINT_ISR)
                  003f3193    00000005                   : F2802x_DefaultIsr.obj (.text:_EPWM3_INT_ISR)
                  003f3198    00000005                   : F2802x_DefaultIsr.obj (.text:_EPWM3_TZINT_ISR)
                  003f319d    00000005                   : F2802x_DefaultIsr.obj (.text:_I2CINT1A_ISR)
                  003f31a2    00000005                   : F2802x_DefaultIsr.obj (.text:_I2CINT2A_ISR)
                  003f31a7    00000005                   : F2802x_DefaultIsr.obj (.text:_ILLEGAL_ISR)
                  003f31ac    00000005                   : F2802x_DefaultIsr.obj (.text:_INT13_ISR)
                  003f31b1    00000005                   : F2802x_DefaultIsr.obj (.text:_INT14_ISR)
                  003f31b6    00000005                   : F2802x_DefaultIsr.obj (.text:_NMI_ISR)
                  003f31bb    00000005                   : F2802x_DefaultIsr.obj (.text:_PIE_RESERVED)
                  003f31c0    00000005                   : F2802x_DefaultIsr.obj (.text:_RTOSINT_ISR)
                  003f31c5    00000005                   : F2802x_DefaultIsr.obj (.text:_SCIRXINTA_ISR)
                  003f31ca    00000005                   : F2802x_DefaultIsr.obj (.text:_SCITXINTA_ISR)
                  003f31cf    00000005                   : F2802x_DefaultIsr.obj (.text:_SPIRXINTA_ISR)
                  003f31d4    00000005                   : F2802x_DefaultIsr.obj (.text:_SPITXINTA_ISR)
                  003f31d9    00000005                   : F2802x_DefaultIsr.obj (.text:_TINT0_ISR)
                  003f31de    00000005                   : F2802x_DefaultIsr.obj (.text:_USER10_ISR)
                  003f31e3    00000005                   : F2802x_DefaultIsr.obj (.text:_USER11_ISR)
                  003f31e8    00000005                   : F2802x_DefaultIsr.obj (.text:_USER12_ISR)
                  003f31ed    00000005                   : F2802x_DefaultIsr.obj (.text:_USER1_ISR)
                  003f31f2    00000005                   : F2802x_DefaultIsr.obj (.text:_USER2_ISR)
                  003f31f7    00000005                   : F2802x_DefaultIsr.obj (.text:_USER3_ISR)
                  003f31fc    00000005                   : F2802x_DefaultIsr.obj (.text:_USER4_ISR)
                  003f3201    00000005                   : F2802x_DefaultIsr.obj (.text:_USER5_ISR)
                  003f3206    00000005                   : F2802x_DefaultIsr.obj (.text:_USER6_ISR)
                  003f320b    00000005                   : F2802x_DefaultIsr.obj (.text:_USER7_ISR)
                  003f3210    00000005                   : F2802x_DefaultIsr.obj (.text:_USER8_ISR)
                  003f3215    00000005                   : F2802x_DefaultIsr.obj (.text:_USER9_ISR)
                  003f321a    00000005                   : F2802x_DefaultIsr.obj (.text:_WAKEINT_ISR)
                  003f321f    00000005                   : F2802x_DefaultIsr.obj (.text:_XINT1_ISR)
                  003f3224    00000005                   : F2802x_DefaultIsr.obj (.text:_XINT2_ISR)
                  003f3229    00000005                   : F2802x_DefaultIsr.obj (.text:_XINT3_ISR)
                  003f322e    00000005                   : F2802x_DefaultIsr.obj (.text:_rsvd_ISR)
                  003f3233    00000005     rts2800_ml.lib : strcpy.obj (.text)
                  003f3238    00000004     driverlib.lib : cpu.obj (.text:_CPU_init)
                  003f323c    00000004                   : sci.obj (.text:_SCI_clearRxFifoInt)
                  003f3240    00000004                   : sci.obj (.text:_SCI_clearTxFifoInt)
                  003f3244    00000004                   : sci.obj (.text:_SCI_enableFifoEnh)
                  003f3248    00000004                   : sci.obj (.text:_SCI_setCharLength)
                  003f324c    00000004                   : sci.obj (.text:_SCI_setNumStopBits)
                  003f3250    00000003                   : cpu.obj (.text:_CPU_clearIntFlags)
                  003f3253    00000003                   : cpu.obj (.text:_CPU_disableGlobalInts)
                  003f3256    00000003                   : pie.obj (.text:_PIE_disable)
                  003f3259    00000003                   : pie.obj (.text:_PIE_enable)
                  003f325c    00000003                   : pll.obj (.text:_PLL_getClkStatus)
                  003f325f    00000003                   : pll.obj (.text:_PLL_getLockStatus)
                  003f3262    00000003                   : sci.obj (.text:_SCI_disableParity)
                  003f3265    00000003                   : sci.obj (.text:_SCI_enable)
                  003f3268    00000003                   : sci.obj (.text:_SCI_enableRx)
                  003f326b    00000003                   : sci.obj (.text:_SCI_enableRxInt)
                  003f326e    00000003                   : sci.obj (.text:_SCI_enableTx)
                  003f3271    00000003                   : sci.obj (.text:_SCI_enableTxInt)
                  003f3274    00000003                   : sci.obj (.text:_SCI_setPriority)
                  003f3277    00000003     rts2800_ml.lib : remove.obj (.text)
                  003f327a    00000002     driverlib.lib : sci_io.obj (.text:_SCI_lseek)
                  003f327c    00000002                   : sci_io.obj (.text:_SCI_rename)
                  003f327e    00000002                   : sci_io.obj (.text:_SCI_unlink)

.cinit     0    003f3280    00000085     
                  003f3280    00000031     rts2800_ml.lib : lowlev.obj (.cinit)
                  003f32b1    0000002a                    : defs.obj (.cinit)
                  003f32db    0000000a                    : _lock.obj (.cinit)
                  003f32e5    0000000a                    : exit.obj (.cinit)
                  003f32ef    00000008     VoiceModule.obj (.cinit)
                  003f32f7    00000004     driverlib.lib : sci_io.obj (.cinit)
                  003f32fb    00000004     rts2800_ml.lib : fopen.obj (.cinit)
                  003f32ff    00000004                    : memory.obj (.cinit)
                  003f3303    00000002     --HOLE-- [fill = 0]

.econst    0    003f6000    000010d0     
                  003f6000    00000e3d     VoiceModule.obj (.econst:_ti_ascii)
                  003f6e3d    00000101     rts2800_ml.lib : ctype.obj (.econst:.string:__ctypes_)
                  003f6f3e    00000100     driverlib.lib : pie.obj (.econst:_PIE_tableDebugInit)
                  003f703e    00000033     VoiceModule.obj (.econst:.string)
                  003f7071    00000001     --HOLE-- [fill = 0]
                  003f7072    00000024     rts2800_ml.lib : _printfi.obj (.econst:.string)
                  003f7096    00000018                    : _printfi.obj (.econst)
                  003f70ae    00000015     VoiceModule.obj (.econst:.string:_pucTempString)
                  003f70c3    00000005     VoiceModule.obj (.econst:.string:_escRed)
                  003f70c8    00000005     VoiceModule.obj (.econst:.string:_escWhite)
                  003f70cd    00000001     --HOLE-- [fill = 0]
                  003f70ce    00000002     rts2800_ml.lib : fputs.obj (.econst:.string)

ramfuncs   0    003f70d0    00000020     RUN ADDR = 00008000
                  003f70d0    0000000c     driverlib.lib : flash.obj (ramfuncs:_FLASH_setup)
                  003f70dc    00000006                   : flash.obj (ramfuncs:_FLASH_enablePipelineMode)
                  003f70e2    00000005                   : flash.obj (ramfuncs:_FLASH_setActiveWaitCount)
                  003f70e7    00000005                   : flash.obj (ramfuncs:_FLASH_setStandbyWaitCount)
                  003f70ec    00000004                   : F2802x_asmfuncs.obj (ramfuncs)

.text.2    0    003f70f0    00000e90     
                  003f70f0    00000930     rts2800_ml.lib : _printfi.obj (.text)
                  003f7a20    0000027b     VoiceModule.obj (.text:_main)
                  003f7c9b    00000201     rts2800_ml.lib : lowlev.obj (.text)
                  003f7e9c    000000a8                    : fputs.obj (.text)
                  003f7f44    00000034     driverlib.lib : gpio.obj (.text:_GPIO_setDirection)
                  003f7f78    00000008                   : adc.obj (.text:_ADC_init)

csm_rsvd   0    003f7f80    00000076     
                  003f7f80    00000076     driverlib.lib : F2802x_asmfuncs.obj (csm_rsvd)

codestart 
*          0    003f7ff6    00000002     
                  003f7ff6    00000002     driverlib.lib : F2802x_asmfuncs.obj (codestart)

csmpasswds 
*          0    003f7ff8    00000008     
                  003f7ff8    00000008     driverlib.lib : F2802x_asmfuncs.obj (csmpasswds)

.reset     0    003fffc0    00000002     DSECT
                  003fffc0    00000002     rts2800_ml.lib : boot.obj (.reset)

vectors    0    003fffc2    00000000     DSECT

.stack     1    00000050    00000300     UNINITIALIZED
                  00000050    00000300     --HOLE--

.cio       1    00000400    00000120     UNINITIALIZED
                  00000400    00000120     rts2800_ml.lib : ankmsg.obj (.cio)

.ebss      1    00008800    00000216     UNINITIALIZED
                  00008800    00000160     rts2800_ml.lib : defs.obj (.ebss)
                  00008960    00000010     VoiceModule.obj (.ebss)
                  00008970    00000008     rts2800_ml.lib : memory.obj (.ebss)
                  00008978    00000008                    : trgdrv.obj (.ebss)
                  00008980    00000088                    : lowlev.obj (.ebss)
                  00008a08    00000004     driverlib.lib : sci_io.obj (.ebss)
                  00008a0c    00000004     rts2800_ml.lib : _lock.obj (.ebss)
                  00008a10    00000004                    : exit.obj (.ebss)
                  00008a14    00000001     driverlib.lib : cpu.obj (.ebss)
                  00008a15    00000001     rts2800_ml.lib : fopen.obj (.ebss)

.sysmem    1    00008a16    00000200     UNINITIALIZED
                  00008a16    00000001     rts2800_ml.lib : memory.obj (.sysmem)
                  00008a17    000001ff     --HOLE--


GLOBAL DATA SYMBOLS: SORTED BY DATA PAGE

address     data page           name
--------    ----------------    ----
00000050       1 (00000040)     __stack

00000400      10 (00000400)     __CIOBUF_

00008800     220 (00008800)     ___TI_ft_end

00008840     221 (00008840)     __ftable

000088c0     223 (000088c0)     ___TI_tmpnams

00008961     225 (00008940)     _referenceTemp
00008963     225 (00008940)     _currentTemp
00008964     225 (00008940)     _myAdc
00008966     225 (00008940)     _myGpio
00008968     225 (00008940)     _myPie
0000896a     225 (00008940)     _myFlash
0000896c     225 (00008940)     _myClk
0000896e     225 (00008940)     _mySci

00008a08     228 (00008a00)     _deviceOpen
00008a0a     228 (00008a00)     _ioSci
00008a0c     228 (00008a00)     __unlock
00008a0e     228 (00008a00)     __lock
00008a10     228 (00008a00)     ___TI_cleanup_ptr
00008a12     228 (00008a00)     ___TI_dtors_ptr
00008a14     228 (00008a00)     _cpu
00008a16     228 (00008a00)     __sys_memory

003f6000    fd80 (003f6000)     _ti_ascii

003f6e3d    fdb8 (003f6e00)     __ctypes_

003f6f3e    fdbc (003f6f00)     _PIE_tableDebugInit

003f70ae    fdc2 (003f7080)     _pucTempString

003f70c3    fdc3 (003f70c0)     _escRed
003f70c8    fdc3 (003f70c0)     _escWhite


GLOBAL SYMBOLS: SORTED ALPHABETICALLY BY Name 

address    name
--------   ----
ffffffff   .text
003f2ebe   C$$EXIT
003f26b7   C$$IO$$
003f25cb   FD$$ADD
003f2ce7   FD$$CMP
003f26f5   FD$$DIV
003f2780   FD$$MPY
003f30c2   FD$$NEG
003f3009   FD$$SUB
003f2d5f   FD$$TOI
003f2da1   FD$$TOL
003f2e6d   FS$$TOFD
003f2d11   L$$DIV
003f2d20   L$$MOD
003f2e89   L$$TOFD
003f2eef   LL$$AND
003f2dc0   LL$$CMP
003f23c5   LL$$DIV
003f2401   LL$$MOD
003f2f33   LL$$MPY
003f2ef7   LL$$OR
003f2eff   LL$$XOR
003f2d2e   UL$$DIV
003f2d35   UL$$MOD
003f2dd2   ULL$$CMP
003f243b   ULL$$DIV
003f246a   ULL$$MOD
003f3143   _ADCINT1_ISR
003f3148   _ADCINT2_ISR
003f314d   _ADCINT3_ISR
003f3152   _ADCINT4_ISR
003f3157   _ADCINT5_ISR
003f315c   _ADCINT6_ISR
003f3161   _ADCINT7_ISR
003f3166   _ADCINT8_ISR
003f316b   _ADCINT9_ISR
003f303d   _ADC_enable
003f3048   _ADC_enableBandGap
003f2ed7   _ADC_enableInt
003f3053   _ADC_enableRefBuffers
003f305e   _ADC_enableTempSensor
003f7f78   _ADC_init
003f3069   _ADC_powerUp
003f2d3b   _ADC_setIntSrc
003f2e19   _ADC_setSocChanNumber
003f2e35   _ADC_setSocSampleWindow
003f2f93   _ADC_setVoltRefSrc
003f30e3   _CLK_enableAdcClock
003f30a7   _CLK_enableSciaClock
003f30ea   _CLK_init
003f30f1   _CLK_setClkOutPreScaler
003f30f8   _CLK_setOscSrc
003f3250   _CPU_clearIntFlags
003f3253   _CPU_disableGlobalInts
003f3238   _CPU_init
003f3170   _DATALOG_ISR
003f2fb0   _DSP28x_DisableInt
003f2fb4   _DSP28x_RestoreInt
0000801c   _DSP28x_usDelay
003f3175   _ECAP1_INT_ISR
003f317a   _EMUINT_ISR
003f317f   _EPWM1_INT_ISR
003f3184   _EPWM1_TZINT_ISR
003f3189   _EPWM2_INT_ISR
003f318e   _EPWM2_TZINT_ISR
003f3193   _EPWM3_INT_ISR
003f3198   _EPWM3_TZINT_ISR
0000800c   _FLASH_enablePipelineMode
003f30ff   _FLASH_init
00008012   _FLASH_setActiveWaitCount
00008017   _FLASH_setStandbyWaitCount
00008000   _FLASH_setup
003f2fc9   _GPIO_getData
003f3106   _GPIO_init
003f7f44   _GPIO_setDirection
003f2f47   _GPIO_setHigh
003f2f5a   _GPIO_setLow
003f2b2f   _GPIO_setMode
003f2feb   _GPIO_setPortData
003f2bf9   _GPIO_setPullUp
003f2cbc   _GPIO_setQualification
003f21c8   _HOSTclock
003f21a1   _HOSTclose
003f2177   _HOSTgetenv
003f2130   _HOSTlseek
003f20f9   _HOSTopen
003f20c3   _HOSTread
003f2085   _HOSTrename
003f205b   _HOSTtime
003f2036   _HOSTunlink
003f2000   _HOSTwrite
003f319d   _I2CINT1A_ISR
003f31a2   _I2CINT2A_ISR
003f31a7   _ILLEGAL_ISR
003f31ac   _INT13_ISR
003f31b1   _INT14_ISR
003f31b6   _NMI_ISR
003f31bb   _PIE_RESERVED
003f3256   _PIE_disable
003f2ffa   _PIE_disableAllInts
003f3259   _PIE_enable
003f30cb   _PIE_init
003f2fda   _PIE_setDebugIntVectorTable
003f6f3e   _PIE_tableDebugInit
003f325c   _PLL_getClkStatus
003f325f   _PLL_getLockStatus
003f310d   _PLL_init
003f3114   _PLL_setDivider
003f3137   _PLL_setMultiplier
003f2f1e   _PLL_setup
003f31c0   _RTOSINT_ISR
00000020   _RamfuncsLoadSize
003f70d0   _RamfuncsLoadStart
00008000   _RamfuncsRunStart
003f31c5   _SCIRXINTA_ISR
003f31ca   _SCITXINTA_ISR
003f323c   _SCI_clearRxFifoInt
003f3240   _SCI_clearTxFifoInt
003f3031   _SCI_close
003f3262   _SCI_disableParity
003f3265   _SCI_enable
003f3244   _SCI_enableFifoEnh
003f3268   _SCI_enableRx
003f326b   _SCI_enableRxInt
003f326e   _SCI_enableTx
003f3271   _SCI_enableTxInt
003f311b   _SCI_init
003f327a   _SCI_lseek
003f2f6d   _SCI_open
003f30b0   _SCI_putDataBlocking
003f2f80   _SCI_read
003f327c   _SCI_rename
003f307f   _SCI_resetChannels
003f3089   _SCI_resetRxFifo
003f3093   _SCI_resetTxFifo
003f313d   _SCI_setBaudRate
003f3248   _SCI_setCharLength
003f324c   _SCI_setNumStopBits
003f3274   _SCI_setPriority
003f3122   _SCI_setRxFifoIntLevel
003f3129   _SCI_setTxFifoIntLevel
003f327e   _SCI_unlink
003f2e51   _SCI_write
003f31cf   _SPIRXINTA_ISR
003f31d4   _SPITXINTA_ISR
003f31d9   _TINT0_ISR
003f31de   _USER10_ISR
003f31e3   _USER11_ISR
003f31e8   _USER12_ISR
003f31ed   _USER1_ISR
003f31f2   _USER2_ISR
003f31f7   _USER3_ISR
003f31fc   _USER4_ISR
003f3201   _USER5_ISR
003f3206   _USER6_ISR
003f320b   _USER7_ISR
003f3210   _USER8_ISR
003f3215   _USER9_ISR
003f321a   _WAKEINT_ISR
003f30d3   _WDOG_disable
003f3130   _WDOG_init
003f321f   _XINT1_ISR
003f3224   _XINT2_ISR
003f3229   _XINT3_ISR
00000400   __CIOBUF_
00000350   __STACK_END
00000300   __STACK_SIZE
00000200   __SYSMEM_SIZE
00000001   __TI_args_main
003f2544   ___TI_cleanup
00008a10   ___TI_cleanup_ptr
003f2a84   ___TI_closefile
003f28eb   ___TI_doflush
00008a12   ___TI_dtors_ptr
00008800   ___TI_ft_end
003f792e   ___TI_printfi
003f29f6   ___TI_rd_ok
003f26bb   ___TI_readmsg
000088c0   ___TI_tmpnams
003f2667   ___TI_writemsg
003f29bc   ___TI_wrt_ok
ffffffff   ___binit__
ffffffff   ___c_args__
003f3280   ___cinit__
ffffffff   ___etext__
003f2d80   ___memcpy_ff
ffffffff   ___pinit__
ffffffff   ___text__
003f2ea5   __args_main
003f6e3d   __ctypes_
00008840   __ftable
00008a0e   __lock
003f30c1   __nop
003f30bd   __register_lock
003f30b9   __register_unlock
00000050   __stack
00008a16   __sys_memory
00008a0c   __unlock
003f2ebe   _abort
003f7e30   _add_device
003f2c5f   _atoi
003f2b78   _c_int00
003f23ad   _calloc
003f23ab   _chkheap
003f2a21   _clearTextBox
003f7dfe   _close
00008a14   _cpu
00008963   _currentTemp
00008a08   _deviceOpen
003f287c   _drawTILogo
003f70c3   _escRed
003f70c8   _escWhite
003f2ec0   _exit
003f2ac6   _fclose
003f291a   _fflush
003f25b1   _fopen
003f2adf   _fputc
003f7e9c   _fputs
003f21f2   _free
003f238f   _free_memory
003f2561   _freopen
003f2bbc   _fseek
00008a0a   _ioSci
003f7de6   _lseek
003f2c90   _ltoa
003f7a20   _main
003f225b   _malloc
003f236f   _max_free
003f3017   _memccpy
003f2fb7   _memchr
003f3024   _memset
003f2237   _minit
00008964   _myAdc
0000896c   _myClk
0000896a   _myFlash
00008966   _myGpio
00008968   _myPie
0000896e   _mySci
003f7d74   _open
003f2c33   _printf
003f70ae   _pucTempString
003f2adf   _putc
003f2b2a   _putchar
003f7f32   _puts
003f7d5c   _read
003f22bb   _realloc
00008961   _referenceTemp
003f3277   _remove
003f7d42   _remove_device
003f7d19   _rename
003f322e   _rsvd_ISR
003f2dfc   _sampleTemperature
003f2956   _scia_init
003f2fad   _setDBGIER
003f2803   _setvbuf
003f3074   _strchr
003f309d   _strcmp
003f3233   _strcpy
003f30db   _strlen
003f2dde   _strncpy
003f6000   _ti_ascii
003f7d01   _unlink
003f2f07   _updateTemperature
003f7c9b   _write
ffffffff   binit
003f3280   cinit
003f7ff6   code_start
ffffffff   etext
ffffffff   pinit


GLOBAL SYMBOLS: SORTED BY Symbol Address 

address    name
--------   ----
00000001   __TI_args_main
00000020   _RamfuncsLoadSize
00000050   __stack
00000200   __SYSMEM_SIZE
00000300   __STACK_SIZE
00000350   __STACK_END
00000400   __CIOBUF_
00008000   _FLASH_setup
00008000   _RamfuncsRunStart
0000800c   _FLASH_enablePipelineMode
00008012   _FLASH_setActiveWaitCount
00008017   _FLASH_setStandbyWaitCount
0000801c   _DSP28x_usDelay
00008800   ___TI_ft_end
00008840   __ftable
000088c0   ___TI_tmpnams
00008961   _referenceTemp
00008963   _currentTemp
00008964   _myAdc
00008966   _myGpio
00008968   _myPie
0000896a   _myFlash
0000896c   _myClk
0000896e   _mySci
00008a08   _deviceOpen
00008a0a   _ioSci
00008a0c   __unlock
00008a0e   __lock
00008a10   ___TI_cleanup_ptr
00008a12   ___TI_dtors_ptr
00008a14   _cpu
00008a16   __sys_memory
003f2000   _HOSTwrite
003f2036   _HOSTunlink
003f205b   _HOSTtime
003f2085   _HOSTrename
003f20c3   _HOSTread
003f20f9   _HOSTopen
003f2130   _HOSTlseek
003f2177   _HOSTgetenv
003f21a1   _HOSTclose
003f21c8   _HOSTclock
003f21f2   _free
003f2237   _minit
003f225b   _malloc
003f22bb   _realloc
003f236f   _max_free
003f238f   _free_memory
003f23ab   _chkheap
003f23ad   _calloc
003f23c5   LL$$DIV
003f2401   LL$$MOD
003f243b   ULL$$DIV
003f246a   ULL$$MOD
003f2544   ___TI_cleanup
003f2561   _freopen
003f25b1   _fopen
003f25cb   FD$$ADD
003f2667   ___TI_writemsg
003f26b7   C$$IO$$
003f26bb   ___TI_readmsg
003f26f5   FD$$DIV
003f2780   FD$$MPY
003f2803   _setvbuf
003f287c   _drawTILogo
003f28eb   ___TI_doflush
003f291a   _fflush
003f2956   _scia_init
003f29bc   ___TI_wrt_ok
003f29f6   ___TI_rd_ok
003f2a21   _clearTextBox
003f2a84   ___TI_closefile
003f2ac6   _fclose
003f2adf   _fputc
003f2adf   _putc
003f2b2a   _putchar
003f2b2f   _GPIO_setMode
003f2b78   _c_int00
003f2bbc   _fseek
003f2bf9   _GPIO_setPullUp
003f2c33   _printf
003f2c5f   _atoi
003f2c90   _ltoa
003f2cbc   _GPIO_setQualification
003f2ce7   FD$$CMP
003f2d11   L$$DIV
003f2d20   L$$MOD
003f2d2e   UL$$DIV
003f2d35   UL$$MOD
003f2d3b   _ADC_setIntSrc
003f2d5f   FD$$TOI
003f2d80   ___memcpy_ff
003f2da1   FD$$TOL
003f2dc0   LL$$CMP
003f2dd2   ULL$$CMP
003f2dde   _strncpy
003f2dfc   _sampleTemperature
003f2e19   _ADC_setSocChanNumber
003f2e35   _ADC_setSocSampleWindow
003f2e51   _SCI_write
003f2e6d   FS$$TOFD
003f2e89   L$$TOFD
003f2ea5   __args_main
003f2ebe   C$$EXIT
003f2ebe   _abort
003f2ec0   _exit
003f2ed7   _ADC_enableInt
003f2eef   LL$$AND
003f2ef7   LL$$OR
003f2eff   LL$$XOR
003f2f07   _updateTemperature
003f2f1e   _PLL_setup
003f2f33   LL$$MPY
003f2f47   _GPIO_setHigh
003f2f5a   _GPIO_setLow
003f2f6d   _SCI_open
003f2f80   _SCI_read
003f2f93   _ADC_setVoltRefSrc
003f2fad   _setDBGIER
003f2fb0   _DSP28x_DisableInt
003f2fb4   _DSP28x_RestoreInt
003f2fb7   _memchr
003f2fc9   _GPIO_getData
003f2fda   _PIE_setDebugIntVectorTable
003f2feb   _GPIO_setPortData
003f2ffa   _PIE_disableAllInts
003f3009   FD$$SUB
003f3017   _memccpy
003f3024   _memset
003f3031   _SCI_close
003f303d   _ADC_enable
003f3048   _ADC_enableBandGap
003f3053   _ADC_enableRefBuffers
003f305e   _ADC_enableTempSensor
003f3069   _ADC_powerUp
003f3074   _strchr
003f307f   _SCI_resetChannels
003f3089   _SCI_resetRxFifo
003f3093   _SCI_resetTxFifo
003f309d   _strcmp
003f30a7   _CLK_enableSciaClock
003f30b0   _SCI_putDataBlocking
003f30b9   __register_unlock
003f30bd   __register_lock
003f30c1   __nop
003f30c2   FD$$NEG
003f30cb   _PIE_init
003f30d3   _WDOG_disable
003f30db   _strlen
003f30e3   _CLK_enableAdcClock
003f30ea   _CLK_init
003f30f1   _CLK_setClkOutPreScaler
003f30f8   _CLK_setOscSrc
003f30ff   _FLASH_init
003f3106   _GPIO_init
003f310d   _PLL_init
003f3114   _PLL_setDivider
003f311b   _SCI_init
003f3122   _SCI_setRxFifoIntLevel
003f3129   _SCI_setTxFifoIntLevel
003f3130   _WDOG_init
003f3137   _PLL_setMultiplier
003f313d   _SCI_setBaudRate
003f3143   _ADCINT1_ISR
003f3148   _ADCINT2_ISR
003f314d   _ADCINT3_ISR
003f3152   _ADCINT4_ISR
003f3157   _ADCINT5_ISR
003f315c   _ADCINT6_ISR
003f3161   _ADCINT7_ISR
003f3166   _ADCINT8_ISR
003f316b   _ADCINT9_ISR
003f3170   _DATALOG_ISR
003f3175   _ECAP1_INT_ISR
003f317a   _EMUINT_ISR
003f317f   _EPWM1_INT_ISR
003f3184   _EPWM1_TZINT_ISR
003f3189   _EPWM2_INT_ISR
003f318e   _EPWM2_TZINT_ISR
003f3193   _EPWM3_INT_ISR
003f3198   _EPWM3_TZINT_ISR
003f319d   _I2CINT1A_ISR
003f31a2   _I2CINT2A_ISR
003f31a7   _ILLEGAL_ISR
003f31ac   _INT13_ISR
003f31b1   _INT14_ISR
003f31b6   _NMI_ISR
003f31bb   _PIE_RESERVED
003f31c0   _RTOSINT_ISR
003f31c5   _SCIRXINTA_ISR
003f31ca   _SCITXINTA_ISR
003f31cf   _SPIRXINTA_ISR
003f31d4   _SPITXINTA_ISR
003f31d9   _TINT0_ISR
003f31de   _USER10_ISR
003f31e3   _USER11_ISR
003f31e8   _USER12_ISR
003f31ed   _USER1_ISR
003f31f2   _USER2_ISR
003f31f7   _USER3_ISR
003f31fc   _USER4_ISR
003f3201   _USER5_ISR
003f3206   _USER6_ISR
003f320b   _USER7_ISR
003f3210   _USER8_ISR
003f3215   _USER9_ISR
003f321a   _WAKEINT_ISR
003f321f   _XINT1_ISR
003f3224   _XINT2_ISR
003f3229   _XINT3_ISR
003f322e   _rsvd_ISR
003f3233   _strcpy
003f3238   _CPU_init
003f323c   _SCI_clearRxFifoInt
003f3240   _SCI_clearTxFifoInt
003f3244   _SCI_enableFifoEnh
003f3248   _SCI_setCharLength
003f324c   _SCI_setNumStopBits
003f3250   _CPU_clearIntFlags
003f3253   _CPU_disableGlobalInts
003f3256   _PIE_disable
003f3259   _PIE_enable
003f325c   _PLL_getClkStatus
003f325f   _PLL_getLockStatus
003f3262   _SCI_disableParity
003f3265   _SCI_enable
003f3268   _SCI_enableRx
003f326b   _SCI_enableRxInt
003f326e   _SCI_enableTx
003f3271   _SCI_enableTxInt
003f3274   _SCI_setPriority
003f3277   _remove
003f327a   _SCI_lseek
003f327c   _SCI_rename
003f327e   _SCI_unlink
003f3280   ___cinit__
003f3280   cinit
003f6000   _ti_ascii
003f6e3d   __ctypes_
003f6f3e   _PIE_tableDebugInit
003f70ae   _pucTempString
003f70c3   _escRed
003f70c8   _escWhite
003f70d0   _RamfuncsLoadStart
003f792e   ___TI_printfi
003f7a20   _main
003f7c9b   _write
003f7d01   _unlink
003f7d19   _rename
003f7d42   _remove_device
003f7d5c   _read
003f7d74   _open
003f7de6   _lseek
003f7dfe   _close
003f7e30   _add_device
003f7e9c   _fputs
003f7f32   _puts
003f7f44   _GPIO_setDirection
003f7f78   _ADC_init
003f7ff6   code_start
ffffffff   .text
ffffffff   ___binit__
ffffffff   ___c_args__
ffffffff   ___etext__
ffffffff   ___pinit__
ffffffff   ___text__
ffffffff   binit
ffffffff   etext
ffffffff   pinit

[269 symbols]
