******************************************************************************
             TMS320C2000 Linker PC v6.2.8                      
******************************************************************************
>> Linked Sun Oct 19 23:52:08 2014

OUTPUT FILE NAME:   <VoiceModule.out>
ENTRY POINT SYMBOL: "code_start"  address: 003f7ff6


MEMORY CONFIGURATION

         name            origin    length      used     unused   attr    fill
----------------------  --------  ---------  --------  --------  ----  --------
PAGE 0:
  PRAML0                00008000   00000800  00000004  000007fc  RWIX
  OTP                   003d7800   00000400  00000000  00000400  RWIX
  FLASHD                003f0000   00002000  00000000  00002000  RWIX
  FLASHC                003f2000   00002000  0000063e  000019c2  RWIX
  FLASHA                003f6000   00001f80  00001f80  00000000  RWIX
  CSM_RSVD              003f7f80   00000076  00000076  00000000  RWIX
  BEGIN                 003f7ff6   00000002  00000002  00000000  RWIX
  CSM_PWL_P0            003f7ff8   00000008  00000008  00000000  RWIX
  IQTABLES              003fe000   00000b50  00000000  00000b50  RWIX
  IQTABLES2             003feb50   0000008c  00000000  0000008c  RWIX
  IQTABLES3             003febdc   000000aa  00000000  000000aa  RWIX
  ROM                   003ff27c   00000d44  00000000  00000d44  RWIX
  RESET                 003fffc0   00000002  00000000  00000002  RWIX
  VECTORS               003fffc2   0000003e  00000000  0000003e  RWIX

PAGE 1:
  BOOT_RSVD             00000000   00000050  00000000  00000050  RWIX
  RAMM0                 00000050   000003b0  00000300  000000b0  RWIX
  RAMM1                 00000400   00000400  00000120  000002e0  RWIX
  DEV_EMU               00000880   00000105  00000004  00000101  RWIX
  SYS_PWR_CTL           00000985   00000003  00000003  00000000  RWIX
  FLASH_REGS            00000a80   00000060  00000008  00000058  RWIX
  CSM                   00000ae0   00000010  00000010  00000000  RWIX
  ADC_RESULT            00000b00   00000020  00000020  00000000  RWIX
  CPU_TIMER0            00000c00   00000008  00000008  00000000  RWIX
  CPU_TIMER1            00000c08   00000008  00000008  00000000  RWIX
  CPU_TIMER2            00000c10   00000008  00000008  00000000  RWIX
  PIE_CTRL              00000ce0   00000020  0000001a  00000006  RWIX
  PIE_VECT              00000d00   00000100  00000100  00000000  RWIX
  COMP1                 00006400   00000020  00000011  0000000f  RWIX
  COMP2                 00006420   00000020  00000011  0000000f  RWIX
  EPWM1                 00006800   00000040  00000040  00000000  RWIX
  EPWM2                 00006840   00000040  00000040  00000000  RWIX
  EPWM3                 00006880   00000040  00000040  00000000  RWIX
  EPWM4                 000068c0   00000040  00000040  00000000  RWIX
  ECAP1                 00006a00   00000020  00000020  00000000  RWIX
  GPIOCTRL              00006f80   00000040  00000040  00000000  RWIX
  GPIODAT               00006fc0   00000020  00000020  00000000  RWIX
  GPIOINT               00006fe0   00000020  0000000a  00000016  RWIX
  SYSTEM                00007010   00000020  0000001f  00000001  RWIX
  SPIA                  00007040   00000010  00000010  00000000  RWIX
  SCIA                  00007050   00000010  00000010  00000000  RWIX
  NMIINTRUPT            00007060   00000010  00000010  00000000  RWIX
  XINTRUPT              00007070   00000010  00000010  00000000  RWIX
  ADC                   00007100   00000080  00000051  0000002f  RWIX
  I2CA                  00007900   00000040  00000022  0000001e  RWIX
  DRAML0                00008800   00000800  0000064c  000001b4  RWIX
  PARTID                003d7fff   00000001  00000001  00000000  RWIX
  FLASHB                003f4000   00002000  00000000  00002000  RWIX
  CSM_PWL               003f7ff8   00000008  00000008  00000000  RWIX


SECTION ALLOCATION MAP

 output                                  attributes/
section   page    origin      length       input sections
--------  ----  ----------  ----------   ----------------
.pinit     0    003f6000    00000000     UNINITIALIZED

.text.1    0    003f2000    000005b1     
                  003f2000    0000001f     rts2800_ml.lib : fd_tol.obj (.text)
                  003f201f    0000001e                    : ll_cmp.obj (.text)
                  003f203d    0000001e                    : strncpy.obj (.text)
                  003f205b    0000001c     driverlib.lib : adc.obj (.text:_ADC_setSocChanNumber)
                  003f2077    0000001c                   : adc.obj (.text:_ADC_setSocSampleWindow)
                  003f2093    0000001c                   : adc.obj (.text:_ADC_setSocTrigSrc)
                  003f20af    0000001c                   : sci_io.obj (.text:_SCI_write)
                  003f20cb    0000001c     rts2800_ml.lib : fs_tofd.obj (.text)
                  003f20e7    0000001c                    : l_tofd.obj (.text)
                  003f2103    0000001a                    : i_tofs.obj (.text)
                  003f211d    00000019                    : args_main.obj (.text)
                  003f2136    00000019                    : exit.obj (.text)
                  003f214f    00000018     driverlib.lib : adc.obj (.text:_ADC_enableInt)
                  003f2167    00000018     rts2800_ml.lib : ll_aox.obj (.text)
                  003f217f    00000016     VoiceModule.obj (.text:_fullFrame)
                  003f2195    00000015     driverlib.lib : pll.obj (.text:_PLL_setup)
                  003f21aa    00000014     rts2800_ml.lib : ll_mpy.obj (.text)
                  003f21be    00000013     driverlib.lib : gpio.obj (.text:_GPIO_setHigh)
                  003f21d1    00000013                   : sci_io.obj (.text:_SCI_open)
                  003f21e4    00000013                   : sci_io.obj (.text:_SCI_read)
                  003f21f7    00000012                   : adc.obj (.text:_ADC_setIntPulseGenMode)
                  003f2209    00000012                   : adc.obj (.text:_ADC_setVoltRefSrc)
                  003f221b    00000012                   : pie.obj (.text:_PIE_enableAdcInt)
                  003f222d    00000012     VoiceModule.obj (.text:_epwm2_isr)
                  003f223f    00000012     driverlib.lib : F2802x_asmfuncs.obj (.text)
                  003f2251    00000012     rts2800_ml.lib : memchr.obj (.text)
                  003f2263    00000011     driverlib.lib : gpio.obj (.text:_GPIO_getData)
                  003f2274    00000011                   : pie.obj (.text:_PIE_setDebugIntVectorTable)
                  003f2285    0000000f                   : pie.obj (.text:_PIE_disableAllInts)
                  003f2294    0000000f                   : pie.obj (.text:_PIE_registerPieIntHandler)
                  003f22a3    0000000e     rts2800_ml.lib : fd_sub.obj (.text)
                  003f22b1    0000000d     driverlib.lib : pie.obj (.text:_PIE_enablePwmInt)
                  003f22be    0000000d     rts2800_ml.lib : memccpy.obj (.text)
                  003f22cb    0000000d                    : memset.obj (.text)
                  003f22d8    0000000c     driverlib.lib : sci_io.obj (.text:_SCI_close)
                  003f22e4    0000000b                   : adc.obj (.text:_ADC_enable)
                  003f22ef    0000000b                   : adc.obj (.text:_ADC_enableBandGap)
                  003f22fa    0000000b                   : adc.obj (.text:_ADC_enableRefBuffers)
                  003f2305    0000000b                   : adc.obj (.text:_ADC_powerUp)
                  003f2310    0000000b     rts2800_ml.lib : strchr.obj (.text)
                  003f231b    0000000a     driverlib.lib : sci.obj (.text:_SCI_resetChannels)
                  003f2325    0000000a                   : sci.obj (.text:_SCI_resetRxFifo)
                  003f232f    0000000a                   : sci.obj (.text:_SCI_resetTxFifo)
                  003f2339    0000000a     rts2800_ml.lib : strcmp.obj (.text)
                  003f2343    00000009     driverlib.lib : clk.obj (.text:_CLK_enableSciaClock)
                  003f234c    00000009                   : pwm.obj (.text:_PWM_setActionQual_CntDown_CmpB_PwmA)
                  003f2355    00000009                   : pwm.obj (.text:_PWM_setActionQual_CntUp_CmpA_PwmA)
                  003f235e    00000009                   : pwm.obj (.text:_PWM_setActionQual_Period_PwmB)
                  003f2367    00000009                   : pwm.obj (.text:_PWM_setSocAPeriod)
                  003f2370    00000009                   : pwm.obj (.text:_PWM_setSocAPulseSrc)
                  003f2379    00000009                   : sci.obj (.text:_SCI_putDataBlocking)
                  003f2382    00000009     rts2800_ml.lib : _lock.obj (.text)
                  003f238b    00000009                    : fd_neg.obj (.text)
                  003f2394    00000008     driverlib.lib : adc.obj (.text:_ADC_init)
                  003f239c    00000008                   : pie.obj (.text:_PIE_init)
                  003f23a4    00000008                   : wdog.obj (.text:_WDOG_disable)
                  003f23ac    00000008     rts2800_ml.lib : strlen.obj (.text)
                  003f23b4    00000007     driverlib.lib : clk.obj (.text:_CLK_enableAdcClock)
                  003f23bb    00000007                   : clk.obj (.text:_CLK_enableTbClockSync)
                  003f23c2    00000007                   : clk.obj (.text:_CLK_init)
                  003f23c9    00000007                   : clk.obj (.text:_CLK_setClkOutPreScaler)
                  003f23d0    00000007                   : clk.obj (.text:_CLK_setOscSrc)
                  003f23d7    00000007                   : flash.obj (.text:_FLASH_init)
                  003f23de    00000007                   : gpio.obj (.text:_GPIO_init)
                  003f23e5    00000007                   : pll.obj (.text:_PLL_init)
                  003f23ec    00000007                   : pll.obj (.text:_PLL_setDivider)
                  003f23f3    00000007                   : pwm.obj (.text:_PWM_init)
                  003f23fa    00000007                   : pwm.obj (.text:_PWM_setActionQual_Zero_PwmB)
                  003f2401    00000007                   : pwm.obj (.text:_PWM_setIntMode)
                  003f2408    00000007                   : pwm.obj (.text:_PWM_setIntPeriod)
                  003f240f    00000007                   : sci.obj (.text:_SCI_init)
                  003f2416    00000007                   : sci.obj (.text:_SCI_setRxFifoIntLevel)
                  003f241d    00000007                   : sci.obj (.text:_SCI_setTxFifoIntLevel)
                  003f2424    00000007                   : wdog.obj (.text:_WDOG_init)
                  003f242b    00000006                   : pll.obj (.text:_PLL_setMultiplier)
                  003f2431    00000006                   : pwm.obj (.text:_PWM_setLoadMode_CmpB)
                  003f2437    00000006                   : pwm.obj (.text:_PWM_setShadowMode_CmpA)
                  003f243d    00000006                   : pwm.obj (.text:_PWM_setShadowMode_CmpB)
                  003f2443    00000006                   : sci.obj (.text:_SCI_setBaudRate)
                  003f2449    00000005                   : F2802x_DefaultIsr.obj (.text:_ADCINT1_ISR)
                  003f244e    00000005                   : F2802x_DefaultIsr.obj (.text:_ADCINT2_ISR)
                  003f2453    00000005                   : F2802x_DefaultIsr.obj (.text:_ADCINT3_ISR)
                  003f2458    00000005                   : F2802x_DefaultIsr.obj (.text:_ADCINT4_ISR)
                  003f245d    00000005                   : F2802x_DefaultIsr.obj (.text:_ADCINT5_ISR)
                  003f2462    00000005                   : F2802x_DefaultIsr.obj (.text:_ADCINT6_ISR)
                  003f2467    00000005                   : F2802x_DefaultIsr.obj (.text:_ADCINT7_ISR)
                  003f246c    00000005                   : F2802x_DefaultIsr.obj (.text:_ADCINT8_ISR)
                  003f2471    00000005                   : F2802x_DefaultIsr.obj (.text:_ADCINT9_ISR)
                  003f2476    00000005                   : F2802x_DefaultIsr.obj (.text:_DATALOG_ISR)
                  003f247b    00000005                   : F2802x_DefaultIsr.obj (.text:_ECAP1_INT_ISR)
                  003f2480    00000005                   : F2802x_DefaultIsr.obj (.text:_EMUINT_ISR)
                  003f2485    00000005                   : F2802x_DefaultIsr.obj (.text:_EPWM1_INT_ISR)
                  003f248a    00000005                   : F2802x_DefaultIsr.obj (.text:_EPWM1_TZINT_ISR)
                  003f248f    00000005                   : F2802x_DefaultIsr.obj (.text:_EPWM2_INT_ISR)
                  003f2494    00000005                   : F2802x_DefaultIsr.obj (.text:_EPWM2_TZINT_ISR)
                  003f2499    00000005                   : F2802x_DefaultIsr.obj (.text:_EPWM3_INT_ISR)
                  003f249e    00000005                   : F2802x_DefaultIsr.obj (.text:_EPWM3_TZINT_ISR)
                  003f24a3    00000005                   : F2802x_DefaultIsr.obj (.text:_I2CINT1A_ISR)
                  003f24a8    00000005                   : F2802x_DefaultIsr.obj (.text:_I2CINT2A_ISR)
                  003f24ad    00000005                   : F2802x_DefaultIsr.obj (.text:_ILLEGAL_ISR)
                  003f24b2    00000005                   : F2802x_DefaultIsr.obj (.text:_INT13_ISR)
                  003f24b7    00000005                   : F2802x_DefaultIsr.obj (.text:_INT14_ISR)
                  003f24bc    00000005                   : F2802x_DefaultIsr.obj (.text:_NMI_ISR)
                  003f24c1    00000005                   : F2802x_DefaultIsr.obj (.text:_PIE_RESERVED)
                  003f24c6    00000005                   : F2802x_DefaultIsr.obj (.text:_RTOSINT_ISR)
                  003f24cb    00000005                   : F2802x_DefaultIsr.obj (.text:_SCIRXINTA_ISR)
                  003f24d0    00000005                   : F2802x_DefaultIsr.obj (.text:_SCITXINTA_ISR)
                  003f24d5    00000005                   : F2802x_DefaultIsr.obj (.text:_SPIRXINTA_ISR)
                  003f24da    00000005                   : F2802x_DefaultIsr.obj (.text:_SPITXINTA_ISR)
                  003f24df    00000005                   : F2802x_DefaultIsr.obj (.text:_TINT0_ISR)
                  003f24e4    00000005                   : F2802x_DefaultIsr.obj (.text:_USER10_ISR)
                  003f24e9    00000005                   : F2802x_DefaultIsr.obj (.text:_USER11_ISR)
                  003f24ee    00000005                   : F2802x_DefaultIsr.obj (.text:_USER12_ISR)
                  003f24f3    00000005                   : F2802x_DefaultIsr.obj (.text:_USER1_ISR)
                  003f24f8    00000005                   : F2802x_DefaultIsr.obj (.text:_USER2_ISR)
                  003f24fd    00000005                   : F2802x_DefaultIsr.obj (.text:_USER3_ISR)
                  003f2502    00000005                   : F2802x_DefaultIsr.obj (.text:_USER4_ISR)
                  003f2507    00000005                   : F2802x_DefaultIsr.obj (.text:_USER5_ISR)
                  003f250c    00000005                   : F2802x_DefaultIsr.obj (.text:_USER6_ISR)
                  003f2511    00000005                   : F2802x_DefaultIsr.obj (.text:_USER7_ISR)
                  003f2516    00000005                   : F2802x_DefaultIsr.obj (.text:_USER8_ISR)
                  003f251b    00000005                   : F2802x_DefaultIsr.obj (.text:_USER9_ISR)
                  003f2520    00000005                   : F2802x_DefaultIsr.obj (.text:_WAKEINT_ISR)
                  003f2525    00000005                   : F2802x_DefaultIsr.obj (.text:_XINT1_ISR)
                  003f252a    00000005                   : F2802x_DefaultIsr.obj (.text:_XINT2_ISR)
                  003f252f    00000005                   : F2802x_DefaultIsr.obj (.text:_XINT3_ISR)
                  003f2534    00000005                   : F2802x_DefaultIsr.obj (.text:_rsvd_ISR)
                  003f2539    00000005     rts2800_ml.lib : strcpy.obj (.text)
                  003f253e    00000004     driverlib.lib : cpu.obj (.text:_CPU_enableInt)
                  003f2542    00000004                   : cpu.obj (.text:_CPU_init)
                  003f2546    00000004                   : pwm.obj (.text:_PWM_enableInt)
                  003f254a    00000004                   : pwm.obj (.text:_PWM_enableSocAPulse)
                  003f254e    00000004                   : pwm.obj (.text:_PWM_setClkDiv)
                  003f2552    00000004                   : pwm.obj (.text:_PWM_setCounterMode)
                  003f2556    00000004                   : pwm.obj (.text:_PWM_setHighSpeedClkDiv)
                  003f255a    00000004                   : pwm.obj (.text:_PWM_setLoadMode_CmpA)
                  003f255e    00000004                   : sci.obj (.text:_SCI_clearRxFifoInt)
                  003f2562    00000004                   : sci.obj (.text:_SCI_clearTxFifoInt)
                  003f2566    00000004                   : sci.obj (.text:_SCI_enableFifoEnh)
                  003f256a    00000004                   : sci.obj (.text:_SCI_setCharLength)
                  003f256e    00000004                   : sci.obj (.text:_SCI_setNumStopBits)
                  003f2572    00000003                   : cpu.obj (.text:_CPU_clearIntFlags)
                  003f2575    00000003                   : cpu.obj (.text:_CPU_disableGlobalInts)
                  003f2578    00000003                   : cpu.obj (.text:_CPU_enableDebugInt)
                  003f257b    00000003                   : cpu.obj (.text:_CPU_enableGlobalInts)
                  003f257e    00000003                   : pie.obj (.text:_PIE_disable)
                  003f2581    00000003                   : pie.obj (.text:_PIE_enable)
                  003f2584    00000003                   : pll.obj (.text:_PLL_getClkStatus)
                  003f2587    00000003                   : pll.obj (.text:_PLL_getLockStatus)
                  003f258a    00000003                   : pwm.obj (.text:_PWM_disableCounterLoad)
                  003f258d    00000003                   : sci.obj (.text:_SCI_disableParity)
                  003f2590    00000003                   : sci.obj (.text:_SCI_enable)
                  003f2593    00000003                   : sci.obj (.text:_SCI_enableRx)
                  003f2596    00000003                   : sci.obj (.text:_SCI_enableRxInt)
                  003f2599    00000003                   : sci.obj (.text:_SCI_enableTx)
                  003f259c    00000003                   : sci.obj (.text:_SCI_enableTxInt)
                  003f259f    00000003                   : sci.obj (.text:_SCI_setPriority)
                  003f25a2    00000003     rts2800_ml.lib : remove.obj (.text)
                  003f25a5    00000002     driverlib.lib : pwm.obj (.text:_PWM_setCount)
                  003f25a7    00000002                   : pwm.obj (.text:_PWM_setPeriod)
                  003f25a9    00000002                   : pwm.obj (.text:_PWM_setPhase)
                  003f25ab    00000002                   : sci_io.obj (.text:_SCI_lseek)
                  003f25ad    00000002                   : sci_io.obj (.text:_SCI_rename)
                  003f25af    00000002                   : sci_io.obj (.text:_SCI_unlink)

.cinit     0    003f25b1    0000008d     
                  003f25b1    00000031     rts2800_ml.lib : lowlev.obj (.cinit)
                  003f25e2    0000002a                    : defs.obj (.cinit)
                  003f260c    0000000a                    : _lock.obj (.cinit)
                  003f2616    0000000a                    : exit.obj (.cinit)
                  003f2620    00000008     VoiceModule.obj (.cinit)
                  003f2628    00000008     WriteDac.obj (.cinit)
                  003f2630    00000004     driverlib.lib : sci_io.obj (.cinit)
                  003f2634    00000004     rts2800_ml.lib : fopen.obj (.cinit)
                  003f2638    00000004                    : memory.obj (.cinit)
                  003f263c    00000002     --HOLE-- [fill = 0]

.econst    0    003f6000    00000266     
                  003f6000    00000101     rts2800_ml.lib : ctype.obj (.econst:.string:__ctypes_)
                  003f6101    00000001     --HOLE-- [fill = 0]
                  003f6102    00000100     driverlib.lib : pie.obj (.econst:_PIE_tableDebugInit)
                  003f6202    00000026     VoiceModule.obj (.econst:.string)
                  003f6228    00000024     rts2800_ml.lib : _printfi.obj (.econst:.string)
                  003f624c    00000018                    : _printfi.obj (.econst)
                  003f6264    00000002                    : fputs.obj (.econst:.string)

ramfuncs   0    003f6266    00000004     RUN ADDR = 00008000
                  003f6266    00000004     driverlib.lib : F2802x_asmfuncs.obj (ramfuncs)

.text.2    0    003f626a    00001d16     
                  003f626a    00000930     rts2800_ml.lib : _printfi.obj (.text)
                  003f6b9a    0000025f     VoiceModule.obj (.text:_main)
                  003f6df9    00000201     rts2800_ml.lib : lowlev.obj (.text)
                  003f6ffa    000001f2                    : trgdrv.obj (.text)
                  003f71ec    000001d3                    : memory.obj (.text)
                  003f73bf    00000107                    : ll_div.obj (.text)
                  003f74c6    000000ff                    : fopen.obj (.text)
                  003f75c5    000000a8                    : fputs.obj (.text)
                  003f766d    0000009c                    : fd_add.obj (.text)
                  003f7709    0000008e     VoiceModule.obj (.text:_InitEPwm2)
                  003f7797    0000008e     rts2800_ml.lib : ankmsg.obj (.text)
                  003f7825    0000008b                    : fd_div.obj (.text)
                  003f78b0    00000083                    : fd_mpy.obj (.text)
                  003f7933    00000083                    : fs_div.obj (.text)
                  003f79b6    00000079                    : setvbuf.obj (.text)
                  003f7a2f    0000006b                    : fflush.obj (.text)
                  003f7a9a    00000066     VoiceModule.obj (.text:_scia_init)
                  003f7b00    00000065     rts2800_ml.lib : _io_perm.obj (.text)
                  003f7b65    0000005b                    : fclose.obj (.text)
                  003f7bc0    0000005a                    : fs_mpy.obj (.text)
                  003f7c1a    00000050                    : fputc.obj (.text)
                  003f7c6a    00000049     driverlib.lib : gpio.obj (.text:_GPIO_setMode)
                  003f7cb3    00000044     rts2800_ml.lib : boot.obj (.text)
                  003f7cf7    00000043     VoiceModule.obj (.text:_adc_isr)
                  003f7d3a    0000003d     rts2800_ml.lib : fseek.obj (.text)
                  003f7d77    00000034     driverlib.lib : gpio.obj (.text:_GPIO_setDirection)
                  003f7dab    00000034                   : gpio.obj (.text:_GPIO_setPullUp)
                  003f7ddf    00000032     rts2800_ml.lib : printf.obj (.text)
                  003f7e11    00000031                    : atoi.obj (.text)
                  003f7e42    0000002c                    : ltoa.obj (.text)
                  003f7e6e    0000002b     driverlib.lib : gpio.obj (.text:_GPIO_setQualification)
                  003f7e99    0000002a     rts2800_ml.lib : fd_cmp.obj (.text)
                  003f7ec3    0000002a                    : l_div.obj (.text)
                  003f7eed    00000024     driverlib.lib : adc.obj (.text:_ADC_setIntMode)
                  003f7f11    00000024                   : adc.obj (.text:_ADC_setIntSrc)
                  003f7f35    00000021     rts2800_ml.lib : fd_toi.obj (.text)
                  003f7f56    00000021                    : memcpy_ff.obj (.text)
                  003f7f77    00000009     driverlib.lib : clk.obj (.text:_CLK_enablePwmClock)

csm_rsvd   0    003f7f80    00000076     
                  003f7f80    00000076     driverlib.lib : F2802x_asmfuncs.obj (csm_rsvd)

codestart 
*          0    003f7ff6    00000002     
                  003f7ff6    00000002     driverlib.lib : F2802x_asmfuncs.obj (codestart)

csmpasswds 
*          0    003f7ff8    00000008     
                  003f7ff8    00000008     driverlib.lib : F2802x_asmfuncs.obj (csmpasswds)

.reset     0    003fffc0    00000002     DSECT
                  003fffc0    00000002     rts2800_ml.lib : boot.obj (.reset)

vectors    0    003fffc2    00000000     DSECT

.stack     1    00000050    00000300     UNINITIALIZED
                  00000050    00000300     --HOLE--

.cio       1    00000400    00000120     UNINITIALIZED
                  00000400    00000120     rts2800_ml.lib : ankmsg.obj (.cio)

DevEmuRegsFile 
*          1    00000880    00000004     UNINITIALIZED
                  00000880    00000004     driverlib.lib : F2802x_GlobalVariableDefs.obj (DevEmuRegsFile)

SysPwrCtrlRegsFile 
*          1    00000985    00000003     UNINITIALIZED
                  00000985    00000003     driverlib.lib : F2802x_GlobalVariableDefs.obj (SysPwrCtrlRegsFile)

FlashRegsFile 
*          1    00000a80    00000008     UNINITIALIZED
                  00000a80    00000008     driverlib.lib : F2802x_GlobalVariableDefs.obj (FlashRegsFile)

CsmRegsFile 
*          1    00000ae0    00000010     UNINITIALIZED
                  00000ae0    00000010     driverlib.lib : F2802x_GlobalVariableDefs.obj (CsmRegsFile)

AdcResultFile 
*          1    00000b00    00000020     UNINITIALIZED
                  00000b00    00000020     driverlib.lib : F2802x_GlobalVariableDefs.obj (AdcResultFile)

CpuTimer0RegsFile 
*          1    00000c00    00000008     UNINITIALIZED
                  00000c00    00000008     driverlib.lib : F2802x_GlobalVariableDefs.obj (CpuTimer0RegsFile)

CpuTimer1RegsFile 
*          1    00000c08    00000008     UNINITIALIZED
                  00000c08    00000008     driverlib.lib : F2802x_GlobalVariableDefs.obj (CpuTimer1RegsFile)

CpuTimer2RegsFile 
*          1    00000c10    00000008     UNINITIALIZED
                  00000c10    00000008     driverlib.lib : F2802x_GlobalVariableDefs.obj (CpuTimer2RegsFile)

PieCtrlRegsFile 
*          1    00000ce0    0000001a     UNINITIALIZED
                  00000ce0    0000001a     driverlib.lib : F2802x_GlobalVariableDefs.obj (PieCtrlRegsFile)

PieVectTableFile 
*          1    00000d00    00000100     UNINITIALIZED
                  00000d00    00000100     driverlib.lib : F2802x_GlobalVariableDefs.obj (PieVectTableFile)

EmuKeyVar 
*          1    00000d00    00000001     UNINITIALIZED
                  00000d00    00000001     driverlib.lib : F2802x_GlobalVariableDefs.obj (EmuKeyVar)

EmuBModeVar 
*          1    00000d01    00000001     UNINITIALIZED
                  00000d01    00000001     driverlib.lib : F2802x_GlobalVariableDefs.obj (EmuBModeVar)

FlashCallbackVar 
*          1    00000d02    00000002     UNINITIALIZED
                  00000d02    00000002     driverlib.lib : F2802x_GlobalVariableDefs.obj (FlashCallbackVar)

FlashScalingVar 
*          1    00000d04    00000002     UNINITIALIZED
                  00000d04    00000002     driverlib.lib : F2802x_GlobalVariableDefs.obj (FlashScalingVar)

Comp1RegsFile 
*          1    00006400    00000011     UNINITIALIZED
                  00006400    00000011     driverlib.lib : F2802x_GlobalVariableDefs.obj (Comp1RegsFile)

Comp2RegsFile 
*          1    00006420    00000011     UNINITIALIZED
                  00006420    00000011     driverlib.lib : F2802x_GlobalVariableDefs.obj (Comp2RegsFile)

EPwm1RegsFile 
*          1    00006800    00000040     UNINITIALIZED
                  00006800    00000040     driverlib.lib : F2802x_GlobalVariableDefs.obj (EPwm1RegsFile)

EPwm2RegsFile 
*          1    00006840    00000040     UNINITIALIZED
                  00006840    00000040     driverlib.lib : F2802x_GlobalVariableDefs.obj (EPwm2RegsFile)

EPwm3RegsFile 
*          1    00006880    00000040     UNINITIALIZED
                  00006880    00000040     driverlib.lib : F2802x_GlobalVariableDefs.obj (EPwm3RegsFile)

EPwm4RegsFile 
*          1    000068c0    00000040     UNINITIALIZED
                  000068c0    00000040     driverlib.lib : F2802x_GlobalVariableDefs.obj (EPwm4RegsFile)

ECap1RegsFile 
*          1    00006a00    00000020     UNINITIALIZED
                  00006a00    00000020     driverlib.lib : F2802x_GlobalVariableDefs.obj (ECap1RegsFile)

GpioCtrlRegsFile 
*          1    00006f80    00000040     UNINITIALIZED
                  00006f80    00000040     driverlib.lib : F2802x_GlobalVariableDefs.obj (GpioCtrlRegsFile)

GpioDataRegsFile 
*          1    00006fc0    00000020     UNINITIALIZED
                  00006fc0    00000020     driverlib.lib : F2802x_GlobalVariableDefs.obj (GpioDataRegsFile)

GpioIntRegsFile 
*          1    00006fe0    0000000a     UNINITIALIZED
                  00006fe0    0000000a     driverlib.lib : F2802x_GlobalVariableDefs.obj (GpioIntRegsFile)

SysCtrlRegsFile 
*          1    00007010    0000001f     UNINITIALIZED
                  00007010    0000001f     driverlib.lib : F2802x_GlobalVariableDefs.obj (SysCtrlRegsFile)

SpiaRegsFile 
*          1    00007040    00000010     UNINITIALIZED
                  00007040    00000010     driverlib.lib : F2802x_GlobalVariableDefs.obj (SpiaRegsFile)

SciaRegsFile 
*          1    00007050    00000010     UNINITIALIZED
                  00007050    00000010     driverlib.lib : F2802x_GlobalVariableDefs.obj (SciaRegsFile)

NmiIntruptRegsFile 
*          1    00007060    00000010     UNINITIALIZED
                  00007060    00000010     driverlib.lib : F2802x_GlobalVariableDefs.obj (NmiIntruptRegsFile)

XIntruptRegsFile 
*          1    00007070    00000010     UNINITIALIZED
                  00007070    00000010     driverlib.lib : F2802x_GlobalVariableDefs.obj (XIntruptRegsFile)

AdcRegsFile 
*          1    00007100    00000051     UNINITIALIZED
                  00007100    00000051     driverlib.lib : F2802x_GlobalVariableDefs.obj (AdcRegsFile)

I2caRegsFile 
*          1    00007900    00000022     UNINITIALIZED
                  00007900    00000022     driverlib.lib : F2802x_GlobalVariableDefs.obj (I2caRegsFile)

.ebss      1    00008800    0000044c     UNINITIALIZED
                  00008800    00000240     VoiceModule.obj (.ebss)
                  00008a40    00000160     rts2800_ml.lib : defs.obj (.ebss)
                  00008ba0    00000008                    : memory.obj (.ebss)
                  00008ba8    00000008                    : trgdrv.obj (.ebss)
                  00008bb0    00000005     WriteDac.obj (.ebss)
                  00008bb5    00000001     driverlib.lib : cpu.obj (.ebss)
                  00008bb6    00000004                   : sci_io.obj (.ebss)
                  00008bba    00000004     rts2800_ml.lib : _lock.obj (.ebss)
                  00008bbe    00000001                    : fopen.obj (.ebss)
                  00008bbf    00000001     --HOLE--
                  00008bc0    00000088                    : lowlev.obj (.ebss)
                  00008c48    00000004                    : exit.obj (.ebss)

.sysmem    1    00008c4c    00000200     UNINITIALIZED
                  00008c4c    00000001     rts2800_ml.lib : memory.obj (.sysmem)
                  00008c4d    000001ff     --HOLE--

PartIdRegsFile 
*          1    003d7fff    00000001     UNINITIALIZED
                  003d7fff    00000001     driverlib.lib : F2802x_GlobalVariableDefs.obj (PartIdRegsFile)

CsmPwlFile 
*          1    003f7ff8    00000008     UNINITIALIZED
                  003f7ff8    00000008     driverlib.lib : F2802x_GlobalVariableDefs.obj (CsmPwlFile)


GLOBAL DATA SYMBOLS: SORTED BY DATA PAGE

address     data page           name
--------    ----------------    ----
00000050       1 (00000040)     __stack

00000400      10 (00000400)     __CIOBUF_

00000880      22 (00000880)     _DevEmuRegs

00000985      26 (00000980)     _SysPwrCtrlRegs

00000a80      2a (00000a80)     _FlashRegs

00000ae0      2b (00000ac0)     _CsmRegs

00000b00      2c (00000b00)     _AdcResult

00000c00      30 (00000c00)     _CpuTimer0Regs
00000c08      30 (00000c00)     _CpuTimer1Regs
00000c10      30 (00000c00)     _CpuTimer2Regs

00000ce0      33 (00000cc0)     _PieCtrlRegs

00000d00      34 (00000d00)     _EmuKey
00000d00      34 (00000d00)     _PieVectTable
00000d01      34 (00000d00)     _EmuBMode
00000d02      34 (00000d00)     _Flash_CallbackPtr
00000d04      34 (00000d00)     _Flash_CPUScaleFactor

00006400     190 (00006400)     _Comp1Regs
00006420     190 (00006400)     _Comp2Regs

00006800     1a0 (00006800)     _EPwm1Regs

00006840     1a1 (00006840)     _EPwm2Regs

00006880     1a2 (00006880)     _EPwm3Regs

000068c0     1a3 (000068c0)     _EPwm4Regs

00006a00     1a8 (00006a00)     _ECap1Regs

00006f80     1be (00006f80)     _GpioCtrlRegs

00006fc0     1bf (00006fc0)     _GpioDataRegs
00006fe0     1bf (00006fc0)     _GpioIntRegs

00007010     1c0 (00007000)     _SysCtrlRegs

00007040     1c1 (00007040)     _SpiaRegs
00007050     1c1 (00007040)     _SciaRegs
00007060     1c1 (00007040)     _NmiIntruptRegs
00007070     1c1 (00007040)     _XIntruptRegs

00007100     1c4 (00007100)     _AdcRegs

00007900     1e4 (00007900)     _I2caRegs

00008800     220 (00008800)     _indexToPlay
00008801     220 (00008800)     _ConversionCount
00008802     220 (00008800)     _myFlash
00008804     220 (00008800)     _myGpio
00008806     220 (00008800)     _myAdc
00008808     220 (00008800)     _myClk
0000880a     220 (00008800)     _myCpu
0000880c     220 (00008800)     _myPwm2
0000880e     220 (00008800)     _mySci
00008810     220 (00008800)     _myPie
00008812     220 (00008800)     _myPwm
00008814     220 (00008800)     _epwm2_info

00008840     221 (00008840)     _frame

00008940     225 (00008940)     _voltage

00008a40     229 (00008a40)     ___TI_ft_end

00008a80     22a (00008a80)     __ftable

00008b00     22c (00008b00)     ___TI_tmpnams

00008bb0     22e (00008b80)     _MEP_ScaleFactor
00008bb5     22e (00008b80)     _cpu
00008bb6     22e (00008b80)     _deviceOpen
00008bb8     22e (00008b80)     _ioSci
00008bba     22e (00008b80)     __unlock
00008bbc     22e (00008b80)     __lock

00008c48     231 (00008c40)     ___TI_cleanup_ptr
00008c4a     231 (00008c40)     ___TI_dtors_ptr
00008c4c     231 (00008c40)     __sys_memory

003d7fff    f5ff (003d7fc0)     _PartIdRegs

003f6000    fd80 (003f6000)     __ctypes_

003f6102    fd84 (003f6100)     _PIE_tableDebugInit

003f7ff8    fdff (003f7fc0)     _CsmPwl


GLOBAL SYMBOLS: SORTED ALPHABETICALLY BY Name 

address    name
--------   ----
ffffffff   .text
003f2136   C$$EXIT
003f77e7   C$$IO$$
003f766d   FD$$ADD
003f7e99   FD$$CMP
003f7825   FD$$DIV
003f78b0   FD$$MPY
003f238b   FD$$NEG
003f22a3   FD$$SUB
003f7f35   FD$$TOI
003f2000   FD$$TOL
003f7933   FS$$DIV
003f7bc0   FS$$MPY
003f20cb   FS$$TOFD
003f2103   I$$TOFS
003f7ec3   L$$DIV
003f7ed2   L$$MOD
003f20e7   L$$TOFD
003f2167   LL$$AND
003f201f   LL$$CMP
003f73bf   LL$$DIV
003f73fb   LL$$MOD
003f21aa   LL$$MPY
003f216f   LL$$OR
003f2177   LL$$XOR
003f7ee0   UL$$DIV
003f7ee7   UL$$MOD
003f2031   ULL$$CMP
003f7435   ULL$$DIV
003f7464   ULL$$MOD
003f2449   _ADCINT1_ISR
003f244e   _ADCINT2_ISR
003f2453   _ADCINT3_ISR
003f2458   _ADCINT4_ISR
003f245d   _ADCINT5_ISR
003f2462   _ADCINT6_ISR
003f2467   _ADCINT7_ISR
003f246c   _ADCINT8_ISR
003f2471   _ADCINT9_ISR
003f22e4   _ADC_enable
003f22ef   _ADC_enableBandGap
003f214f   _ADC_enableInt
003f22fa   _ADC_enableRefBuffers
003f2394   _ADC_init
003f2305   _ADC_powerUp
003f7eed   _ADC_setIntMode
003f21f7   _ADC_setIntPulseGenMode
003f7f11   _ADC_setIntSrc
003f205b   _ADC_setSocChanNumber
003f2077   _ADC_setSocSampleWindow
003f2093   _ADC_setSocTrigSrc
003f2209   _ADC_setVoltRefSrc
00007100   _AdcRegs
00000b00   _AdcResult
003f23b4   _CLK_enableAdcClock
003f7f77   _CLK_enablePwmClock
003f2343   _CLK_enableSciaClock
003f23bb   _CLK_enableTbClockSync
003f23c2   _CLK_init
003f23c9   _CLK_setClkOutPreScaler
003f23d0   _CLK_setOscSrc
003f2572   _CPU_clearIntFlags
003f2575   _CPU_disableGlobalInts
003f2578   _CPU_enableDebugInt
003f257b   _CPU_enableGlobalInts
003f253e   _CPU_enableInt
003f2542   _CPU_init
00006400   _Comp1Regs
00006420   _Comp2Regs
00008801   _ConversionCount
00000c00   _CpuTimer0Regs
00000c08   _CpuTimer1Regs
00000c10   _CpuTimer2Regs
003f7ff8   _CsmPwl
00000ae0   _CsmRegs
003f2476   _DATALOG_ISR
003f224a   _DSP28x_DisableInt
003f224e   _DSP28x_RestoreInt
00008000   _DSP28x_usDelay
00000880   _DevEmuRegs
003f247b   _ECAP1_INT_ISR
00006a00   _ECap1Regs
003f2480   _EMUINT_ISR
003f2485   _EPWM1_INT_ISR
003f248a   _EPWM1_TZINT_ISR
003f248f   _EPWM2_INT_ISR
003f2494   _EPWM2_TZINT_ISR
003f2499   _EPWM3_INT_ISR
003f249e   _EPWM3_TZINT_ISR
00006800   _EPwm1Regs
00006840   _EPwm2Regs
00006880   _EPwm3Regs
000068c0   _EPwm4Regs
00000d01   _EmuBMode
00000d00   _EmuKey
003f23d7   _FLASH_init
00000a80   _FlashRegs
00000d04   _Flash_CPUScaleFactor
00000d02   _Flash_CallbackPtr
003f2263   _GPIO_getData
003f23de   _GPIO_init
003f7d77   _GPIO_setDirection
003f21be   _GPIO_setHigh
003f7c6a   _GPIO_setMode
003f7dab   _GPIO_setPullUp
003f7e6e   _GPIO_setQualification
00006f80   _GpioCtrlRegs
00006fc0   _GpioDataRegs
00006fe0   _GpioIntRegs
003f71c2   _HOSTclock
003f719b   _HOSTclose
003f7171   _HOSTgetenv
003f712a   _HOSTlseek
003f70f3   _HOSTopen
003f70bd   _HOSTread
003f707f   _HOSTrename
003f7055   _HOSTtime
003f7030   _HOSTunlink
003f6ffa   _HOSTwrite
003f24a3   _I2CINT1A_ISR
003f24a8   _I2CINT2A_ISR
00007900   _I2caRegs
003f24ad   _ILLEGAL_ISR
003f24b2   _INT13_ISR
003f24b7   _INT14_ISR
003f7709   _InitEPwm2
00008bb0   _MEP_ScaleFactor
003f24bc   _NMI_ISR
00007060   _NmiIntruptRegs
003f24c1   _PIE_RESERVED
003f257e   _PIE_disable
003f2285   _PIE_disableAllInts
003f2581   _PIE_enable
003f221b   _PIE_enableAdcInt
003f22b1   _PIE_enablePwmInt
003f239c   _PIE_init
003f2294   _PIE_registerPieIntHandler
003f2274   _PIE_setDebugIntVectorTable
003f6102   _PIE_tableDebugInit
003f2584   _PLL_getClkStatus
003f2587   _PLL_getLockStatus
003f23e5   _PLL_init
003f23ec   _PLL_setDivider
003f242b   _PLL_setMultiplier
003f2195   _PLL_setup
003f258a   _PWM_disableCounterLoad
003f2546   _PWM_enableInt
003f254a   _PWM_enableSocAPulse
003f23f3   _PWM_init
003f234c   _PWM_setActionQual_CntDown_CmpB_PwmA
003f2355   _PWM_setActionQual_CntUp_CmpA_PwmA
003f235e   _PWM_setActionQual_Period_PwmB
003f23fa   _PWM_setActionQual_Zero_PwmB
003f254e   _PWM_setClkDiv
003f25a5   _PWM_setCount
003f2552   _PWM_setCounterMode
003f2556   _PWM_setHighSpeedClkDiv
003f2401   _PWM_setIntMode
003f2408   _PWM_setIntPeriod
003f255a   _PWM_setLoadMode_CmpA
003f2431   _PWM_setLoadMode_CmpB
003f25a7   _PWM_setPeriod
003f25a9   _PWM_setPhase
003f2437   _PWM_setShadowMode_CmpA
003f243d   _PWM_setShadowMode_CmpB
003f2367   _PWM_setSocAPeriod
003f2370   _PWM_setSocAPulseSrc
003d7fff   _PartIdRegs
00000ce0   _PieCtrlRegs
00000d00   _PieVectTable
003f24c6   _RTOSINT_ISR
00000004   _RamfuncsLoadSize
003f6266   _RamfuncsLoadStart
00008000   _RamfuncsRunStart
003f24cb   _SCIRXINTA_ISR
003f24d0   _SCITXINTA_ISR
003f255e   _SCI_clearRxFifoInt
003f2562   _SCI_clearTxFifoInt
003f22d8   _SCI_close
003f258d   _SCI_disableParity
003f2590   _SCI_enable
003f2566   _SCI_enableFifoEnh
003f2593   _SCI_enableRx
003f2596   _SCI_enableRxInt
003f2599   _SCI_enableTx
003f259c   _SCI_enableTxInt
003f240f   _SCI_init
003f25ab   _SCI_lseek
003f21d1   _SCI_open
003f2379   _SCI_putDataBlocking
003f21e4   _SCI_read
003f25ad   _SCI_rename
003f231b   _SCI_resetChannels
003f2325   _SCI_resetRxFifo
003f232f   _SCI_resetTxFifo
003f2443   _SCI_setBaudRate
003f256a   _SCI_setCharLength
003f256e   _SCI_setNumStopBits
003f259f   _SCI_setPriority
003f2416   _SCI_setRxFifoIntLevel
003f241d   _SCI_setTxFifoIntLevel
003f25af   _SCI_unlink
003f20af   _SCI_write
003f24d5   _SPIRXINTA_ISR
003f24da   _SPITXINTA_ISR
00007050   _SciaRegs
00007040   _SpiaRegs
00007010   _SysCtrlRegs
00000985   _SysPwrCtrlRegs
003f24df   _TINT0_ISR
003f24e4   _USER10_ISR
003f24e9   _USER11_ISR
003f24ee   _USER12_ISR
003f24f3   _USER1_ISR
003f24f8   _USER2_ISR
003f24fd   _USER3_ISR
003f2502   _USER4_ISR
003f2507   _USER5_ISR
003f250c   _USER6_ISR
003f2511   _USER7_ISR
003f2516   _USER8_ISR
003f251b   _USER9_ISR
003f2520   _WAKEINT_ISR
003f23a4   _WDOG_disable
003f2424   _WDOG_init
003f2525   _XINT1_ISR
003f252a   _XINT2_ISR
003f252f   _XINT3_ISR
00007070   _XIntruptRegs
00000400   __CIOBUF_
00000350   __STACK_END
00000300   __STACK_SIZE
00000200   __SYSMEM_SIZE
00000001   __TI_args_main
003f753e   ___TI_cleanup
00008c48   ___TI_cleanup_ptr
003f7b65   ___TI_closefile
003f7a2f   ___TI_doflush
00008c4a   ___TI_dtors_ptr
00008a40   ___TI_ft_end
003f6aa8   ___TI_printfi
003f7b3a   ___TI_rd_ok
003f77eb   ___TI_readmsg
00008b00   ___TI_tmpnams
003f7797   ___TI_writemsg
003f7b00   ___TI_wrt_ok
ffffffff   ___binit__
ffffffff   ___c_args__
003f25b1   ___cinit__
ffffffff   ___etext__
003f7f56   ___memcpy_ff
ffffffff   ___pinit__
ffffffff   ___text__
003f211d   __args_main
003f6000   __ctypes_
00008a80   __ftable
00008bbc   __lock
003f238a   __nop
003f2386   __register_lock
003f2382   __register_unlock
00000050   __stack
00008c4c   __sys_memory
00008bba   __unlock
003f2136   _abort
003f7cf7   _adc_isr
003f6f8e   _add_device
003f7e11   _atoi
003f7cb3   _c_int00
003f73a7   _calloc
003f73a5   _chkheap
003f6f5c   _close
00008bb5   _cpu
00008bb6   _deviceOpen
00008814   _epwm2_info
003f222d   _epwm2_isr
003f2138   _exit
003f7ba7   _fclose
003f7a5e   _fflush
003f75ab   _fopen
003f7c1a   _fputc
003f75c5   _fputs
00008840   _frame
003f71ec   _free
003f7389   _free_memory
003f755b   _freopen
003f7d3a   _fseek
003f217f   _fullFrame
00008800   _indexToPlay
00008bb8   _ioSci
003f6f44   _lseek
003f7e42   _ltoa
003f6b9a   _main
003f7255   _malloc
003f7369   _max_free
003f22be   _memccpy
003f2251   _memchr
003f22cb   _memset
003f7231   _minit
00008806   _myAdc
00008808   _myClk
0000880a   _myCpu
00008802   _myFlash
00008804   _myGpio
00008810   _myPie
00008812   _myPwm
0000880c   _myPwm2
0000880e   _mySci
003f6ed2   _open
003f7de5   _printf
003f7c1a   _putc
003f7c65   _putchar
003f765b   _puts
003f6eba   _read
003f72b5   _realloc
003f25a2   _remove
003f6ea0   _remove_device
003f6e77   _rename
003f2534   _rsvd_ISR
003f7a9a   _scia_init
003f2247   _setDBGIER
003f79b6   _setvbuf
003f2310   _strchr
003f2339   _strcmp
003f2539   _strcpy
003f23ac   _strlen
003f203d   _strncpy
003f6e5f   _unlink
00008940   _voltage
003f6df9   _write
ffffffff   binit
003f25b1   cinit
003f7ff6   code_start
ffffffff   etext
ffffffff   pinit


GLOBAL SYMBOLS: SORTED BY Symbol Address 

address    name
--------   ----
00000001   __TI_args_main
00000004   _RamfuncsLoadSize
00000050   __stack
00000200   __SYSMEM_SIZE
00000300   __STACK_SIZE
00000350   __STACK_END
00000400   __CIOBUF_
00000880   _DevEmuRegs
00000985   _SysPwrCtrlRegs
00000a80   _FlashRegs
00000ae0   _CsmRegs
00000b00   _AdcResult
00000c00   _CpuTimer0Regs
00000c08   _CpuTimer1Regs
00000c10   _CpuTimer2Regs
00000ce0   _PieCtrlRegs
00000d00   _EmuKey
00000d00   _PieVectTable
00000d01   _EmuBMode
00000d02   _Flash_CallbackPtr
00000d04   _Flash_CPUScaleFactor
00006400   _Comp1Regs
00006420   _Comp2Regs
00006800   _EPwm1Regs
00006840   _EPwm2Regs
00006880   _EPwm3Regs
000068c0   _EPwm4Regs
00006a00   _ECap1Regs
00006f80   _GpioCtrlRegs
00006fc0   _GpioDataRegs
00006fe0   _GpioIntRegs
00007010   _SysCtrlRegs
00007040   _SpiaRegs
00007050   _SciaRegs
00007060   _NmiIntruptRegs
00007070   _XIntruptRegs
00007100   _AdcRegs
00007900   _I2caRegs
00008000   _DSP28x_usDelay
00008000   _RamfuncsRunStart
00008800   _indexToPlay
00008801   _ConversionCount
00008802   _myFlash
00008804   _myGpio
00008806   _myAdc
00008808   _myClk
0000880a   _myCpu
0000880c   _myPwm2
0000880e   _mySci
00008810   _myPie
00008812   _myPwm
00008814   _epwm2_info
00008840   _frame
00008940   _voltage
00008a40   ___TI_ft_end
00008a80   __ftable
00008b00   ___TI_tmpnams
00008bb0   _MEP_ScaleFactor
00008bb5   _cpu
00008bb6   _deviceOpen
00008bb8   _ioSci
00008bba   __unlock
00008bbc   __lock
00008c48   ___TI_cleanup_ptr
00008c4a   ___TI_dtors_ptr
00008c4c   __sys_memory
003d7fff   _PartIdRegs
003f2000   FD$$TOL
003f201f   LL$$CMP
003f2031   ULL$$CMP
003f203d   _strncpy
003f205b   _ADC_setSocChanNumber
003f2077   _ADC_setSocSampleWindow
003f2093   _ADC_setSocTrigSrc
003f20af   _SCI_write
003f20cb   FS$$TOFD
003f20e7   L$$TOFD
003f2103   I$$TOFS
003f211d   __args_main
003f2136   C$$EXIT
003f2136   _abort
003f2138   _exit
003f214f   _ADC_enableInt
003f2167   LL$$AND
003f216f   LL$$OR
003f2177   LL$$XOR
003f217f   _fullFrame
003f2195   _PLL_setup
003f21aa   LL$$MPY
003f21be   _GPIO_setHigh
003f21d1   _SCI_open
003f21e4   _SCI_read
003f21f7   _ADC_setIntPulseGenMode
003f2209   _ADC_setVoltRefSrc
003f221b   _PIE_enableAdcInt
003f222d   _epwm2_isr
003f2247   _setDBGIER
003f224a   _DSP28x_DisableInt
003f224e   _DSP28x_RestoreInt
003f2251   _memchr
003f2263   _GPIO_getData
003f2274   _PIE_setDebugIntVectorTable
003f2285   _PIE_disableAllInts
003f2294   _PIE_registerPieIntHandler
003f22a3   FD$$SUB
003f22b1   _PIE_enablePwmInt
003f22be   _memccpy
003f22cb   _memset
003f22d8   _SCI_close
003f22e4   _ADC_enable
003f22ef   _ADC_enableBandGap
003f22fa   _ADC_enableRefBuffers
003f2305   _ADC_powerUp
003f2310   _strchr
003f231b   _SCI_resetChannels
003f2325   _SCI_resetRxFifo
003f232f   _SCI_resetTxFifo
003f2339   _strcmp
003f2343   _CLK_enableSciaClock
003f234c   _PWM_setActionQual_CntDown_CmpB_PwmA
003f2355   _PWM_setActionQual_CntUp_CmpA_PwmA
003f235e   _PWM_setActionQual_Period_PwmB
003f2367   _PWM_setSocAPeriod
003f2370   _PWM_setSocAPulseSrc
003f2379   _SCI_putDataBlocking
003f2382   __register_unlock
003f2386   __register_lock
003f238a   __nop
003f238b   FD$$NEG
003f2394   _ADC_init
003f239c   _PIE_init
003f23a4   _WDOG_disable
003f23ac   _strlen
003f23b4   _CLK_enableAdcClock
003f23bb   _CLK_enableTbClockSync
003f23c2   _CLK_init
003f23c9   _CLK_setClkOutPreScaler
003f23d0   _CLK_setOscSrc
003f23d7   _FLASH_init
003f23de   _GPIO_init
003f23e5   _PLL_init
003f23ec   _PLL_setDivider
003f23f3   _PWM_init
003f23fa   _PWM_setActionQual_Zero_PwmB
003f2401   _PWM_setIntMode
003f2408   _PWM_setIntPeriod
003f240f   _SCI_init
003f2416   _SCI_setRxFifoIntLevel
003f241d   _SCI_setTxFifoIntLevel
003f2424   _WDOG_init
003f242b   _PLL_setMultiplier
003f2431   _PWM_setLoadMode_CmpB
003f2437   _PWM_setShadowMode_CmpA
003f243d   _PWM_setShadowMode_CmpB
003f2443   _SCI_setBaudRate
003f2449   _ADCINT1_ISR
003f244e   _ADCINT2_ISR
003f2453   _ADCINT3_ISR
003f2458   _ADCINT4_ISR
003f245d   _ADCINT5_ISR
003f2462   _ADCINT6_ISR
003f2467   _ADCINT7_ISR
003f246c   _ADCINT8_ISR
003f2471   _ADCINT9_ISR
003f2476   _DATALOG_ISR
003f247b   _ECAP1_INT_ISR
003f2480   _EMUINT_ISR
003f2485   _EPWM1_INT_ISR
003f248a   _EPWM1_TZINT_ISR
003f248f   _EPWM2_INT_ISR
003f2494   _EPWM2_TZINT_ISR
003f2499   _EPWM3_INT_ISR
003f249e   _EPWM3_TZINT_ISR
003f24a3   _I2CINT1A_ISR
003f24a8   _I2CINT2A_ISR
003f24ad   _ILLEGAL_ISR
003f24b2   _INT13_ISR
003f24b7   _INT14_ISR
003f24bc   _NMI_ISR
003f24c1   _PIE_RESERVED
003f24c6   _RTOSINT_ISR
003f24cb   _SCIRXINTA_ISR
003f24d0   _SCITXINTA_ISR
003f24d5   _SPIRXINTA_ISR
003f24da   _SPITXINTA_ISR
003f24df   _TINT0_ISR
003f24e4   _USER10_ISR
003f24e9   _USER11_ISR
003f24ee   _USER12_ISR
003f24f3   _USER1_ISR
003f24f8   _USER2_ISR
003f24fd   _USER3_ISR
003f2502   _USER4_ISR
003f2507   _USER5_ISR
003f250c   _USER6_ISR
003f2511   _USER7_ISR
003f2516   _USER8_ISR
003f251b   _USER9_ISR
003f2520   _WAKEINT_ISR
003f2525   _XINT1_ISR
003f252a   _XINT2_ISR
003f252f   _XINT3_ISR
003f2534   _rsvd_ISR
003f2539   _strcpy
003f253e   _CPU_enableInt
003f2542   _CPU_init
003f2546   _PWM_enableInt
003f254a   _PWM_enableSocAPulse
003f254e   _PWM_setClkDiv
003f2552   _PWM_setCounterMode
003f2556   _PWM_setHighSpeedClkDiv
003f255a   _PWM_setLoadMode_CmpA
003f255e   _SCI_clearRxFifoInt
003f2562   _SCI_clearTxFifoInt
003f2566   _SCI_enableFifoEnh
003f256a   _SCI_setCharLength
003f256e   _SCI_setNumStopBits
003f2572   _CPU_clearIntFlags
003f2575   _CPU_disableGlobalInts
003f2578   _CPU_enableDebugInt
003f257b   _CPU_enableGlobalInts
003f257e   _PIE_disable
003f2581   _PIE_enable
003f2584   _PLL_getClkStatus
003f2587   _PLL_getLockStatus
003f258a   _PWM_disableCounterLoad
003f258d   _SCI_disableParity
003f2590   _SCI_enable
003f2593   _SCI_enableRx
003f2596   _SCI_enableRxInt
003f2599   _SCI_enableTx
003f259c   _SCI_enableTxInt
003f259f   _SCI_setPriority
003f25a2   _remove
003f25a5   _PWM_setCount
003f25a7   _PWM_setPeriod
003f25a9   _PWM_setPhase
003f25ab   _SCI_lseek
003f25ad   _SCI_rename
003f25af   _SCI_unlink
003f25b1   ___cinit__
003f25b1   cinit
003f6000   __ctypes_
003f6102   _PIE_tableDebugInit
003f6266   _RamfuncsLoadStart
003f6aa8   ___TI_printfi
003f6b9a   _main
003f6df9   _write
003f6e5f   _unlink
003f6e77   _rename
003f6ea0   _remove_device
003f6eba   _read
003f6ed2   _open
003f6f44   _lseek
003f6f5c   _close
003f6f8e   _add_device
003f6ffa   _HOSTwrite
003f7030   _HOSTunlink
003f7055   _HOSTtime
003f707f   _HOSTrename
003f70bd   _HOSTread
003f70f3   _HOSTopen
003f712a   _HOSTlseek
003f7171   _HOSTgetenv
003f719b   _HOSTclose
003f71c2   _HOSTclock
003f71ec   _free
003f7231   _minit
003f7255   _malloc
003f72b5   _realloc
003f7369   _max_free
003f7389   _free_memory
003f73a5   _chkheap
003f73a7   _calloc
003f73bf   LL$$DIV
003f73fb   LL$$MOD
003f7435   ULL$$DIV
003f7464   ULL$$MOD
003f753e   ___TI_cleanup
003f755b   _freopen
003f75ab   _fopen
003f75c5   _fputs
003f765b   _puts
003f766d   FD$$ADD
003f7709   _InitEPwm2
003f7797   ___TI_writemsg
003f77e7   C$$IO$$
003f77eb   ___TI_readmsg
003f7825   FD$$DIV
003f78b0   FD$$MPY
003f7933   FS$$DIV
003f79b6   _setvbuf
003f7a2f   ___TI_doflush
003f7a5e   _fflush
003f7a9a   _scia_init
003f7b00   ___TI_wrt_ok
003f7b3a   ___TI_rd_ok
003f7b65   ___TI_closefile
003f7ba7   _fclose
003f7bc0   FS$$MPY
003f7c1a   _fputc
003f7c1a   _putc
003f7c65   _putchar
003f7c6a   _GPIO_setMode
003f7cb3   _c_int00
003f7cf7   _adc_isr
003f7d3a   _fseek
003f7d77   _GPIO_setDirection
003f7dab   _GPIO_setPullUp
003f7de5   _printf
003f7e11   _atoi
003f7e42   _ltoa
003f7e6e   _GPIO_setQualification
003f7e99   FD$$CMP
003f7ec3   L$$DIV
003f7ed2   L$$MOD
003f7ee0   UL$$DIV
003f7ee7   UL$$MOD
003f7eed   _ADC_setIntMode
003f7f11   _ADC_setIntSrc
003f7f35   FD$$TOI
003f7f56   ___memcpy_ff
003f7f77   _CLK_enablePwmClock
003f7ff6   code_start
003f7ff8   _CsmPwl
ffffffff   .text
ffffffff   ___binit__
ffffffff   ___c_args__
ffffffff   ___etext__
ffffffff   ___pinit__
ffffffff   ___text__
ffffffff   binit
ffffffff   etext
ffffffff   pinit

[334 symbols]
