******************************************************************************
             TMS320C2000 Linker PC v6.2.8                      
******************************************************************************
>> Linked Sat Nov 29 22:09:47 2014

OUTPUT FILE NAME:   <VoiceModule.out>
ENTRY POINT SYMBOL: "code_start"  address: 003f7ff6


MEMORY CONFIGURATION

         name            origin    length      used     unused   attr    fill
----------------------  --------  ---------  --------  --------  ----  --------
PAGE 0:
  PRAML0                00008000   00000800  00000004  000007fc  RWIX
  OTP                   003d7800   00000400  00000000  00000400  RWIX
  FLASHD                003f0000   00002000  00000000  00002000  RWIX
  FLASHC                003f2000   00002000  00000000  00002000  RWIX
  FLASHA                003f6000   00001f80  00001793  000007ed  RWIX
  CSM_RSVD              003f7f80   00000076  00000076  00000000  RWIX
  BEGIN                 003f7ff6   00000002  00000002  00000000  RWIX
  CSM_PWL_P0            003f7ff8   00000008  00000008  00000000  RWIX
  IQTABLES              003fe000   00000b50  00000000  00000b50  RWIX
  IQTABLES2             003feb50   0000008c  00000000  0000008c  RWIX
  IQTABLES3             003febdc   000000aa  00000000  000000aa  RWIX
  ROM                   003ff27c   00000d44  00000000  00000d44  RWIX
  RESET                 003fffc0   00000002  00000000  00000002  RWIX
  VECTORS               003fffc2   0000003e  00000000  0000003e  RWIX

PAGE 1:
  BOOT_RSVD             00000000   00000050  00000000  00000050  RWIX
  RAMM0                 00000050   000003b0  00000300  000000b0  RWIX
  RAMM1                 00000400   00000400  00000120  000002e0  RWIX
  DEV_EMU               00000880   00000105  00000000  00000105  RWIX
  SYS_PWR_CTL           00000985   00000003  00000000  00000003  RWIX
  FLASH_REGS            00000a80   00000060  00000000  00000060  RWIX
  CSM                   00000ae0   00000010  00000000  00000010  RWIX
  ADC_RESULT            00000b00   00000020  00000000  00000020  RWIX
  CPU_TIMER0            00000c00   00000008  00000000  00000008  RWIX
  CPU_TIMER1            00000c08   00000008  00000000  00000008  RWIX
  CPU_TIMER2            00000c10   00000008  00000000  00000008  RWIX
  PIE_CTRL              00000ce0   00000020  00000000  00000020  RWIX
  PIE_VECT              00000d00   00000100  00000000  00000100  RWIX
  COMP1                 00006400   00000020  00000000  00000020  RWIX
  COMP2                 00006420   00000020  00000000  00000020  RWIX
  EPWM1                 00006800   00000040  00000000  00000040  RWIX
  EPWM2                 00006840   00000040  00000000  00000040  RWIX
  EPWM3                 00006880   00000040  00000000  00000040  RWIX
  EPWM4                 000068c0   00000040  00000000  00000040  RWIX
  ECAP1                 00006a00   00000020  00000000  00000020  RWIX
  GPIOCTRL              00006f80   00000040  00000000  00000040  RWIX
  GPIODAT               00006fc0   00000020  00000000  00000020  RWIX
  GPIOINT               00006fe0   00000020  00000000  00000020  RWIX
  SYSTEM                00007010   00000020  00000000  00000020  RWIX
  SPIA                  00007040   00000010  00000000  00000010  RWIX
  SCIA                  00007050   00000010  00000000  00000010  RWIX
  NMIINTRUPT            00007060   00000010  00000000  00000010  RWIX
  XINTRUPT              00007070   00000010  00000000  00000010  RWIX
  ADC                   00007100   00000080  00000000  00000080  RWIX
  I2CA                  00007900   00000040  00000000  00000040  RWIX
  DRAML0                00008800   00000800  000007c8  00000038  RWIX
  PARTID                003d7fff   00000001  00000000  00000001  RWIX
  JENKINS               003f0000   00002556  00002556  00000000  RWIX
  FLASHB                003f4000   00002000  00000000  00002000  RWIX
  CSM_PWL               003f7ff8   00000008  00000000  00000008  RWIX


SECTION ALLOCATION MAP

 output                                  attributes/
section   page    origin      length       input sections
--------  ----  ----------  ----------   ----------------
.pinit     0    003f6000    00000000     UNINITIALIZED

.econst    0    003f6000    00000208     
                  003f6000    00000100     driverlib.lib : pie.obj (.econst:_PIE_tableDebugInit)
                  003f6100    0000006f     VoiceModule.obj (.econst:_wavFile2)
                  003f616f    00000057     VoiceModule.obj (.econst:_wavFile3)
                  003f61c6    0000002d     VoiceModule.obj (.econst:_wavFile)
                  003f61f3    00000001     --HOLE-- [fill = 0]
                  003f61f4    0000000e     VoiceModule.obj (.econst:.string)
                  003f6202    00000006     VoiceModule.obj (.econst)

ramfuncs   0    003f6208    00000004     RUN ADDR = 00008000
                  003f6208    00000004     driverlib.lib : F2802x_asmfuncs.obj (ramfuncs)

.text      0    003f620c    000014e2     
                  003f620c    000002c9     VoiceModule.obj (.text:_main)
                  003f64d5    00000201     rts2800_ml.lib : lowlev.obj (.text)
                  003f66d6    000001f2                    : trgdrv.obj (.text)
                  003f68c8    000001d3                    : memory.obj (.text)
                  003f6a9b    000000ff                    : fopen.obj (.text)
                  003f6b9a    00000090     VoiceModule.obj (.text:_InitEPwm2)
                  003f6c2a    0000008e     rts2800_ml.lib : ankmsg.obj (.text)
                  003f6cb8    00000083                    : fs_div.obj (.text)
                  003f6d3b    00000079                    : setvbuf.obj (.text)
                  003f6db4    0000006b                    : fflush.obj (.text)
                  003f6e1f    00000066     VoiceModule.obj (.text:_scia_init)
                  003f6e85    0000005d     VoiceModule.obj (.text:_adc_isr)
                  003f6ee2    0000005b     rts2800_ml.lib : fclose.obj (.text)
                  003f6f3d    0000005a                    : fs_mpy.obj (.text)
                  003f6f97    00000049     driverlib.lib : gpio.obj (.text:_GPIO_setMode)
                  003f6fe0    00000044     rts2800_ml.lib : boot.obj (.text)
                  003f7024    0000003a     VoiceModule.obj (.text:_epwm2_isr)
                  003f705e    00000037     VoiceModule.obj (.text:_update_compare)
                  003f7095    00000034     driverlib.lib : gpio.obj (.text:_GPIO_setDirection)
                  003f70c9    00000034                   : gpio.obj (.text:_GPIO_setPullUp)
                  003f70fd    0000002b                   : gpio.obj (.text:_GPIO_setQualification)
                  003f7128    00000025     rts2800_ml.lib : fs_toi.obj (.text)
                  003f714d    00000024     driverlib.lib : adc.obj (.text:_ADC_setIntMode)
                  003f7171    00000024                   : adc.obj (.text:_ADC_setIntSrc)
                  003f7195    00000022     rts2800_ml.lib : i_div.obj (.text)
                  003f71b7    00000021                    : memcpy_ff.obj (.text)
                  003f71d8    0000001e                    : strncpy.obj (.text)
                  003f71f6    0000001d     VoiceModule.obj (.text:_calculate_duty_cycle)
                  003f7213    0000001d     rts2800_ml.lib : fs_tou.obj (.text)
                  003f7230    0000001c     driverlib.lib : adc.obj (.text:_ADC_setSocChanNumber)
                  003f724c    0000001c                   : adc.obj (.text:_ADC_setSocSampleWindow)
                  003f7268    0000001c                   : adc.obj (.text:_ADC_setSocTrigSrc)
                  003f7284    0000001c                   : sci_io.obj (.text:_SCI_write)
                  003f72a0    0000001a     rts2800_ml.lib : i_tofs.obj (.text)
                  003f72ba    00000019                    : args_main.obj (.text)
                  003f72d3    00000019                    : exit.obj (.text)
                  003f72ec    00000018     driverlib.lib : adc.obj (.text:_ADC_enableInt)
                  003f7304    00000018     VoiceModule.obj (.text:_beep_high_then_low)
                  003f731c    00000018     VoiceModule.obj (.text:_beep_low_then_high)
                  003f7334    00000016     VoiceModule.obj (.text:_init_audio)
                  003f734a    00000015     driverlib.lib : pll.obj (.text:_PLL_setup)
                  003f735f    00000013                   : sci_io.obj (.text:_SCI_open)
                  003f7372    00000013                   : sci_io.obj (.text:_SCI_read)
                  003f7385    00000012                   : adc.obj (.text:_ADC_setIntPulseGenMode)
                  003f7397    00000012                   : adc.obj (.text:_ADC_setVoltRefSrc)
                  003f73a9    00000012                   : pie.obj (.text:_PIE_enableAdcInt)
                  003f73bb    00000012                   : F2802x_asmfuncs.obj (.text)
                  003f73cd    00000011                   : gpio.obj (.text:_GPIO_getData)
                  003f73de    00000011                   : pie.obj (.text:_PIE_setDebugIntVectorTable)
                  003f73ef    00000010     rts2800_ml.lib : u_tofs.obj (.text)
                  003f73ff    0000000f     driverlib.lib : pie.obj (.text:_PIE_disableAllInts)
                  003f740e    0000000f                   : pie.obj (.text:_PIE_registerPieIntHandler)
                  003f741d    0000000d                   : pie.obj (.text:_PIE_enablePwmInt)
                  003f742a    0000000c                   : sci_io.obj (.text:_SCI_close)
                  003f7436    0000000b                   : adc.obj (.text:_ADC_enable)
                  003f7441    0000000b                   : adc.obj (.text:_ADC_enableBandGap)
                  003f744c    0000000b                   : adc.obj (.text:_ADC_enableRefBuffers)
                  003f7457    0000000b                   : adc.obj (.text:_ADC_powerUp)
                  003f7462    0000000b     rts2800_ml.lib : strchr.obj (.text)
                  003f746d    0000000a     driverlib.lib : sci.obj (.text:_SCI_resetChannels)
                  003f7477    0000000a                   : sci.obj (.text:_SCI_resetRxFifo)
                  003f7481    0000000a                   : sci.obj (.text:_SCI_resetTxFifo)
                  003f748b    0000000a     rts2800_ml.lib : strcmp.obj (.text)
                  003f7495    00000009     driverlib.lib : clk.obj (.text:_CLK_enablePwmClock)
                  003f749e    00000009                   : clk.obj (.text:_CLK_enableSciaClock)
                  003f74a7    00000009                   : pwm.obj (.text:_PWM_setActionQual_CntUp_CmpB_PwmB)
                  003f74b0    00000009                   : pwm.obj (.text:_PWM_setSocAPeriod)
                  003f74b9    00000009                   : pwm.obj (.text:_PWM_setSocAPulseSrc)
                  003f74c2    00000009                   : sci.obj (.text:_SCI_putDataBlocking)
                  003f74cb    00000009     rts2800_ml.lib : _lock.obj (.text)
                  003f74d4    00000008     driverlib.lib : adc.obj (.text:_ADC_init)
                  003f74dc    00000008                   : pie.obj (.text:_PIE_init)
                  003f74e4    00000008                   : wdog.obj (.text:_WDOG_disable)
                  003f74ec    00000008     rts2800_ml.lib : strlen.obj (.text)
                  003f74f4    00000007     driverlib.lib : clk.obj (.text:_CLK_disableTbClockSync)
                  003f74fb    00000007                   : clk.obj (.text:_CLK_enableAdcClock)
                  003f7502    00000007                   : clk.obj (.text:_CLK_enableTbClockSync)
                  003f7509    00000007                   : clk.obj (.text:_CLK_init)
                  003f7510    00000007                   : clk.obj (.text:_CLK_setClkOutPreScaler)
                  003f7517    00000007                   : clk.obj (.text:_CLK_setOscSrc)
                  003f751e    00000007                   : flash.obj (.text:_FLASH_init)
                  003f7525    00000007                   : gpio.obj (.text:_GPIO_init)
                  003f752c    00000007                   : pll.obj (.text:_PLL_init)
                  003f7533    00000007                   : pll.obj (.text:_PLL_setDivider)
                  003f753a    00000007                   : pwm.obj (.text:_PWM_init)
                  003f7541    00000007                   : pwm.obj (.text:_PWM_setActionQual_Zero_PwmB)
                  003f7548    00000007                   : pwm.obj (.text:_PWM_setIntMode)
                  003f754f    00000007                   : pwm.obj (.text:_PWM_setIntPeriod)
                  003f7556    00000007                   : sci.obj (.text:_SCI_init)
                  003f755d    00000007                   : sci.obj (.text:_SCI_setRxFifoIntLevel)
                  003f7564    00000007                   : sci.obj (.text:_SCI_setTxFifoIntLevel)
                  003f756b    00000007                   : wdog.obj (.text:_WDOG_init)
                  003f7572    00000006                   : pll.obj (.text:_PLL_setMultiplier)
                  003f7578    00000006                   : pwm.obj (.text:_PWM_setLoadMode_CmpB)
                  003f757e    00000006                   : pwm.obj (.text:_PWM_setShadowMode_CmpB)
                  003f7584    00000006                   : sci.obj (.text:_SCI_setBaudRate)
                  003f758a    00000005                   : F2802x_DefaultIsr.obj (.text:_ADCINT1_ISR)
                  003f758f    00000005                   : F2802x_DefaultIsr.obj (.text:_ADCINT2_ISR)
                  003f7594    00000005                   : F2802x_DefaultIsr.obj (.text:_ADCINT3_ISR)
                  003f7599    00000005                   : F2802x_DefaultIsr.obj (.text:_ADCINT4_ISR)
                  003f759e    00000005                   : F2802x_DefaultIsr.obj (.text:_ADCINT5_ISR)
                  003f75a3    00000005                   : F2802x_DefaultIsr.obj (.text:_ADCINT6_ISR)
                  003f75a8    00000005                   : F2802x_DefaultIsr.obj (.text:_ADCINT7_ISR)
                  003f75ad    00000005                   : F2802x_DefaultIsr.obj (.text:_ADCINT8_ISR)
                  003f75b2    00000005                   : F2802x_DefaultIsr.obj (.text:_ADCINT9_ISR)
                  003f75b7    00000005                   : F2802x_DefaultIsr.obj (.text:_DATALOG_ISR)
                  003f75bc    00000005                   : F2802x_DefaultIsr.obj (.text:_ECAP1_INT_ISR)
                  003f75c1    00000005                   : F2802x_DefaultIsr.obj (.text:_EMUINT_ISR)
                  003f75c6    00000005                   : F2802x_DefaultIsr.obj (.text:_EPWM1_INT_ISR)
                  003f75cb    00000005                   : F2802x_DefaultIsr.obj (.text:_EPWM1_TZINT_ISR)
                  003f75d0    00000005                   : F2802x_DefaultIsr.obj (.text:_EPWM2_INT_ISR)
                  003f75d5    00000005                   : F2802x_DefaultIsr.obj (.text:_EPWM2_TZINT_ISR)
                  003f75da    00000005                   : F2802x_DefaultIsr.obj (.text:_EPWM3_INT_ISR)
                  003f75df    00000005                   : F2802x_DefaultIsr.obj (.text:_EPWM3_TZINT_ISR)
                  003f75e4    00000005                   : F2802x_DefaultIsr.obj (.text:_I2CINT1A_ISR)
                  003f75e9    00000005                   : F2802x_DefaultIsr.obj (.text:_I2CINT2A_ISR)
                  003f75ee    00000005                   : F2802x_DefaultIsr.obj (.text:_ILLEGAL_ISR)
                  003f75f3    00000005                   : F2802x_DefaultIsr.obj (.text:_INT13_ISR)
                  003f75f8    00000005                   : F2802x_DefaultIsr.obj (.text:_INT14_ISR)
                  003f75fd    00000005                   : F2802x_DefaultIsr.obj (.text:_NMI_ISR)
                  003f7602    00000005                   : F2802x_DefaultIsr.obj (.text:_PIE_RESERVED)
                  003f7607    00000005                   : F2802x_DefaultIsr.obj (.text:_RTOSINT_ISR)
                  003f760c    00000005                   : F2802x_DefaultIsr.obj (.text:_SCIRXINTA_ISR)
                  003f7611    00000005                   : F2802x_DefaultIsr.obj (.text:_SCITXINTA_ISR)
                  003f7616    00000005                   : F2802x_DefaultIsr.obj (.text:_SPIRXINTA_ISR)
                  003f761b    00000005                   : F2802x_DefaultIsr.obj (.text:_SPITXINTA_ISR)
                  003f7620    00000005                   : F2802x_DefaultIsr.obj (.text:_TINT0_ISR)
                  003f7625    00000005                   : F2802x_DefaultIsr.obj (.text:_USER10_ISR)
                  003f762a    00000005                   : F2802x_DefaultIsr.obj (.text:_USER11_ISR)
                  003f762f    00000005                   : F2802x_DefaultIsr.obj (.text:_USER12_ISR)
                  003f7634    00000005                   : F2802x_DefaultIsr.obj (.text:_USER1_ISR)
                  003f7639    00000005                   : F2802x_DefaultIsr.obj (.text:_USER2_ISR)
                  003f763e    00000005                   : F2802x_DefaultIsr.obj (.text:_USER3_ISR)
                  003f7643    00000005                   : F2802x_DefaultIsr.obj (.text:_USER4_ISR)
                  003f7648    00000005                   : F2802x_DefaultIsr.obj (.text:_USER5_ISR)
                  003f764d    00000005                   : F2802x_DefaultIsr.obj (.text:_USER6_ISR)
                  003f7652    00000005                   : F2802x_DefaultIsr.obj (.text:_USER7_ISR)
                  003f7657    00000005                   : F2802x_DefaultIsr.obj (.text:_USER8_ISR)
                  003f765c    00000005                   : F2802x_DefaultIsr.obj (.text:_USER9_ISR)
                  003f7661    00000005                   : F2802x_DefaultIsr.obj (.text:_WAKEINT_ISR)
                  003f7666    00000005                   : F2802x_DefaultIsr.obj (.text:_XINT1_ISR)
                  003f766b    00000005                   : F2802x_DefaultIsr.obj (.text:_XINT2_ISR)
                  003f7670    00000005                   : F2802x_DefaultIsr.obj (.text:_XINT3_ISR)
                  003f7675    00000005                   : F2802x_DefaultIsr.obj (.text:_rsvd_ISR)
                  003f767a    00000005     rts2800_ml.lib : strcpy.obj (.text)
                  003f767f    00000004     driverlib.lib : cpu.obj (.text:_CPU_enableInt)
                  003f7683    00000004                   : cpu.obj (.text:_CPU_init)
                  003f7687    00000004                   : pwm.obj (.text:_PWM_enableInt)
                  003f768b    00000004                   : pwm.obj (.text:_PWM_enableSocAPulse)
                  003f768f    00000004                   : pwm.obj (.text:_PWM_setClkDiv)
                  003f7693    00000004                   : pwm.obj (.text:_PWM_setCounterMode)
                  003f7697    00000004                   : pwm.obj (.text:_PWM_setHighSpeedClkDiv)
                  003f769b    00000004                   : sci.obj (.text:_SCI_clearRxFifoInt)
                  003f769f    00000004                   : sci.obj (.text:_SCI_clearTxFifoInt)
                  003f76a3    00000004                   : sci.obj (.text:_SCI_enableFifoEnh)
                  003f76a7    00000004                   : sci.obj (.text:_SCI_setCharLength)
                  003f76ab    00000004                   : sci.obj (.text:_SCI_setNumStopBits)
                  003f76af    00000003                   : cpu.obj (.text:_CPU_clearIntFlags)
                  003f76b2    00000003                   : cpu.obj (.text:_CPU_disableGlobalInts)
                  003f76b5    00000003                   : cpu.obj (.text:_CPU_enableDebugInt)
                  003f76b8    00000003                   : cpu.obj (.text:_CPU_enableGlobalInts)
                  003f76bb    00000003                   : pie.obj (.text:_PIE_disable)
                  003f76be    00000003                   : pie.obj (.text:_PIE_enable)
                  003f76c1    00000003                   : pll.obj (.text:_PLL_getClkStatus)
                  003f76c4    00000003                   : pll.obj (.text:_PLL_getLockStatus)
                  003f76c7    00000003                   : pwm.obj (.text:_PWM_disableCounterLoad)
                  003f76ca    00000003                   : sci.obj (.text:_SCI_disableParity)
                  003f76cd    00000003                   : sci.obj (.text:_SCI_enable)
                  003f76d0    00000003                   : sci.obj (.text:_SCI_enableRx)
                  003f76d3    00000003                   : sci.obj (.text:_SCI_enableRxInt)
                  003f76d6    00000003                   : sci.obj (.text:_SCI_enableTx)
                  003f76d9    00000003                   : sci.obj (.text:_SCI_enableTxInt)
                  003f76dc    00000003                   : sci.obj (.text:_SCI_setPriority)
                  003f76df    00000003     rts2800_ml.lib : remove.obj (.text)
                  003f76e2    00000002     driverlib.lib : pwm.obj (.text:_PWM_setCount)
                  003f76e4    00000002                   : pwm.obj (.text:_PWM_setPeriod)
                  003f76e6    00000002                   : pwm.obj (.text:_PWM_setPhase)
                  003f76e8    00000002                   : sci_io.obj (.text:_SCI_lseek)
                  003f76ea    00000002                   : sci_io.obj (.text:_SCI_rename)
                  003f76ec    00000002                   : sci_io.obj (.text:_SCI_unlink)

.cinit     0    003f76ee    000000a5     
                  003f76ee    00000031     rts2800_ml.lib : lowlev.obj (.cinit)
                  003f771f    0000002a                    : defs.obj (.cinit)
                  003f7749    00000028     VoiceModule.obj (.cinit)
                  003f7771    0000000a     rts2800_ml.lib : _lock.obj (.cinit)
                  003f777b    0000000a                    : exit.obj (.cinit)
                  003f7785    00000004     driverlib.lib : sci_io.obj (.cinit)
                  003f7789    00000004     rts2800_ml.lib : fopen.obj (.cinit)
                  003f778d    00000004                    : memory.obj (.cinit)
                  003f7791    00000002     --HOLE-- [fill = 0]

csm_rsvd   0    003f7f80    00000076     
                  003f7f80    00000076     driverlib.lib : F2802x_asmfuncs.obj (csm_rsvd)

codestart 
*          0    003f7ff6    00000002     
                  003f7ff6    00000002     driverlib.lib : F2802x_asmfuncs.obj (codestart)

csmpasswds 
*          0    003f7ff8    00000008     
                  003f7ff8    00000008     driverlib.lib : F2802x_asmfuncs.obj (csmpasswds)

.reset     0    003fffc0    00000002     DSECT
                  003fffc0    00000002     rts2800_ml.lib : boot.obj (.reset)

vectors    0    003fffc2    00000000     DSECT

.stack     1    00000050    00000300     UNINITIALIZED
                  00000050    00000300     --HOLE--

.cio       1    00000400    00000120     UNINITIALIZED
                  00000400    00000120     rts2800_ml.lib : ankmsg.obj (.cio)

.ebss      1    00008800    000005c8     UNINITIALIZED
                  00008800    000003c0     VoiceModule.obj (.ebss)
                  00008bc0    00000160     rts2800_ml.lib : defs.obj (.ebss)
                  00008d20    00000008                    : memory.obj (.ebss)
                  00008d28    00000008                    : trgdrv.obj (.ebss)
                  00008d30    00000004     driverlib.lib : sci_io.obj (.ebss)
                  00008d34    00000004     rts2800_ml.lib : _lock.obj (.ebss)
                  00008d38    00000004                    : exit.obj (.ebss)
                  00008d3c    00000001     driverlib.lib : cpu.obj (.ebss)
                  00008d3d    00000001     rts2800_ml.lib : fopen.obj (.ebss)
                  00008d3e    00000002     --HOLE--
                  00008d40    00000088                    : lowlev.obj (.ebss)

.sysmem    1    00008dc8    00000200     UNINITIALIZED
                  00008dc8    00000001     rts2800_ml.lib : memory.obj (.sysmem)
                  00008dc9    000001ff     --HOLE--

.jenkins   1    003f0000    00002556     
                  003f0000    00002556     VoiceModule.obj (.jenkins)


GLOBAL DATA SYMBOLS: SORTED BY DATA PAGE

address     data page           name
--------    ----------------    ----
00000050       1 (00000040)     __stack

00000400      10 (00000400)     __CIOBUF_

00008800     220 (00008800)     _calibrateDC
00008801     220 (00008800)     _ConversionCount
00008802     220 (00008800)     _loopCount
00008803     220 (00008800)     _indexToPlay
00008804     220 (00008800)     _DCBias
00008805     220 (00008800)     _switchedPitches
00008806     220 (00008800)     _demo
00008807     220 (00008800)     _maxValue
00008808     220 (00008800)     _demoState
00008809     220 (00008800)     _numInterrupt
0000880a     220 (00008800)     _audioIsInFlash
0000880b     220 (00008800)     _periodForSampleRate
0000880c     220 (00008800)     _myPie
0000880e     220 (00008800)     _mySci
00008810     220 (00008800)     _myFlash
00008812     220 (00008800)     _myGpio
00008814     220 (00008800)     _myClk
00008816     220 (00008800)     _myPwm2
00008818     220 (00008800)     _myCpu
0000881a     220 (00008800)     _myPwm
0000881c     220 (00008800)     _myAdc
0000881e     220 (00008800)     _epwm2_info

00008840     221 (00008840)     _audioToPlay

000088c0     223 (000088c0)     _beepHigh

00008940     225 (00008940)     _beepLow

000089c0     227 (000089c0)     _sine

00008a40     229 (00008a40)     _secondPitch

00008ac0     22b (00008ac0)     _voltage

00008bc0     22f (00008bc0)     ___TI_ft_end

00008c00     230 (00008c00)     __ftable

00008c80     232 (00008c80)     ___TI_tmpnams

00008d30     234 (00008d00)     _deviceOpen
00008d32     234 (00008d00)     _ioSci
00008d34     234 (00008d00)     __unlock
00008d36     234 (00008d00)     __lock
00008d38     234 (00008d00)     ___TI_cleanup_ptr
00008d3a     234 (00008d00)     ___TI_dtors_ptr
00008d3c     234 (00008d00)     _cpu

00008dc8     237 (00008dc0)     __sys_memory

003f0000    fc00 (003f0000)     _flashDuties

003f6000    fd80 (003f6000)     _PIE_tableDebugInit

003f6100    fd84 (003f6100)     _wavFile2

003f616f    fd85 (003f6140)     _wavFile3

003f61c6    fd87 (003f61c0)     _wavFile

003f6202    fd88 (003f6200)     _highSpeedClockDiv
003f6204    fd88 (003f6200)     _sampleRate
003f6206    fd88 (003f6200)     _clockRate


GLOBAL SYMBOLS: SORTED ALPHABETICALLY BY Name 

address    name
--------   ----
ffffffff   .text
003f72d3   C$$EXIT
003f6c7a   C$$IO$$
003f6cb8   FS$$DIV
003f6f3d   FS$$MPY
003f7128   FS$$TOI
003f7213   FS$$TOU
003f7195   I$$DIV
003f71a6   I$$MOD
003f72a0   I$$TOFS
003f73ef   U$$TOFS
003f758a   _ADCINT1_ISR
003f758f   _ADCINT2_ISR
003f7594   _ADCINT3_ISR
003f7599   _ADCINT4_ISR
003f759e   _ADCINT5_ISR
003f75a3   _ADCINT6_ISR
003f75a8   _ADCINT7_ISR
003f75ad   _ADCINT8_ISR
003f75b2   _ADCINT9_ISR
003f7436   _ADC_enable
003f7441   _ADC_enableBandGap
003f72ec   _ADC_enableInt
003f744c   _ADC_enableRefBuffers
003f74d4   _ADC_init
003f7457   _ADC_powerUp
003f714d   _ADC_setIntMode
003f7385   _ADC_setIntPulseGenMode
003f7171   _ADC_setIntSrc
003f7230   _ADC_setSocChanNumber
003f724c   _ADC_setSocSampleWindow
003f7268   _ADC_setSocTrigSrc
003f7397   _ADC_setVoltRefSrc
003f74f4   _CLK_disableTbClockSync
003f74fb   _CLK_enableAdcClock
003f7495   _CLK_enablePwmClock
003f749e   _CLK_enableSciaClock
003f7502   _CLK_enableTbClockSync
003f7509   _CLK_init
003f7510   _CLK_setClkOutPreScaler
003f7517   _CLK_setOscSrc
003f76af   _CPU_clearIntFlags
003f76b2   _CPU_disableGlobalInts
003f76b5   _CPU_enableDebugInt
003f76b8   _CPU_enableGlobalInts
003f767f   _CPU_enableInt
003f7683   _CPU_init
00008801   _ConversionCount
003f75b7   _DATALOG_ISR
00008804   _DCBias
003f73c6   _DSP28x_DisableInt
003f73ca   _DSP28x_RestoreInt
00008000   _DSP28x_usDelay
003f75bc   _ECAP1_INT_ISR
003f75c1   _EMUINT_ISR
003f75c6   _EPWM1_INT_ISR
003f75cb   _EPWM1_TZINT_ISR
003f75d0   _EPWM2_INT_ISR
003f75d5   _EPWM2_TZINT_ISR
003f75da   _EPWM3_INT_ISR
003f75df   _EPWM3_TZINT_ISR
003f751e   _FLASH_init
003f73cd   _GPIO_getData
003f7525   _GPIO_init
003f7095   _GPIO_setDirection
003f6f97   _GPIO_setMode
003f70c9   _GPIO_setPullUp
003f70fd   _GPIO_setQualification
003f689e   _HOSTclock
003f6877   _HOSTclose
003f684d   _HOSTgetenv
003f6806   _HOSTlseek
003f67cf   _HOSTopen
003f6799   _HOSTread
003f675b   _HOSTrename
003f6731   _HOSTtime
003f670c   _HOSTunlink
003f66d6   _HOSTwrite
003f75e4   _I2CINT1A_ISR
003f75e9   _I2CINT2A_ISR
003f75ee   _ILLEGAL_ISR
003f75f3   _INT13_ISR
003f75f8   _INT14_ISR
003f6b9a   _InitEPwm2
003f75fd   _NMI_ISR
003f7602   _PIE_RESERVED
003f76bb   _PIE_disable
003f73ff   _PIE_disableAllInts
003f76be   _PIE_enable
003f73a9   _PIE_enableAdcInt
003f741d   _PIE_enablePwmInt
003f74dc   _PIE_init
003f740e   _PIE_registerPieIntHandler
003f73de   _PIE_setDebugIntVectorTable
003f6000   _PIE_tableDebugInit
003f76c1   _PLL_getClkStatus
003f76c4   _PLL_getLockStatus
003f752c   _PLL_init
003f7533   _PLL_setDivider
003f7572   _PLL_setMultiplier
003f734a   _PLL_setup
003f76c7   _PWM_disableCounterLoad
003f7687   _PWM_enableInt
003f768b   _PWM_enableSocAPulse
003f753a   _PWM_init
003f74a7   _PWM_setActionQual_CntUp_CmpB_PwmB
003f7541   _PWM_setActionQual_Zero_PwmB
003f768f   _PWM_setClkDiv
003f76e2   _PWM_setCount
003f7693   _PWM_setCounterMode
003f7697   _PWM_setHighSpeedClkDiv
003f7548   _PWM_setIntMode
003f754f   _PWM_setIntPeriod
003f7578   _PWM_setLoadMode_CmpB
003f76e4   _PWM_setPeriod
003f76e6   _PWM_setPhase
003f757e   _PWM_setShadowMode_CmpB
003f74b0   _PWM_setSocAPeriod
003f74b9   _PWM_setSocAPulseSrc
003f7607   _RTOSINT_ISR
00000004   _RamfuncsLoadSize
003f6208   _RamfuncsLoadStart
00008000   _RamfuncsRunStart
003f760c   _SCIRXINTA_ISR
003f7611   _SCITXINTA_ISR
003f769b   _SCI_clearRxFifoInt
003f769f   _SCI_clearTxFifoInt
003f742a   _SCI_close
003f76ca   _SCI_disableParity
003f76cd   _SCI_enable
003f76a3   _SCI_enableFifoEnh
003f76d0   _SCI_enableRx
003f76d3   _SCI_enableRxInt
003f76d6   _SCI_enableTx
003f76d9   _SCI_enableTxInt
003f7556   _SCI_init
003f76e8   _SCI_lseek
003f735f   _SCI_open
003f74c2   _SCI_putDataBlocking
003f7372   _SCI_read
003f76ea   _SCI_rename
003f746d   _SCI_resetChannels
003f7477   _SCI_resetRxFifo
003f7481   _SCI_resetTxFifo
003f7584   _SCI_setBaudRate
003f76a7   _SCI_setCharLength
003f76ab   _SCI_setNumStopBits
003f76dc   _SCI_setPriority
003f755d   _SCI_setRxFifoIntLevel
003f7564   _SCI_setTxFifoIntLevel
003f76ec   _SCI_unlink
003f7284   _SCI_write
003f7616   _SPIRXINTA_ISR
003f761b   _SPITXINTA_ISR
003f7620   _TINT0_ISR
003f7625   _USER10_ISR
003f762a   _USER11_ISR
003f762f   _USER12_ISR
003f7634   _USER1_ISR
003f7639   _USER2_ISR
003f763e   _USER3_ISR
003f7643   _USER4_ISR
003f7648   _USER5_ISR
003f764d   _USER6_ISR
003f7652   _USER7_ISR
003f7657   _USER8_ISR
003f765c   _USER9_ISR
003f7661   _WAKEINT_ISR
003f74e4   _WDOG_disable
003f756b   _WDOG_init
003f7666   _XINT1_ISR
003f766b   _XINT2_ISR
003f7670   _XINT3_ISR
00000400   __CIOBUF_
00000350   __STACK_END
00000300   __STACK_SIZE
00000200   __SYSMEM_SIZE
00000001   __TI_args_main
003f6b13   ___TI_cleanup
00008d38   ___TI_cleanup_ptr
003f6ee2   ___TI_closefile
003f6db4   ___TI_doflush
00008d3a   ___TI_dtors_ptr
00008bc0   ___TI_ft_end
003f6c7e   ___TI_readmsg
00008c80   ___TI_tmpnams
003f6c2a   ___TI_writemsg
ffffffff   ___binit__
ffffffff   ___c_args__
003f76ee   ___cinit__
ffffffff   ___etext__
003f71b7   ___memcpy_ff
ffffffff   ___pinit__
ffffffff   ___text__
003f72ba   __args_main
00008c00   __ftable
00008d36   __lock
003f74d3   __nop
003f74cf   __register_lock
003f74cb   __register_unlock
00000050   __stack
00008dc8   __sys_memory
00008d34   __unlock
003f72d3   _abort
003f6e85   _adc_isr
003f666a   _add_device
0000880a   _audioIsInFlash
00008840   _audioToPlay
000088c0   _beepHigh
00008940   _beepLow
003f7304   _beep_high_then_low
003f731c   _beep_low_then_high
003f6fe0   _c_int00
003f71f6   _calculate_duty_cycle
00008800   _calibrateDC
003f6a83   _calloc
003f6a81   _chkheap
003f6206   _clockRate
003f6638   _close
00008d3c   _cpu
00008806   _demo
00008808   _demoState
00008d30   _deviceOpen
0000881e   _epwm2_info
003f7024   _epwm2_isr
003f72d5   _exit
003f6f24   _fclose
003f6de3   _fflush
003f0000   _flashDuties
003f6b80   _fopen
003f68c8   _free
003f6a65   _free_memory
003f6b30   _freopen
003f6202   _highSpeedClockDiv
00008803   _indexToPlay
003f7334   _init_audio
00008d32   _ioSci
00008802   _loopCount
003f6620   _lseek
003f620c   _main
003f6931   _malloc
00008807   _maxValue
003f6a45   _max_free
003f690d   _minit
0000881c   _myAdc
00008814   _myClk
00008818   _myCpu
00008810   _myFlash
00008812   _myGpio
0000880c   _myPie
0000881a   _myPwm
00008816   _myPwm2
0000880e   _mySci
00008809   _numInterrupt
003f65ae   _open
0000880b   _periodForSampleRate
003f6596   _read
003f6991   _realloc
003f76df   _remove
003f657c   _remove_device
003f6553   _rename
003f7675   _rsvd_ISR
003f6204   _sampleRate
003f6e1f   _scia_init
00008a40   _secondPitch
003f73c3   _setDBGIER
003f6d3b   _setvbuf
000089c0   _sine
003f7462   _strchr
003f748b   _strcmp
003f767a   _strcpy
003f74ec   _strlen
003f71d8   _strncpy
00008805   _switchedPitches
003f653b   _unlink
003f705e   _update_compare
00008ac0   _voltage
003f61c6   _wavFile
003f6100   _wavFile2
003f616f   _wavFile3
003f64d5   _write
ffffffff   binit
003f76ee   cinit
003f7ff6   code_start
ffffffff   etext
ffffffff   pinit


GLOBAL SYMBOLS: SORTED BY Symbol Address 

address    name
--------   ----
00000001   __TI_args_main
00000004   _RamfuncsLoadSize
00000050   __stack
00000200   __SYSMEM_SIZE
00000300   __STACK_SIZE
00000350   __STACK_END
00000400   __CIOBUF_
00008000   _DSP28x_usDelay
00008000   _RamfuncsRunStart
00008800   _calibrateDC
00008801   _ConversionCount
00008802   _loopCount
00008803   _indexToPlay
00008804   _DCBias
00008805   _switchedPitches
00008806   _demo
00008807   _maxValue
00008808   _demoState
00008809   _numInterrupt
0000880a   _audioIsInFlash
0000880b   _periodForSampleRate
0000880c   _myPie
0000880e   _mySci
00008810   _myFlash
00008812   _myGpio
00008814   _myClk
00008816   _myPwm2
00008818   _myCpu
0000881a   _myPwm
0000881c   _myAdc
0000881e   _epwm2_info
00008840   _audioToPlay
000088c0   _beepHigh
00008940   _beepLow
000089c0   _sine
00008a40   _secondPitch
00008ac0   _voltage
00008bc0   ___TI_ft_end
00008c00   __ftable
00008c80   ___TI_tmpnams
00008d30   _deviceOpen
00008d32   _ioSci
00008d34   __unlock
00008d36   __lock
00008d38   ___TI_cleanup_ptr
00008d3a   ___TI_dtors_ptr
00008d3c   _cpu
00008dc8   __sys_memory
003f0000   _flashDuties
003f6000   _PIE_tableDebugInit
003f6100   _wavFile2
003f616f   _wavFile3
003f61c6   _wavFile
003f6202   _highSpeedClockDiv
003f6204   _sampleRate
003f6206   _clockRate
003f6208   _RamfuncsLoadStart
003f620c   _main
003f64d5   _write
003f653b   _unlink
003f6553   _rename
003f657c   _remove_device
003f6596   _read
003f65ae   _open
003f6620   _lseek
003f6638   _close
003f666a   _add_device
003f66d6   _HOSTwrite
003f670c   _HOSTunlink
003f6731   _HOSTtime
003f675b   _HOSTrename
003f6799   _HOSTread
003f67cf   _HOSTopen
003f6806   _HOSTlseek
003f684d   _HOSTgetenv
003f6877   _HOSTclose
003f689e   _HOSTclock
003f68c8   _free
003f690d   _minit
003f6931   _malloc
003f6991   _realloc
003f6a45   _max_free
003f6a65   _free_memory
003f6a81   _chkheap
003f6a83   _calloc
003f6b13   ___TI_cleanup
003f6b30   _freopen
003f6b80   _fopen
003f6b9a   _InitEPwm2
003f6c2a   ___TI_writemsg
003f6c7a   C$$IO$$
003f6c7e   ___TI_readmsg
003f6cb8   FS$$DIV
003f6d3b   _setvbuf
003f6db4   ___TI_doflush
003f6de3   _fflush
003f6e1f   _scia_init
003f6e85   _adc_isr
003f6ee2   ___TI_closefile
003f6f24   _fclose
003f6f3d   FS$$MPY
003f6f97   _GPIO_setMode
003f6fe0   _c_int00
003f7024   _epwm2_isr
003f705e   _update_compare
003f7095   _GPIO_setDirection
003f70c9   _GPIO_setPullUp
003f70fd   _GPIO_setQualification
003f7128   FS$$TOI
003f714d   _ADC_setIntMode
003f7171   _ADC_setIntSrc
003f7195   I$$DIV
003f71a6   I$$MOD
003f71b7   ___memcpy_ff
003f71d8   _strncpy
003f71f6   _calculate_duty_cycle
003f7213   FS$$TOU
003f7230   _ADC_setSocChanNumber
003f724c   _ADC_setSocSampleWindow
003f7268   _ADC_setSocTrigSrc
003f7284   _SCI_write
003f72a0   I$$TOFS
003f72ba   __args_main
003f72d3   C$$EXIT
003f72d3   _abort
003f72d5   _exit
003f72ec   _ADC_enableInt
003f7304   _beep_high_then_low
003f731c   _beep_low_then_high
003f7334   _init_audio
003f734a   _PLL_setup
003f735f   _SCI_open
003f7372   _SCI_read
003f7385   _ADC_setIntPulseGenMode
003f7397   _ADC_setVoltRefSrc
003f73a9   _PIE_enableAdcInt
003f73c3   _setDBGIER
003f73c6   _DSP28x_DisableInt
003f73ca   _DSP28x_RestoreInt
003f73cd   _GPIO_getData
003f73de   _PIE_setDebugIntVectorTable
003f73ef   U$$TOFS
003f73ff   _PIE_disableAllInts
003f740e   _PIE_registerPieIntHandler
003f741d   _PIE_enablePwmInt
003f742a   _SCI_close
003f7436   _ADC_enable
003f7441   _ADC_enableBandGap
003f744c   _ADC_enableRefBuffers
003f7457   _ADC_powerUp
003f7462   _strchr
003f746d   _SCI_resetChannels
003f7477   _SCI_resetRxFifo
003f7481   _SCI_resetTxFifo
003f748b   _strcmp
003f7495   _CLK_enablePwmClock
003f749e   _CLK_enableSciaClock
003f74a7   _PWM_setActionQual_CntUp_CmpB_PwmB
003f74b0   _PWM_setSocAPeriod
003f74b9   _PWM_setSocAPulseSrc
003f74c2   _SCI_putDataBlocking
003f74cb   __register_unlock
003f74cf   __register_lock
003f74d3   __nop
003f74d4   _ADC_init
003f74dc   _PIE_init
003f74e4   _WDOG_disable
003f74ec   _strlen
003f74f4   _CLK_disableTbClockSync
003f74fb   _CLK_enableAdcClock
003f7502   _CLK_enableTbClockSync
003f7509   _CLK_init
003f7510   _CLK_setClkOutPreScaler
003f7517   _CLK_setOscSrc
003f751e   _FLASH_init
003f7525   _GPIO_init
003f752c   _PLL_init
003f7533   _PLL_setDivider
003f753a   _PWM_init
003f7541   _PWM_setActionQual_Zero_PwmB
003f7548   _PWM_setIntMode
003f754f   _PWM_setIntPeriod
003f7556   _SCI_init
003f755d   _SCI_setRxFifoIntLevel
003f7564   _SCI_setTxFifoIntLevel
003f756b   _WDOG_init
003f7572   _PLL_setMultiplier
003f7578   _PWM_setLoadMode_CmpB
003f757e   _PWM_setShadowMode_CmpB
003f7584   _SCI_setBaudRate
003f758a   _ADCINT1_ISR
003f758f   _ADCINT2_ISR
003f7594   _ADCINT3_ISR
003f7599   _ADCINT4_ISR
003f759e   _ADCINT5_ISR
003f75a3   _ADCINT6_ISR
003f75a8   _ADCINT7_ISR
003f75ad   _ADCINT8_ISR
003f75b2   _ADCINT9_ISR
003f75b7   _DATALOG_ISR
003f75bc   _ECAP1_INT_ISR
003f75c1   _EMUINT_ISR
003f75c6   _EPWM1_INT_ISR
003f75cb   _EPWM1_TZINT_ISR
003f75d0   _EPWM2_INT_ISR
003f75d5   _EPWM2_TZINT_ISR
003f75da   _EPWM3_INT_ISR
003f75df   _EPWM3_TZINT_ISR
003f75e4   _I2CINT1A_ISR
003f75e9   _I2CINT2A_ISR
003f75ee   _ILLEGAL_ISR
003f75f3   _INT13_ISR
003f75f8   _INT14_ISR
003f75fd   _NMI_ISR
003f7602   _PIE_RESERVED
003f7607   _RTOSINT_ISR
003f760c   _SCIRXINTA_ISR
003f7611   _SCITXINTA_ISR
003f7616   _SPIRXINTA_ISR
003f761b   _SPITXINTA_ISR
003f7620   _TINT0_ISR
003f7625   _USER10_ISR
003f762a   _USER11_ISR
003f762f   _USER12_ISR
003f7634   _USER1_ISR
003f7639   _USER2_ISR
003f763e   _USER3_ISR
003f7643   _USER4_ISR
003f7648   _USER5_ISR
003f764d   _USER6_ISR
003f7652   _USER7_ISR
003f7657   _USER8_ISR
003f765c   _USER9_ISR
003f7661   _WAKEINT_ISR
003f7666   _XINT1_ISR
003f766b   _XINT2_ISR
003f7670   _XINT3_ISR
003f7675   _rsvd_ISR
003f767a   _strcpy
003f767f   _CPU_enableInt
003f7683   _CPU_init
003f7687   _PWM_enableInt
003f768b   _PWM_enableSocAPulse
003f768f   _PWM_setClkDiv
003f7693   _PWM_setCounterMode
003f7697   _PWM_setHighSpeedClkDiv
003f769b   _SCI_clearRxFifoInt
003f769f   _SCI_clearTxFifoInt
003f76a3   _SCI_enableFifoEnh
003f76a7   _SCI_setCharLength
003f76ab   _SCI_setNumStopBits
003f76af   _CPU_clearIntFlags
003f76b2   _CPU_disableGlobalInts
003f76b5   _CPU_enableDebugInt
003f76b8   _CPU_enableGlobalInts
003f76bb   _PIE_disable
003f76be   _PIE_enable
003f76c1   _PLL_getClkStatus
003f76c4   _PLL_getLockStatus
003f76c7   _PWM_disableCounterLoad
003f76ca   _SCI_disableParity
003f76cd   _SCI_enable
003f76d0   _SCI_enableRx
003f76d3   _SCI_enableRxInt
003f76d6   _SCI_enableTx
003f76d9   _SCI_enableTxInt
003f76dc   _SCI_setPriority
003f76df   _remove
003f76e2   _PWM_setCount
003f76e4   _PWM_setPeriod
003f76e6   _PWM_setPhase
003f76e8   _SCI_lseek
003f76ea   _SCI_rename
003f76ec   _SCI_unlink
003f76ee   ___cinit__
003f76ee   cinit
003f7ff6   code_start
ffffffff   .text
ffffffff   ___binit__
ffffffff   ___c_args__
ffffffff   ___etext__
ffffffff   ___pinit__
ffffffff   ___text__
ffffffff   binit
ffffffff   etext
ffffffff   pinit

[286 symbols]
