******************************************************************************
             TMS320C2000 Linker PC v6.2.8                      
******************************************************************************
>> Linked Sun Oct 19 16:58:42 2014

OUTPUT FILE NAME:   <VoiceModule.out>
ENTRY POINT SYMBOL: "code_start"  address: 003f7ff6


MEMORY CONFIGURATION

         name            origin    length      used     unused   attr    fill
----------------------  --------  ---------  --------  --------  ----  --------
PAGE 0:
  PRAML0                00008000   00000800  00000004  000007fc  RWIX
  OTP                   003d7800   00000400  00000000  00000400  RWIX
  FLASHD                003f0000   00002000  00000000  00002000  RWIX
  FLASHC                003f2000   00002000  0000074f  000018b1  RWIX
  FLASHA                003f6000   00001f80  00001f80  00000000  RWIX
  CSM_RSVD              003f7f80   00000076  00000076  00000000  RWIX
  BEGIN                 003f7ff6   00000002  00000002  00000000  RWIX
  CSM_PWL_P0            003f7ff8   00000008  00000008  00000000  RWIX
  IQTABLES              003fe000   00000b50  00000000  00000b50  RWIX
  IQTABLES2             003feb50   0000008c  00000000  0000008c  RWIX
  IQTABLES3             003febdc   000000aa  00000000  000000aa  RWIX
  ROM                   003ff27c   00000d44  00000000  00000d44  RWIX
  RESET                 003fffc0   00000002  00000000  00000002  RWIX
  VECTORS               003fffc2   0000003e  00000000  0000003e  RWIX

PAGE 1:
  BOOT_RSVD             00000000   00000050  00000000  00000050  RWIX
  RAMM0                 00000050   000003b0  00000300  000000b0  RWIX
  RAMM1                 00000400   00000400  00000120  000002e0  RWIX
  DEV_EMU               00000880   00000105  00000004  00000101  RWIX
  SYS_PWR_CTL           00000985   00000003  00000003  00000000  RWIX
  FLASH_REGS            00000a80   00000060  00000008  00000058  RWIX
  CSM                   00000ae0   00000010  00000010  00000000  RWIX
  ADC_RESULT            00000b00   00000020  00000020  00000000  RWIX
  CPU_TIMER0            00000c00   00000008  00000008  00000000  RWIX
  CPU_TIMER1            00000c08   00000008  00000008  00000000  RWIX
  CPU_TIMER2            00000c10   00000008  00000008  00000000  RWIX
  PIE_CTRL              00000ce0   00000020  0000001a  00000006  RWIX
  PIE_VECT              00000d00   00000100  00000100  00000000  RWIX
  COMP1                 00006400   00000020  00000011  0000000f  RWIX
  COMP2                 00006420   00000020  00000011  0000000f  RWIX
  EPWM1                 00006800   00000040  00000040  00000000  RWIX
  EPWM2                 00006840   00000040  00000040  00000000  RWIX
  EPWM3                 00006880   00000040  00000040  00000000  RWIX
  EPWM4                 000068c0   00000040  00000040  00000000  RWIX
  ECAP1                 00006a00   00000020  00000020  00000000  RWIX
  GPIOCTRL              00006f80   00000040  00000040  00000000  RWIX
  GPIODAT               00006fc0   00000020  00000020  00000000  RWIX
  GPIOINT               00006fe0   00000020  0000000a  00000016  RWIX
  SYSTEM                00007010   00000020  0000001f  00000001  RWIX
  SPIA                  00007040   00000010  00000010  00000000  RWIX
  SCIA                  00007050   00000010  00000010  00000000  RWIX
  NMIINTRUPT            00007060   00000010  00000010  00000000  RWIX
  XINTRUPT              00007070   00000010  00000010  00000000  RWIX
  ADC                   00007100   00000080  00000051  0000002f  RWIX
  I2CA                  00007900   00000040  00000022  0000001e  RWIX
  DRAML0                00008800   00000800  0000064c  000001b4  RWIX
  PARTID                003d7fff   00000001  00000001  00000000  RWIX
  FLASHB                003f4000   00002000  00000000  00002000  RWIX
  CSM_PWL               003f7ff8   00000008  00000008  00000000  RWIX


SECTION ALLOCATION MAP

 output                                  attributes/
section   page    origin      length       input sections
--------  ----  ----------  ----------   ----------------
.pinit     0    003f6000    00000000     UNINITIALIZED

.text.1    0    003f2000    000006b6     
                  003f2000    0000002b     driverlib.lib : gpio.obj (.text:_GPIO_setQualification)
                  003f202b    0000002a     rts2800_ml.lib : fd_cmp.obj (.text)
                  003f2055    0000002a                    : l_div.obj (.text)
                  003f207f    00000024     driverlib.lib : adc.obj (.text:_ADC_setIntMode)
                  003f20a3    00000024                   : adc.obj (.text:_ADC_setIntSrc)
                  003f20c7    00000021     rts2800_ml.lib : fd_toi.obj (.text)
                  003f20e8    00000021                    : memcpy_ff.obj (.text)
                  003f2109    0000001f                    : fd_tol.obj (.text)
                  003f2128    0000001e                    : ll_cmp.obj (.text)
                  003f2146    0000001e                    : strncpy.obj (.text)
                  003f2164    0000001d                    : fs_tou.obj (.text)
                  003f2181    0000001c     driverlib.lib : adc.obj (.text:_ADC_setSocChanNumber)
                  003f219d    0000001c                   : adc.obj (.text:_ADC_setSocSampleWindow)
                  003f21b9    0000001c                   : adc.obj (.text:_ADC_setSocTrigSrc)
                  003f21d5    0000001c                   : sci_io.obj (.text:_SCI_write)
                  003f21f1    0000001c     rts2800_ml.lib : fs_tofd.obj (.text)
                  003f220d    0000001c                    : l_tofd.obj (.text)
                  003f2229    00000019                    : args_main.obj (.text)
                  003f2242    00000019                    : exit.obj (.text)
                  003f225b    00000018     driverlib.lib : adc.obj (.text:_ADC_enableInt)
                  003f2273    00000018     rts2800_ml.lib : ll_aox.obj (.text)
                  003f228b    00000016     VoiceModule.obj (.text:_fullFrame)
                  003f22a1    00000015     driverlib.lib : pll.obj (.text:_PLL_setup)
                  003f22b6    00000014     rts2800_ml.lib : ll_mpy.obj (.text)
                  003f22ca    00000013     driverlib.lib : gpio.obj (.text:_GPIO_setHigh)
                  003f22dd    00000013                   : gpio.obj (.text:_GPIO_setLow)
                  003f22f0    00000013                   : sci_io.obj (.text:_SCI_open)
                  003f2303    00000013                   : sci_io.obj (.text:_SCI_read)
                  003f2316    00000012                   : adc.obj (.text:_ADC_setIntPulseGenMode)
                  003f2328    00000012                   : adc.obj (.text:_ADC_setVoltRefSrc)
                  003f233a    00000012                   : pie.obj (.text:_PIE_enableAdcInt)
                  003f234c    00000012                   : F2802x_asmfuncs.obj (.text)
                  003f235e    00000012     rts2800_ml.lib : memchr.obj (.text)
                  003f2370    00000011     driverlib.lib : gpio.obj (.text:_GPIO_getData)
                  003f2381    00000011                   : pie.obj (.text:_PIE_setDebugIntVectorTable)
                  003f2392    0000000f                   : pie.obj (.text:_PIE_disableAllInts)
                  003f23a1    0000000f                   : pie.obj (.text:_PIE_registerPieIntHandler)
                  003f23b0    0000000e     rts2800_ml.lib : fd_sub.obj (.text)
                  003f23be    0000000d                    : memccpy.obj (.text)
                  003f23cb    0000000d                    : memset.obj (.text)
                  003f23d8    0000000c     driverlib.lib : sci_io.obj (.text:_SCI_close)
                  003f23e4    0000000b                   : adc.obj (.text:_ADC_enable)
                  003f23ef    0000000b                   : adc.obj (.text:_ADC_enableBandGap)
                  003f23fa    0000000b                   : adc.obj (.text:_ADC_enableRefBuffers)
                  003f2405    0000000b                   : adc.obj (.text:_ADC_powerUp)
                  003f2410    0000000b     rts2800_ml.lib : strchr.obj (.text)
                  003f241b    0000000a     driverlib.lib : sci.obj (.text:_SCI_resetChannels)
                  003f2425    0000000a                   : sci.obj (.text:_SCI_resetRxFifo)
                  003f242f    0000000a                   : sci.obj (.text:_SCI_resetTxFifo)
                  003f2439    0000000a     rts2800_ml.lib : strcmp.obj (.text)
                  003f2443    00000009     driverlib.lib : clk.obj (.text:_CLK_enablePwmClock)
                  003f244c    00000009                   : clk.obj (.text:_CLK_enableSciaClock)
                  003f2455    00000009                   : pwm.obj (.text:_PWM_setActionQual_CntDown_CmpB_PwmA)
                  003f245e    00000009                   : pwm.obj (.text:_PWM_setActionQual_CntUp_CmpA_PwmA)
                  003f2467    00000009                   : pwm.obj (.text:_PWM_setActionQual_Period_PwmB)
                  003f2470    00000009                   : pwm.obj (.text:_PWM_setSocAPeriod)
                  003f2479    00000009                   : pwm.obj (.text:_PWM_setSocAPulseSrc)
                  003f2482    00000009                   : sci.obj (.text:_SCI_putDataBlocking)
                  003f248b    00000009     rts2800_ml.lib : _lock.obj (.text)
                  003f2494    00000009                    : fd_neg.obj (.text)
                  003f249d    00000008     driverlib.lib : adc.obj (.text:_ADC_init)
                  003f24a5    00000008                   : pie.obj (.text:_PIE_init)
                  003f24ad    00000008                   : wdog.obj (.text:_WDOG_disable)
                  003f24b5    00000008     rts2800_ml.lib : strlen.obj (.text)
                  003f24bd    00000007     driverlib.lib : clk.obj (.text:_CLK_enableAdcClock)
                  003f24c4    00000007                   : clk.obj (.text:_CLK_enableTbClockSync)
                  003f24cb    00000007                   : clk.obj (.text:_CLK_init)
                  003f24d2    00000007                   : clk.obj (.text:_CLK_setClkOutPreScaler)
                  003f24d9    00000007                   : clk.obj (.text:_CLK_setOscSrc)
                  003f24e0    00000007                   : flash.obj (.text:_FLASH_init)
                  003f24e7    00000007                   : gpio.obj (.text:_GPIO_init)
                  003f24ee    00000007                   : pll.obj (.text:_PLL_init)
                  003f24f5    00000007                   : pll.obj (.text:_PLL_setDivider)
                  003f24fc    00000007                   : pwm.obj (.text:_PWM_init)
                  003f2503    00000007                   : pwm.obj (.text:_PWM_setActionQual_Zero_PwmB)
                  003f250a    00000007                   : pwm.obj (.text:_PWM_setIntMode)
                  003f2511    00000007                   : pwm.obj (.text:_PWM_setIntPeriod)
                  003f2518    00000007                   : sci.obj (.text:_SCI_init)
                  003f251f    00000007                   : sci.obj (.text:_SCI_setRxFifoIntLevel)
                  003f2526    00000007                   : sci.obj (.text:_SCI_setTxFifoIntLevel)
                  003f252d    00000007                   : wdog.obj (.text:_WDOG_init)
                  003f2534    00000006                   : pll.obj (.text:_PLL_setMultiplier)
                  003f253a    00000006                   : pwm.obj (.text:_PWM_setLoadMode_CmpB)
                  003f2540    00000006                   : pwm.obj (.text:_PWM_setShadowMode_CmpA)
                  003f2546    00000006                   : pwm.obj (.text:_PWM_setShadowMode_CmpB)
                  003f254c    00000006                   : sci.obj (.text:_SCI_setBaudRate)
                  003f2552    00000005                   : F2802x_DefaultIsr.obj (.text:_ADCINT1_ISR)
                  003f2557    00000005                   : F2802x_DefaultIsr.obj (.text:_ADCINT2_ISR)
                  003f255c    00000005                   : F2802x_DefaultIsr.obj (.text:_ADCINT3_ISR)
                  003f2561    00000005                   : F2802x_DefaultIsr.obj (.text:_ADCINT4_ISR)
                  003f2566    00000005                   : F2802x_DefaultIsr.obj (.text:_ADCINT5_ISR)
                  003f256b    00000005                   : F2802x_DefaultIsr.obj (.text:_ADCINT6_ISR)
                  003f2570    00000005                   : F2802x_DefaultIsr.obj (.text:_ADCINT7_ISR)
                  003f2575    00000005                   : F2802x_DefaultIsr.obj (.text:_ADCINT8_ISR)
                  003f257a    00000005                   : F2802x_DefaultIsr.obj (.text:_ADCINT9_ISR)
                  003f257f    00000005                   : F2802x_DefaultIsr.obj (.text:_DATALOG_ISR)
                  003f2584    00000005                   : F2802x_DefaultIsr.obj (.text:_ECAP1_INT_ISR)
                  003f2589    00000005                   : F2802x_DefaultIsr.obj (.text:_EMUINT_ISR)
                  003f258e    00000005                   : F2802x_DefaultIsr.obj (.text:_EPWM1_INT_ISR)
                  003f2593    00000005                   : F2802x_DefaultIsr.obj (.text:_EPWM1_TZINT_ISR)
                  003f2598    00000005                   : F2802x_DefaultIsr.obj (.text:_EPWM2_INT_ISR)
                  003f259d    00000005                   : F2802x_DefaultIsr.obj (.text:_EPWM2_TZINT_ISR)
                  003f25a2    00000005                   : F2802x_DefaultIsr.obj (.text:_EPWM3_INT_ISR)
                  003f25a7    00000005                   : F2802x_DefaultIsr.obj (.text:_EPWM3_TZINT_ISR)
                  003f25ac    00000005                   : F2802x_DefaultIsr.obj (.text:_I2CINT1A_ISR)
                  003f25b1    00000005                   : F2802x_DefaultIsr.obj (.text:_I2CINT2A_ISR)
                  003f25b6    00000005                   : F2802x_DefaultIsr.obj (.text:_ILLEGAL_ISR)
                  003f25bb    00000005                   : F2802x_DefaultIsr.obj (.text:_INT13_ISR)
                  003f25c0    00000005                   : F2802x_DefaultIsr.obj (.text:_INT14_ISR)
                  003f25c5    00000005                   : F2802x_DefaultIsr.obj (.text:_NMI_ISR)
                  003f25ca    00000005                   : F2802x_DefaultIsr.obj (.text:_PIE_RESERVED)
                  003f25cf    00000005                   : F2802x_DefaultIsr.obj (.text:_RTOSINT_ISR)
                  003f25d4    00000005                   : F2802x_DefaultIsr.obj (.text:_SCIRXINTA_ISR)
                  003f25d9    00000005                   : F2802x_DefaultIsr.obj (.text:_SCITXINTA_ISR)
                  003f25de    00000005                   : F2802x_DefaultIsr.obj (.text:_SPIRXINTA_ISR)
                  003f25e3    00000005                   : F2802x_DefaultIsr.obj (.text:_SPITXINTA_ISR)
                  003f25e8    00000005                   : F2802x_DefaultIsr.obj (.text:_TINT0_ISR)
                  003f25ed    00000005                   : F2802x_DefaultIsr.obj (.text:_USER10_ISR)
                  003f25f2    00000005                   : F2802x_DefaultIsr.obj (.text:_USER11_ISR)
                  003f25f7    00000005                   : F2802x_DefaultIsr.obj (.text:_USER12_ISR)
                  003f25fc    00000005                   : F2802x_DefaultIsr.obj (.text:_USER1_ISR)
                  003f2601    00000005                   : F2802x_DefaultIsr.obj (.text:_USER2_ISR)
                  003f2606    00000005                   : F2802x_DefaultIsr.obj (.text:_USER3_ISR)
                  003f260b    00000005                   : F2802x_DefaultIsr.obj (.text:_USER4_ISR)
                  003f2610    00000005                   : F2802x_DefaultIsr.obj (.text:_USER5_ISR)
                  003f2615    00000005                   : F2802x_DefaultIsr.obj (.text:_USER6_ISR)
                  003f261a    00000005                   : F2802x_DefaultIsr.obj (.text:_USER7_ISR)
                  003f261f    00000005                   : F2802x_DefaultIsr.obj (.text:_USER8_ISR)
                  003f2624    00000005                   : F2802x_DefaultIsr.obj (.text:_USER9_ISR)
                  003f2629    00000005                   : F2802x_DefaultIsr.obj (.text:_WAKEINT_ISR)
                  003f262e    00000005                   : F2802x_DefaultIsr.obj (.text:_XINT1_ISR)
                  003f2633    00000005                   : F2802x_DefaultIsr.obj (.text:_XINT2_ISR)
                  003f2638    00000005                   : F2802x_DefaultIsr.obj (.text:_XINT3_ISR)
                  003f263d    00000005                   : F2802x_DefaultIsr.obj (.text:_rsvd_ISR)
                  003f2642    00000005     rts2800_ml.lib : strcpy.obj (.text)
                  003f2647    00000004     driverlib.lib : cpu.obj (.text:_CPU_init)
                  003f264b    00000004                   : pwm.obj (.text:_PWM_enableInt)
                  003f264f    00000004                   : pwm.obj (.text:_PWM_enableSocAPulse)
                  003f2653    00000004                   : pwm.obj (.text:_PWM_setClkDiv)
                  003f2657    00000004                   : pwm.obj (.text:_PWM_setCounterMode)
                  003f265b    00000004                   : pwm.obj (.text:_PWM_setHighSpeedClkDiv)
                  003f265f    00000004                   : pwm.obj (.text:_PWM_setLoadMode_CmpA)
                  003f2663    00000004                   : sci.obj (.text:_SCI_clearRxFifoInt)
                  003f2667    00000004                   : sci.obj (.text:_SCI_clearTxFifoInt)
                  003f266b    00000004                   : sci.obj (.text:_SCI_enableFifoEnh)
                  003f266f    00000004                   : sci.obj (.text:_SCI_setCharLength)
                  003f2673    00000004                   : sci.obj (.text:_SCI_setNumStopBits)
                  003f2677    00000003                   : cpu.obj (.text:_CPU_clearIntFlags)
                  003f267a    00000003                   : cpu.obj (.text:_CPU_disableGlobalInts)
                  003f267d    00000003                   : cpu.obj (.text:_CPU_enableDebugInt)
                  003f2680    00000003                   : cpu.obj (.text:_CPU_enableGlobalInts)
                  003f2683    00000003                   : pie.obj (.text:_PIE_disable)
                  003f2686    00000003                   : pie.obj (.text:_PIE_enable)
                  003f2689    00000003                   : pll.obj (.text:_PLL_getClkStatus)
                  003f268c    00000003                   : pll.obj (.text:_PLL_getLockStatus)
                  003f268f    00000003                   : pwm.obj (.text:_PWM_disableCounterLoad)
                  003f2692    00000003                   : sci.obj (.text:_SCI_disableParity)
                  003f2695    00000003                   : sci.obj (.text:_SCI_enable)
                  003f2698    00000003                   : sci.obj (.text:_SCI_enableRx)
                  003f269b    00000003                   : sci.obj (.text:_SCI_enableRxInt)
                  003f269e    00000003                   : sci.obj (.text:_SCI_enableTx)
                  003f26a1    00000003                   : sci.obj (.text:_SCI_enableTxInt)
                  003f26a4    00000003                   : sci.obj (.text:_SCI_setPriority)
                  003f26a7    00000003     rts2800_ml.lib : remove.obj (.text)
                  003f26aa    00000002     driverlib.lib : pwm.obj (.text:_PWM_setCount)
                  003f26ac    00000002                   : pwm.obj (.text:_PWM_setPeriod)
                  003f26ae    00000002                   : pwm.obj (.text:_PWM_setPhase)
                  003f26b0    00000002                   : sci_io.obj (.text:_SCI_lseek)
                  003f26b2    00000002                   : sci_io.obj (.text:_SCI_rename)
                  003f26b4    00000002                   : sci_io.obj (.text:_SCI_unlink)

.cinit     0    003f26b6    00000099     
                  003f26b6    00000031     rts2800_ml.lib : lowlev.obj (.cinit)
                  003f26e7    0000002a                    : defs.obj (.cinit)
                  003f2711    00000014     VoiceModule.obj (.cinit)
                  003f2725    0000000a     rts2800_ml.lib : _lock.obj (.cinit)
                  003f272f    0000000a                    : exit.obj (.cinit)
                  003f2739    00000008     WriteDac.obj (.cinit)
                  003f2741    00000004     driverlib.lib : sci_io.obj (.cinit)
                  003f2745    00000004     rts2800_ml.lib : fopen.obj (.cinit)
                  003f2749    00000004                    : memory.obj (.cinit)
                  003f274d    00000002     --HOLE-- [fill = 0]

.econst    0    003f6000    00000354     
                  003f6000    00000101     rts2800_ml.lib : ctype.obj (.econst:.string:__ctypes_)
                  003f6101    00000001     --HOLE-- [fill = 0]
                  003f6102    00000100     driverlib.lib : pie.obj (.econst:_PIE_tableDebugInit)
                  003f6202    00000100     Sin256Q15.obj (.econst:_sine256Q15)
                  003f6302    00000024     rts2800_ml.lib : _printfi.obj (.econst:.string)
                  003f6326    00000018                    : _printfi.obj (.econst)
                  003f633e    00000014     VoiceModule.obj (.econst:.string)
                  003f6352    00000002     rts2800_ml.lib : fputs.obj (.econst:.string)

ramfuncs   0    003f6354    00000004     RUN ADDR = 00008000
                  003f6354    00000004     driverlib.lib : F2802x_asmfuncs.obj (ramfuncs)

.text.2    0    003f6358    00001c28     
                  003f6358    00000930     rts2800_ml.lib : _printfi.obj (.text)
                  003f6c88    0000026e     VoiceModule.obj (.text:_main)
                  003f6ef6    00000201     rts2800_ml.lib : lowlev.obj (.text)
                  003f70f7    000001f2                    : trgdrv.obj (.text)
                  003f72e9    000001d3                    : memory.obj (.text)
                  003f74bc    00000107                    : ll_div.obj (.text)
                  003f75c3    000000ff                    : fopen.obj (.text)
                  003f76c2    000000a8                    : fputs.obj (.text)
                  003f776a    0000009c                    : fd_add.obj (.text)
                  003f7806    0000008e                    : ankmsg.obj (.text)
                  003f7894    0000008b                    : fd_div.obj (.text)
                  003f791f    00000086     VoiceModule.obj (.text:_InitEPwm2)
                  003f79a5    00000083     rts2800_ml.lib : fd_mpy.obj (.text)
                  003f7a28    00000079                    : setvbuf.obj (.text)
                  003f7aa1    0000006e     VoiceModule.obj (.text:_update_compare)
                  003f7b0f    0000006b     rts2800_ml.lib : fflush.obj (.text)
                  003f7b7a    00000066     VoiceModule.obj (.text:_scia_init)
                  003f7be0    00000065     VoiceModule.obj (.text:_adc_isr)
                  003f7c45    00000065     rts2800_ml.lib : _io_perm.obj (.text)
                  003f7caa    0000005b                    : fclose.obj (.text)
                  003f7d05    00000050                    : fputc.obj (.text)
                  003f7d55    00000049     driverlib.lib : gpio.obj (.text:_GPIO_setMode)
                  003f7d9e    00000044     rts2800_ml.lib : boot.obj (.text)
                  003f7de2    0000003d                    : fseek.obj (.text)
                  003f7e1f    00000034     driverlib.lib : gpio.obj (.text:_GPIO_setDirection)
                  003f7e53    00000034                   : gpio.obj (.text:_GPIO_setPullUp)
                  003f7e87    00000034     WriteDac.obj (.text:_WriteDac)
                  003f7ebb    00000032     VoiceModule.obj (.text:_epwm2_isr)
                  003f7eed    00000032     rts2800_ml.lib : printf.obj (.text)
                  003f7f1f    00000031                    : atoi.obj (.text)
                  003f7f50    0000002c                    : ltoa.obj (.text)
                  003f7f7c    00000004     driverlib.lib : cpu.obj (.text:_CPU_enableInt)

csm_rsvd   0    003f7f80    00000076     
                  003f7f80    00000076     driverlib.lib : F2802x_asmfuncs.obj (csm_rsvd)

codestart 
*          0    003f7ff6    00000002     
                  003f7ff6    00000002     driverlib.lib : F2802x_asmfuncs.obj (codestart)

csmpasswds 
*          0    003f7ff8    00000008     
                  003f7ff8    00000008     driverlib.lib : F2802x_asmfuncs.obj (csmpasswds)

.reset     0    003fffc0    00000002     DSECT
                  003fffc0    00000002     rts2800_ml.lib : boot.obj (.reset)

vectors    0    003fffc2    00000000     DSECT

.stack     1    00000050    00000300     UNINITIALIZED
                  00000050    00000300     --HOLE--

.cio       1    00000400    00000120     UNINITIALIZED
                  00000400    00000120     rts2800_ml.lib : ankmsg.obj (.cio)

DevEmuRegsFile 
*          1    00000880    00000004     UNINITIALIZED
                  00000880    00000004     driverlib.lib : F2802x_GlobalVariableDefs.obj (DevEmuRegsFile)

SysPwrCtrlRegsFile 
*          1    00000985    00000003     UNINITIALIZED
                  00000985    00000003     driverlib.lib : F2802x_GlobalVariableDefs.obj (SysPwrCtrlRegsFile)

FlashRegsFile 
*          1    00000a80    00000008     UNINITIALIZED
                  00000a80    00000008     driverlib.lib : F2802x_GlobalVariableDefs.obj (FlashRegsFile)

CsmRegsFile 
*          1    00000ae0    00000010     UNINITIALIZED
                  00000ae0    00000010     driverlib.lib : F2802x_GlobalVariableDefs.obj (CsmRegsFile)

AdcResultFile 
*          1    00000b00    00000020     UNINITIALIZED
                  00000b00    00000020     driverlib.lib : F2802x_GlobalVariableDefs.obj (AdcResultFile)

CpuTimer0RegsFile 
*          1    00000c00    00000008     UNINITIALIZED
                  00000c00    00000008     driverlib.lib : F2802x_GlobalVariableDefs.obj (CpuTimer0RegsFile)

CpuTimer1RegsFile 
*          1    00000c08    00000008     UNINITIALIZED
                  00000c08    00000008     driverlib.lib : F2802x_GlobalVariableDefs.obj (CpuTimer1RegsFile)

CpuTimer2RegsFile 
*          1    00000c10    00000008     UNINITIALIZED
                  00000c10    00000008     driverlib.lib : F2802x_GlobalVariableDefs.obj (CpuTimer2RegsFile)

PieCtrlRegsFile 
*          1    00000ce0    0000001a     UNINITIALIZED
                  00000ce0    0000001a     driverlib.lib : F2802x_GlobalVariableDefs.obj (PieCtrlRegsFile)

PieVectTableFile 
*          1    00000d00    00000100     UNINITIALIZED
                  00000d00    00000100     driverlib.lib : F2802x_GlobalVariableDefs.obj (PieVectTableFile)

EmuKeyVar 
*          1    00000d00    00000001     UNINITIALIZED
                  00000d00    00000001     driverlib.lib : F2802x_GlobalVariableDefs.obj (EmuKeyVar)

EmuBModeVar 
*          1    00000d01    00000001     UNINITIALIZED
                  00000d01    00000001     driverlib.lib : F2802x_GlobalVariableDefs.obj (EmuBModeVar)

FlashCallbackVar 
*          1    00000d02    00000002     UNINITIALIZED
                  00000d02    00000002     driverlib.lib : F2802x_GlobalVariableDefs.obj (FlashCallbackVar)

FlashScalingVar 
*          1    00000d04    00000002     UNINITIALIZED
                  00000d04    00000002     driverlib.lib : F2802x_GlobalVariableDefs.obj (FlashScalingVar)

Comp1RegsFile 
*          1    00006400    00000011     UNINITIALIZED
                  00006400    00000011     driverlib.lib : F2802x_GlobalVariableDefs.obj (Comp1RegsFile)

Comp2RegsFile 
*          1    00006420    00000011     UNINITIALIZED
                  00006420    00000011     driverlib.lib : F2802x_GlobalVariableDefs.obj (Comp2RegsFile)

EPwm1RegsFile 
*          1    00006800    00000040     UNINITIALIZED
                  00006800    00000040     driverlib.lib : F2802x_GlobalVariableDefs.obj (EPwm1RegsFile)

EPwm2RegsFile 
*          1    00006840    00000040     UNINITIALIZED
                  00006840    00000040     driverlib.lib : F2802x_GlobalVariableDefs.obj (EPwm2RegsFile)

EPwm3RegsFile 
*          1    00006880    00000040     UNINITIALIZED
                  00006880    00000040     driverlib.lib : F2802x_GlobalVariableDefs.obj (EPwm3RegsFile)

EPwm4RegsFile 
*          1    000068c0    00000040     UNINITIALIZED
                  000068c0    00000040     driverlib.lib : F2802x_GlobalVariableDefs.obj (EPwm4RegsFile)

ECap1RegsFile 
*          1    00006a00    00000020     UNINITIALIZED
                  00006a00    00000020     driverlib.lib : F2802x_GlobalVariableDefs.obj (ECap1RegsFile)

GpioCtrlRegsFile 
*          1    00006f80    00000040     UNINITIALIZED
                  00006f80    00000040     driverlib.lib : F2802x_GlobalVariableDefs.obj (GpioCtrlRegsFile)

GpioDataRegsFile 
*          1    00006fc0    00000020     UNINITIALIZED
                  00006fc0    00000020     driverlib.lib : F2802x_GlobalVariableDefs.obj (GpioDataRegsFile)

GpioIntRegsFile 
*          1    00006fe0    0000000a     UNINITIALIZED
                  00006fe0    0000000a     driverlib.lib : F2802x_GlobalVariableDefs.obj (GpioIntRegsFile)

SysCtrlRegsFile 
*          1    00007010    0000001f     UNINITIALIZED
                  00007010    0000001f     driverlib.lib : F2802x_GlobalVariableDefs.obj (SysCtrlRegsFile)

SpiaRegsFile 
*          1    00007040    00000010     UNINITIALIZED
                  00007040    00000010     driverlib.lib : F2802x_GlobalVariableDefs.obj (SpiaRegsFile)

SciaRegsFile 
*          1    00007050    00000010     UNINITIALIZED
                  00007050    00000010     driverlib.lib : F2802x_GlobalVariableDefs.obj (SciaRegsFile)

NmiIntruptRegsFile 
*          1    00007060    00000010     UNINITIALIZED
                  00007060    00000010     driverlib.lib : F2802x_GlobalVariableDefs.obj (NmiIntruptRegsFile)

XIntruptRegsFile 
*          1    00007070    00000010     UNINITIALIZED
                  00007070    00000010     driverlib.lib : F2802x_GlobalVariableDefs.obj (XIntruptRegsFile)

AdcRegsFile 
*          1    00007100    00000051     UNINITIALIZED
                  00007100    00000051     driverlib.lib : F2802x_GlobalVariableDefs.obj (AdcRegsFile)

I2caRegsFile 
*          1    00007900    00000022     UNINITIALIZED
                  00007900    00000022     driverlib.lib : F2802x_GlobalVariableDefs.obj (I2caRegsFile)

.ebss      1    00008800    0000044c     UNINITIALIZED
                  00008800    00000240     VoiceModule.obj (.ebss)
                  00008a40    00000160     rts2800_ml.lib : defs.obj (.ebss)
                  00008ba0    00000008                    : memory.obj (.ebss)
                  00008ba8    00000008                    : trgdrv.obj (.ebss)
                  00008bb0    00000005     WriteDac.obj (.ebss)
                  00008bb5    00000001     driverlib.lib : cpu.obj (.ebss)
                  00008bb6    00000004                   : sci_io.obj (.ebss)
                  00008bba    00000004     rts2800_ml.lib : _lock.obj (.ebss)
                  00008bbe    00000001                    : fopen.obj (.ebss)
                  00008bbf    00000001     --HOLE--
                  00008bc0    00000088                    : lowlev.obj (.ebss)
                  00008c48    00000004                    : exit.obj (.ebss)

.sysmem    1    00008c4c    00000200     UNINITIALIZED
                  00008c4c    00000001     rts2800_ml.lib : memory.obj (.sysmem)
                  00008c4d    000001ff     --HOLE--

PartIdRegsFile 
*          1    003d7fff    00000001     UNINITIALIZED
                  003d7fff    00000001     driverlib.lib : F2802x_GlobalVariableDefs.obj (PartIdRegsFile)

CsmPwlFile 
*          1    003f7ff8    00000008     UNINITIALIZED
                  003f7ff8    00000008     driverlib.lib : F2802x_GlobalVariableDefs.obj (CsmPwlFile)


GLOBAL DATA SYMBOLS: SORTED BY DATA PAGE

address     data page           name
--------    ----------------    ----
00000050       1 (00000040)     __stack

00000400      10 (00000400)     __CIOBUF_

00000880      22 (00000880)     _DevEmuRegs

00000985      26 (00000980)     _SysPwrCtrlRegs

00000a80      2a (00000a80)     _FlashRegs

00000ae0      2b (00000ac0)     _CsmRegs

00000b00      2c (00000b00)     _AdcResult

00000c00      30 (00000c00)     _CpuTimer0Regs
00000c08      30 (00000c00)     _CpuTimer1Regs
00000c10      30 (00000c00)     _CpuTimer2Regs

00000ce0      33 (00000cc0)     _PieCtrlRegs

00000d00      34 (00000d00)     _EmuKey
00000d00      34 (00000d00)     _PieVectTable
00000d01      34 (00000d00)     _EmuBMode
00000d02      34 (00000d00)     _Flash_CallbackPtr
00000d04      34 (00000d00)     _Flash_CPUScaleFactor

00006400     190 (00006400)     _Comp1Regs
00006420     190 (00006400)     _Comp2Regs

00006800     1a0 (00006800)     _EPwm1Regs

00006840     1a1 (00006840)     _EPwm2Regs

00006880     1a2 (00006880)     _EPwm3Regs

000068c0     1a3 (000068c0)     _EPwm4Regs

00006a00     1a8 (00006a00)     _ECap1Regs

00006f80     1be (00006f80)     _GpioCtrlRegs

00006fc0     1bf (00006fc0)     _GpioDataRegs
00006fe0     1bf (00006fc0)     _GpioIntRegs

00007010     1c0 (00007000)     _SysCtrlRegs

00007040     1c1 (00007040)     _SpiaRegs
00007050     1c1 (00007040)     _SciaRegs
00007060     1c1 (00007040)     _NmiIntruptRegs
00007070     1c1 (00007040)     _XIntruptRegs

00007100     1c4 (00007100)     _AdcRegs

00007900     1e4 (00007900)     _I2caRegs

00008801     220 (00008800)     _ConversionCount
00008804     220 (00008800)     _totalCount
00008806     220 (00008800)     _myFlash
00008808     220 (00008800)     _myGpio
0000880a     220 (00008800)     _myClk
0000880c     220 (00008800)     _myAdc
0000880e     220 (00008800)     _myCpu
00008810     220 (00008800)     _myPwm2
00008812     220 (00008800)     _mySci
00008814     220 (00008800)     _myPwm
00008816     220 (00008800)     _myPie
00008818     220 (00008800)     _epwm2_info

00008840     221 (00008840)     _frame

00008940     225 (00008940)     _voltage

00008a40     229 (00008a40)     ___TI_ft_end

00008a80     22a (00008a80)     __ftable

00008b00     22c (00008b00)     ___TI_tmpnams

00008bb0     22e (00008b80)     _MEP_ScaleFactor
00008bb5     22e (00008b80)     _cpu
00008bb6     22e (00008b80)     _deviceOpen
00008bb8     22e (00008b80)     _ioSci
00008bba     22e (00008b80)     __unlock
00008bbc     22e (00008b80)     __lock

00008c48     231 (00008c40)     ___TI_cleanup_ptr
00008c4a     231 (00008c40)     ___TI_dtors_ptr
00008c4c     231 (00008c40)     __sys_memory

003d7fff    f5ff (003d7fc0)     _PartIdRegs

003f6000    fd80 (003f6000)     __ctypes_

003f6102    fd84 (003f6100)     _PIE_tableDebugInit

003f6202    fd88 (003f6200)     _sine256Q15

003f7ff8    fdff (003f7fc0)     _CsmPwl


GLOBAL SYMBOLS: SORTED ALPHABETICALLY BY Name 

address    name
--------   ----
ffffffff   .text
003f2242   C$$EXIT
003f7856   C$$IO$$
003f776a   FD$$ADD
003f202b   FD$$CMP
003f7894   FD$$DIV
003f79a5   FD$$MPY
003f2494   FD$$NEG
003f23b0   FD$$SUB
003f20c7   FD$$TOI
003f2109   FD$$TOL
003f21f1   FS$$TOFD
003f2164   FS$$TOU
003f2055   L$$DIV
003f2064   L$$MOD
003f220d   L$$TOFD
003f2273   LL$$AND
003f2128   LL$$CMP
003f74bc   LL$$DIV
003f74f8   LL$$MOD
003f22b6   LL$$MPY
003f227b   LL$$OR
003f2283   LL$$XOR
003f2072   UL$$DIV
003f2079   UL$$MOD
003f213a   ULL$$CMP
003f7532   ULL$$DIV
003f7561   ULL$$MOD
003f2552   _ADCINT1_ISR
003f2557   _ADCINT2_ISR
003f255c   _ADCINT3_ISR
003f2561   _ADCINT4_ISR
003f2566   _ADCINT5_ISR
003f256b   _ADCINT6_ISR
003f2570   _ADCINT7_ISR
003f2575   _ADCINT8_ISR
003f257a   _ADCINT9_ISR
003f23e4   _ADC_enable
003f23ef   _ADC_enableBandGap
003f225b   _ADC_enableInt
003f23fa   _ADC_enableRefBuffers
003f249d   _ADC_init
003f2405   _ADC_powerUp
003f207f   _ADC_setIntMode
003f2316   _ADC_setIntPulseGenMode
003f20a3   _ADC_setIntSrc
003f2181   _ADC_setSocChanNumber
003f219d   _ADC_setSocSampleWindow
003f21b9   _ADC_setSocTrigSrc
003f2328   _ADC_setVoltRefSrc
00007100   _AdcRegs
00000b00   _AdcResult
003f24bd   _CLK_enableAdcClock
003f2443   _CLK_enablePwmClock
003f244c   _CLK_enableSciaClock
003f24c4   _CLK_enableTbClockSync
003f24cb   _CLK_init
003f24d2   _CLK_setClkOutPreScaler
003f24d9   _CLK_setOscSrc
003f2677   _CPU_clearIntFlags
003f267a   _CPU_disableGlobalInts
003f267d   _CPU_enableDebugInt
003f2680   _CPU_enableGlobalInts
003f7f7c   _CPU_enableInt
003f2647   _CPU_init
00006400   _Comp1Regs
00006420   _Comp2Regs
00008801   _ConversionCount
00000c00   _CpuTimer0Regs
00000c08   _CpuTimer1Regs
00000c10   _CpuTimer2Regs
003f7ff8   _CsmPwl
00000ae0   _CsmRegs
003f257f   _DATALOG_ISR
003f2357   _DSP28x_DisableInt
003f235b   _DSP28x_RestoreInt
00008000   _DSP28x_usDelay
00000880   _DevEmuRegs
003f2584   _ECAP1_INT_ISR
00006a00   _ECap1Regs
003f2589   _EMUINT_ISR
003f258e   _EPWM1_INT_ISR
003f2593   _EPWM1_TZINT_ISR
003f2598   _EPWM2_INT_ISR
003f259d   _EPWM2_TZINT_ISR
003f25a2   _EPWM3_INT_ISR
003f25a7   _EPWM3_TZINT_ISR
00006800   _EPwm1Regs
00006840   _EPwm2Regs
00006880   _EPwm3Regs
000068c0   _EPwm4Regs
00000d01   _EmuBMode
00000d00   _EmuKey
003f24e0   _FLASH_init
00000a80   _FlashRegs
00000d04   _Flash_CPUScaleFactor
00000d02   _Flash_CallbackPtr
003f2370   _GPIO_getData
003f24e7   _GPIO_init
003f7e1f   _GPIO_setDirection
003f22ca   _GPIO_setHigh
003f22dd   _GPIO_setLow
003f7d55   _GPIO_setMode
003f7e53   _GPIO_setPullUp
003f2000   _GPIO_setQualification
00006f80   _GpioCtrlRegs
00006fc0   _GpioDataRegs
00006fe0   _GpioIntRegs
003f72bf   _HOSTclock
003f7298   _HOSTclose
003f726e   _HOSTgetenv
003f7227   _HOSTlseek
003f71f0   _HOSTopen
003f71ba   _HOSTread
003f717c   _HOSTrename
003f7152   _HOSTtime
003f712d   _HOSTunlink
003f70f7   _HOSTwrite
003f25ac   _I2CINT1A_ISR
003f25b1   _I2CINT2A_ISR
00007900   _I2caRegs
003f25b6   _ILLEGAL_ISR
003f25bb   _INT13_ISR
003f25c0   _INT14_ISR
003f791f   _InitEPwm2
00008bb0   _MEP_ScaleFactor
003f25c5   _NMI_ISR
00007060   _NmiIntruptRegs
003f25ca   _PIE_RESERVED
003f2683   _PIE_disable
003f2392   _PIE_disableAllInts
003f2686   _PIE_enable
003f233a   _PIE_enableAdcInt
003f24a5   _PIE_init
003f23a1   _PIE_registerPieIntHandler
003f2381   _PIE_setDebugIntVectorTable
003f6102   _PIE_tableDebugInit
003f2689   _PLL_getClkStatus
003f268c   _PLL_getLockStatus
003f24ee   _PLL_init
003f24f5   _PLL_setDivider
003f2534   _PLL_setMultiplier
003f22a1   _PLL_setup
003f268f   _PWM_disableCounterLoad
003f264b   _PWM_enableInt
003f264f   _PWM_enableSocAPulse
003f24fc   _PWM_init
003f2455   _PWM_setActionQual_CntDown_CmpB_PwmA
003f245e   _PWM_setActionQual_CntUp_CmpA_PwmA
003f2467   _PWM_setActionQual_Period_PwmB
003f2503   _PWM_setActionQual_Zero_PwmB
003f2653   _PWM_setClkDiv
003f26aa   _PWM_setCount
003f2657   _PWM_setCounterMode
003f265b   _PWM_setHighSpeedClkDiv
003f250a   _PWM_setIntMode
003f2511   _PWM_setIntPeriod
003f265f   _PWM_setLoadMode_CmpA
003f253a   _PWM_setLoadMode_CmpB
003f26ac   _PWM_setPeriod
003f26ae   _PWM_setPhase
003f2540   _PWM_setShadowMode_CmpA
003f2546   _PWM_setShadowMode_CmpB
003f2470   _PWM_setSocAPeriod
003f2479   _PWM_setSocAPulseSrc
003d7fff   _PartIdRegs
00000ce0   _PieCtrlRegs
00000d00   _PieVectTable
003f25cf   _RTOSINT_ISR
00000004   _RamfuncsLoadSize
003f6354   _RamfuncsLoadStart
00008000   _RamfuncsRunStart
003f25d4   _SCIRXINTA_ISR
003f25d9   _SCITXINTA_ISR
003f2663   _SCI_clearRxFifoInt
003f2667   _SCI_clearTxFifoInt
003f23d8   _SCI_close
003f2692   _SCI_disableParity
003f2695   _SCI_enable
003f266b   _SCI_enableFifoEnh
003f2698   _SCI_enableRx
003f269b   _SCI_enableRxInt
003f269e   _SCI_enableTx
003f26a1   _SCI_enableTxInt
003f2518   _SCI_init
003f26b0   _SCI_lseek
003f22f0   _SCI_open
003f2482   _SCI_putDataBlocking
003f2303   _SCI_read
003f26b2   _SCI_rename
003f241b   _SCI_resetChannels
003f2425   _SCI_resetRxFifo
003f242f   _SCI_resetTxFifo
003f254c   _SCI_setBaudRate
003f266f   _SCI_setCharLength
003f2673   _SCI_setNumStopBits
003f26a4   _SCI_setPriority
003f251f   _SCI_setRxFifoIntLevel
003f2526   _SCI_setTxFifoIntLevel
003f26b4   _SCI_unlink
003f21d5   _SCI_write
003f25de   _SPIRXINTA_ISR
003f25e3   _SPITXINTA_ISR
00007050   _SciaRegs
00007040   _SpiaRegs
00007010   _SysCtrlRegs
00000985   _SysPwrCtrlRegs
003f25e8   _TINT0_ISR
003f25ed   _USER10_ISR
003f25f2   _USER11_ISR
003f25f7   _USER12_ISR
003f25fc   _USER1_ISR
003f2601   _USER2_ISR
003f2606   _USER3_ISR
003f260b   _USER4_ISR
003f2610   _USER5_ISR
003f2615   _USER6_ISR
003f261a   _USER7_ISR
003f261f   _USER8_ISR
003f2624   _USER9_ISR
003f2629   _WAKEINT_ISR
003f24ad   _WDOG_disable
003f252d   _WDOG_init
003f7e87   _WriteDac
003f262e   _XINT1_ISR
003f2633   _XINT2_ISR
003f2638   _XINT3_ISR
00007070   _XIntruptRegs
00000400   __CIOBUF_
00000350   __STACK_END
00000300   __STACK_SIZE
00000200   __SYSMEM_SIZE
00000001   __TI_args_main
003f763b   ___TI_cleanup
00008c48   ___TI_cleanup_ptr
003f7caa   ___TI_closefile
003f7b0f   ___TI_doflush
00008c4a   ___TI_dtors_ptr
00008a40   ___TI_ft_end
003f6b96   ___TI_printfi
003f7c7f   ___TI_rd_ok
003f785a   ___TI_readmsg
00008b00   ___TI_tmpnams
003f7806   ___TI_writemsg
003f7c45   ___TI_wrt_ok
ffffffff   ___binit__
ffffffff   ___c_args__
003f26b6   ___cinit__
ffffffff   ___etext__
003f20e8   ___memcpy_ff
ffffffff   ___pinit__
ffffffff   ___text__
003f2229   __args_main
003f6000   __ctypes_
00008a80   __ftable
00008bbc   __lock
003f2493   __nop
003f248f   __register_lock
003f248b   __register_unlock
00000050   __stack
00008c4c   __sys_memory
00008bba   __unlock
003f2242   _abort
003f7be0   _adc_isr
003f708b   _add_device
003f7f1f   _atoi
003f7d9e   _c_int00
003f74a4   _calloc
003f74a2   _chkheap
003f7059   _close
00008bb5   _cpu
00008bb6   _deviceOpen
00008818   _epwm2_info
003f7ebb   _epwm2_isr
003f2244   _exit
003f7cec   _fclose
003f7b3e   _fflush
003f76a8   _fopen
003f7d05   _fputc
003f76c2   _fputs
00008840   _frame
003f72e9   _free
003f7486   _free_memory
003f7658   _freopen
003f7de2   _fseek
003f228b   _fullFrame
00008bb8   _ioSci
003f7041   _lseek
003f7f50   _ltoa
003f6c88   _main
003f7352   _malloc
003f7466   _max_free
003f23be   _memccpy
003f235e   _memchr
003f23cb   _memset
003f732e   _minit
0000880c   _myAdc
0000880a   _myClk
0000880e   _myCpu
00008806   _myFlash
00008808   _myGpio
00008816   _myPie
00008814   _myPwm
00008810   _myPwm2
00008812   _mySci
003f6fcf   _open
003f7ef3   _printf
003f7d05   _putc
003f7d50   _putchar
003f7758   _puts
003f6fb7   _read
003f73b2   _realloc
003f26a7   _remove
003f6f9d   _remove_device
003f6f74   _rename
003f263d   _rsvd_ISR
003f7b7a   _scia_init
003f2354   _setDBGIER
003f7a28   _setvbuf
003f6202   _sine256Q15
003f2410   _strchr
003f2439   _strcmp
003f2642   _strcpy
003f24b5   _strlen
003f2146   _strncpy
00008804   _totalCount
003f6f5c   _unlink
003f7aa1   _update_compare
00008940   _voltage
003f6ef6   _write
ffffffff   binit
003f26b6   cinit
003f7ff6   code_start
ffffffff   etext
ffffffff   pinit


GLOBAL SYMBOLS: SORTED BY Symbol Address 

address    name
--------   ----
00000001   __TI_args_main
00000004   _RamfuncsLoadSize
00000050   __stack
00000200   __SYSMEM_SIZE
00000300   __STACK_SIZE
00000350   __STACK_END
00000400   __CIOBUF_
00000880   _DevEmuRegs
00000985   _SysPwrCtrlRegs
00000a80   _FlashRegs
00000ae0   _CsmRegs
00000b00   _AdcResult
00000c00   _CpuTimer0Regs
00000c08   _CpuTimer1Regs
00000c10   _CpuTimer2Regs
00000ce0   _PieCtrlRegs
00000d00   _EmuKey
00000d00   _PieVectTable
00000d01   _EmuBMode
00000d02   _Flash_CallbackPtr
00000d04   _Flash_CPUScaleFactor
00006400   _Comp1Regs
00006420   _Comp2Regs
00006800   _EPwm1Regs
00006840   _EPwm2Regs
00006880   _EPwm3Regs
000068c0   _EPwm4Regs
00006a00   _ECap1Regs
00006f80   _GpioCtrlRegs
00006fc0   _GpioDataRegs
00006fe0   _GpioIntRegs
00007010   _SysCtrlRegs
00007040   _SpiaRegs
00007050   _SciaRegs
00007060   _NmiIntruptRegs
00007070   _XIntruptRegs
00007100   _AdcRegs
00007900   _I2caRegs
00008000   _DSP28x_usDelay
00008000   _RamfuncsRunStart
00008801   _ConversionCount
00008804   _totalCount
00008806   _myFlash
00008808   _myGpio
0000880a   _myClk
0000880c   _myAdc
0000880e   _myCpu
00008810   _myPwm2
00008812   _mySci
00008814   _myPwm
00008816   _myPie
00008818   _epwm2_info
00008840   _frame
00008940   _voltage
00008a40   ___TI_ft_end
00008a80   __ftable
00008b00   ___TI_tmpnams
00008bb0   _MEP_ScaleFactor
00008bb5   _cpu
00008bb6   _deviceOpen
00008bb8   _ioSci
00008bba   __unlock
00008bbc   __lock
00008c48   ___TI_cleanup_ptr
00008c4a   ___TI_dtors_ptr
00008c4c   __sys_memory
003d7fff   _PartIdRegs
003f2000   _GPIO_setQualification
003f202b   FD$$CMP
003f2055   L$$DIV
003f2064   L$$MOD
003f2072   UL$$DIV
003f2079   UL$$MOD
003f207f   _ADC_setIntMode
003f20a3   _ADC_setIntSrc
003f20c7   FD$$TOI
003f20e8   ___memcpy_ff
003f2109   FD$$TOL
003f2128   LL$$CMP
003f213a   ULL$$CMP
003f2146   _strncpy
003f2164   FS$$TOU
003f2181   _ADC_setSocChanNumber
003f219d   _ADC_setSocSampleWindow
003f21b9   _ADC_setSocTrigSrc
003f21d5   _SCI_write
003f21f1   FS$$TOFD
003f220d   L$$TOFD
003f2229   __args_main
003f2242   C$$EXIT
003f2242   _abort
003f2244   _exit
003f225b   _ADC_enableInt
003f2273   LL$$AND
003f227b   LL$$OR
003f2283   LL$$XOR
003f228b   _fullFrame
003f22a1   _PLL_setup
003f22b6   LL$$MPY
003f22ca   _GPIO_setHigh
003f22dd   _GPIO_setLow
003f22f0   _SCI_open
003f2303   _SCI_read
003f2316   _ADC_setIntPulseGenMode
003f2328   _ADC_setVoltRefSrc
003f233a   _PIE_enableAdcInt
003f2354   _setDBGIER
003f2357   _DSP28x_DisableInt
003f235b   _DSP28x_RestoreInt
003f235e   _memchr
003f2370   _GPIO_getData
003f2381   _PIE_setDebugIntVectorTable
003f2392   _PIE_disableAllInts
003f23a1   _PIE_registerPieIntHandler
003f23b0   FD$$SUB
003f23be   _memccpy
003f23cb   _memset
003f23d8   _SCI_close
003f23e4   _ADC_enable
003f23ef   _ADC_enableBandGap
003f23fa   _ADC_enableRefBuffers
003f2405   _ADC_powerUp
003f2410   _strchr
003f241b   _SCI_resetChannels
003f2425   _SCI_resetRxFifo
003f242f   _SCI_resetTxFifo
003f2439   _strcmp
003f2443   _CLK_enablePwmClock
003f244c   _CLK_enableSciaClock
003f2455   _PWM_setActionQual_CntDown_CmpB_PwmA
003f245e   _PWM_setActionQual_CntUp_CmpA_PwmA
003f2467   _PWM_setActionQual_Period_PwmB
003f2470   _PWM_setSocAPeriod
003f2479   _PWM_setSocAPulseSrc
003f2482   _SCI_putDataBlocking
003f248b   __register_unlock
003f248f   __register_lock
003f2493   __nop
003f2494   FD$$NEG
003f249d   _ADC_init
003f24a5   _PIE_init
003f24ad   _WDOG_disable
003f24b5   _strlen
003f24bd   _CLK_enableAdcClock
003f24c4   _CLK_enableTbClockSync
003f24cb   _CLK_init
003f24d2   _CLK_setClkOutPreScaler
003f24d9   _CLK_setOscSrc
003f24e0   _FLASH_init
003f24e7   _GPIO_init
003f24ee   _PLL_init
003f24f5   _PLL_setDivider
003f24fc   _PWM_init
003f2503   _PWM_setActionQual_Zero_PwmB
003f250a   _PWM_setIntMode
003f2511   _PWM_setIntPeriod
003f2518   _SCI_init
003f251f   _SCI_setRxFifoIntLevel
003f2526   _SCI_setTxFifoIntLevel
003f252d   _WDOG_init
003f2534   _PLL_setMultiplier
003f253a   _PWM_setLoadMode_CmpB
003f2540   _PWM_setShadowMode_CmpA
003f2546   _PWM_setShadowMode_CmpB
003f254c   _SCI_setBaudRate
003f2552   _ADCINT1_ISR
003f2557   _ADCINT2_ISR
003f255c   _ADCINT3_ISR
003f2561   _ADCINT4_ISR
003f2566   _ADCINT5_ISR
003f256b   _ADCINT6_ISR
003f2570   _ADCINT7_ISR
003f2575   _ADCINT8_ISR
003f257a   _ADCINT9_ISR
003f257f   _DATALOG_ISR
003f2584   _ECAP1_INT_ISR
003f2589   _EMUINT_ISR
003f258e   _EPWM1_INT_ISR
003f2593   _EPWM1_TZINT_ISR
003f2598   _EPWM2_INT_ISR
003f259d   _EPWM2_TZINT_ISR
003f25a2   _EPWM3_INT_ISR
003f25a7   _EPWM3_TZINT_ISR
003f25ac   _I2CINT1A_ISR
003f25b1   _I2CINT2A_ISR
003f25b6   _ILLEGAL_ISR
003f25bb   _INT13_ISR
003f25c0   _INT14_ISR
003f25c5   _NMI_ISR
003f25ca   _PIE_RESERVED
003f25cf   _RTOSINT_ISR
003f25d4   _SCIRXINTA_ISR
003f25d9   _SCITXINTA_ISR
003f25de   _SPIRXINTA_ISR
003f25e3   _SPITXINTA_ISR
003f25e8   _TINT0_ISR
003f25ed   _USER10_ISR
003f25f2   _USER11_ISR
003f25f7   _USER12_ISR
003f25fc   _USER1_ISR
003f2601   _USER2_ISR
003f2606   _USER3_ISR
003f260b   _USER4_ISR
003f2610   _USER5_ISR
003f2615   _USER6_ISR
003f261a   _USER7_ISR
003f261f   _USER8_ISR
003f2624   _USER9_ISR
003f2629   _WAKEINT_ISR
003f262e   _XINT1_ISR
003f2633   _XINT2_ISR
003f2638   _XINT3_ISR
003f263d   _rsvd_ISR
003f2642   _strcpy
003f2647   _CPU_init
003f264b   _PWM_enableInt
003f264f   _PWM_enableSocAPulse
003f2653   _PWM_setClkDiv
003f2657   _PWM_setCounterMode
003f265b   _PWM_setHighSpeedClkDiv
003f265f   _PWM_setLoadMode_CmpA
003f2663   _SCI_clearRxFifoInt
003f2667   _SCI_clearTxFifoInt
003f266b   _SCI_enableFifoEnh
003f266f   _SCI_setCharLength
003f2673   _SCI_setNumStopBits
003f2677   _CPU_clearIntFlags
003f267a   _CPU_disableGlobalInts
003f267d   _CPU_enableDebugInt
003f2680   _CPU_enableGlobalInts
003f2683   _PIE_disable
003f2686   _PIE_enable
003f2689   _PLL_getClkStatus
003f268c   _PLL_getLockStatus
003f268f   _PWM_disableCounterLoad
003f2692   _SCI_disableParity
003f2695   _SCI_enable
003f2698   _SCI_enableRx
003f269b   _SCI_enableRxInt
003f269e   _SCI_enableTx
003f26a1   _SCI_enableTxInt
003f26a4   _SCI_setPriority
003f26a7   _remove
003f26aa   _PWM_setCount
003f26ac   _PWM_setPeriod
003f26ae   _PWM_setPhase
003f26b0   _SCI_lseek
003f26b2   _SCI_rename
003f26b4   _SCI_unlink
003f26b6   ___cinit__
003f26b6   cinit
003f6000   __ctypes_
003f6102   _PIE_tableDebugInit
003f6202   _sine256Q15
003f6354   _RamfuncsLoadStart
003f6b96   ___TI_printfi
003f6c88   _main
003f6ef6   _write
003f6f5c   _unlink
003f6f74   _rename
003f6f9d   _remove_device
003f6fb7   _read
003f6fcf   _open
003f7041   _lseek
003f7059   _close
003f708b   _add_device
003f70f7   _HOSTwrite
003f712d   _HOSTunlink
003f7152   _HOSTtime
003f717c   _HOSTrename
003f71ba   _HOSTread
003f71f0   _HOSTopen
003f7227   _HOSTlseek
003f726e   _HOSTgetenv
003f7298   _HOSTclose
003f72bf   _HOSTclock
003f72e9   _free
003f732e   _minit
003f7352   _malloc
003f73b2   _realloc
003f7466   _max_free
003f7486   _free_memory
003f74a2   _chkheap
003f74a4   _calloc
003f74bc   LL$$DIV
003f74f8   LL$$MOD
003f7532   ULL$$DIV
003f7561   ULL$$MOD
003f763b   ___TI_cleanup
003f7658   _freopen
003f76a8   _fopen
003f76c2   _fputs
003f7758   _puts
003f776a   FD$$ADD
003f7806   ___TI_writemsg
003f7856   C$$IO$$
003f785a   ___TI_readmsg
003f7894   FD$$DIV
003f791f   _InitEPwm2
003f79a5   FD$$MPY
003f7a28   _setvbuf
003f7aa1   _update_compare
003f7b0f   ___TI_doflush
003f7b3e   _fflush
003f7b7a   _scia_init
003f7be0   _adc_isr
003f7c45   ___TI_wrt_ok
003f7c7f   ___TI_rd_ok
003f7caa   ___TI_closefile
003f7cec   _fclose
003f7d05   _fputc
003f7d05   _putc
003f7d50   _putchar
003f7d55   _GPIO_setMode
003f7d9e   _c_int00
003f7de2   _fseek
003f7e1f   _GPIO_setDirection
003f7e53   _GPIO_setPullUp
003f7e87   _WriteDac
003f7ebb   _epwm2_isr
003f7ef3   _printf
003f7f1f   _atoi
003f7f50   _ltoa
003f7f7c   _CPU_enableInt
003f7ff6   code_start
003f7ff8   _CsmPwl
ffffffff   .text
ffffffff   ___binit__
ffffffff   ___c_args__
ffffffff   ___etext__
ffffffff   ___pinit__
ffffffff   ___text__
ffffffff   binit
ffffffff   etext
ffffffff   pinit

[335 symbols]
