******************************************************************************
             TMS320C2000 Linker PC v6.2.8                      
******************************************************************************
>> Linked Sat Nov 22 16:50:15 2014

OUTPUT FILE NAME:   <VoiceModule.out>
ENTRY POINT SYMBOL: "code_start"  address: 003f7ff6


MEMORY CONFIGURATION

         name            origin    length      used     unused   attr    fill
----------------------  --------  ---------  --------  --------  ----  --------
PAGE 0:
  PRAML0                00008000   00000800  00000004  000007fc  RWIX
  OTP                   003d7800   00000400  00000000  00000400  RWIX
  FLASHD                003f0000   00002000  00000000  00002000  RWIX
  FLASHC                003f2000   00002000  00000000  00002000  RWIX
  FLASHA                003f6000   00001f80  000014e7  00000a99  RWIX
  CSM_RSVD              003f7f80   00000076  00000076  00000000  RWIX
  BEGIN                 003f7ff6   00000002  00000002  00000000  RWIX
  CSM_PWL_P0            003f7ff8   00000008  00000008  00000000  RWIX
  IQTABLES              003fe000   00000b50  00000000  00000b50  RWIX
  IQTABLES2             003feb50   0000008c  00000000  0000008c  RWIX
  IQTABLES3             003febdc   000000aa  00000000  000000aa  RWIX
  ROM                   003ff27c   00000d44  00000000  00000d44  RWIX
  RESET                 003fffc0   00000002  00000000  00000002  RWIX
  VECTORS               003fffc2   0000003e  00000000  0000003e  RWIX

PAGE 1:
  BOOT_RSVD             00000000   00000050  00000000  00000050  RWIX
  RAMM0                 00000050   000003b0  00000300  000000b0  RWIX
  RAMM1                 00000400   00000400  00000120  000002e0  RWIX
  DEV_EMU               00000880   00000105  00000000  00000105  RWIX
  SYS_PWR_CTL           00000985   00000003  00000000  00000003  RWIX
  FLASH_REGS            00000a80   00000060  00000000  00000060  RWIX
  CSM                   00000ae0   00000010  00000000  00000010  RWIX
  ADC_RESULT            00000b00   00000020  00000000  00000020  RWIX
  CPU_TIMER0            00000c00   00000008  00000000  00000008  RWIX
  CPU_TIMER1            00000c08   00000008  00000000  00000008  RWIX
  CPU_TIMER2            00000c10   00000008  00000000  00000008  RWIX
  PIE_CTRL              00000ce0   00000020  00000000  00000020  RWIX
  PIE_VECT              00000d00   00000100  00000000  00000100  RWIX
  COMP1                 00006400   00000020  00000000  00000020  RWIX
  COMP2                 00006420   00000020  00000000  00000020  RWIX
  EPWM1                 00006800   00000040  00000000  00000040  RWIX
  EPWM2                 00006840   00000040  00000000  00000040  RWIX
  EPWM3                 00006880   00000040  00000000  00000040  RWIX
  EPWM4                 000068c0   00000040  00000000  00000040  RWIX
  ECAP1                 00006a00   00000020  00000000  00000020  RWIX
  GPIOCTRL              00006f80   00000040  00000000  00000040  RWIX
  GPIODAT               00006fc0   00000020  00000000  00000020  RWIX
  GPIOINT               00006fe0   00000020  00000000  00000020  RWIX
  SYSTEM                00007010   00000020  00000000  00000020  RWIX
  SPIA                  00007040   00000010  00000000  00000010  RWIX
  SCIA                  00007050   00000010  00000000  00000010  RWIX
  NMIINTRUPT            00007060   00000010  00000000  00000010  RWIX
  XINTRUPT              00007070   00000010  00000000  00000010  RWIX
  ADC                   00007100   00000080  00000000  00000080  RWIX
  I2CA                  00007900   00000040  00000000  00000040  RWIX
  DRAML0                00008800   00000800  000005c8  00000238  RWIX
  PARTID                003d7fff   00000001  00000000  00000001  RWIX
  FLASHB                003f4000   00002000  00000000  00002000  RWIX
  CSM_PWL               003f7ff8   00000008  00000000  00000008  RWIX


SECTION ALLOCATION MAP

 output                                  attributes/
section   page    origin      length       input sections
--------  ----  ----------  ----------   ----------------
.pinit     0    003f6000    00000000     UNINITIALIZED

.econst    0    003f6000    0000016c     
                  003f6000    00000100     driverlib.lib : pie.obj (.econst:_PIE_tableDebugInit)
                  003f6100    00000057     VoiceModule.obj (.econst:_wavFile3)
                  003f6157    00000001     --HOLE-- [fill = 0]
                  003f6158    0000000e     VoiceModule.obj (.econst:.string)
                  003f6166    00000006     VoiceModule.obj (.econst)

ramfuncs   0    003f616c    00000004     RUN ADDR = 00008000
                  003f616c    00000004     driverlib.lib : F2802x_asmfuncs.obj (ramfuncs)

.text      0    003f6170    000012ea     
                  003f6170    00000267     VoiceModule.obj (.text:_main)
                  003f63d7    00000201     rts2800_ml.lib : lowlev.obj (.text)
                  003f65d8    000001f2                    : trgdrv.obj (.text)
                  003f67ca    000001d3                    : memory.obj (.text)
                  003f699d    000000ff                    : fopen.obj (.text)
                  003f6a9c    00000090     VoiceModule.obj (.text:_InitEPwm2)
                  003f6b2c    0000008e     rts2800_ml.lib : ankmsg.obj (.text)
                  003f6bba    00000083                    : fs_div.obj (.text)
                  003f6c3d    00000079                    : setvbuf.obj (.text)
                  003f6cb6    0000006b                    : fflush.obj (.text)
                  003f6d21    0000005b                    : fclose.obj (.text)
                  003f6d7c    0000005a                    : fs_mpy.obj (.text)
                  003f6dd6    0000004b     VoiceModule.obj (.text:_adc_isr)
                  003f6e21    00000049     driverlib.lib : gpio.obj (.text:_GPIO_setMode)
                  003f6e6a    00000044     rts2800_ml.lib : boot.obj (.text)
                  003f6eae    00000034     driverlib.lib : gpio.obj (.text:_GPIO_setDirection)
                  003f6ee2    00000034                   : gpio.obj (.text:_GPIO_setPullUp)
                  003f6f16    0000002b                   : gpio.obj (.text:_GPIO_setQualification)
                  003f6f41    00000025     rts2800_ml.lib : fs_toi.obj (.text)
                  003f6f66    00000024     driverlib.lib : adc.obj (.text:_ADC_setIntMode)
                  003f6f8a    00000024                   : adc.obj (.text:_ADC_setIntSrc)
                  003f6fae    00000021     rts2800_ml.lib : memcpy_ff.obj (.text)
                  003f6fcf    0000001f     VoiceModule.obj (.text:_epwm2_isr)
                  003f6fee    0000001e     rts2800_ml.lib : strncpy.obj (.text)
                  003f700c    0000001d     VoiceModule.obj (.text:_calculate_duty_cycle)
                  003f7029    0000001d     rts2800_ml.lib : fs_tou.obj (.text)
                  003f7046    0000001c     driverlib.lib : adc.obj (.text:_ADC_setSocChanNumber)
                  003f7062    0000001c                   : adc.obj (.text:_ADC_setSocSampleWindow)
                  003f707e    0000001c                   : adc.obj (.text:_ADC_setSocTrigSrc)
                  003f709a    0000001c                   : sci_io.obj (.text:_SCI_write)
                  003f70b6    0000001a     rts2800_ml.lib : i_tofs.obj (.text)
                  003f70d0    00000019                    : args_main.obj (.text)
                  003f70e9    00000019                    : exit.obj (.text)
                  003f7102    00000018     driverlib.lib : adc.obj (.text:_ADC_enableInt)
                  003f711a    00000015                   : pll.obj (.text:_PLL_setup)
                  003f712f    00000013                   : sci_io.obj (.text:_SCI_open)
                  003f7142    00000013                   : sci_io.obj (.text:_SCI_read)
                  003f7155    00000012                   : adc.obj (.text:_ADC_setIntPulseGenMode)
                  003f7167    00000012                   : adc.obj (.text:_ADC_setVoltRefSrc)
                  003f7179    00000012                   : pie.obj (.text:_PIE_enableAdcInt)
                  003f718b    00000012                   : F2802x_asmfuncs.obj (.text)
                  003f719d    00000011                   : pie.obj (.text:_PIE_setDebugIntVectorTable)
                  003f71ae    00000011     VoiceModule.obj (.text:_update_compare)
                  003f71bf    00000010     rts2800_ml.lib : u_tofs.obj (.text)
                  003f71cf    0000000f     driverlib.lib : pie.obj (.text:_PIE_disableAllInts)
                  003f71de    0000000f                   : pie.obj (.text:_PIE_registerPieIntHandler)
                  003f71ed    0000000d                   : pie.obj (.text:_PIE_enablePwmInt)
                  003f71fa    0000000c                   : sci_io.obj (.text:_SCI_close)
                  003f7206    0000000b                   : adc.obj (.text:_ADC_enable)
                  003f7211    0000000b                   : adc.obj (.text:_ADC_enableBandGap)
                  003f721c    0000000b                   : adc.obj (.text:_ADC_enableRefBuffers)
                  003f7227    0000000b                   : adc.obj (.text:_ADC_powerUp)
                  003f7232    0000000b     rts2800_ml.lib : strchr.obj (.text)
                  003f723d    0000000a                    : strcmp.obj (.text)
                  003f7247    00000009     driverlib.lib : clk.obj (.text:_CLK_enablePwmClock)
                  003f7250    00000009                   : pwm.obj (.text:_PWM_setActionQual_CntUp_CmpB_PwmB)
                  003f7259    00000009                   : pwm.obj (.text:_PWM_setSocAPeriod)
                  003f7262    00000009                   : pwm.obj (.text:_PWM_setSocAPulseSrc)
                  003f726b    00000009                   : sci.obj (.text:_SCI_putDataBlocking)
                  003f7274    00000009     rts2800_ml.lib : _lock.obj (.text)
                  003f727d    00000008     driverlib.lib : adc.obj (.text:_ADC_init)
                  003f7285    00000008                   : pie.obj (.text:_PIE_init)
                  003f728d    00000008                   : wdog.obj (.text:_WDOG_disable)
                  003f7295    00000008     rts2800_ml.lib : strlen.obj (.text)
                  003f729d    00000007     driverlib.lib : clk.obj (.text:_CLK_disableTbClockSync)
                  003f72a4    00000007                   : clk.obj (.text:_CLK_enableAdcClock)
                  003f72ab    00000007                   : clk.obj (.text:_CLK_enableTbClockSync)
                  003f72b2    00000007                   : clk.obj (.text:_CLK_init)
                  003f72b9    00000007                   : clk.obj (.text:_CLK_setClkOutPreScaler)
                  003f72c0    00000007                   : clk.obj (.text:_CLK_setOscSrc)
                  003f72c7    00000007                   : flash.obj (.text:_FLASH_init)
                  003f72ce    00000007                   : gpio.obj (.text:_GPIO_init)
                  003f72d5    00000007                   : pll.obj (.text:_PLL_init)
                  003f72dc    00000007                   : pll.obj (.text:_PLL_setDivider)
                  003f72e3    00000007                   : pwm.obj (.text:_PWM_init)
                  003f72ea    00000007                   : pwm.obj (.text:_PWM_setActionQual_Zero_PwmB)
                  003f72f1    00000007                   : pwm.obj (.text:_PWM_setIntMode)
                  003f72f8    00000007                   : pwm.obj (.text:_PWM_setIntPeriod)
                  003f72ff    00000007                   : sci.obj (.text:_SCI_init)
                  003f7306    00000007                   : wdog.obj (.text:_WDOG_init)
                  003f730d    00000006                   : pll.obj (.text:_PLL_setMultiplier)
                  003f7313    00000006                   : pwm.obj (.text:_PWM_setLoadMode_CmpB)
                  003f7319    00000006                   : pwm.obj (.text:_PWM_setShadowMode_CmpB)
                  003f731f    00000005                   : F2802x_DefaultIsr.obj (.text:_ADCINT1_ISR)
                  003f7324    00000005                   : F2802x_DefaultIsr.obj (.text:_ADCINT2_ISR)
                  003f7329    00000005                   : F2802x_DefaultIsr.obj (.text:_ADCINT3_ISR)
                  003f732e    00000005                   : F2802x_DefaultIsr.obj (.text:_ADCINT4_ISR)
                  003f7333    00000005                   : F2802x_DefaultIsr.obj (.text:_ADCINT5_ISR)
                  003f7338    00000005                   : F2802x_DefaultIsr.obj (.text:_ADCINT6_ISR)
                  003f733d    00000005                   : F2802x_DefaultIsr.obj (.text:_ADCINT7_ISR)
                  003f7342    00000005                   : F2802x_DefaultIsr.obj (.text:_ADCINT8_ISR)
                  003f7347    00000005                   : F2802x_DefaultIsr.obj (.text:_ADCINT9_ISR)
                  003f734c    00000005                   : F2802x_DefaultIsr.obj (.text:_DATALOG_ISR)
                  003f7351    00000005                   : F2802x_DefaultIsr.obj (.text:_ECAP1_INT_ISR)
                  003f7356    00000005                   : F2802x_DefaultIsr.obj (.text:_EMUINT_ISR)
                  003f735b    00000005                   : F2802x_DefaultIsr.obj (.text:_EPWM1_INT_ISR)
                  003f7360    00000005                   : F2802x_DefaultIsr.obj (.text:_EPWM1_TZINT_ISR)
                  003f7365    00000005                   : F2802x_DefaultIsr.obj (.text:_EPWM2_INT_ISR)
                  003f736a    00000005                   : F2802x_DefaultIsr.obj (.text:_EPWM2_TZINT_ISR)
                  003f736f    00000005                   : F2802x_DefaultIsr.obj (.text:_EPWM3_INT_ISR)
                  003f7374    00000005                   : F2802x_DefaultIsr.obj (.text:_EPWM3_TZINT_ISR)
                  003f7379    00000005                   : F2802x_DefaultIsr.obj (.text:_I2CINT1A_ISR)
                  003f737e    00000005                   : F2802x_DefaultIsr.obj (.text:_I2CINT2A_ISR)
                  003f7383    00000005                   : F2802x_DefaultIsr.obj (.text:_ILLEGAL_ISR)
                  003f7388    00000005                   : F2802x_DefaultIsr.obj (.text:_INT13_ISR)
                  003f738d    00000005                   : F2802x_DefaultIsr.obj (.text:_INT14_ISR)
                  003f7392    00000005                   : F2802x_DefaultIsr.obj (.text:_NMI_ISR)
                  003f7397    00000005                   : F2802x_DefaultIsr.obj (.text:_PIE_RESERVED)
                  003f739c    00000005                   : F2802x_DefaultIsr.obj (.text:_RTOSINT_ISR)
                  003f73a1    00000005                   : F2802x_DefaultIsr.obj (.text:_SCIRXINTA_ISR)
                  003f73a6    00000005                   : F2802x_DefaultIsr.obj (.text:_SCITXINTA_ISR)
                  003f73ab    00000005                   : F2802x_DefaultIsr.obj (.text:_SPIRXINTA_ISR)
                  003f73b0    00000005                   : F2802x_DefaultIsr.obj (.text:_SPITXINTA_ISR)
                  003f73b5    00000005                   : F2802x_DefaultIsr.obj (.text:_TINT0_ISR)
                  003f73ba    00000005                   : F2802x_DefaultIsr.obj (.text:_USER10_ISR)
                  003f73bf    00000005                   : F2802x_DefaultIsr.obj (.text:_USER11_ISR)
                  003f73c4    00000005                   : F2802x_DefaultIsr.obj (.text:_USER12_ISR)
                  003f73c9    00000005                   : F2802x_DefaultIsr.obj (.text:_USER1_ISR)
                  003f73ce    00000005                   : F2802x_DefaultIsr.obj (.text:_USER2_ISR)
                  003f73d3    00000005                   : F2802x_DefaultIsr.obj (.text:_USER3_ISR)
                  003f73d8    00000005                   : F2802x_DefaultIsr.obj (.text:_USER4_ISR)
                  003f73dd    00000005                   : F2802x_DefaultIsr.obj (.text:_USER5_ISR)
                  003f73e2    00000005                   : F2802x_DefaultIsr.obj (.text:_USER6_ISR)
                  003f73e7    00000005                   : F2802x_DefaultIsr.obj (.text:_USER7_ISR)
                  003f73ec    00000005                   : F2802x_DefaultIsr.obj (.text:_USER8_ISR)
                  003f73f1    00000005                   : F2802x_DefaultIsr.obj (.text:_USER9_ISR)
                  003f73f6    00000005                   : F2802x_DefaultIsr.obj (.text:_WAKEINT_ISR)
                  003f73fb    00000005                   : F2802x_DefaultIsr.obj (.text:_XINT1_ISR)
                  003f7400    00000005                   : F2802x_DefaultIsr.obj (.text:_XINT2_ISR)
                  003f7405    00000005                   : F2802x_DefaultIsr.obj (.text:_XINT3_ISR)
                  003f740a    00000005                   : F2802x_DefaultIsr.obj (.text:_rsvd_ISR)
                  003f740f    00000005     rts2800_ml.lib : strcpy.obj (.text)
                  003f7414    00000004     driverlib.lib : cpu.obj (.text:_CPU_enableInt)
                  003f7418    00000004                   : cpu.obj (.text:_CPU_init)
                  003f741c    00000004                   : pwm.obj (.text:_PWM_enableInt)
                  003f7420    00000004                   : pwm.obj (.text:_PWM_enableSocAPulse)
                  003f7424    00000004                   : pwm.obj (.text:_PWM_setClkDiv)
                  003f7428    00000004                   : pwm.obj (.text:_PWM_setCounterMode)
                  003f742c    00000004                   : pwm.obj (.text:_PWM_setHighSpeedClkDiv)
                  003f7430    00000003                   : cpu.obj (.text:_CPU_clearIntFlags)
                  003f7433    00000003                   : cpu.obj (.text:_CPU_disableGlobalInts)
                  003f7436    00000003                   : cpu.obj (.text:_CPU_enableDebugInt)
                  003f7439    00000003                   : cpu.obj (.text:_CPU_enableGlobalInts)
                  003f743c    00000003                   : pie.obj (.text:_PIE_disable)
                  003f743f    00000003                   : pie.obj (.text:_PIE_enable)
                  003f7442    00000003                   : pll.obj (.text:_PLL_getClkStatus)
                  003f7445    00000003                   : pll.obj (.text:_PLL_getLockStatus)
                  003f7448    00000003                   : pwm.obj (.text:_PWM_disableCounterLoad)
                  003f744b    00000003     rts2800_ml.lib : remove.obj (.text)
                  003f744e    00000002     driverlib.lib : pwm.obj (.text:_PWM_setCount)
                  003f7450    00000002                   : pwm.obj (.text:_PWM_setPeriod)
                  003f7452    00000002                   : pwm.obj (.text:_PWM_setPhase)
                  003f7454    00000002                   : sci_io.obj (.text:_SCI_lseek)
                  003f7456    00000002                   : sci_io.obj (.text:_SCI_rename)
                  003f7458    00000002                   : sci_io.obj (.text:_SCI_unlink)

.cinit     0    003f745a    0000008d     
                  003f745a    00000031     rts2800_ml.lib : lowlev.obj (.cinit)
                  003f748b    0000002a                    : defs.obj (.cinit)
                  003f74b5    00000010     VoiceModule.obj (.cinit)
                  003f74c5    0000000a     rts2800_ml.lib : _lock.obj (.cinit)
                  003f74cf    0000000a                    : exit.obj (.cinit)
                  003f74d9    00000004     driverlib.lib : sci_io.obj (.cinit)
                  003f74dd    00000004     rts2800_ml.lib : fopen.obj (.cinit)
                  003f74e1    00000004                    : memory.obj (.cinit)
                  003f74e5    00000002     --HOLE-- [fill = 0]

csm_rsvd   0    003f7f80    00000076     
                  003f7f80    00000076     driverlib.lib : F2802x_asmfuncs.obj (csm_rsvd)

codestart 
*          0    003f7ff6    00000002     
                  003f7ff6    00000002     driverlib.lib : F2802x_asmfuncs.obj (codestart)

csmpasswds 
*          0    003f7ff8    00000008     
                  003f7ff8    00000008     driverlib.lib : F2802x_asmfuncs.obj (csmpasswds)

.reset     0    003fffc0    00000002     DSECT
                  003fffc0    00000002     rts2800_ml.lib : boot.obj (.reset)

vectors    0    003fffc2    00000000     DSECT

.stack     1    00000050    00000300     UNINITIALIZED
                  00000050    00000300     --HOLE--

.cio       1    00000400    00000120     UNINITIALIZED
                  00000400    00000120     rts2800_ml.lib : ankmsg.obj (.cio)

.ebss      1    00008800    000003c8     UNINITIALIZED
                  00008800    000001c0     VoiceModule.obj (.ebss)
                  000089c0    00000160     rts2800_ml.lib : defs.obj (.ebss)
                  00008b20    00000008                    : memory.obj (.ebss)
                  00008b28    00000008                    : trgdrv.obj (.ebss)
                  00008b30    00000004     driverlib.lib : sci_io.obj (.ebss)
                  00008b34    00000004     rts2800_ml.lib : _lock.obj (.ebss)
                  00008b38    00000004                    : exit.obj (.ebss)
                  00008b3c    00000001     driverlib.lib : cpu.obj (.ebss)
                  00008b3d    00000001     rts2800_ml.lib : fopen.obj (.ebss)
                  00008b3e    00000002     --HOLE--
                  00008b40    00000088                    : lowlev.obj (.ebss)

.sysmem    1    00008bc8    00000200     UNINITIALIZED
                  00008bc8    00000001     rts2800_ml.lib : memory.obj (.sysmem)
                  00008bc9    000001ff     --HOLE--


GLOBAL DATA SYMBOLS: SORTED BY DATA PAGE

address     data page           name
--------    ----------------    ----
00000050       1 (00000040)     __stack

00000400      10 (00000400)     __CIOBUF_

00008800     220 (00008800)     _timeToUpdate
00008801     220 (00008800)     _loopCount
00008802     220 (00008800)     _ConversionCount
00008803     220 (00008800)     _periodForSampleRate
00008804     220 (00008800)     _maxValue
00008805     220 (00008800)     _indexToPlay
00008806     220 (00008800)     _myPwm
00008808     220 (00008800)     _myCpu
0000880a     220 (00008800)     _myPwm2
0000880c     220 (00008800)     _mySci
0000880e     220 (00008800)     _myFlash
00008810     220 (00008800)     _myPie
00008812     220 (00008800)     _myGpio
00008814     220 (00008800)     _myClk
00008816     220 (00008800)     _myAdc
00008818     220 (00008800)     _epwm2_info

00008840     221 (00008840)     _wavDuties

000088c0     223 (000088c0)     _voltage

000089c0     227 (000089c0)     ___TI_ft_end

00008a00     228 (00008a00)     __ftable

00008a80     22a (00008a80)     ___TI_tmpnams

00008b30     22c (00008b00)     _deviceOpen
00008b32     22c (00008b00)     _ioSci
00008b34     22c (00008b00)     __unlock
00008b36     22c (00008b00)     __lock
00008b38     22c (00008b00)     ___TI_cleanup_ptr
00008b3a     22c (00008b00)     ___TI_dtors_ptr
00008b3c     22c (00008b00)     _cpu

00008bc8     22f (00008bc0)     __sys_memory

003f6000    fd80 (003f6000)     _PIE_tableDebugInit

003f6100    fd84 (003f6100)     _wavFile3

003f6166    fd85 (003f6140)     _highSpeedClockDiv
003f6168    fd85 (003f6140)     _clockRate
003f616a    fd85 (003f6140)     _sampleRate


GLOBAL SYMBOLS: SORTED ALPHABETICALLY BY Name 

address    name
--------   ----
ffffffff   .text
003f70e9   C$$EXIT
003f6b7c   C$$IO$$
003f6bba   FS$$DIV
003f6d7c   FS$$MPY
003f6f41   FS$$TOI
003f7029   FS$$TOU
003f70b6   I$$TOFS
003f71bf   U$$TOFS
003f731f   _ADCINT1_ISR
003f7324   _ADCINT2_ISR
003f7329   _ADCINT3_ISR
003f732e   _ADCINT4_ISR
003f7333   _ADCINT5_ISR
003f7338   _ADCINT6_ISR
003f733d   _ADCINT7_ISR
003f7342   _ADCINT8_ISR
003f7347   _ADCINT9_ISR
003f7206   _ADC_enable
003f7211   _ADC_enableBandGap
003f7102   _ADC_enableInt
003f721c   _ADC_enableRefBuffers
003f727d   _ADC_init
003f7227   _ADC_powerUp
003f6f66   _ADC_setIntMode
003f7155   _ADC_setIntPulseGenMode
003f6f8a   _ADC_setIntSrc
003f7046   _ADC_setSocChanNumber
003f7062   _ADC_setSocSampleWindow
003f707e   _ADC_setSocTrigSrc
003f7167   _ADC_setVoltRefSrc
003f729d   _CLK_disableTbClockSync
003f72a4   _CLK_enableAdcClock
003f7247   _CLK_enablePwmClock
003f72ab   _CLK_enableTbClockSync
003f72b2   _CLK_init
003f72b9   _CLK_setClkOutPreScaler
003f72c0   _CLK_setOscSrc
003f7430   _CPU_clearIntFlags
003f7433   _CPU_disableGlobalInts
003f7436   _CPU_enableDebugInt
003f7439   _CPU_enableGlobalInts
003f7414   _CPU_enableInt
003f7418   _CPU_init
00008802   _ConversionCount
003f734c   _DATALOG_ISR
003f7196   _DSP28x_DisableInt
003f719a   _DSP28x_RestoreInt
00008000   _DSP28x_usDelay
003f7351   _ECAP1_INT_ISR
003f7356   _EMUINT_ISR
003f735b   _EPWM1_INT_ISR
003f7360   _EPWM1_TZINT_ISR
003f7365   _EPWM2_INT_ISR
003f736a   _EPWM2_TZINT_ISR
003f736f   _EPWM3_INT_ISR
003f7374   _EPWM3_TZINT_ISR
003f72c7   _FLASH_init
003f72ce   _GPIO_init
003f6eae   _GPIO_setDirection
003f6e21   _GPIO_setMode
003f6ee2   _GPIO_setPullUp
003f6f16   _GPIO_setQualification
003f67a0   _HOSTclock
003f6779   _HOSTclose
003f674f   _HOSTgetenv
003f6708   _HOSTlseek
003f66d1   _HOSTopen
003f669b   _HOSTread
003f665d   _HOSTrename
003f6633   _HOSTtime
003f660e   _HOSTunlink
003f65d8   _HOSTwrite
003f7379   _I2CINT1A_ISR
003f737e   _I2CINT2A_ISR
003f7383   _ILLEGAL_ISR
003f7388   _INT13_ISR
003f738d   _INT14_ISR
003f6a9c   _InitEPwm2
003f7392   _NMI_ISR
003f7397   _PIE_RESERVED
003f743c   _PIE_disable
003f71cf   _PIE_disableAllInts
003f743f   _PIE_enable
003f7179   _PIE_enableAdcInt
003f71ed   _PIE_enablePwmInt
003f7285   _PIE_init
003f71de   _PIE_registerPieIntHandler
003f719d   _PIE_setDebugIntVectorTable
003f6000   _PIE_tableDebugInit
003f7442   _PLL_getClkStatus
003f7445   _PLL_getLockStatus
003f72d5   _PLL_init
003f72dc   _PLL_setDivider
003f730d   _PLL_setMultiplier
003f711a   _PLL_setup
003f7448   _PWM_disableCounterLoad
003f741c   _PWM_enableInt
003f7420   _PWM_enableSocAPulse
003f72e3   _PWM_init
003f7250   _PWM_setActionQual_CntUp_CmpB_PwmB
003f72ea   _PWM_setActionQual_Zero_PwmB
003f7424   _PWM_setClkDiv
003f744e   _PWM_setCount
003f7428   _PWM_setCounterMode
003f742c   _PWM_setHighSpeedClkDiv
003f72f1   _PWM_setIntMode
003f72f8   _PWM_setIntPeriod
003f7313   _PWM_setLoadMode_CmpB
003f7450   _PWM_setPeriod
003f7452   _PWM_setPhase
003f7319   _PWM_setShadowMode_CmpB
003f7259   _PWM_setSocAPeriod
003f7262   _PWM_setSocAPulseSrc
003f739c   _RTOSINT_ISR
00000004   _RamfuncsLoadSize
003f616c   _RamfuncsLoadStart
00008000   _RamfuncsRunStart
003f73a1   _SCIRXINTA_ISR
003f73a6   _SCITXINTA_ISR
003f71fa   _SCI_close
003f72ff   _SCI_init
003f7454   _SCI_lseek
003f712f   _SCI_open
003f726b   _SCI_putDataBlocking
003f7142   _SCI_read
003f7456   _SCI_rename
003f7458   _SCI_unlink
003f709a   _SCI_write
003f73ab   _SPIRXINTA_ISR
003f73b0   _SPITXINTA_ISR
003f73b5   _TINT0_ISR
003f73ba   _USER10_ISR
003f73bf   _USER11_ISR
003f73c4   _USER12_ISR
003f73c9   _USER1_ISR
003f73ce   _USER2_ISR
003f73d3   _USER3_ISR
003f73d8   _USER4_ISR
003f73dd   _USER5_ISR
003f73e2   _USER6_ISR
003f73e7   _USER7_ISR
003f73ec   _USER8_ISR
003f73f1   _USER9_ISR
003f73f6   _WAKEINT_ISR
003f728d   _WDOG_disable
003f7306   _WDOG_init
003f73fb   _XINT1_ISR
003f7400   _XINT2_ISR
003f7405   _XINT3_ISR
00000400   __CIOBUF_
00000350   __STACK_END
00000300   __STACK_SIZE
00000200   __SYSMEM_SIZE
00000001   __TI_args_main
003f6a15   ___TI_cleanup
00008b38   ___TI_cleanup_ptr
003f6d21   ___TI_closefile
003f6cb6   ___TI_doflush
00008b3a   ___TI_dtors_ptr
000089c0   ___TI_ft_end
003f6b80   ___TI_readmsg
00008a80   ___TI_tmpnams
003f6b2c   ___TI_writemsg
ffffffff   ___binit__
ffffffff   ___c_args__
003f745a   ___cinit__
ffffffff   ___etext__
003f6fae   ___memcpy_ff
ffffffff   ___pinit__
ffffffff   ___text__
003f70d0   __args_main
00008a00   __ftable
00008b36   __lock
003f727c   __nop
003f7278   __register_lock
003f7274   __register_unlock
00000050   __stack
00008bc8   __sys_memory
00008b34   __unlock
003f70e9   _abort
003f6dd6   _adc_isr
003f656c   _add_device
003f6e6a   _c_int00
003f700c   _calculate_duty_cycle
003f6985   _calloc
003f6983   _chkheap
003f6168   _clockRate
003f653a   _close
00008b3c   _cpu
00008b30   _deviceOpen
00008818   _epwm2_info
003f6fcf   _epwm2_isr
003f70eb   _exit
003f6d63   _fclose
003f6ce5   _fflush
003f6a82   _fopen
003f67ca   _free
003f6967   _free_memory
003f6a32   _freopen
003f6166   _highSpeedClockDiv
00008805   _indexToPlay
00008b32   _ioSci
00008801   _loopCount
003f6522   _lseek
003f6170   _main
003f6833   _malloc
00008804   _maxValue
003f6947   _max_free
003f680f   _minit
00008816   _myAdc
00008814   _myClk
00008808   _myCpu
0000880e   _myFlash
00008812   _myGpio
00008810   _myPie
00008806   _myPwm
0000880a   _myPwm2
0000880c   _mySci
003f64b0   _open
00008803   _periodForSampleRate
003f6498   _read
003f6893   _realloc
003f744b   _remove
003f647e   _remove_device
003f6455   _rename
003f740a   _rsvd_ISR
003f616a   _sampleRate
003f7193   _setDBGIER
003f6c3d   _setvbuf
003f7232   _strchr
003f723d   _strcmp
003f740f   _strcpy
003f7295   _strlen
003f6fee   _strncpy
00008800   _timeToUpdate
003f643d   _unlink
003f71ae   _update_compare
000088c0   _voltage
00008840   _wavDuties
003f6100   _wavFile3
003f63d7   _write
ffffffff   binit
003f745a   cinit
003f7ff6   code_start
ffffffff   etext
ffffffff   pinit


GLOBAL SYMBOLS: SORTED BY Symbol Address 

address    name
--------   ----
00000001   __TI_args_main
00000004   _RamfuncsLoadSize
00000050   __stack
00000200   __SYSMEM_SIZE
00000300   __STACK_SIZE
00000350   __STACK_END
00000400   __CIOBUF_
00008000   _DSP28x_usDelay
00008000   _RamfuncsRunStart
00008800   _timeToUpdate
00008801   _loopCount
00008802   _ConversionCount
00008803   _periodForSampleRate
00008804   _maxValue
00008805   _indexToPlay
00008806   _myPwm
00008808   _myCpu
0000880a   _myPwm2
0000880c   _mySci
0000880e   _myFlash
00008810   _myPie
00008812   _myGpio
00008814   _myClk
00008816   _myAdc
00008818   _epwm2_info
00008840   _wavDuties
000088c0   _voltage
000089c0   ___TI_ft_end
00008a00   __ftable
00008a80   ___TI_tmpnams
00008b30   _deviceOpen
00008b32   _ioSci
00008b34   __unlock
00008b36   __lock
00008b38   ___TI_cleanup_ptr
00008b3a   ___TI_dtors_ptr
00008b3c   _cpu
00008bc8   __sys_memory
003f6000   _PIE_tableDebugInit
003f6100   _wavFile3
003f6166   _highSpeedClockDiv
003f6168   _clockRate
003f616a   _sampleRate
003f616c   _RamfuncsLoadStart
003f6170   _main
003f63d7   _write
003f643d   _unlink
003f6455   _rename
003f647e   _remove_device
003f6498   _read
003f64b0   _open
003f6522   _lseek
003f653a   _close
003f656c   _add_device
003f65d8   _HOSTwrite
003f660e   _HOSTunlink
003f6633   _HOSTtime
003f665d   _HOSTrename
003f669b   _HOSTread
003f66d1   _HOSTopen
003f6708   _HOSTlseek
003f674f   _HOSTgetenv
003f6779   _HOSTclose
003f67a0   _HOSTclock
003f67ca   _free
003f680f   _minit
003f6833   _malloc
003f6893   _realloc
003f6947   _max_free
003f6967   _free_memory
003f6983   _chkheap
003f6985   _calloc
003f6a15   ___TI_cleanup
003f6a32   _freopen
003f6a82   _fopen
003f6a9c   _InitEPwm2
003f6b2c   ___TI_writemsg
003f6b7c   C$$IO$$
003f6b80   ___TI_readmsg
003f6bba   FS$$DIV
003f6c3d   _setvbuf
003f6cb6   ___TI_doflush
003f6ce5   _fflush
003f6d21   ___TI_closefile
003f6d63   _fclose
003f6d7c   FS$$MPY
003f6dd6   _adc_isr
003f6e21   _GPIO_setMode
003f6e6a   _c_int00
003f6eae   _GPIO_setDirection
003f6ee2   _GPIO_setPullUp
003f6f16   _GPIO_setQualification
003f6f41   FS$$TOI
003f6f66   _ADC_setIntMode
003f6f8a   _ADC_setIntSrc
003f6fae   ___memcpy_ff
003f6fcf   _epwm2_isr
003f6fee   _strncpy
003f700c   _calculate_duty_cycle
003f7029   FS$$TOU
003f7046   _ADC_setSocChanNumber
003f7062   _ADC_setSocSampleWindow
003f707e   _ADC_setSocTrigSrc
003f709a   _SCI_write
003f70b6   I$$TOFS
003f70d0   __args_main
003f70e9   C$$EXIT
003f70e9   _abort
003f70eb   _exit
003f7102   _ADC_enableInt
003f711a   _PLL_setup
003f712f   _SCI_open
003f7142   _SCI_read
003f7155   _ADC_setIntPulseGenMode
003f7167   _ADC_setVoltRefSrc
003f7179   _PIE_enableAdcInt
003f7193   _setDBGIER
003f7196   _DSP28x_DisableInt
003f719a   _DSP28x_RestoreInt
003f719d   _PIE_setDebugIntVectorTable
003f71ae   _update_compare
003f71bf   U$$TOFS
003f71cf   _PIE_disableAllInts
003f71de   _PIE_registerPieIntHandler
003f71ed   _PIE_enablePwmInt
003f71fa   _SCI_close
003f7206   _ADC_enable
003f7211   _ADC_enableBandGap
003f721c   _ADC_enableRefBuffers
003f7227   _ADC_powerUp
003f7232   _strchr
003f723d   _strcmp
003f7247   _CLK_enablePwmClock
003f7250   _PWM_setActionQual_CntUp_CmpB_PwmB
003f7259   _PWM_setSocAPeriod
003f7262   _PWM_setSocAPulseSrc
003f726b   _SCI_putDataBlocking
003f7274   __register_unlock
003f7278   __register_lock
003f727c   __nop
003f727d   _ADC_init
003f7285   _PIE_init
003f728d   _WDOG_disable
003f7295   _strlen
003f729d   _CLK_disableTbClockSync
003f72a4   _CLK_enableAdcClock
003f72ab   _CLK_enableTbClockSync
003f72b2   _CLK_init
003f72b9   _CLK_setClkOutPreScaler
003f72c0   _CLK_setOscSrc
003f72c7   _FLASH_init
003f72ce   _GPIO_init
003f72d5   _PLL_init
003f72dc   _PLL_setDivider
003f72e3   _PWM_init
003f72ea   _PWM_setActionQual_Zero_PwmB
003f72f1   _PWM_setIntMode
003f72f8   _PWM_setIntPeriod
003f72ff   _SCI_init
003f7306   _WDOG_init
003f730d   _PLL_setMultiplier
003f7313   _PWM_setLoadMode_CmpB
003f7319   _PWM_setShadowMode_CmpB
003f731f   _ADCINT1_ISR
003f7324   _ADCINT2_ISR
003f7329   _ADCINT3_ISR
003f732e   _ADCINT4_ISR
003f7333   _ADCINT5_ISR
003f7338   _ADCINT6_ISR
003f733d   _ADCINT7_ISR
003f7342   _ADCINT8_ISR
003f7347   _ADCINT9_ISR
003f734c   _DATALOG_ISR
003f7351   _ECAP1_INT_ISR
003f7356   _EMUINT_ISR
003f735b   _EPWM1_INT_ISR
003f7360   _EPWM1_TZINT_ISR
003f7365   _EPWM2_INT_ISR
003f736a   _EPWM2_TZINT_ISR
003f736f   _EPWM3_INT_ISR
003f7374   _EPWM3_TZINT_ISR
003f7379   _I2CINT1A_ISR
003f737e   _I2CINT2A_ISR
003f7383   _ILLEGAL_ISR
003f7388   _INT13_ISR
003f738d   _INT14_ISR
003f7392   _NMI_ISR
003f7397   _PIE_RESERVED
003f739c   _RTOSINT_ISR
003f73a1   _SCIRXINTA_ISR
003f73a6   _SCITXINTA_ISR
003f73ab   _SPIRXINTA_ISR
003f73b0   _SPITXINTA_ISR
003f73b5   _TINT0_ISR
003f73ba   _USER10_ISR
003f73bf   _USER11_ISR
003f73c4   _USER12_ISR
003f73c9   _USER1_ISR
003f73ce   _USER2_ISR
003f73d3   _USER3_ISR
003f73d8   _USER4_ISR
003f73dd   _USER5_ISR
003f73e2   _USER6_ISR
003f73e7   _USER7_ISR
003f73ec   _USER8_ISR
003f73f1   _USER9_ISR
003f73f6   _WAKEINT_ISR
003f73fb   _XINT1_ISR
003f7400   _XINT2_ISR
003f7405   _XINT3_ISR
003f740a   _rsvd_ISR
003f740f   _strcpy
003f7414   _CPU_enableInt
003f7418   _CPU_init
003f741c   _PWM_enableInt
003f7420   _PWM_enableSocAPulse
003f7424   _PWM_setClkDiv
003f7428   _PWM_setCounterMode
003f742c   _PWM_setHighSpeedClkDiv
003f7430   _CPU_clearIntFlags
003f7433   _CPU_disableGlobalInts
003f7436   _CPU_enableDebugInt
003f7439   _CPU_enableGlobalInts
003f743c   _PIE_disable
003f743f   _PIE_enable
003f7442   _PLL_getClkStatus
003f7445   _PLL_getLockStatus
003f7448   _PWM_disableCounterLoad
003f744b   _remove
003f744e   _PWM_setCount
003f7450   _PWM_setPeriod
003f7452   _PWM_setPhase
003f7454   _SCI_lseek
003f7456   _SCI_rename
003f7458   _SCI_unlink
003f745a   ___cinit__
003f745a   cinit
003f7ff6   code_start
ffffffff   .text
ffffffff   ___binit__
ffffffff   ___c_args__
ffffffff   ___etext__
ffffffff   ___pinit__
ffffffff   ___text__
ffffffff   binit
ffffffff   etext
ffffffff   pinit

[247 symbols]
