******************************************************************************
             TMS320C2000 Linker PC v6.2.8                      
******************************************************************************
>> Linked Sat Nov 22 19:17:42 2014

OUTPUT FILE NAME:   <VoiceModule.out>
ENTRY POINT SYMBOL: "code_start"  address: 003f7ff6


MEMORY CONFIGURATION

         name            origin    length      used     unused   attr    fill
----------------------  --------  ---------  --------  --------  ----  --------
PAGE 0:
  PRAML0                00008000   00000800  00000004  000007fc  RWIX
  OTP                   003d7800   00000400  00000000  00000400  RWIX
  FLASHD                003f0000   00002000  00000000  00002000  RWIX
  FLASHC                003f2000   00002000  00000814  000017ec  RWIX
  FLASHA                003f6000   00001f80  00001f80  00000000  RWIX
  CSM_RSVD              003f7f80   00000076  00000076  00000000  RWIX
  BEGIN                 003f7ff6   00000002  00000002  00000000  RWIX
  CSM_PWL_P0            003f7ff8   00000008  00000008  00000000  RWIX
  IQTABLES              003fe000   00000b50  00000000  00000b50  RWIX
  IQTABLES2             003feb50   0000008c  00000000  0000008c  RWIX
  IQTABLES3             003febdc   000000aa  00000000  000000aa  RWIX
  ROM                   003ff27c   00000d44  00000000  00000d44  RWIX
  RESET                 003fffc0   00000002  00000000  00000002  RWIX
  VECTORS               003fffc2   0000003e  00000000  0000003e  RWIX

PAGE 1:
  BOOT_RSVD             00000000   00000050  00000000  00000050  RWIX
  RAMM0                 00000050   000003b0  00000300  000000b0  RWIX
  RAMM1                 00000400   00000400  00000120  000002e0  RWIX
  DEV_EMU               00000880   00000105  00000000  00000105  RWIX
  SYS_PWR_CTL           00000985   00000003  00000000  00000003  RWIX
  FLASH_REGS            00000a80   00000060  00000000  00000060  RWIX
  CSM                   00000ae0   00000010  00000000  00000010  RWIX
  ADC_RESULT            00000b00   00000020  00000000  00000020  RWIX
  CPU_TIMER0            00000c00   00000008  00000000  00000008  RWIX
  CPU_TIMER1            00000c08   00000008  00000000  00000008  RWIX
  CPU_TIMER2            00000c10   00000008  00000000  00000008  RWIX
  PIE_CTRL              00000ce0   00000020  00000000  00000020  RWIX
  PIE_VECT              00000d00   00000100  00000000  00000100  RWIX
  COMP1                 00006400   00000020  00000000  00000020  RWIX
  COMP2                 00006420   00000020  00000000  00000020  RWIX
  EPWM1                 00006800   00000040  00000000  00000040  RWIX
  EPWM2                 00006840   00000040  00000000  00000040  RWIX
  EPWM3                 00006880   00000040  00000000  00000040  RWIX
  EPWM4                 000068c0   00000040  00000000  00000040  RWIX
  ECAP1                 00006a00   00000020  00000000  00000020  RWIX
  GPIOCTRL              00006f80   00000040  00000000  00000040  RWIX
  GPIODAT               00006fc0   00000020  00000000  00000020  RWIX
  GPIOINT               00006fe0   00000020  00000000  00000020  RWIX
  SYSTEM                00007010   00000020  00000000  00000020  RWIX
  SPIA                  00007040   00000010  00000000  00000010  RWIX
  SCIA                  00007050   00000010  00000000  00000010  RWIX
  NMIINTRUPT            00007060   00000010  00000000  00000010  RWIX
  XINTRUPT              00007070   00000010  00000000  00000010  RWIX
  ADC                   00007100   00000080  00000000  00000080  RWIX
  I2CA                  00007900   00000040  00000000  00000040  RWIX
  DRAML0                00008800   00000800  00000548  000002b8  RWIX
  PARTID                003d7fff   00000001  00000000  00000001  RWIX
  FLASHB                003f4000   00002000  00000000  00002000  RWIX
  CSM_PWL               003f7ff8   00000008  00000000  00000008  RWIX


SECTION ALLOCATION MAP

 output                                  attributes/
section   page    origin      length       input sections
--------  ----  ----------  ----------   ----------------
.pinit     0    003f6000    00000000     UNINITIALIZED

.text.1    0    003f2000    00000787     
                  003f2000    00000031     rts2800_ml.lib : atoi.obj (.text)
                  003f2031    0000002c                    : ltoa.obj (.text)
                  003f205d    0000002b     driverlib.lib : gpio.obj (.text:_GPIO_setQualification)
                  003f2088    0000002a     rts2800_ml.lib : fd_cmp.obj (.text)
                  003f20b2    0000002a                    : l_div.obj (.text)
                  003f20dc    00000027     VoiceModule.obj (.text:_epwm2_isr)
                  003f2103    00000025     rts2800_ml.lib : fs_toi.obj (.text)
                  003f2128    00000024     driverlib.lib : adc.obj (.text:_ADC_setIntMode)
                  003f214c    00000024                   : adc.obj (.text:_ADC_setIntSrc)
                  003f2170    00000021     VoiceModule.obj (.text:_init_audio)
                  003f2191    00000021     rts2800_ml.lib : fd_toi.obj (.text)
                  003f21b2    00000021                    : memcpy_ff.obj (.text)
                  003f21d3    0000001f                    : fd_tol.obj (.text)
                  003f21f2    0000001e                    : ll_cmp.obj (.text)
                  003f2210    0000001e                    : strncpy.obj (.text)
                  003f222e    0000001d     VoiceModule.obj (.text:_calculate_duty_cycle)
                  003f224b    0000001d     rts2800_ml.lib : fs_tou.obj (.text)
                  003f2268    0000001c     driverlib.lib : adc.obj (.text:_ADC_setSocChanNumber)
                  003f2284    0000001c                   : adc.obj (.text:_ADC_setSocSampleWindow)
                  003f22a0    0000001c                   : adc.obj (.text:_ADC_setSocTrigSrc)
                  003f22bc    0000001c                   : sci_io.obj (.text:_SCI_write)
                  003f22d8    0000001c     rts2800_ml.lib : fs_tofd.obj (.text)
                  003f22f4    0000001c                    : l_tofd.obj (.text)
                  003f2310    0000001a                    : i_tofs.obj (.text)
                  003f232a    00000019                    : args_main.obj (.text)
                  003f2343    00000019                    : exit.obj (.text)
                  003f235c    00000018     driverlib.lib : adc.obj (.text:_ADC_enableInt)
                  003f2374    00000018     rts2800_ml.lib : ll_aox.obj (.text)
                  003f238c    00000015     driverlib.lib : pll.obj (.text:_PLL_setup)
                  003f23a1    00000014     rts2800_ml.lib : ll_mpy.obj (.text)
                  003f23b5    00000013     driverlib.lib : sci_io.obj (.text:_SCI_open)
                  003f23c8    00000013                   : sci_io.obj (.text:_SCI_read)
                  003f23db    00000012                   : adc.obj (.text:_ADC_setIntPulseGenMode)
                  003f23ed    00000012                   : adc.obj (.text:_ADC_setVoltRefSrc)
                  003f23ff    00000012                   : pie.obj (.text:_PIE_enableAdcInt)
                  003f2411    00000012                   : F2802x_asmfuncs.obj (.text)
                  003f2423    00000012     rts2800_ml.lib : memchr.obj (.text)
                  003f2435    00000011     driverlib.lib : gpio.obj (.text:_GPIO_getData)
                  003f2446    00000011                   : pie.obj (.text:_PIE_setDebugIntVectorTable)
                  003f2457    00000010     rts2800_ml.lib : u_tofs.obj (.text)
                  003f2467    0000000f     driverlib.lib : pie.obj (.text:_PIE_disableAllInts)
                  003f2476    0000000f                   : pie.obj (.text:_PIE_registerPieIntHandler)
                  003f2485    0000000e     rts2800_ml.lib : fd_sub.obj (.text)
                  003f2493    0000000d     driverlib.lib : pie.obj (.text:_PIE_enablePwmInt)
                  003f24a0    0000000d     rts2800_ml.lib : memccpy.obj (.text)
                  003f24ad    0000000d                    : memset.obj (.text)
                  003f24ba    0000000c     driverlib.lib : sci_io.obj (.text:_SCI_close)
                  003f24c6    0000000b                   : adc.obj (.text:_ADC_enable)
                  003f24d1    0000000b                   : adc.obj (.text:_ADC_enableBandGap)
                  003f24dc    0000000b                   : adc.obj (.text:_ADC_enableRefBuffers)
                  003f24e7    0000000b                   : adc.obj (.text:_ADC_powerUp)
                  003f24f2    0000000b     rts2800_ml.lib : strchr.obj (.text)
                  003f24fd    0000000a     driverlib.lib : sci.obj (.text:_SCI_resetChannels)
                  003f2507    0000000a                   : sci.obj (.text:_SCI_resetRxFifo)
                  003f2511    0000000a                   : sci.obj (.text:_SCI_resetTxFifo)
                  003f251b    0000000a     rts2800_ml.lib : strcmp.obj (.text)
                  003f2525    00000009     driverlib.lib : clk.obj (.text:_CLK_enablePwmClock)
                  003f252e    00000009                   : clk.obj (.text:_CLK_enableSciaClock)
                  003f2537    00000009                   : pwm.obj (.text:_PWM_setActionQual_CntUp_CmpB_PwmB)
                  003f2540    00000009                   : pwm.obj (.text:_PWM_setSocAPeriod)
                  003f2549    00000009                   : pwm.obj (.text:_PWM_setSocAPulseSrc)
                  003f2552    00000009                   : sci.obj (.text:_SCI_putDataBlocking)
                  003f255b    00000009     rts2800_ml.lib : _lock.obj (.text)
                  003f2564    00000009                    : fd_neg.obj (.text)
                  003f256d    00000008     driverlib.lib : adc.obj (.text:_ADC_init)
                  003f2575    00000008                   : pie.obj (.text:_PIE_init)
                  003f257d    00000008                   : wdog.obj (.text:_WDOG_disable)
                  003f2585    00000008     rts2800_ml.lib : strlen.obj (.text)
                  003f258d    00000007     driverlib.lib : clk.obj (.text:_CLK_disableTbClockSync)
                  003f2594    00000007                   : clk.obj (.text:_CLK_enableAdcClock)
                  003f259b    00000007                   : clk.obj (.text:_CLK_enableTbClockSync)
                  003f25a2    00000007                   : clk.obj (.text:_CLK_init)
                  003f25a9    00000007                   : clk.obj (.text:_CLK_setClkOutPreScaler)
                  003f25b0    00000007                   : clk.obj (.text:_CLK_setOscSrc)
                  003f25b7    00000007                   : flash.obj (.text:_FLASH_init)
                  003f25be    00000007                   : gpio.obj (.text:_GPIO_init)
                  003f25c5    00000007                   : pll.obj (.text:_PLL_init)
                  003f25cc    00000007                   : pll.obj (.text:_PLL_setDivider)
                  003f25d3    00000007                   : pwm.obj (.text:_PWM_init)
                  003f25da    00000007                   : pwm.obj (.text:_PWM_setActionQual_Zero_PwmB)
                  003f25e1    00000007                   : pwm.obj (.text:_PWM_setIntMode)
                  003f25e8    00000007                   : pwm.obj (.text:_PWM_setIntPeriod)
                  003f25ef    00000007                   : sci.obj (.text:_SCI_init)
                  003f25f6    00000007                   : sci.obj (.text:_SCI_setRxFifoIntLevel)
                  003f25fd    00000007                   : sci.obj (.text:_SCI_setTxFifoIntLevel)
                  003f2604    00000007                   : wdog.obj (.text:_WDOG_init)
                  003f260b    00000006                   : pll.obj (.text:_PLL_setMultiplier)
                  003f2611    00000006                   : pwm.obj (.text:_PWM_setLoadMode_CmpB)
                  003f2617    00000006                   : pwm.obj (.text:_PWM_setShadowMode_CmpB)
                  003f261d    00000006                   : sci.obj (.text:_SCI_setBaudRate)
                  003f2623    00000005                   : F2802x_DefaultIsr.obj (.text:_ADCINT1_ISR)
                  003f2628    00000005                   : F2802x_DefaultIsr.obj (.text:_ADCINT2_ISR)
                  003f262d    00000005                   : F2802x_DefaultIsr.obj (.text:_ADCINT3_ISR)
                  003f2632    00000005                   : F2802x_DefaultIsr.obj (.text:_ADCINT4_ISR)
                  003f2637    00000005                   : F2802x_DefaultIsr.obj (.text:_ADCINT5_ISR)
                  003f263c    00000005                   : F2802x_DefaultIsr.obj (.text:_ADCINT6_ISR)
                  003f2641    00000005                   : F2802x_DefaultIsr.obj (.text:_ADCINT7_ISR)
                  003f2646    00000005                   : F2802x_DefaultIsr.obj (.text:_ADCINT8_ISR)
                  003f264b    00000005                   : F2802x_DefaultIsr.obj (.text:_ADCINT9_ISR)
                  003f2650    00000005                   : F2802x_DefaultIsr.obj (.text:_DATALOG_ISR)
                  003f2655    00000005                   : F2802x_DefaultIsr.obj (.text:_ECAP1_INT_ISR)
                  003f265a    00000005                   : F2802x_DefaultIsr.obj (.text:_EMUINT_ISR)
                  003f265f    00000005                   : F2802x_DefaultIsr.obj (.text:_EPWM1_INT_ISR)
                  003f2664    00000005                   : F2802x_DefaultIsr.obj (.text:_EPWM1_TZINT_ISR)
                  003f2669    00000005                   : F2802x_DefaultIsr.obj (.text:_EPWM2_INT_ISR)
                  003f266e    00000005                   : F2802x_DefaultIsr.obj (.text:_EPWM2_TZINT_ISR)
                  003f2673    00000005                   : F2802x_DefaultIsr.obj (.text:_EPWM3_INT_ISR)
                  003f2678    00000005                   : F2802x_DefaultIsr.obj (.text:_EPWM3_TZINT_ISR)
                  003f267d    00000005                   : F2802x_DefaultIsr.obj (.text:_I2CINT1A_ISR)
                  003f2682    00000005                   : F2802x_DefaultIsr.obj (.text:_I2CINT2A_ISR)
                  003f2687    00000005                   : F2802x_DefaultIsr.obj (.text:_ILLEGAL_ISR)
                  003f268c    00000005                   : F2802x_DefaultIsr.obj (.text:_INT13_ISR)
                  003f2691    00000005                   : F2802x_DefaultIsr.obj (.text:_INT14_ISR)
                  003f2696    00000005                   : F2802x_DefaultIsr.obj (.text:_NMI_ISR)
                  003f269b    00000005                   : F2802x_DefaultIsr.obj (.text:_PIE_RESERVED)
                  003f26a0    00000005                   : F2802x_DefaultIsr.obj (.text:_RTOSINT_ISR)
                  003f26a5    00000005                   : F2802x_DefaultIsr.obj (.text:_SCIRXINTA_ISR)
                  003f26aa    00000005                   : F2802x_DefaultIsr.obj (.text:_SCITXINTA_ISR)
                  003f26af    00000005                   : F2802x_DefaultIsr.obj (.text:_SPIRXINTA_ISR)
                  003f26b4    00000005                   : F2802x_DefaultIsr.obj (.text:_SPITXINTA_ISR)
                  003f26b9    00000005                   : F2802x_DefaultIsr.obj (.text:_TINT0_ISR)
                  003f26be    00000005                   : F2802x_DefaultIsr.obj (.text:_USER10_ISR)
                  003f26c3    00000005                   : F2802x_DefaultIsr.obj (.text:_USER11_ISR)
                  003f26c8    00000005                   : F2802x_DefaultIsr.obj (.text:_USER12_ISR)
                  003f26cd    00000005                   : F2802x_DefaultIsr.obj (.text:_USER1_ISR)
                  003f26d2    00000005                   : F2802x_DefaultIsr.obj (.text:_USER2_ISR)
                  003f26d7    00000005                   : F2802x_DefaultIsr.obj (.text:_USER3_ISR)
                  003f26dc    00000005                   : F2802x_DefaultIsr.obj (.text:_USER4_ISR)
                  003f26e1    00000005                   : F2802x_DefaultIsr.obj (.text:_USER5_ISR)
                  003f26e6    00000005                   : F2802x_DefaultIsr.obj (.text:_USER6_ISR)
                  003f26eb    00000005                   : F2802x_DefaultIsr.obj (.text:_USER7_ISR)
                  003f26f0    00000005                   : F2802x_DefaultIsr.obj (.text:_USER8_ISR)
                  003f26f5    00000005                   : F2802x_DefaultIsr.obj (.text:_USER9_ISR)
                  003f26fa    00000005                   : F2802x_DefaultIsr.obj (.text:_WAKEINT_ISR)
                  003f26ff    00000005                   : F2802x_DefaultIsr.obj (.text:_XINT1_ISR)
                  003f2704    00000005                   : F2802x_DefaultIsr.obj (.text:_XINT2_ISR)
                  003f2709    00000005                   : F2802x_DefaultIsr.obj (.text:_XINT3_ISR)
                  003f270e    00000005                   : F2802x_DefaultIsr.obj (.text:_rsvd_ISR)
                  003f2713    00000005     rts2800_ml.lib : strcpy.obj (.text)
                  003f2718    00000004     driverlib.lib : cpu.obj (.text:_CPU_enableInt)
                  003f271c    00000004                   : cpu.obj (.text:_CPU_init)
                  003f2720    00000004                   : pwm.obj (.text:_PWM_enableInt)
                  003f2724    00000004                   : pwm.obj (.text:_PWM_enableSocAPulse)
                  003f2728    00000004                   : pwm.obj (.text:_PWM_setClkDiv)
                  003f272c    00000004                   : pwm.obj (.text:_PWM_setCounterMode)
                  003f2730    00000004                   : pwm.obj (.text:_PWM_setHighSpeedClkDiv)
                  003f2734    00000004                   : sci.obj (.text:_SCI_clearRxFifoInt)
                  003f2738    00000004                   : sci.obj (.text:_SCI_clearTxFifoInt)
                  003f273c    00000004                   : sci.obj (.text:_SCI_enableFifoEnh)
                  003f2740    00000004                   : sci.obj (.text:_SCI_setCharLength)
                  003f2744    00000004                   : sci.obj (.text:_SCI_setNumStopBits)
                  003f2748    00000003                   : cpu.obj (.text:_CPU_clearIntFlags)
                  003f274b    00000003                   : cpu.obj (.text:_CPU_disableGlobalInts)
                  003f274e    00000003                   : cpu.obj (.text:_CPU_enableDebugInt)
                  003f2751    00000003                   : cpu.obj (.text:_CPU_enableGlobalInts)
                  003f2754    00000003                   : pie.obj (.text:_PIE_disable)
                  003f2757    00000003                   : pie.obj (.text:_PIE_enable)
                  003f275a    00000003                   : pll.obj (.text:_PLL_getClkStatus)
                  003f275d    00000003                   : pll.obj (.text:_PLL_getLockStatus)
                  003f2760    00000003                   : pwm.obj (.text:_PWM_disableCounterLoad)
                  003f2763    00000003                   : sci.obj (.text:_SCI_disableParity)
                  003f2766    00000003                   : sci.obj (.text:_SCI_enable)
                  003f2769    00000003                   : sci.obj (.text:_SCI_enableRx)
                  003f276c    00000003                   : sci.obj (.text:_SCI_enableRxInt)
                  003f276f    00000003                   : sci.obj (.text:_SCI_enableTx)
                  003f2772    00000003                   : sci.obj (.text:_SCI_enableTxInt)
                  003f2775    00000003                   : sci.obj (.text:_SCI_setPriority)
                  003f2778    00000003     rts2800_ml.lib : remove.obj (.text)
                  003f277b    00000002     driverlib.lib : pwm.obj (.text:_PWM_setCount)
                  003f277d    00000002                   : pwm.obj (.text:_PWM_setPeriod)
                  003f277f    00000002                   : pwm.obj (.text:_PWM_setPhase)
                  003f2781    00000002                   : sci_io.obj (.text:_SCI_lseek)
                  003f2783    00000002                   : sci_io.obj (.text:_SCI_rename)
                  003f2785    00000002                   : sci_io.obj (.text:_SCI_unlink)

.cinit     0    003f2787    0000008d     
                  003f2787    00000031     rts2800_ml.lib : lowlev.obj (.cinit)
                  003f27b8    0000002a                    : defs.obj (.cinit)
                  003f27e2    00000010     VoiceModule.obj (.cinit)
                  003f27f2    0000000a     rts2800_ml.lib : _lock.obj (.cinit)
                  003f27fc    0000000a                    : exit.obj (.cinit)
                  003f2806    00000004     driverlib.lib : sci_io.obj (.cinit)
                  003f280a    00000004     rts2800_ml.lib : fopen.obj (.cinit)
                  003f280e    00000004                    : memory.obj (.cinit)
                  003f2812    00000002     --HOLE-- [fill = 0]

.econst    0    003f6000    00000362     
                  003f6000    00000101     rts2800_ml.lib : ctype.obj (.econst:.string:__ctypes_)
                  003f6101    00000001     --HOLE-- [fill = 0]
                  003f6102    00000100     driverlib.lib : pie.obj (.econst:_PIE_tableDebugInit)
                  003f6202    0000006f     VoiceModule.obj (.econst:_wavFile2)
                  003f6271    00000057     VoiceModule.obj (.econst:_wavFile3)
                  003f62c8    0000002d     VoiceModule.obj (.econst:_wavFile)
                  003f62f5    00000001     --HOLE-- [fill = 0]
                  003f62f6    00000027     VoiceModule.obj (.econst:.string)
                  003f631d    00000001     --HOLE-- [fill = 0]
                  003f631e    00000024     rts2800_ml.lib : _printfi.obj (.econst:.string)
                  003f6342    00000018                    : _printfi.obj (.econst)
                  003f635a    00000006     VoiceModule.obj (.econst)
                  003f6360    00000002     rts2800_ml.lib : fputs.obj (.econst:.string)

ramfuncs   0    003f6362    00000004     RUN ADDR = 00008000
                  003f6362    00000004     driverlib.lib : F2802x_asmfuncs.obj (ramfuncs)

.text.2    0    003f6366    00001c1a     
                  003f6366    00000930     rts2800_ml.lib : _printfi.obj (.text)
                  003f6c96    000002af     VoiceModule.obj (.text:_main)
                  003f6f45    00000201     rts2800_ml.lib : lowlev.obj (.text)
                  003f7146    000001f2                    : trgdrv.obj (.text)
                  003f7338    000001d3                    : memory.obj (.text)
                  003f750b    00000107                    : ll_div.obj (.text)
                  003f7612    000000ff                    : fopen.obj (.text)
                  003f7711    000000a8                    : fputs.obj (.text)
                  003f77b9    0000009c                    : fd_add.obj (.text)
                  003f7855    00000090     VoiceModule.obj (.text:_InitEPwm2)
                  003f78e5    0000008e     rts2800_ml.lib : ankmsg.obj (.text)
                  003f7973    0000008b                    : fd_div.obj (.text)
                  003f79fe    00000083                    : fd_mpy.obj (.text)
                  003f7a81    00000083                    : fs_div.obj (.text)
                  003f7b04    00000079                    : setvbuf.obj (.text)
                  003f7b7d    0000006b                    : fflush.obj (.text)
                  003f7be8    00000066     VoiceModule.obj (.text:_scia_init)
                  003f7c4e    00000065     rts2800_ml.lib : _io_perm.obj (.text)
                  003f7cb3    0000005b                    : fclose.obj (.text)
                  003f7d0e    0000005a                    : fs_mpy.obj (.text)
                  003f7d68    00000050                    : fputc.obj (.text)
                  003f7db8    0000004b     VoiceModule.obj (.text:_adc_isr)
                  003f7e03    00000049     driverlib.lib : gpio.obj (.text:_GPIO_setMode)
                  003f7e4c    00000044     rts2800_ml.lib : boot.obj (.text)
                  003f7e90    0000003d                    : fseek.obj (.text)
                  003f7ecd    00000034     driverlib.lib : gpio.obj (.text:_GPIO_setDirection)
                  003f7f01    00000034                   : gpio.obj (.text:_GPIO_setPullUp)
                  003f7f35    00000032     rts2800_ml.lib : printf.obj (.text)
                  003f7f67    00000019     VoiceModule.obj (.text:_update_compare)

csm_rsvd   0    003f7f80    00000076     
                  003f7f80    00000076     driverlib.lib : F2802x_asmfuncs.obj (csm_rsvd)

codestart 
*          0    003f7ff6    00000002     
                  003f7ff6    00000002     driverlib.lib : F2802x_asmfuncs.obj (codestart)

csmpasswds 
*          0    003f7ff8    00000008     
                  003f7ff8    00000008     driverlib.lib : F2802x_asmfuncs.obj (csmpasswds)

.reset     0    003fffc0    00000002     DSECT
                  003fffc0    00000002     rts2800_ml.lib : boot.obj (.reset)

vectors    0    003fffc2    00000000     DSECT

.stack     1    00000050    00000300     UNINITIALIZED
                  00000050    00000300     --HOLE--

.cio       1    00000400    00000120     UNINITIALIZED
                  00000400    00000120     rts2800_ml.lib : ankmsg.obj (.cio)

.ebss      1    00008800    00000348     UNINITIALIZED
                  00008800    00000160     rts2800_ml.lib : defs.obj (.ebss)
                  00008960    00000008                    : memory.obj (.ebss)
                  00008968    00000008                    : trgdrv.obj (.ebss)
                  00008970    00000004     driverlib.lib : sci_io.obj (.ebss)
                  00008974    00000004     rts2800_ml.lib : _lock.obj (.ebss)
                  00008978    00000004                    : exit.obj (.ebss)
                  0000897c    00000001     driverlib.lib : cpu.obj (.ebss)
                  0000897d    00000001     rts2800_ml.lib : fopen.obj (.ebss)
                  0000897e    00000002     --HOLE--
                  00008980    00000140     VoiceModule.obj (.ebss)
                  00008ac0    00000088     rts2800_ml.lib : lowlev.obj (.ebss)

.sysmem    1    00008b48    00000200     UNINITIALIZED
                  00008b48    00000001     rts2800_ml.lib : memory.obj (.sysmem)
                  00008b49    000001ff     --HOLE--


GLOBAL DATA SYMBOLS: SORTED BY DATA PAGE

address     data page           name
--------    ----------------    ----
00000050       1 (00000040)     __stack

00000400      10 (00000400)     __CIOBUF_

00008800     220 (00008800)     ___TI_ft_end

00008840     221 (00008840)     __ftable

000088c0     223 (000088c0)     ___TI_tmpnams

00008970     225 (00008940)     _deviceOpen
00008972     225 (00008940)     _ioSci
00008974     225 (00008940)     __unlock
00008976     225 (00008940)     __lock
00008978     225 (00008940)     ___TI_cleanup_ptr
0000897a     225 (00008940)     ___TI_dtors_ptr
0000897c     225 (00008940)     _cpu

00008980     226 (00008980)     _loopCount
00008981     226 (00008980)     _indexToPlay
00008982     226 (00008980)     _timeToUpdate
00008983     226 (00008980)     _maxValue
00008984     226 (00008980)     _periodForSampleRate
00008985     226 (00008980)     _ConversionCount
00008986     226 (00008980)     _myFlash
00008988     226 (00008980)     _myClk
0000898a     226 (00008980)     _myAdc
0000898c     226 (00008980)     _myPwm2
0000898e     226 (00008980)     _myPwm
00008990     226 (00008980)     _myPie
00008992     226 (00008980)     _myGpio
00008994     226 (00008980)     _myCpu
00008996     226 (00008980)     _mySci
00008998     226 (00008980)     _beepHigh
0000899e     226 (00008980)     _beepLow
000089a4     226 (00008980)     _sine
000089aa     226 (00008980)     _epwm2_info

000089c0     227 (000089c0)     _voltage

00008b48     22d (00008b40)     __sys_memory

003f6000    fd80 (003f6000)     __ctypes_

003f6102    fd84 (003f6100)     _PIE_tableDebugInit

003f6202    fd88 (003f6200)     _wavFile2

003f6271    fd89 (003f6240)     _wavFile3

003f62c8    fd8b (003f62c0)     _wavFile

003f635a    fd8d (003f6340)     _highSpeedClockDiv
003f635c    fd8d (003f6340)     _sampleRate
003f635e    fd8d (003f6340)     _clockRate


GLOBAL SYMBOLS: SORTED ALPHABETICALLY BY Name 

address    name
--------   ----
ffffffff   .text
003f2343   C$$EXIT
003f7935   C$$IO$$
003f77b9   FD$$ADD
003f2088   FD$$CMP
003f7973   FD$$DIV
003f79fe   FD$$MPY
003f2564   FD$$NEG
003f2485   FD$$SUB
003f2191   FD$$TOI
003f21d3   FD$$TOL
003f7a81   FS$$DIV
003f7d0e   FS$$MPY
003f22d8   FS$$TOFD
003f2103   FS$$TOI
003f224b   FS$$TOU
003f2310   I$$TOFS
003f20b2   L$$DIV
003f20c1   L$$MOD
003f22f4   L$$TOFD
003f2374   LL$$AND
003f21f2   LL$$CMP
003f750b   LL$$DIV
003f7547   LL$$MOD
003f23a1   LL$$MPY
003f237c   LL$$OR
003f2384   LL$$XOR
003f2457   U$$TOFS
003f20cf   UL$$DIV
003f20d6   UL$$MOD
003f2204   ULL$$CMP
003f7581   ULL$$DIV
003f75b0   ULL$$MOD
003f2623   _ADCINT1_ISR
003f2628   _ADCINT2_ISR
003f262d   _ADCINT3_ISR
003f2632   _ADCINT4_ISR
003f2637   _ADCINT5_ISR
003f263c   _ADCINT6_ISR
003f2641   _ADCINT7_ISR
003f2646   _ADCINT8_ISR
003f264b   _ADCINT9_ISR
003f24c6   _ADC_enable
003f24d1   _ADC_enableBandGap
003f235c   _ADC_enableInt
003f24dc   _ADC_enableRefBuffers
003f256d   _ADC_init
003f24e7   _ADC_powerUp
003f2128   _ADC_setIntMode
003f23db   _ADC_setIntPulseGenMode
003f214c   _ADC_setIntSrc
003f2268   _ADC_setSocChanNumber
003f2284   _ADC_setSocSampleWindow
003f22a0   _ADC_setSocTrigSrc
003f23ed   _ADC_setVoltRefSrc
003f258d   _CLK_disableTbClockSync
003f2594   _CLK_enableAdcClock
003f2525   _CLK_enablePwmClock
003f252e   _CLK_enableSciaClock
003f259b   _CLK_enableTbClockSync
003f25a2   _CLK_init
003f25a9   _CLK_setClkOutPreScaler
003f25b0   _CLK_setOscSrc
003f2748   _CPU_clearIntFlags
003f274b   _CPU_disableGlobalInts
003f274e   _CPU_enableDebugInt
003f2751   _CPU_enableGlobalInts
003f2718   _CPU_enableInt
003f271c   _CPU_init
00008985   _ConversionCount
003f2650   _DATALOG_ISR
003f241c   _DSP28x_DisableInt
003f2420   _DSP28x_RestoreInt
00008000   _DSP28x_usDelay
003f2655   _ECAP1_INT_ISR
003f265a   _EMUINT_ISR
003f265f   _EPWM1_INT_ISR
003f2664   _EPWM1_TZINT_ISR
003f2669   _EPWM2_INT_ISR
003f266e   _EPWM2_TZINT_ISR
003f2673   _EPWM3_INT_ISR
003f2678   _EPWM3_TZINT_ISR
003f25b7   _FLASH_init
003f2435   _GPIO_getData
003f25be   _GPIO_init
003f7ecd   _GPIO_setDirection
003f7e03   _GPIO_setMode
003f7f01   _GPIO_setPullUp
003f205d   _GPIO_setQualification
003f730e   _HOSTclock
003f72e7   _HOSTclose
003f72bd   _HOSTgetenv
003f7276   _HOSTlseek
003f723f   _HOSTopen
003f7209   _HOSTread
003f71cb   _HOSTrename
003f71a1   _HOSTtime
003f717c   _HOSTunlink
003f7146   _HOSTwrite
003f267d   _I2CINT1A_ISR
003f2682   _I2CINT2A_ISR
003f2687   _ILLEGAL_ISR
003f268c   _INT13_ISR
003f2691   _INT14_ISR
003f7855   _InitEPwm2
003f2696   _NMI_ISR
003f269b   _PIE_RESERVED
003f2754   _PIE_disable
003f2467   _PIE_disableAllInts
003f2757   _PIE_enable
003f23ff   _PIE_enableAdcInt
003f2493   _PIE_enablePwmInt
003f2575   _PIE_init
003f2476   _PIE_registerPieIntHandler
003f2446   _PIE_setDebugIntVectorTable
003f6102   _PIE_tableDebugInit
003f275a   _PLL_getClkStatus
003f275d   _PLL_getLockStatus
003f25c5   _PLL_init
003f25cc   _PLL_setDivider
003f260b   _PLL_setMultiplier
003f238c   _PLL_setup
003f2760   _PWM_disableCounterLoad
003f2720   _PWM_enableInt
003f2724   _PWM_enableSocAPulse
003f25d3   _PWM_init
003f2537   _PWM_setActionQual_CntUp_CmpB_PwmB
003f25da   _PWM_setActionQual_Zero_PwmB
003f2728   _PWM_setClkDiv
003f277b   _PWM_setCount
003f272c   _PWM_setCounterMode
003f2730   _PWM_setHighSpeedClkDiv
003f25e1   _PWM_setIntMode
003f25e8   _PWM_setIntPeriod
003f2611   _PWM_setLoadMode_CmpB
003f277d   _PWM_setPeriod
003f277f   _PWM_setPhase
003f2617   _PWM_setShadowMode_CmpB
003f2540   _PWM_setSocAPeriod
003f2549   _PWM_setSocAPulseSrc
003f26a0   _RTOSINT_ISR
00000004   _RamfuncsLoadSize
003f6362   _RamfuncsLoadStart
00008000   _RamfuncsRunStart
003f26a5   _SCIRXINTA_ISR
003f26aa   _SCITXINTA_ISR
003f2734   _SCI_clearRxFifoInt
003f2738   _SCI_clearTxFifoInt
003f24ba   _SCI_close
003f2763   _SCI_disableParity
003f2766   _SCI_enable
003f273c   _SCI_enableFifoEnh
003f2769   _SCI_enableRx
003f276c   _SCI_enableRxInt
003f276f   _SCI_enableTx
003f2772   _SCI_enableTxInt
003f25ef   _SCI_init
003f2781   _SCI_lseek
003f23b5   _SCI_open
003f2552   _SCI_putDataBlocking
003f23c8   _SCI_read
003f2783   _SCI_rename
003f24fd   _SCI_resetChannels
003f2507   _SCI_resetRxFifo
003f2511   _SCI_resetTxFifo
003f261d   _SCI_setBaudRate
003f2740   _SCI_setCharLength
003f2744   _SCI_setNumStopBits
003f2775   _SCI_setPriority
003f25f6   _SCI_setRxFifoIntLevel
003f25fd   _SCI_setTxFifoIntLevel
003f2785   _SCI_unlink
003f22bc   _SCI_write
003f26af   _SPIRXINTA_ISR
003f26b4   _SPITXINTA_ISR
003f26b9   _TINT0_ISR
003f26be   _USER10_ISR
003f26c3   _USER11_ISR
003f26c8   _USER12_ISR
003f26cd   _USER1_ISR
003f26d2   _USER2_ISR
003f26d7   _USER3_ISR
003f26dc   _USER4_ISR
003f26e1   _USER5_ISR
003f26e6   _USER6_ISR
003f26eb   _USER7_ISR
003f26f0   _USER8_ISR
003f26f5   _USER9_ISR
003f26fa   _WAKEINT_ISR
003f257d   _WDOG_disable
003f2604   _WDOG_init
003f26ff   _XINT1_ISR
003f2704   _XINT2_ISR
003f2709   _XINT3_ISR
00000400   __CIOBUF_
00000350   __STACK_END
00000300   __STACK_SIZE
00000200   __SYSMEM_SIZE
00000001   __TI_args_main
003f768a   ___TI_cleanup
00008978   ___TI_cleanup_ptr
003f7cb3   ___TI_closefile
003f7b7d   ___TI_doflush
0000897a   ___TI_dtors_ptr
00008800   ___TI_ft_end
003f6ba4   ___TI_printfi
003f7c88   ___TI_rd_ok
003f7939   ___TI_readmsg
000088c0   ___TI_tmpnams
003f78e5   ___TI_writemsg
003f7c4e   ___TI_wrt_ok
ffffffff   ___binit__
ffffffff   ___c_args__
003f2787   ___cinit__
ffffffff   ___etext__
003f21b2   ___memcpy_ff
ffffffff   ___pinit__
ffffffff   ___text__
003f232a   __args_main
003f6000   __ctypes_
00008840   __ftable
00008976   __lock
003f2563   __nop
003f255f   __register_lock
003f255b   __register_unlock
00000050   __stack
00008b48   __sys_memory
00008974   __unlock
003f2343   _abort
003f7db8   _adc_isr
003f70da   _add_device
003f2000   _atoi
00008998   _beepHigh
0000899e   _beepLow
003f7e4c   _c_int00
003f222e   _calculate_duty_cycle
003f74f3   _calloc
003f74f1   _chkheap
003f635e   _clockRate
003f70a8   _close
0000897c   _cpu
00008970   _deviceOpen
000089aa   _epwm2_info
003f20dc   _epwm2_isr
003f2345   _exit
003f7cf5   _fclose
003f7bac   _fflush
003f76f7   _fopen
003f7d68   _fputc
003f7711   _fputs
003f7338   _free
003f74d5   _free_memory
003f76a7   _freopen
003f7e90   _fseek
003f635a   _highSpeedClockDiv
00008981   _indexToPlay
003f2170   _init_audio
00008972   _ioSci
00008980   _loopCount
003f7090   _lseek
003f2031   _ltoa
003f6c96   _main
003f73a1   _malloc
00008983   _maxValue
003f74b5   _max_free
003f24a0   _memccpy
003f2423   _memchr
003f24ad   _memset
003f737d   _minit
0000898a   _myAdc
00008988   _myClk
00008994   _myCpu
00008986   _myFlash
00008992   _myGpio
00008990   _myPie
0000898e   _myPwm
0000898c   _myPwm2
00008996   _mySci
003f701e   _open
00008984   _periodForSampleRate
003f7f3b   _printf
003f7d68   _putc
003f7db3   _putchar
003f77a7   _puts
003f7006   _read
003f7401   _realloc
003f2778   _remove
003f6fec   _remove_device
003f6fc3   _rename
003f270e   _rsvd_ISR
003f635c   _sampleRate
003f7be8   _scia_init
003f2419   _setDBGIER
003f7b04   _setvbuf
000089a4   _sine
003f24f2   _strchr
003f251b   _strcmp
003f2713   _strcpy
003f2585   _strlen
003f2210   _strncpy
00008982   _timeToUpdate
003f6fab   _unlink
003f7f67   _update_compare
000089c0   _voltage
003f62c8   _wavFile
003f6202   _wavFile2
003f6271   _wavFile3
003f6f45   _write
ffffffff   binit
003f2787   cinit
003f7ff6   code_start
ffffffff   etext
ffffffff   pinit


GLOBAL SYMBOLS: SORTED BY Symbol Address 

address    name
--------   ----
00000001   __TI_args_main
00000004   _RamfuncsLoadSize
00000050   __stack
00000200   __SYSMEM_SIZE
00000300   __STACK_SIZE
00000350   __STACK_END
00000400   __CIOBUF_
00008000   _DSP28x_usDelay
00008000   _RamfuncsRunStart
00008800   ___TI_ft_end
00008840   __ftable
000088c0   ___TI_tmpnams
00008970   _deviceOpen
00008972   _ioSci
00008974   __unlock
00008976   __lock
00008978   ___TI_cleanup_ptr
0000897a   ___TI_dtors_ptr
0000897c   _cpu
00008980   _loopCount
00008981   _indexToPlay
00008982   _timeToUpdate
00008983   _maxValue
00008984   _periodForSampleRate
00008985   _ConversionCount
00008986   _myFlash
00008988   _myClk
0000898a   _myAdc
0000898c   _myPwm2
0000898e   _myPwm
00008990   _myPie
00008992   _myGpio
00008994   _myCpu
00008996   _mySci
00008998   _beepHigh
0000899e   _beepLow
000089a4   _sine
000089aa   _epwm2_info
000089c0   _voltage
00008b48   __sys_memory
003f2000   _atoi
003f2031   _ltoa
003f205d   _GPIO_setQualification
003f2088   FD$$CMP
003f20b2   L$$DIV
003f20c1   L$$MOD
003f20cf   UL$$DIV
003f20d6   UL$$MOD
003f20dc   _epwm2_isr
003f2103   FS$$TOI
003f2128   _ADC_setIntMode
003f214c   _ADC_setIntSrc
003f2170   _init_audio
003f2191   FD$$TOI
003f21b2   ___memcpy_ff
003f21d3   FD$$TOL
003f21f2   LL$$CMP
003f2204   ULL$$CMP
003f2210   _strncpy
003f222e   _calculate_duty_cycle
003f224b   FS$$TOU
003f2268   _ADC_setSocChanNumber
003f2284   _ADC_setSocSampleWindow
003f22a0   _ADC_setSocTrigSrc
003f22bc   _SCI_write
003f22d8   FS$$TOFD
003f22f4   L$$TOFD
003f2310   I$$TOFS
003f232a   __args_main
003f2343   C$$EXIT
003f2343   _abort
003f2345   _exit
003f235c   _ADC_enableInt
003f2374   LL$$AND
003f237c   LL$$OR
003f2384   LL$$XOR
003f238c   _PLL_setup
003f23a1   LL$$MPY
003f23b5   _SCI_open
003f23c8   _SCI_read
003f23db   _ADC_setIntPulseGenMode
003f23ed   _ADC_setVoltRefSrc
003f23ff   _PIE_enableAdcInt
003f2419   _setDBGIER
003f241c   _DSP28x_DisableInt
003f2420   _DSP28x_RestoreInt
003f2423   _memchr
003f2435   _GPIO_getData
003f2446   _PIE_setDebugIntVectorTable
003f2457   U$$TOFS
003f2467   _PIE_disableAllInts
003f2476   _PIE_registerPieIntHandler
003f2485   FD$$SUB
003f2493   _PIE_enablePwmInt
003f24a0   _memccpy
003f24ad   _memset
003f24ba   _SCI_close
003f24c6   _ADC_enable
003f24d1   _ADC_enableBandGap
003f24dc   _ADC_enableRefBuffers
003f24e7   _ADC_powerUp
003f24f2   _strchr
003f24fd   _SCI_resetChannels
003f2507   _SCI_resetRxFifo
003f2511   _SCI_resetTxFifo
003f251b   _strcmp
003f2525   _CLK_enablePwmClock
003f252e   _CLK_enableSciaClock
003f2537   _PWM_setActionQual_CntUp_CmpB_PwmB
003f2540   _PWM_setSocAPeriod
003f2549   _PWM_setSocAPulseSrc
003f2552   _SCI_putDataBlocking
003f255b   __register_unlock
003f255f   __register_lock
003f2563   __nop
003f2564   FD$$NEG
003f256d   _ADC_init
003f2575   _PIE_init
003f257d   _WDOG_disable
003f2585   _strlen
003f258d   _CLK_disableTbClockSync
003f2594   _CLK_enableAdcClock
003f259b   _CLK_enableTbClockSync
003f25a2   _CLK_init
003f25a9   _CLK_setClkOutPreScaler
003f25b0   _CLK_setOscSrc
003f25b7   _FLASH_init
003f25be   _GPIO_init
003f25c5   _PLL_init
003f25cc   _PLL_setDivider
003f25d3   _PWM_init
003f25da   _PWM_setActionQual_Zero_PwmB
003f25e1   _PWM_setIntMode
003f25e8   _PWM_setIntPeriod
003f25ef   _SCI_init
003f25f6   _SCI_setRxFifoIntLevel
003f25fd   _SCI_setTxFifoIntLevel
003f2604   _WDOG_init
003f260b   _PLL_setMultiplier
003f2611   _PWM_setLoadMode_CmpB
003f2617   _PWM_setShadowMode_CmpB
003f261d   _SCI_setBaudRate
003f2623   _ADCINT1_ISR
003f2628   _ADCINT2_ISR
003f262d   _ADCINT3_ISR
003f2632   _ADCINT4_ISR
003f2637   _ADCINT5_ISR
003f263c   _ADCINT6_ISR
003f2641   _ADCINT7_ISR
003f2646   _ADCINT8_ISR
003f264b   _ADCINT9_ISR
003f2650   _DATALOG_ISR
003f2655   _ECAP1_INT_ISR
003f265a   _EMUINT_ISR
003f265f   _EPWM1_INT_ISR
003f2664   _EPWM1_TZINT_ISR
003f2669   _EPWM2_INT_ISR
003f266e   _EPWM2_TZINT_ISR
003f2673   _EPWM3_INT_ISR
003f2678   _EPWM3_TZINT_ISR
003f267d   _I2CINT1A_ISR
003f2682   _I2CINT2A_ISR
003f2687   _ILLEGAL_ISR
003f268c   _INT13_ISR
003f2691   _INT14_ISR
003f2696   _NMI_ISR
003f269b   _PIE_RESERVED
003f26a0   _RTOSINT_ISR
003f26a5   _SCIRXINTA_ISR
003f26aa   _SCITXINTA_ISR
003f26af   _SPIRXINTA_ISR
003f26b4   _SPITXINTA_ISR
003f26b9   _TINT0_ISR
003f26be   _USER10_ISR
003f26c3   _USER11_ISR
003f26c8   _USER12_ISR
003f26cd   _USER1_ISR
003f26d2   _USER2_ISR
003f26d7   _USER3_ISR
003f26dc   _USER4_ISR
003f26e1   _USER5_ISR
003f26e6   _USER6_ISR
003f26eb   _USER7_ISR
003f26f0   _USER8_ISR
003f26f5   _USER9_ISR
003f26fa   _WAKEINT_ISR
003f26ff   _XINT1_ISR
003f2704   _XINT2_ISR
003f2709   _XINT3_ISR
003f270e   _rsvd_ISR
003f2713   _strcpy
003f2718   _CPU_enableInt
003f271c   _CPU_init
003f2720   _PWM_enableInt
003f2724   _PWM_enableSocAPulse
003f2728   _PWM_setClkDiv
003f272c   _PWM_setCounterMode
003f2730   _PWM_setHighSpeedClkDiv
003f2734   _SCI_clearRxFifoInt
003f2738   _SCI_clearTxFifoInt
003f273c   _SCI_enableFifoEnh
003f2740   _SCI_setCharLength
003f2744   _SCI_setNumStopBits
003f2748   _CPU_clearIntFlags
003f274b   _CPU_disableGlobalInts
003f274e   _CPU_enableDebugInt
003f2751   _CPU_enableGlobalInts
003f2754   _PIE_disable
003f2757   _PIE_enable
003f275a   _PLL_getClkStatus
003f275d   _PLL_getLockStatus
003f2760   _PWM_disableCounterLoad
003f2763   _SCI_disableParity
003f2766   _SCI_enable
003f2769   _SCI_enableRx
003f276c   _SCI_enableRxInt
003f276f   _SCI_enableTx
003f2772   _SCI_enableTxInt
003f2775   _SCI_setPriority
003f2778   _remove
003f277b   _PWM_setCount
003f277d   _PWM_setPeriod
003f277f   _PWM_setPhase
003f2781   _SCI_lseek
003f2783   _SCI_rename
003f2785   _SCI_unlink
003f2787   ___cinit__
003f2787   cinit
003f6000   __ctypes_
003f6102   _PIE_tableDebugInit
003f6202   _wavFile2
003f6271   _wavFile3
003f62c8   _wavFile
003f635a   _highSpeedClockDiv
003f635c   _sampleRate
003f635e   _clockRate
003f6362   _RamfuncsLoadStart
003f6ba4   ___TI_printfi
003f6c96   _main
003f6f45   _write
003f6fab   _unlink
003f6fc3   _rename
003f6fec   _remove_device
003f7006   _read
003f701e   _open
003f7090   _lseek
003f70a8   _close
003f70da   _add_device
003f7146   _HOSTwrite
003f717c   _HOSTunlink
003f71a1   _HOSTtime
003f71cb   _HOSTrename
003f7209   _HOSTread
003f723f   _HOSTopen
003f7276   _HOSTlseek
003f72bd   _HOSTgetenv
003f72e7   _HOSTclose
003f730e   _HOSTclock
003f7338   _free
003f737d   _minit
003f73a1   _malloc
003f7401   _realloc
003f74b5   _max_free
003f74d5   _free_memory
003f74f1   _chkheap
003f74f3   _calloc
003f750b   LL$$DIV
003f7547   LL$$MOD
003f7581   ULL$$DIV
003f75b0   ULL$$MOD
003f768a   ___TI_cleanup
003f76a7   _freopen
003f76f7   _fopen
003f7711   _fputs
003f77a7   _puts
003f77b9   FD$$ADD
003f7855   _InitEPwm2
003f78e5   ___TI_writemsg
003f7935   C$$IO$$
003f7939   ___TI_readmsg
003f7973   FD$$DIV
003f79fe   FD$$MPY
003f7a81   FS$$DIV
003f7b04   _setvbuf
003f7b7d   ___TI_doflush
003f7bac   _fflush
003f7be8   _scia_init
003f7c4e   ___TI_wrt_ok
003f7c88   ___TI_rd_ok
003f7cb3   ___TI_closefile
003f7cf5   _fclose
003f7d0e   FS$$MPY
003f7d68   _fputc
003f7d68   _putc
003f7db3   _putchar
003f7db8   _adc_isr
003f7e03   _GPIO_setMode
003f7e4c   _c_int00
003f7e90   _fseek
003f7ecd   _GPIO_setDirection
003f7f01   _GPIO_setPullUp
003f7f3b   _printf
003f7f67   _update_compare
003f7ff6   code_start
ffffffff   .text
ffffffff   ___binit__
ffffffff   ___c_args__
ffffffff   ___etext__
ffffffff   ___pinit__
ffffffff   ___text__
ffffffff   binit
ffffffff   etext
ffffffff   pinit

[313 symbols]
