<?xml version="1.0"?>
<link_info>
   <banner>TMS320C2000 Linker PC v6.2.8</banner>
   <copyright>Copyright (c) 1996-2014 Texas Instruments Incorporated</copyright>
   <link_time>0x547ab361</link_time>
   <link_errors>0x0</link_errors>
   <output_file>VoiceModule.out</output_file>
   <entry_point>
      <name>code_start</name>
      <address>0x3f7ff6</address>
   </entry_point>
   <input_file_list>
      <input_file id="fl-2">
         <path>.\</path>
         <kind>object</kind>
         <file>Sin256Q15.obj</file>
         <name>Sin256Q15.obj</name>
      </input_file>
      <input_file id="fl-3">
         <path>.\</path>
         <kind>object</kind>
         <file>VoiceModule.obj</file>
         <name>VoiceModule.obj</name>
      </input_file>
      <input_file id="fl-a">
         <path>C:\ti\controlSUITE\development_kits\C2000_LaunchPad\f2802x_common\lib\</path>
         <kind>archive</kind>
         <file>driverlib.lib</file>
         <name>wdog.obj</name>
      </input_file>
      <input_file id="fl-b">
         <path>C:\ti\controlSUITE\development_kits\C2000_LaunchPad\f2802x_common\lib\</path>
         <kind>archive</kind>
         <file>driverlib.lib</file>
         <name>sci_io.obj</name>
      </input_file>
      <input_file id="fl-c">
         <path>C:\ti\controlSUITE\development_kits\C2000_LaunchPad\f2802x_common\lib\</path>
         <kind>archive</kind>
         <file>driverlib.lib</file>
         <name>sci.obj</name>
      </input_file>
      <input_file id="fl-d">
         <path>C:\ti\controlSUITE\development_kits\C2000_LaunchPad\f2802x_common\lib\</path>
         <kind>archive</kind>
         <file>driverlib.lib</file>
         <name>pwm.obj</name>
      </input_file>
      <input_file id="fl-e">
         <path>C:\ti\controlSUITE\development_kits\C2000_LaunchPad\f2802x_common\lib\</path>
         <kind>archive</kind>
         <file>driverlib.lib</file>
         <name>pll.obj</name>
      </input_file>
      <input_file id="fl-f">
         <path>C:\ti\controlSUITE\development_kits\C2000_LaunchPad\f2802x_common\lib\</path>
         <kind>archive</kind>
         <file>driverlib.lib</file>
         <name>pie.obj</name>
      </input_file>
      <input_file id="fl-10">
         <path>C:\ti\controlSUITE\development_kits\C2000_LaunchPad\f2802x_common\lib\</path>
         <kind>archive</kind>
         <file>driverlib.lib</file>
         <name>gpio.obj</name>
      </input_file>
      <input_file id="fl-11">
         <path>C:\ti\controlSUITE\development_kits\C2000_LaunchPad\f2802x_common\lib\</path>
         <kind>archive</kind>
         <file>driverlib.lib</file>
         <name>flash.obj</name>
      </input_file>
      <input_file id="fl-12">
         <path>C:\ti\controlSUITE\development_kits\C2000_LaunchPad\f2802x_common\lib\</path>
         <kind>archive</kind>
         <file>driverlib.lib</file>
         <name>cpu.obj</name>
      </input_file>
      <input_file id="fl-13">
         <path>C:\ti\controlSUITE\development_kits\C2000_LaunchPad\f2802x_common\lib\</path>
         <kind>archive</kind>
         <file>driverlib.lib</file>
         <name>clk.obj</name>
      </input_file>
      <input_file id="fl-14">
         <path>C:\ti\controlSUITE\development_kits\C2000_LaunchPad\f2802x_common\lib\</path>
         <kind>archive</kind>
         <file>driverlib.lib</file>
         <name>adc.obj</name>
      </input_file>
      <input_file id="fl-15">
         <path>C:\ti\controlSUITE\development_kits\C2000_LaunchPad\f2802x_common\lib\</path>
         <kind>archive</kind>
         <file>driverlib.lib</file>
         <name>F2802x_asmfuncs.obj</name>
      </input_file>
      <input_file id="fl-16">
         <path>C:\ti\controlSUITE\development_kits\C2000_LaunchPad\f2802x_common\lib\</path>
         <kind>archive</kind>
         <file>driverlib.lib</file>
         <name>F2802x_DefaultIsr.obj</name>
      </input_file>
      <input_file id="fl-17">
         <path>c:\ti\ccsv6\tools\compiler\c2000_6.2.8\lib\</path>
         <kind>archive</kind>
         <file>rts2800_ml.lib</file>
         <name>boot.obj</name>
      </input_file>
      <input_file id="fl-18">
         <path>c:\ti\ccsv6\tools\compiler\c2000_6.2.8\lib\</path>
         <kind>archive</kind>
         <file>rts2800_ml.lib</file>
         <name>defs.obj</name>
      </input_file>
      <input_file id="fl-19">
         <path>c:\ti\ccsv6\tools\compiler\c2000_6.2.8\lib\</path>
         <kind>archive</kind>
         <file>rts2800_ml.lib</file>
         <name>exit.obj</name>
      </input_file>
      <input_file id="fl-1a">
         <path>c:\ti\ccsv6\tools\compiler\c2000_6.2.8\lib\</path>
         <kind>archive</kind>
         <file>rts2800_ml.lib</file>
         <name>fopen.obj</name>
      </input_file>
      <input_file id="fl-1b">
         <path>c:\ti\ccsv6\tools\compiler\c2000_6.2.8\lib\</path>
         <kind>archive</kind>
         <file>rts2800_ml.lib</file>
         <name>fs_div.obj</name>
      </input_file>
      <input_file id="fl-1c">
         <path>c:\ti\ccsv6\tools\compiler\c2000_6.2.8\lib\</path>
         <kind>archive</kind>
         <file>rts2800_ml.lib</file>
         <name>fs_mpy.obj</name>
      </input_file>
      <input_file id="fl-1d">
         <path>c:\ti\ccsv6\tools\compiler\c2000_6.2.8\lib\</path>
         <kind>archive</kind>
         <file>rts2800_ml.lib</file>
         <name>fs_toi.obj</name>
      </input_file>
      <input_file id="fl-1e">
         <path>c:\ti\ccsv6\tools\compiler\c2000_6.2.8\lib\</path>
         <kind>archive</kind>
         <file>rts2800_ml.lib</file>
         <name>fs_tou.obj</name>
      </input_file>
      <input_file id="fl-1f">
         <path>c:\ti\ccsv6\tools\compiler\c2000_6.2.8\lib\</path>
         <kind>archive</kind>
         <file>rts2800_ml.lib</file>
         <name>i_div.obj</name>
      </input_file>
      <input_file id="fl-20">
         <path>c:\ti\ccsv6\tools\compiler\c2000_6.2.8\lib\</path>
         <kind>archive</kind>
         <file>rts2800_ml.lib</file>
         <name>i_tofs.obj</name>
      </input_file>
      <input_file id="fl-21">
         <path>c:\ti\ccsv6\tools\compiler\c2000_6.2.8\lib\</path>
         <kind>archive</kind>
         <file>rts2800_ml.lib</file>
         <name>lowlev.obj</name>
      </input_file>
      <input_file id="fl-22">
         <path>c:\ti\ccsv6\tools\compiler\c2000_6.2.8\lib\</path>
         <kind>archive</kind>
         <file>rts2800_ml.lib</file>
         <name>memcpy_ff.obj</name>
      </input_file>
      <input_file id="fl-23">
         <path>c:\ti\ccsv6\tools\compiler\c2000_6.2.8\lib\</path>
         <kind>archive</kind>
         <file>rts2800_ml.lib</file>
         <name>printf.obj</name>
      </input_file>
      <input_file id="fl-24">
         <path>c:\ti\ccsv6\tools\compiler\c2000_6.2.8\lib\</path>
         <kind>archive</kind>
         <file>rts2800_ml.lib</file>
         <name>setvbuf.obj</name>
      </input_file>
      <input_file id="fl-25">
         <path>c:\ti\ccsv6\tools\compiler\c2000_6.2.8\lib\</path>
         <kind>archive</kind>
         <file>rts2800_ml.lib</file>
         <name>strchr.obj</name>
      </input_file>
      <input_file id="fl-26">
         <path>c:\ti\ccsv6\tools\compiler\c2000_6.2.8\lib\</path>
         <kind>archive</kind>
         <file>rts2800_ml.lib</file>
         <name>strcmp.obj</name>
      </input_file>
      <input_file id="fl-27">
         <path>c:\ti\ccsv6\tools\compiler\c2000_6.2.8\lib\</path>
         <kind>archive</kind>
         <file>rts2800_ml.lib</file>
         <name>strncpy.obj</name>
      </input_file>
      <input_file id="fl-28">
         <path>c:\ti\ccsv6\tools\compiler\c2000_6.2.8\lib\</path>
         <kind>archive</kind>
         <file>rts2800_ml.lib</file>
         <name>trgdrv.obj</name>
      </input_file>
      <input_file id="fl-29">
         <path>c:\ti\ccsv6\tools\compiler\c2000_6.2.8\lib\</path>
         <kind>archive</kind>
         <file>rts2800_ml.lib</file>
         <name>u_tofs.obj</name>
      </input_file>
      <input_file id="fl-2a">
         <path>c:\ti\ccsv6\tools\compiler\c2000_6.2.8\lib\</path>
         <kind>archive</kind>
         <file>rts2800_ml.lib</file>
         <name>_lock.obj</name>
      </input_file>
      <input_file id="fl-2b">
         <path>c:\ti\ccsv6\tools\compiler\c2000_6.2.8\lib\</path>
         <kind>archive</kind>
         <file>rts2800_ml.lib</file>
         <name>_printfi.obj</name>
      </input_file>
      <input_file id="fl-2c">
         <path>c:\ti\ccsv6\tools\compiler\c2000_6.2.8\lib\</path>
         <kind>archive</kind>
         <file>rts2800_ml.lib</file>
         <name>ankmsg.obj</name>
      </input_file>
      <input_file id="fl-2d">
         <path>c:\ti\ccsv6\tools\compiler\c2000_6.2.8\lib\</path>
         <kind>archive</kind>
         <file>rts2800_ml.lib</file>
         <name>args_main.obj</name>
      </input_file>
      <input_file id="fl-2e">
         <path>c:\ti\ccsv6\tools\compiler\c2000_6.2.8\lib\</path>
         <kind>archive</kind>
         <file>rts2800_ml.lib</file>
         <name>atoi.obj</name>
      </input_file>
      <input_file id="fl-2f">
         <path>c:\ti\ccsv6\tools\compiler\c2000_6.2.8\lib\</path>
         <kind>archive</kind>
         <file>rts2800_ml.lib</file>
         <name>ctype.obj</name>
      </input_file>
      <input_file id="fl-30">
         <path>c:\ti\ccsv6\tools\compiler\c2000_6.2.8\lib\</path>
         <kind>archive</kind>
         <file>rts2800_ml.lib</file>
         <name>fclose.obj</name>
      </input_file>
      <input_file id="fl-31">
         <path>c:\ti\ccsv6\tools\compiler\c2000_6.2.8\lib\</path>
         <kind>archive</kind>
         <file>rts2800_ml.lib</file>
         <name>fd_cmp.obj</name>
      </input_file>
      <input_file id="fl-32">
         <path>c:\ti\ccsv6\tools\compiler\c2000_6.2.8\lib\</path>
         <kind>archive</kind>
         <file>rts2800_ml.lib</file>
         <name>fd_div.obj</name>
      </input_file>
      <input_file id="fl-33">
         <path>c:\ti\ccsv6\tools\compiler\c2000_6.2.8\lib\</path>
         <kind>archive</kind>
         <file>rts2800_ml.lib</file>
         <name>fd_mpy.obj</name>
      </input_file>
      <input_file id="fl-34">
         <path>c:\ti\ccsv6\tools\compiler\c2000_6.2.8\lib\</path>
         <kind>archive</kind>
         <file>rts2800_ml.lib</file>
         <name>fd_neg.obj</name>
      </input_file>
      <input_file id="fl-35">
         <path>c:\ti\ccsv6\tools\compiler\c2000_6.2.8\lib\</path>
         <kind>archive</kind>
         <file>rts2800_ml.lib</file>
         <name>fd_sub.obj</name>
      </input_file>
      <input_file id="fl-36">
         <path>c:\ti\ccsv6\tools\compiler\c2000_6.2.8\lib\</path>
         <kind>archive</kind>
         <file>rts2800_ml.lib</file>
         <name>fd_toi.obj</name>
      </input_file>
      <input_file id="fl-37">
         <path>c:\ti\ccsv6\tools\compiler\c2000_6.2.8\lib\</path>
         <kind>archive</kind>
         <file>rts2800_ml.lib</file>
         <name>fd_tol.obj</name>
      </input_file>
      <input_file id="fl-38">
         <path>c:\ti\ccsv6\tools\compiler\c2000_6.2.8\lib\</path>
         <kind>archive</kind>
         <file>rts2800_ml.lib</file>
         <name>fflush.obj</name>
      </input_file>
      <input_file id="fl-39">
         <path>c:\ti\ccsv6\tools\compiler\c2000_6.2.8\lib\</path>
         <kind>archive</kind>
         <file>rts2800_ml.lib</file>
         <name>fputc.obj</name>
      </input_file>
      <input_file id="fl-3a">
         <path>c:\ti\ccsv6\tools\compiler\c2000_6.2.8\lib\</path>
         <kind>archive</kind>
         <file>rts2800_ml.lib</file>
         <name>fputs.obj</name>
      </input_file>
      <input_file id="fl-3b">
         <path>c:\ti\ccsv6\tools\compiler\c2000_6.2.8\lib\</path>
         <kind>archive</kind>
         <file>rts2800_ml.lib</file>
         <name>fs_tofd.obj</name>
      </input_file>
      <input_file id="fl-3c">
         <path>c:\ti\ccsv6\tools\compiler\c2000_6.2.8\lib\</path>
         <kind>archive</kind>
         <file>rts2800_ml.lib</file>
         <name>l_tofd.obj</name>
      </input_file>
      <input_file id="fl-3d">
         <path>c:\ti\ccsv6\tools\compiler\c2000_6.2.8\lib\</path>
         <kind>archive</kind>
         <file>rts2800_ml.lib</file>
         <name>ll_aox.obj</name>
      </input_file>
      <input_file id="fl-3e">
         <path>c:\ti\ccsv6\tools\compiler\c2000_6.2.8\lib\</path>
         <kind>archive</kind>
         <file>rts2800_ml.lib</file>
         <name>ll_cmp.obj</name>
      </input_file>
      <input_file id="fl-3f">
         <path>c:\ti\ccsv6\tools\compiler\c2000_6.2.8\lib\</path>
         <kind>archive</kind>
         <file>rts2800_ml.lib</file>
         <name>ll_div.obj</name>
      </input_file>
      <input_file id="fl-40">
         <path>c:\ti\ccsv6\tools\compiler\c2000_6.2.8\lib\</path>
         <kind>archive</kind>
         <file>rts2800_ml.lib</file>
         <name>ll_mpy.obj</name>
      </input_file>
      <input_file id="fl-41">
         <path>c:\ti\ccsv6\tools\compiler\c2000_6.2.8\lib\</path>
         <kind>archive</kind>
         <file>rts2800_ml.lib</file>
         <name>ltoa.obj</name>
      </input_file>
      <input_file id="fl-42">
         <path>c:\ti\ccsv6\tools\compiler\c2000_6.2.8\lib\</path>
         <kind>archive</kind>
         <file>rts2800_ml.lib</file>
         <name>memccpy.obj</name>
      </input_file>
      <input_file id="fl-43">
         <path>c:\ti\ccsv6\tools\compiler\c2000_6.2.8\lib\</path>
         <kind>archive</kind>
         <file>rts2800_ml.lib</file>
         <name>memchr.obj</name>
      </input_file>
      <input_file id="fl-44">
         <path>c:\ti\ccsv6\tools\compiler\c2000_6.2.8\lib\</path>
         <kind>archive</kind>
         <file>rts2800_ml.lib</file>
         <name>memory.obj</name>
      </input_file>
      <input_file id="fl-45">
         <path>c:\ti\ccsv6\tools\compiler\c2000_6.2.8\lib\</path>
         <kind>archive</kind>
         <file>rts2800_ml.lib</file>
         <name>memset.obj</name>
      </input_file>
      <input_file id="fl-46">
         <path>c:\ti\ccsv6\tools\compiler\c2000_6.2.8\lib\</path>
         <kind>archive</kind>
         <file>rts2800_ml.lib</file>
         <name>remove.obj</name>
      </input_file>
      <input_file id="fl-47">
         <path>c:\ti\ccsv6\tools\compiler\c2000_6.2.8\lib\</path>
         <kind>archive</kind>
         <file>rts2800_ml.lib</file>
         <name>strcpy.obj</name>
      </input_file>
      <input_file id="fl-48">
         <path>c:\ti\ccsv6\tools\compiler\c2000_6.2.8\lib\</path>
         <kind>archive</kind>
         <file>rts2800_ml.lib</file>
         <name>strlen.obj</name>
      </input_file>
      <input_file id="fl-49">
         <path>c:\ti\ccsv6\tools\compiler\c2000_6.2.8\lib\</path>
         <kind>archive</kind>
         <file>rts2800_ml.lib</file>
         <name>_io_perm.obj</name>
      </input_file>
      <input_file id="fl-4a">
         <path>c:\ti\ccsv6\tools\compiler\c2000_6.2.8\lib\</path>
         <kind>archive</kind>
         <file>rts2800_ml.lib</file>
         <name>fd_add.obj</name>
      </input_file>
      <input_file id="fl-4b">
         <path>c:\ti\ccsv6\tools\compiler\c2000_6.2.8\lib\</path>
         <kind>archive</kind>
         <file>rts2800_ml.lib</file>
         <name>fseek.obj</name>
      </input_file>
      <input_file id="fl-4c">
         <path>c:\ti\ccsv6\tools\compiler\c2000_6.2.8\lib\</path>
         <kind>archive</kind>
         <file>rts2800_ml.lib</file>
         <name>l_div.obj</name>
      </input_file>
   </input_file_list>
   <object_component_list>
      <object_component id="oc-3f">
         <name>.jenkins</name>
         <load_address>0x3f0000</load_address>
         <run_address>0x3f0000</run_address>
         <size>0x1afd</size>
         <input_file_ref idref="fl-3"/>
      </object_component>
      <object_component id="oc-af">
         <name>.cinit</name>
         <load_address>0x3f2860</load_address>
         <run_address>0x3f2860</run_address>
         <size>0x31</size>
         <input_file_ref idref="fl-21"/>
      </object_component>
      <object_component id="oc-87">
         <name>.cinit</name>
         <load_address>0x3f2891</load_address>
         <run_address>0x3f2891</run_address>
         <size>0x2a</size>
         <input_file_ref idref="fl-18"/>
      </object_component>
      <object_component id="oc-3c">
         <name>.cinit</name>
         <load_address>0x3f28bb</load_address>
         <run_address>0x3f28bb</run_address>
         <size>0x28</size>
         <input_file_ref idref="fl-3"/>
      </object_component>
      <object_component id="oc-d6">
         <name>.cinit</name>
         <load_address>0x3f28e3</load_address>
         <run_address>0x3f28e3</run_address>
         <size>0xa</size>
         <input_file_ref idref="fl-2a"/>
      </object_component>
      <object_component id="oc-8b">
         <name>.cinit</name>
         <load_address>0x3f28ed</load_address>
         <run_address>0x3f28ed</run_address>
         <size>0xa</size>
         <input_file_ref idref="fl-19"/>
      </object_component>
      <object_component id="oc-4b">
         <name>.cinit</name>
         <load_address>0x3f28f7</load_address>
         <run_address>0x3f28f7</run_address>
         <size>0x4</size>
         <input_file_ref idref="fl-b"/>
      </object_component>
      <object_component id="oc-91">
         <name>.cinit</name>
         <load_address>0x3f28fb</load_address>
         <run_address>0x3f28fb</run_address>
         <size>0x4</size>
         <input_file_ref idref="fl-1a"/>
      </object_component>
      <object_component id="oc-142">
         <name>.cinit</name>
         <load_address>0x3f28ff</load_address>
         <run_address>0x3f28ff</run_address>
         <size>0x4</size>
         <input_file_ref idref="fl-44"/>
      </object_component>
      <object_component id="oc-1a8">
         <name>.text:_GPIO_setDirection</name>
         <load_address>0x3f2000</load_address>
         <run_address>0x3f2000</run_address>
         <size>0x34</size>
         <input_file_ref idref="fl-10"/>
      </object_component>
      <object_component id="oc-1a6">
         <name>.text:_GPIO_setPullUp</name>
         <load_address>0x3f2034</load_address>
         <run_address>0x3f2034</run_address>
         <size>0x34</size>
         <input_file_ref idref="fl-10"/>
      </object_component>
      <object_component id="oc-1b4">
         <name>.text</name>
         <load_address>0x3f2068</load_address>
         <run_address>0x3f2068</run_address>
         <size>0x32</size>
         <input_file_ref idref="fl-23"/>
      </object_component>
      <object_component id="oc-21d">
         <name>.text</name>
         <load_address>0x3f209a</load_address>
         <run_address>0x3f209a</run_address>
         <size>0x31</size>
         <input_file_ref idref="fl-2e"/>
      </object_component>
      <object_component id="oc-21e">
         <name>.text</name>
         <load_address>0x3f20cb</load_address>
         <run_address>0x3f20cb</run_address>
         <size>0x2c</size>
         <input_file_ref idref="fl-41"/>
      </object_component>
      <object_component id="oc-1a7">
         <name>.text:_GPIO_setQualification</name>
         <load_address>0x3f20f7</load_address>
         <run_address>0x3f20f7</run_address>
         <size>0x2b</size>
         <input_file_ref idref="fl-10"/>
      </object_component>
      <object_component id="oc-f4">
         <name>.text</name>
         <load_address>0x3f2122</load_address>
         <run_address>0x3f2122</run_address>
         <size>0x2a</size>
         <input_file_ref idref="fl-31"/>
      </object_component>
      <object_component id="oc-164">
         <name>.text</name>
         <load_address>0x3f214c</load_address>
         <run_address>0x3f214c</run_address>
         <size>0x2a</size>
         <input_file_ref idref="fl-4c"/>
      </object_component>
      <object_component id="oc-9e">
         <name>.text</name>
         <load_address>0x3f2176</load_address>
         <run_address>0x3f2176</run_address>
         <size>0x25</size>
         <input_file_ref idref="fl-1d"/>
      </object_component>
      <object_component id="oc-19c">
         <name>.text:_ADC_setIntMode</name>
         <load_address>0x3f219b</load_address>
         <run_address>0x3f219b</run_address>
         <size>0x24</size>
         <input_file_ref idref="fl-14"/>
      </object_component>
      <object_component id="oc-19d">
         <name>.text:_ADC_setIntSrc</name>
         <load_address>0x3f21bf</load_address>
         <run_address>0x3f21bf</run_address>
         <size>0x24</size>
         <input_file_ref idref="fl-14"/>
      </object_component>
      <object_component id="oc-a6">
         <name>.text</name>
         <load_address>0x3f21e3</load_address>
         <run_address>0x3f21e3</run_address>
         <size>0x22</size>
         <input_file_ref idref="fl-1f"/>
      </object_component>
      <object_component id="oc-108">
         <name>.text</name>
         <load_address>0x3f2205</load_address>
         <run_address>0x3f2205</run_address>
         <size>0x21</size>
         <input_file_ref idref="fl-36"/>
      </object_component>
      <object_component id="oc-18a">
         <name>.text</name>
         <load_address>0x3f2226</load_address>
         <run_address>0x3f2226</run_address>
         <size>0x21</size>
         <input_file_ref idref="fl-22"/>
      </object_component>
      <object_component id="oc-10c">
         <name>.text</name>
         <load_address>0x3f2247</load_address>
         <run_address>0x3f2247</run_address>
         <size>0x1f</size>
         <input_file_ref idref="fl-37"/>
      </object_component>
      <object_component id="oc-129">
         <name>.text</name>
         <load_address>0x3f2266</load_address>
         <run_address>0x3f2266</run_address>
         <size>0x1e</size>
         <input_file_ref idref="fl-3e"/>
      </object_component>
      <object_component id="oc-1d7">
         <name>.text</name>
         <load_address>0x3f2284</load_address>
         <run_address>0x3f2284</run_address>
         <size>0x1e</size>
         <input_file_ref idref="fl-27"/>
      </object_component>
      <object_component id="oc-175">
         <name>.text:_calculate_duty_cycle</name>
         <load_address>0x3f22a2</load_address>
         <run_address>0x3f22a2</run_address>
         <size>0x1d</size>
         <input_file_ref idref="fl-3"/>
      </object_component>
      <object_component id="oc-a2">
         <name>.text</name>
         <load_address>0x3f22bf</load_address>
         <run_address>0x3f22bf</run_address>
         <size>0x1d</size>
         <input_file_ref idref="fl-1e"/>
      </object_component>
      <object_component id="oc-19e">
         <name>.text:_ADC_setSocChanNumber</name>
         <load_address>0x3f22dc</load_address>
         <run_address>0x3f22dc</run_address>
         <size>0x1c</size>
         <input_file_ref idref="fl-14"/>
      </object_component>
      <object_component id="oc-1a0">
         <name>.text:_ADC_setSocSampleWindow</name>
         <load_address>0x3f22f8</load_address>
         <run_address>0x3f22f8</run_address>
         <size>0x1c</size>
         <input_file_ref idref="fl-14"/>
      </object_component>
      <object_component id="oc-19f">
         <name>.text:_ADC_setSocTrigSrc</name>
         <load_address>0x3f2314</load_address>
         <run_address>0x3f2314</run_address>
         <size>0x1c</size>
         <input_file_ref idref="fl-14"/>
      </object_component>
      <object_component id="oc-1ac">
         <name>.text:_SCI_write</name>
         <load_address>0x3f2330</load_address>
         <run_address>0x3f2330</run_address>
         <size>0x1c</size>
         <input_file_ref idref="fl-b"/>
      </object_component>
      <object_component id="oc-11d">
         <name>.text</name>
         <load_address>0x3f234c</load_address>
         <run_address>0x3f234c</run_address>
         <size>0x1c</size>
         <input_file_ref idref="fl-3b"/>
      </object_component>
      <object_component id="oc-121">
         <name>.text</name>
         <load_address>0x3f2368</load_address>
         <run_address>0x3f2368</run_address>
         <size>0x1c</size>
         <input_file_ref idref="fl-3c"/>
      </object_component>
      <object_component id="oc-aa">
         <name>.text</name>
         <load_address>0x3f2384</load_address>
         <run_address>0x3f2384</run_address>
         <size>0x1a</size>
         <input_file_ref idref="fl-20"/>
      </object_component>
      <object_component id="oc-16b">
         <name>.text</name>
         <load_address>0x3f239e</load_address>
         <run_address>0x3f239e</run_address>
         <size>0x19</size>
         <input_file_ref idref="fl-2d"/>
      </object_component>
      <object_component id="oc-16c">
         <name>.text</name>
         <load_address>0x3f23b7</load_address>
         <run_address>0x3f23b7</run_address>
         <size>0x19</size>
         <input_file_ref idref="fl-19"/>
      </object_component>
      <object_component id="oc-19b">
         <name>.text:_ADC_enableInt</name>
         <load_address>0x3f23d0</load_address>
         <run_address>0x3f23d0</run_address>
         <size>0x18</size>
         <input_file_ref idref="fl-14"/>
      </object_component>
      <object_component id="oc-1b7">
         <name>.text:_beep_high_then_low</name>
         <load_address>0x3f23e8</load_address>
         <run_address>0x3f23e8</run_address>
         <size>0x18</size>
         <input_file_ref idref="fl-3"/>
      </object_component>
      <object_component id="oc-1b8">
         <name>.text:_beep_low_then_high</name>
         <load_address>0x3f2400</load_address>
         <run_address>0x3f2400</run_address>
         <size>0x18</size>
         <input_file_ref idref="fl-3"/>
      </object_component>
      <object_component id="oc-125">
         <name>.text</name>
         <load_address>0x3f2418</load_address>
         <run_address>0x3f2418</run_address>
         <size>0x18</size>
         <input_file_ref idref="fl-3d"/>
      </object_component>
      <object_component id="oc-174">
         <name>.text:_init_audio</name>
         <load_address>0x3f2430</load_address>
         <run_address>0x3f2430</run_address>
         <size>0x16</size>
         <input_file_ref idref="fl-3"/>
      </object_component>
      <object_component id="oc-185">
         <name>.text:_PLL_setup</name>
         <load_address>0x3f2446</load_address>
         <run_address>0x3f2446</run_address>
         <size>0x15</size>
         <input_file_ref idref="fl-e"/>
      </object_component>
      <object_component id="oc-131">
         <name>.text</name>
         <load_address>0x3f245b</load_address>
         <run_address>0x3f245b</run_address>
         <size>0x14</size>
         <input_file_ref idref="fl-40"/>
      </object_component>
      <object_component id="oc-16f">
         <name>.text:_GPIO_setLow</name>
         <load_address>0x3f246f</load_address>
         <run_address>0x3f246f</run_address>
         <size>0x13</size>
         <input_file_ref idref="fl-10"/>
      </object_component>
      <object_component id="oc-1aa">
         <name>.text:_SCI_open</name>
         <load_address>0x3f2482</load_address>
         <run_address>0x3f2482</run_address>
         <size>0x13</size>
         <input_file_ref idref="fl-b"/>
      </object_component>
      <object_component id="oc-1ab">
         <name>.text:_SCI_read</name>
         <load_address>0x3f2495</load_address>
         <run_address>0x3f2495</run_address>
         <size>0x13</size>
         <input_file_ref idref="fl-b"/>
      </object_component>
      <object_component id="oc-19a">
         <name>.text:_ADC_setIntPulseGenMode</name>
         <load_address>0x3f24a8</load_address>
         <run_address>0x3f24a8</run_address>
         <size>0x12</size>
         <input_file_ref idref="fl-14"/>
      </object_component>
      <object_component id="oc-195">
         <name>.text:_ADC_setVoltRefSrc</name>
         <load_address>0x3f24ba</load_address>
         <run_address>0x3f24ba</run_address>
         <size>0x12</size>
         <input_file_ref idref="fl-14"/>
      </object_component>
      <object_component id="oc-196">
         <name>.text:_PIE_enableAdcInt</name>
         <load_address>0x3f24cc</load_address>
         <run_address>0x3f24cc</run_address>
         <size>0x12</size>
         <input_file_ref idref="fl-f"/>
      </object_component>
      <object_component id="oc-75">
         <name>.text</name>
         <load_address>0x3f24de</load_address>
         <run_address>0x3f24de</run_address>
         <size>0x12</size>
         <input_file_ref idref="fl-15"/>
      </object_component>
      <object_component id="oc-21c">
         <name>.text</name>
         <load_address>0x3f24f0</load_address>
         <run_address>0x3f24f0</run_address>
         <size>0x12</size>
         <input_file_ref idref="fl-43"/>
      </object_component>
      <object_component id="oc-1b5">
         <name>.text:_GPIO_getData</name>
         <load_address>0x3f2502</load_address>
         <run_address>0x3f2502</run_address>
         <size>0x11</size>
         <input_file_ref idref="fl-10"/>
      </object_component>
      <object_component id="oc-18d">
         <name>.text:_PIE_setDebugIntVectorTable</name>
         <load_address>0x3f2513</load_address>
         <run_address>0x3f2513</run_address>
         <size>0x11</size>
         <input_file_ref idref="fl-f"/>
      </object_component>
      <object_component id="oc-d1">
         <name>.text</name>
         <load_address>0x3f2524</load_address>
         <run_address>0x3f2524</run_address>
         <size>0x10</size>
         <input_file_ref idref="fl-29"/>
      </object_component>
      <object_component id="oc-187">
         <name>.text:_PIE_disableAllInts</name>
         <load_address>0x3f2534</load_address>
         <run_address>0x3f2534</run_address>
         <size>0xf</size>
         <input_file_ref idref="fl-f"/>
      </object_component>
      <object_component id="oc-190">
         <name>.text:_PIE_registerPieIntHandler</name>
         <load_address>0x3f2543</load_address>
         <run_address>0x3f2543</run_address>
         <size>0xf</size>
         <input_file_ref idref="fl-f"/>
      </object_component>
      <object_component id="oc-168">
         <name>.text:_fullFrame</name>
         <load_address>0x3f2552</load_address>
         <run_address>0x3f2552</run_address>
         <size>0xf</size>
         <input_file_ref idref="fl-3"/>
      </object_component>
      <object_component id="oc-104">
         <name>.text</name>
         <load_address>0x3f2561</load_address>
         <run_address>0x3f2561</run_address>
         <size>0xe</size>
         <input_file_ref idref="fl-35"/>
      </object_component>
      <object_component id="oc-1b3">
         <name>.text:_PIE_enablePwmInt</name>
         <load_address>0x3f256f</load_address>
         <run_address>0x3f256f</run_address>
         <size>0xd</size>
         <input_file_ref idref="fl-f"/>
      </object_component>
      <object_component id="oc-220">
         <name>.text</name>
         <load_address>0x3f257c</load_address>
         <run_address>0x3f257c</run_address>
         <size>0xd</size>
         <input_file_ref idref="fl-42"/>
      </object_component>
      <object_component id="oc-21f">
         <name>.text</name>
         <load_address>0x3f2589</load_address>
         <run_address>0x3f2589</run_address>
         <size>0xd</size>
         <input_file_ref idref="fl-45"/>
      </object_component>
      <object_component id="oc-1a9">
         <name>.text:_SCI_close</name>
         <load_address>0x3f2596</load_address>
         <run_address>0x3f2596</run_address>
         <size>0xc</size>
         <input_file_ref idref="fl-b"/>
      </object_component>
      <object_component id="oc-194">
         <name>.text:_ADC_enable</name>
         <load_address>0x3f25a2</load_address>
         <run_address>0x3f25a2</run_address>
         <size>0xb</size>
         <input_file_ref idref="fl-14"/>
      </object_component>
      <object_component id="oc-191">
         <name>.text:_ADC_enableBandGap</name>
         <load_address>0x3f25ad</load_address>
         <run_address>0x3f25ad</run_address>
         <size>0xb</size>
         <input_file_ref idref="fl-14"/>
      </object_component>
      <object_component id="oc-192">
         <name>.text:_ADC_enableRefBuffers</name>
         <load_address>0x3f25b8</load_address>
         <run_address>0x3f25b8</run_address>
         <size>0xb</size>
         <input_file_ref idref="fl-14"/>
      </object_component>
      <object_component id="oc-193">
         <name>.text:_ADC_powerUp</name>
         <load_address>0x3f25c3</load_address>
         <run_address>0x3f25c3</run_address>
         <size>0xb</size>
         <input_file_ref idref="fl-14"/>
      </object_component>
      <object_component id="oc-1d6">
         <name>.text</name>
         <load_address>0x3f25ce</load_address>
         <run_address>0x3f25ce</run_address>
         <size>0xb</size>
         <input_file_ref idref="fl-25"/>
      </object_component>
      <object_component id="oc-1cd">
         <name>.text:_SCI_resetChannels</name>
         <load_address>0x3f25d9</load_address>
         <run_address>0x3f25d9</run_address>
         <size>0xa</size>
         <input_file_ref idref="fl-c"/>
      </object_component>
      <object_component id="oc-1cf">
         <name>.text:_SCI_resetRxFifo</name>
         <load_address>0x3f25e3</load_address>
         <run_address>0x3f25e3</run_address>
         <size>0xa</size>
         <input_file_ref idref="fl-c"/>
      </object_component>
      <object_component id="oc-1cb">
         <name>.text:_SCI_resetTxFifo</name>
         <load_address>0x3f25ed</load_address>
         <run_address>0x3f25ed</run_address>
         <size>0xa</size>
         <input_file_ref idref="fl-c"/>
      </object_component>
      <object_component id="oc-1d5">
         <name>.text</name>
         <load_address>0x3f25f7</load_address>
         <run_address>0x3f25f7</run_address>
         <size>0xa</size>
         <input_file_ref idref="fl-26"/>
      </object_component>
      <object_component id="oc-183">
         <name>.text:_CLK_enablePwmClock</name>
         <load_address>0x3f2601</load_address>
         <run_address>0x3f2601</run_address>
         <size>0x9</size>
         <input_file_ref idref="fl-13"/>
      </object_component>
      <object_component id="oc-1c1">
         <name>.text:_CLK_enableSciaClock</name>
         <load_address>0x3f260a</load_address>
         <run_address>0x3f260a</run_address>
         <size>0x9</size>
         <input_file_ref idref="fl-13"/>
      </object_component>
      <object_component id="oc-1e5">
         <name>.text:_PWM_setActionQual_CntUp_CmpB_PwmB</name>
         <load_address>0x3f2613</load_address>
         <run_address>0x3f2613</run_address>
         <size>0x9</size>
         <input_file_ref idref="fl-d"/>
      </object_component>
      <object_component id="oc-1a3">
         <name>.text:_PWM_setSocAPeriod</name>
         <load_address>0x3f261c</load_address>
         <run_address>0x3f261c</run_address>
         <size>0x9</size>
         <input_file_ref idref="fl-d"/>
      </object_component>
      <object_component id="oc-1a2">
         <name>.text:_PWM_setSocAPulseSrc</name>
         <load_address>0x3f2625</load_address>
         <run_address>0x3f2625</run_address>
         <size>0x9</size>
         <input_file_ref idref="fl-d"/>
      </object_component>
      <object_component id="oc-1d4">
         <name>.text:_SCI_putDataBlocking</name>
         <load_address>0x3f262e</load_address>
         <run_address>0x3f262e</run_address>
         <size>0x9</size>
         <input_file_ref idref="fl-c"/>
      </object_component>
      <object_component id="oc-16e">
         <name>.text</name>
         <load_address>0x3f2637</load_address>
         <run_address>0x3f2637</run_address>
         <size>0x9</size>
         <input_file_ref idref="fl-2a"/>
      </object_component>
      <object_component id="oc-100">
         <name>.text</name>
         <load_address>0x3f2640</load_address>
         <run_address>0x3f2640</run_address>
         <size>0x9</size>
         <input_file_ref idref="fl-34"/>
      </object_component>
      <object_component id="oc-176">
         <name>.text:_ADC_init</name>
         <load_address>0x3f2649</load_address>
         <run_address>0x3f2649</run_address>
         <size>0x8</size>
         <input_file_ref idref="fl-14"/>
      </object_component>
      <object_component id="oc-17b">
         <name>.text:_PIE_init</name>
         <load_address>0x3f2651</load_address>
         <run_address>0x3f2651</run_address>
         <size>0x8</size>
         <input_file_ref idref="fl-f"/>
      </object_component>
      <object_component id="oc-180">
         <name>.text:_WDOG_disable</name>
         <load_address>0x3f2659</load_address>
         <run_address>0x3f2659</run_address>
         <size>0x8</size>
         <input_file_ref idref="fl-a"/>
      </object_component>
      <object_component id="oc-172">
         <name>.text</name>
         <load_address>0x3f2661</load_address>
         <run_address>0x3f2661</run_address>
         <size>0x8</size>
         <input_file_ref idref="fl-48"/>
      </object_component>
      <object_component id="oc-16a">
         <name>.text:_CLK_disableTbClockSync</name>
         <load_address>0x3f2669</load_address>
         <run_address>0x3f2669</run_address>
         <size>0x7</size>
         <input_file_ref idref="fl-13"/>
      </object_component>
      <object_component id="oc-181">
         <name>.text:_CLK_enableAdcClock</name>
         <load_address>0x3f2670</load_address>
         <run_address>0x3f2670</run_address>
         <size>0x7</size>
         <input_file_ref idref="fl-13"/>
      </object_component>
      <object_component id="oc-182">
         <name>.text:_CLK_enableTbClockSync</name>
         <load_address>0x3f2677</load_address>
         <run_address>0x3f2677</run_address>
         <size>0x7</size>
         <input_file_ref idref="fl-13"/>
      </object_component>
      <object_component id="oc-177">
         <name>.text:_CLK_init</name>
         <load_address>0x3f267e</load_address>
         <run_address>0x3f267e</run_address>
         <size>0x7</size>
         <input_file_ref idref="fl-13"/>
      </object_component>
      <object_component id="oc-18c">
         <name>.text:_CLK_setClkOutPreScaler</name>
         <load_address>0x3f2685</load_address>
         <run_address>0x3f2685</run_address>
         <size>0x7</size>
         <input_file_ref idref="fl-13"/>
      </object_component>
      <object_component id="oc-184">
         <name>.text:_CLK_setOscSrc</name>
         <load_address>0x3f268c</load_address>
         <run_address>0x3f268c</run_address>
         <size>0x7</size>
         <input_file_ref idref="fl-13"/>
      </object_component>
      <object_component id="oc-179">
         <name>.text:_FLASH_init</name>
         <load_address>0x3f2693</load_address>
         <run_address>0x3f2693</run_address>
         <size>0x7</size>
         <input_file_ref idref="fl-11"/>
      </object_component>
      <object_component id="oc-17a">
         <name>.text:_GPIO_init</name>
         <load_address>0x3f269a</load_address>
         <run_address>0x3f269a</run_address>
         <size>0x7</size>
         <input_file_ref idref="fl-10"/>
      </object_component>
      <object_component id="oc-17c">
         <name>.text:_PLL_init</name>
         <load_address>0x3f26a1</load_address>
         <run_address>0x3f26a1</run_address>
         <size>0x7</size>
         <input_file_ref idref="fl-e"/>
      </object_component>
      <object_component id="oc-1bd">
         <name>.text:_PLL_setDivider</name>
         <load_address>0x3f26a8</load_address>
         <run_address>0x3f26a8</run_address>
         <size>0x7</size>
         <input_file_ref idref="fl-e"/>
      </object_component>
      <object_component id="oc-17e">
         <name>.text:_PWM_init</name>
         <load_address>0x3f26af</load_address>
         <run_address>0x3f26af</run_address>
         <size>0x7</size>
         <input_file_ref idref="fl-d"/>
      </object_component>
      <object_component id="oc-1e4">
         <name>.text:_PWM_setActionQual_Zero_PwmB</name>
         <load_address>0x3f26b6</load_address>
         <run_address>0x3f26b6</run_address>
         <size>0x7</size>
         <input_file_ref idref="fl-d"/>
      </object_component>
      <object_component id="oc-1e6">
         <name>.text:_PWM_setIntMode</name>
         <load_address>0x3f26bd</load_address>
         <run_address>0x3f26bd</run_address>
         <size>0x7</size>
         <input_file_ref idref="fl-d"/>
      </object_component>
      <object_component id="oc-1e8">
         <name>.text:_PWM_setIntPeriod</name>
         <load_address>0x3f26c4</load_address>
         <run_address>0x3f26c4</run_address>
         <size>0x7</size>
         <input_file_ref idref="fl-d"/>
      </object_component>
      <object_component id="oc-17d">
         <name>.text:_SCI_init</name>
         <load_address>0x3f26cb</load_address>
         <run_address>0x3f26cb</run_address>
         <size>0x7</size>
         <input_file_ref idref="fl-c"/>
      </object_component>
      <object_component id="oc-1d1">
         <name>.text:_SCI_setRxFifoIntLevel</name>
         <load_address>0x3f26d2</load_address>
         <run_address>0x3f26d2</run_address>
         <size>0x7</size>
         <input_file_ref idref="fl-c"/>
      </object_component>
      <object_component id="oc-1ce">
         <name>.text:_SCI_setTxFifoIntLevel</name>
         <load_address>0x3f26d9</load_address>
         <run_address>0x3f26d9</run_address>
         <size>0x7</size>
         <input_file_ref idref="fl-c"/>
      </object_component>
      <object_component id="oc-17f">
         <name>.text:_WDOG_init</name>
         <load_address>0x3f26e0</load_address>
         <run_address>0x3f26e0</run_address>
         <size>0x7</size>
         <input_file_ref idref="fl-a"/>
      </object_component>
      <object_component id="oc-1be">
         <name>.text:_PLL_setMultiplier</name>
         <load_address>0x3f26e7</load_address>
         <run_address>0x3f26e7</run_address>
         <size>0x6</size>
         <input_file_ref idref="fl-e"/>
      </object_component>
      <object_component id="oc-1e3">
         <name>.text:_PWM_setLoadMode_CmpB</name>
         <load_address>0x3f26ed</load_address>
         <run_address>0x3f26ed</run_address>
         <size>0x6</size>
         <input_file_ref idref="fl-d"/>
      </object_component>
      <object_component id="oc-1e2">
         <name>.text:_PWM_setShadowMode_CmpB</name>
         <load_address>0x3f26f3</load_address>
         <run_address>0x3f26f3</run_address>
         <size>0x6</size>
         <input_file_ref idref="fl-d"/>
      </object_component>
      <object_component id="oc-1c9">
         <name>.text:_SCI_setBaudRate</name>
         <load_address>0x3f26f9</load_address>
         <run_address>0x3f26f9</run_address>
         <size>0x6</size>
         <input_file_ref idref="fl-c"/>
      </object_component>
      <object_component id="oc-1fd">
         <name>.text:_ADCINT1_ISR</name>
         <load_address>0x3f26ff</load_address>
         <run_address>0x3f26ff</run_address>
         <size>0x5</size>
         <input_file_ref idref="fl-16"/>
      </object_component>
      <object_component id="oc-1fe">
         <name>.text:_ADCINT2_ISR</name>
         <load_address>0x3f2704</load_address>
         <run_address>0x3f2704</run_address>
         <size>0x5</size>
         <input_file_ref idref="fl-16"/>
      </object_component>
      <object_component id="oc-212">
         <name>.text:_ADCINT3_ISR</name>
         <load_address>0x3f2709</load_address>
         <run_address>0x3f2709</run_address>
         <size>0x5</size>
         <input_file_ref idref="fl-16"/>
      </object_component>
      <object_component id="oc-213">
         <name>.text:_ADCINT4_ISR</name>
         <load_address>0x3f270e</load_address>
         <run_address>0x3f270e</run_address>
         <size>0x5</size>
         <input_file_ref idref="fl-16"/>
      </object_component>
      <object_component id="oc-214">
         <name>.text:_ADCINT5_ISR</name>
         <load_address>0x3f2713</load_address>
         <run_address>0x3f2713</run_address>
         <size>0x5</size>
         <input_file_ref idref="fl-16"/>
      </object_component>
      <object_component id="oc-215">
         <name>.text:_ADCINT6_ISR</name>
         <load_address>0x3f2718</load_address>
         <run_address>0x3f2718</run_address>
         <size>0x5</size>
         <input_file_ref idref="fl-16"/>
      </object_component>
      <object_component id="oc-216">
         <name>.text:_ADCINT7_ISR</name>
         <load_address>0x3f271d</load_address>
         <run_address>0x3f271d</run_address>
         <size>0x5</size>
         <input_file_ref idref="fl-16"/>
      </object_component>
      <object_component id="oc-217">
         <name>.text:_ADCINT8_ISR</name>
         <load_address>0x3f2722</load_address>
         <run_address>0x3f2722</run_address>
         <size>0x5</size>
         <input_file_ref idref="fl-16"/>
      </object_component>
      <object_component id="oc-202">
         <name>.text:_ADCINT9_ISR</name>
         <load_address>0x3f2727</load_address>
         <run_address>0x3f2727</run_address>
         <size>0x5</size>
         <input_file_ref idref="fl-16"/>
      </object_component>
      <object_component id="oc-1ec">
         <name>.text:_DATALOG_ISR</name>
         <load_address>0x3f272c</load_address>
         <run_address>0x3f272c</run_address>
         <size>0x5</size>
         <input_file_ref idref="fl-16"/>
      </object_component>
      <object_component id="oc-20b">
         <name>.text:_ECAP1_INT_ISR</name>
         <load_address>0x3f2731</load_address>
         <run_address>0x3f2731</run_address>
         <size>0x5</size>
         <input_file_ref idref="fl-16"/>
      </object_component>
      <object_component id="oc-1ee">
         <name>.text:_EMUINT_ISR</name>
         <load_address>0x3f2736</load_address>
         <run_address>0x3f2736</run_address>
         <size>0x5</size>
         <input_file_ref idref="fl-16"/>
      </object_component>
      <object_component id="oc-208">
         <name>.text:_EPWM1_INT_ISR</name>
         <load_address>0x3f273b</load_address>
         <run_address>0x3f273b</run_address>
         <size>0x5</size>
         <input_file_ref idref="fl-16"/>
      </object_component>
      <object_component id="oc-205">
         <name>.text:_EPWM1_TZINT_ISR</name>
         <load_address>0x3f2740</load_address>
         <run_address>0x3f2740</run_address>
         <size>0x5</size>
         <input_file_ref idref="fl-16"/>
      </object_component>
      <object_component id="oc-209">
         <name>.text:_EPWM2_INT_ISR</name>
         <load_address>0x3f2745</load_address>
         <run_address>0x3f2745</run_address>
         <size>0x5</size>
         <input_file_ref idref="fl-16"/>
      </object_component>
      <object_component id="oc-206">
         <name>.text:_EPWM2_TZINT_ISR</name>
         <load_address>0x3f274a</load_address>
         <run_address>0x3f274a</run_address>
         <size>0x5</size>
         <input_file_ref idref="fl-16"/>
      </object_component>
      <object_component id="oc-20a">
         <name>.text:_EPWM3_INT_ISR</name>
         <load_address>0x3f274f</load_address>
         <run_address>0x3f274f</run_address>
         <size>0x5</size>
         <input_file_ref idref="fl-16"/>
      </object_component>
      <object_component id="oc-207">
         <name>.text:_EPWM3_TZINT_ISR</name>
         <load_address>0x3f2754</load_address>
         <run_address>0x3f2754</run_address>
         <size>0x5</size>
         <input_file_ref idref="fl-16"/>
      </object_component>
      <object_component id="oc-20e">
         <name>.text:_I2CINT1A_ISR</name>
         <load_address>0x3f2759</load_address>
         <run_address>0x3f2759</run_address>
         <size>0x5</size>
         <input_file_ref idref="fl-16"/>
      </object_component>
      <object_component id="oc-20f">
         <name>.text:_I2CINT2A_ISR</name>
         <load_address>0x3f275e</load_address>
         <run_address>0x3f275e</run_address>
         <size>0x5</size>
         <input_file_ref idref="fl-16"/>
      </object_component>
      <object_component id="oc-1f0">
         <name>.text:_ILLEGAL_ISR</name>
         <load_address>0x3f2763</load_address>
         <run_address>0x3f2763</run_address>
         <size>0x5</size>
         <input_file_ref idref="fl-16"/>
      </object_component>
      <object_component id="oc-1ea">
         <name>.text:_INT13_ISR</name>
         <load_address>0x3f2768</load_address>
         <run_address>0x3f2768</run_address>
         <size>0x5</size>
         <input_file_ref idref="fl-16"/>
      </object_component>
      <object_component id="oc-1eb">
         <name>.text:_INT14_ISR</name>
         <load_address>0x3f276d</load_address>
         <run_address>0x3f276d</run_address>
         <size>0x5</size>
         <input_file_ref idref="fl-16"/>
      </object_component>
      <object_component id="oc-1ef">
         <name>.text:_NMI_ISR</name>
         <load_address>0x3f2772</load_address>
         <run_address>0x3f2772</run_address>
         <size>0x5</size>
         <input_file_ref idref="fl-16"/>
      </object_component>
      <object_component id="oc-1e9">
         <name>.text:_PIE_RESERVED</name>
         <load_address>0x3f2777</load_address>
         <run_address>0x3f2777</run_address>
         <size>0x5</size>
         <input_file_ref idref="fl-16"/>
      </object_component>
      <object_component id="oc-1ed">
         <name>.text:_RTOSINT_ISR</name>
         <load_address>0x3f277c</load_address>
         <run_address>0x3f277c</run_address>
         <size>0x5</size>
         <input_file_ref idref="fl-16"/>
      </object_component>
      <object_component id="oc-210">
         <name>.text:_SCIRXINTA_ISR</name>
         <load_address>0x3f2781</load_address>
         <run_address>0x3f2781</run_address>
         <size>0x5</size>
         <input_file_ref idref="fl-16"/>
      </object_component>
      <object_component id="oc-211">
         <name>.text:_SCITXINTA_ISR</name>
         <load_address>0x3f2786</load_address>
         <run_address>0x3f2786</run_address>
         <size>0x5</size>
         <input_file_ref idref="fl-16"/>
      </object_component>
      <object_component id="oc-20c">
         <name>.text:_SPIRXINTA_ISR</name>
         <load_address>0x3f278b</load_address>
         <run_address>0x3f278b</run_address>
         <size>0x5</size>
         <input_file_ref idref="fl-16"/>
      </object_component>
      <object_component id="oc-20d">
         <name>.text:_SPITXINTA_ISR</name>
         <load_address>0x3f2790</load_address>
         <run_address>0x3f2790</run_address>
         <size>0x5</size>
         <input_file_ref idref="fl-16"/>
      </object_component>
      <object_component id="oc-203">
         <name>.text:_TINT0_ISR</name>
         <load_address>0x3f2795</load_address>
         <run_address>0x3f2795</run_address>
         <size>0x5</size>
         <input_file_ref idref="fl-16"/>
      </object_component>
      <object_component id="oc-1fa">
         <name>.text:_USER10_ISR</name>
         <load_address>0x3f279a</load_address>
         <run_address>0x3f279a</run_address>
         <size>0x5</size>
         <input_file_ref idref="fl-16"/>
      </object_component>
      <object_component id="oc-1fb">
         <name>.text:_USER11_ISR</name>
         <load_address>0x3f279f</load_address>
         <run_address>0x3f279f</run_address>
         <size>0x5</size>
         <input_file_ref idref="fl-16"/>
      </object_component>
      <object_component id="oc-1fc">
         <name>.text:_USER12_ISR</name>
         <load_address>0x3f27a4</load_address>
         <run_address>0x3f27a4</run_address>
         <size>0x5</size>
         <input_file_ref idref="fl-16"/>
      </object_component>
      <object_component id="oc-1f1">
         <name>.text:_USER1_ISR</name>
         <load_address>0x3f27a9</load_address>
         <run_address>0x3f27a9</run_address>
         <size>0x5</size>
         <input_file_ref idref="fl-16"/>
      </object_component>
      <object_component id="oc-1f2">
         <name>.text:_USER2_ISR</name>
         <load_address>0x3f27ae</load_address>
         <run_address>0x3f27ae</run_address>
         <size>0x5</size>
         <input_file_ref idref="fl-16"/>
      </object_component>
      <object_component id="oc-1f3">
         <name>.text:_USER3_ISR</name>
         <load_address>0x3f27b3</load_address>
         <run_address>0x3f27b3</run_address>
         <size>0x5</size>
         <input_file_ref idref="fl-16"/>
      </object_component>
      <object_component id="oc-1f4">
         <name>.text:_USER4_ISR</name>
         <load_address>0x3f27b8</load_address>
         <run_address>0x3f27b8</run_address>
         <size>0x5</size>
         <input_file_ref idref="fl-16"/>
      </object_component>
      <object_component id="oc-1f5">
         <name>.text:_USER5_ISR</name>
         <load_address>0x3f27bd</load_address>
         <run_address>0x3f27bd</run_address>
         <size>0x5</size>
         <input_file_ref idref="fl-16"/>
      </object_component>
      <object_component id="oc-1f6">
         <name>.text:_USER6_ISR</name>
         <load_address>0x3f27c2</load_address>
         <run_address>0x3f27c2</run_address>
         <size>0x5</size>
         <input_file_ref idref="fl-16"/>
      </object_component>
      <object_component id="oc-1f7">
         <name>.text:_USER7_ISR</name>
         <load_address>0x3f27c7</load_address>
         <run_address>0x3f27c7</run_address>
         <size>0x5</size>
         <input_file_ref idref="fl-16"/>
      </object_component>
      <object_component id="oc-1f8">
         <name>.text:_USER8_ISR</name>
         <load_address>0x3f27cc</load_address>
         <run_address>0x3f27cc</run_address>
         <size>0x5</size>
         <input_file_ref idref="fl-16"/>
      </object_component>
      <object_component id="oc-1f9">
         <name>.text:_USER9_ISR</name>
         <load_address>0x3f27d1</load_address>
         <run_address>0x3f27d1</run_address>
         <size>0x5</size>
         <input_file_ref idref="fl-16"/>
      </object_component>
      <object_component id="oc-204">
         <name>.text:_WAKEINT_ISR</name>
         <load_address>0x3f27d6</load_address>
         <run_address>0x3f27d6</run_address>
         <size>0x5</size>
         <input_file_ref idref="fl-16"/>
      </object_component>
      <object_component id="oc-200">
         <name>.text:_XINT1_ISR</name>
         <load_address>0x3f27db</load_address>
         <run_address>0x3f27db</run_address>
         <size>0x5</size>
         <input_file_ref idref="fl-16"/>
      </object_component>
      <object_component id="oc-201">
         <name>.text:_XINT2_ISR</name>
         <load_address>0x3f27e0</load_address>
         <run_address>0x3f27e0</run_address>
         <size>0x5</size>
         <input_file_ref idref="fl-16"/>
      </object_component>
      <object_component id="oc-218">
         <name>.text:_XINT3_ISR</name>
         <load_address>0x3f27e5</load_address>
         <run_address>0x3f27e5</run_address>
         <size>0x5</size>
         <input_file_ref idref="fl-16"/>
      </object_component>
      <object_component id="oc-1ff">
         <name>.text:_rsvd_ISR</name>
         <load_address>0x3f27ea</load_address>
         <run_address>0x3f27ea</run_address>
         <size>0x5</size>
         <input_file_ref idref="fl-16"/>
      </object_component>
      <object_component id="oc-173">
         <name>.text</name>
         <load_address>0x3f27ef</load_address>
         <run_address>0x3f27ef</run_address>
         <size>0x5</size>
         <input_file_ref idref="fl-47"/>
      </object_component>
      <object_component id="oc-197">
         <name>.text:_CPU_enableInt</name>
         <load_address>0x3f27f4</load_address>
         <run_address>0x3f27f4</run_address>
         <size>0x4</size>
         <input_file_ref idref="fl-12"/>
      </object_component>
      <object_component id="oc-178">
         <name>.text:_CPU_init</name>
         <load_address>0x3f27f8</load_address>
         <run_address>0x3f27f8</run_address>
         <size>0x4</size>
         <input_file_ref idref="fl-12"/>
      </object_component>
      <object_component id="oc-1e7">
         <name>.text:_PWM_enableInt</name>
         <load_address>0x3f27fc</load_address>
         <run_address>0x3f27fc</run_address>
         <size>0x4</size>
         <input_file_ref idref="fl-d"/>
      </object_component>
      <object_component id="oc-1a1">
         <name>.text:_PWM_enableSocAPulse</name>
         <load_address>0x3f2800</load_address>
         <run_address>0x3f2800</run_address>
         <size>0x4</size>
         <input_file_ref idref="fl-d"/>
      </object_component>
      <object_component id="oc-1e1">
         <name>.text:_PWM_setClkDiv</name>
         <load_address>0x3f2804</load_address>
         <run_address>0x3f2804</run_address>
         <size>0x4</size>
         <input_file_ref idref="fl-d"/>
      </object_component>
      <object_component id="oc-1a5">
         <name>.text:_PWM_setCounterMode</name>
         <load_address>0x3f2808</load_address>
         <run_address>0x3f2808</run_address>
         <size>0x4</size>
         <input_file_ref idref="fl-d"/>
      </object_component>
      <object_component id="oc-1e0">
         <name>.text:_PWM_setHighSpeedClkDiv</name>
         <load_address>0x3f280c</load_address>
         <run_address>0x3f280c</run_address>
         <size>0x4</size>
         <input_file_ref idref="fl-d"/>
      </object_component>
      <object_component id="oc-1d0">
         <name>.text:_SCI_clearRxFifoInt</name>
         <load_address>0x3f2810</load_address>
         <run_address>0x3f2810</run_address>
         <size>0x4</size>
         <input_file_ref idref="fl-c"/>
      </object_component>
      <object_component id="oc-1cc">
         <name>.text:_SCI_clearTxFifoInt</name>
         <load_address>0x3f2814</load_address>
         <run_address>0x3f2814</run_address>
         <size>0x4</size>
         <input_file_ref idref="fl-c"/>
      </object_component>
      <object_component id="oc-1ca">
         <name>.text:_SCI_enableFifoEnh</name>
         <load_address>0x3f2818</load_address>
         <run_address>0x3f2818</run_address>
         <size>0x4</size>
         <input_file_ref idref="fl-c"/>
      </object_component>
      <object_component id="oc-1c4">
         <name>.text:_SCI_setCharLength</name>
         <load_address>0x3f281c</load_address>
         <run_address>0x3f281c</run_address>
         <size>0x4</size>
         <input_file_ref idref="fl-c"/>
      </object_component>
      <object_component id="oc-1c3">
         <name>.text:_SCI_setNumStopBits</name>
         <load_address>0x3f2820</load_address>
         <run_address>0x3f2820</run_address>
         <size>0x4</size>
         <input_file_ref idref="fl-c"/>
      </object_component>
      <object_component id="oc-188">
         <name>.text:_CPU_disableGlobalInts</name>
         <load_address>0x3f2824</load_address>
         <run_address>0x3f2824</run_address>
         <size>0x3</size>
         <input_file_ref idref="fl-12"/>
      </object_component>
      <object_component id="oc-199">
         <name>.text:_CPU_enableDebugInt</name>
         <load_address>0x3f2827</load_address>
         <run_address>0x3f2827</run_address>
         <size>0x3</size>
         <input_file_ref idref="fl-12"/>
      </object_component>
      <object_component id="oc-198">
         <name>.text:_CPU_enableGlobalInts</name>
         <load_address>0x3f282a</load_address>
         <run_address>0x3f282a</run_address>
         <size>0x3</size>
         <input_file_ref idref="fl-12"/>
      </object_component>
      <object_component id="oc-186">
         <name>.text:_PIE_disable</name>
         <load_address>0x3f282d</load_address>
         <run_address>0x3f282d</run_address>
         <size>0x3</size>
         <input_file_ref idref="fl-f"/>
      </object_component>
      <object_component id="oc-18e">
         <name>.text:_PIE_enable</name>
         <load_address>0x3f2830</load_address>
         <run_address>0x3f2830</run_address>
         <size>0x3</size>
         <input_file_ref idref="fl-f"/>
      </object_component>
      <object_component id="oc-1bc">
         <name>.text:_PLL_getClkStatus</name>
         <load_address>0x3f2833</load_address>
         <run_address>0x3f2833</run_address>
         <size>0x3</size>
         <input_file_ref idref="fl-e"/>
      </object_component>
      <object_component id="oc-1bf">
         <name>.text:_PLL_getLockStatus</name>
         <load_address>0x3f2836</load_address>
         <run_address>0x3f2836</run_address>
         <size>0x3</size>
         <input_file_ref idref="fl-e"/>
      </object_component>
      <object_component id="oc-1df">
         <name>.text:_PWM_disableCounterLoad</name>
         <load_address>0x3f2839</load_address>
         <run_address>0x3f2839</run_address>
         <size>0x3</size>
         <input_file_ref idref="fl-d"/>
      </object_component>
      <object_component id="oc-1c2">
         <name>.text:_SCI_disableParity</name>
         <load_address>0x3f283c</load_address>
         <run_address>0x3f283c</run_address>
         <size>0x3</size>
         <input_file_ref idref="fl-c"/>
      </object_component>
      <object_component id="oc-1d3">
         <name>.text:_SCI_enable</name>
         <load_address>0x3f283f</load_address>
         <run_address>0x3f283f</run_address>
         <size>0x3</size>
         <input_file_ref idref="fl-c"/>
      </object_component>
      <object_component id="oc-1c6">
         <name>.text:_SCI_enableRx</name>
         <load_address>0x3f2842</load_address>
         <run_address>0x3f2842</run_address>
         <size>0x3</size>
         <input_file_ref idref="fl-c"/>
      </object_component>
      <object_component id="oc-1c8">
         <name>.text:_SCI_enableRxInt</name>
         <load_address>0x3f2845</load_address>
         <run_address>0x3f2845</run_address>
         <size>0x3</size>
         <input_file_ref idref="fl-c"/>
      </object_component>
      <object_component id="oc-1c5">
         <name>.text:_SCI_enableTx</name>
         <load_address>0x3f2848</load_address>
         <run_address>0x3f2848</run_address>
         <size>0x3</size>
         <input_file_ref idref="fl-c"/>
      </object_component>
      <object_component id="oc-1c7">
         <name>.text:_SCI_enableTxInt</name>
         <load_address>0x3f284b</load_address>
         <run_address>0x3f284b</run_address>
         <size>0x3</size>
         <input_file_ref idref="fl-c"/>
      </object_component>
      <object_component id="oc-1d2">
         <name>.text:_SCI_setPriority</name>
         <load_address>0x3f284e</load_address>
         <run_address>0x3f284e</run_address>
         <size>0x3</size>
         <input_file_ref idref="fl-c"/>
      </object_component>
      <object_component id="oc-21a">
         <name>.text</name>
         <load_address>0x3f2851</load_address>
         <run_address>0x3f2851</run_address>
         <size>0x3</size>
         <input_file_ref idref="fl-46"/>
      </object_component>
      <object_component id="oc-1de">
         <name>.text:_PWM_setCount</name>
         <load_address>0x3f2854</load_address>
         <run_address>0x3f2854</run_address>
         <size>0x2</size>
         <input_file_ref idref="fl-d"/>
      </object_component>
      <object_component id="oc-1a4">
         <name>.text:_PWM_setPeriod</name>
         <load_address>0x3f2856</load_address>
         <run_address>0x3f2856</run_address>
         <size>0x2</size>
         <input_file_ref idref="fl-d"/>
      </object_component>
      <object_component id="oc-1dd">
         <name>.text:_PWM_setPhase</name>
         <load_address>0x3f2858</load_address>
         <run_address>0x3f2858</run_address>
         <size>0x2</size>
         <input_file_ref idref="fl-d"/>
      </object_component>
      <object_component id="oc-1ad">
         <name>.text:_SCI_lseek</name>
         <load_address>0x3f285a</load_address>
         <run_address>0x3f285a</run_address>
         <size>0x2</size>
         <input_file_ref idref="fl-b"/>
      </object_component>
      <object_component id="oc-1af">
         <name>.text:_SCI_rename</name>
         <load_address>0x3f285c</load_address>
         <run_address>0x3f285c</run_address>
         <size>0x2</size>
         <input_file_ref idref="fl-b"/>
      </object_component>
      <object_component id="oc-1ae">
         <name>.text:_SCI_unlink</name>
         <load_address>0x3f285e</load_address>
         <run_address>0x3f285e</run_address>
         <size>0x2</size>
         <input_file_ref idref="fl-b"/>
      </object_component>
      <object_component id="oc-1dc">
         <name>.text</name>
         <load_address>0x3f6358</load_address>
         <run_address>0x3f6358</run_address>
         <size>0x930</size>
         <input_file_ref idref="fl-2b"/>
      </object_component>
      <object_component id="oc-170">
         <name>.text:_main</name>
         <load_address>0x3f6c88</load_address>
         <run_address>0x3f6c88</run_address>
         <size>0x2d0</size>
         <input_file_ref idref="fl-3"/>
      </object_component>
      <object_component id="oc-1b0">
         <name>.text</name>
         <load_address>0x3f6f58</load_address>
         <run_address>0x3f6f58</run_address>
         <size>0x201</size>
         <input_file_ref idref="fl-21"/>
      </object_component>
      <object_component id="oc-16d">
         <name>.text</name>
         <load_address>0x3f7159</load_address>
         <run_address>0x3f7159</run_address>
         <size>0x1f2</size>
         <input_file_ref idref="fl-28"/>
      </object_component>
      <object_component id="oc-1d9">
         <name>.text</name>
         <load_address>0x3f734b</load_address>
         <run_address>0x3f734b</run_address>
         <size>0x1d3</size>
         <input_file_ref idref="fl-44"/>
      </object_component>
      <object_component id="oc-12d">
         <name>.text</name>
         <load_address>0x3f751e</load_address>
         <run_address>0x3f751e</run_address>
         <size>0x107</size>
         <input_file_ref idref="fl-3f"/>
      </object_component>
      <object_component id="oc-1b1">
         <name>.text</name>
         <load_address>0x3f7625</load_address>
         <run_address>0x3f7625</run_address>
         <size>0xff</size>
         <input_file_ref idref="fl-1a"/>
      </object_component>
      <object_component id="oc-1db">
         <name>.text</name>
         <load_address>0x3f7724</load_address>
         <run_address>0x3f7724</run_address>
         <size>0xa8</size>
         <input_file_ref idref="fl-3a"/>
      </object_component>
      <object_component id="oc-15c">
         <name>.text</name>
         <load_address>0x3f77cc</load_address>
         <run_address>0x3f77cc</run_address>
         <size>0x9c</size>
         <input_file_ref idref="fl-4a"/>
      </object_component>
      <object_component id="oc-1b6">
         <name>.text:_InitEPwm2</name>
         <load_address>0x3f7868</load_address>
         <run_address>0x3f7868</run_address>
         <size>0x90</size>
         <input_file_ref idref="fl-3"/>
      </object_component>
      <object_component id="oc-171">
         <name>.text</name>
         <load_address>0x3f78f8</load_address>
         <run_address>0x3f78f8</run_address>
         <size>0x8e</size>
         <input_file_ref idref="fl-2c"/>
      </object_component>
      <object_component id="oc-f8">
         <name>.text</name>
         <load_address>0x3f7986</load_address>
         <run_address>0x3f7986</run_address>
         <size>0x8b</size>
         <input_file_ref idref="fl-32"/>
      </object_component>
      <object_component id="oc-fc">
         <name>.text</name>
         <load_address>0x3f7a11</load_address>
         <run_address>0x3f7a11</run_address>
         <size>0x83</size>
         <input_file_ref idref="fl-33"/>
      </object_component>
      <object_component id="oc-96">
         <name>.text</name>
         <load_address>0x3f7a94</load_address>
         <run_address>0x3f7a94</run_address>
         <size>0x83</size>
         <input_file_ref idref="fl-1b"/>
      </object_component>
      <object_component id="oc-1b2">
         <name>.text</name>
         <load_address>0x3f7b17</load_address>
         <run_address>0x3f7b17</run_address>
         <size>0x79</size>
         <input_file_ref idref="fl-24"/>
      </object_component>
      <object_component id="oc-219">
         <name>.text</name>
         <load_address>0x3f7b90</load_address>
         <run_address>0x3f7b90</run_address>
         <size>0x6b</size>
         <input_file_ref idref="fl-38"/>
      </object_component>
      <object_component id="oc-18f">
         <name>.text:_scia_init</name>
         <load_address>0x3f7bfb</load_address>
         <run_address>0x3f7bfb</run_address>
         <size>0x66</size>
         <input_file_ref idref="fl-3"/>
      </object_component>
      <object_component id="oc-21b">
         <name>.text</name>
         <load_address>0x3f7c61</load_address>
         <run_address>0x3f7c61</run_address>
         <size>0x65</size>
         <input_file_ref idref="fl-49"/>
      </object_component>
      <object_component id="oc-40">
         <name>.text:_adc_isr</name>
         <load_address>0x3f7cc6</load_address>
         <run_address>0x3f7cc6</run_address>
         <size>0x62</size>
         <input_file_ref idref="fl-3"/>
      </object_component>
      <object_component id="oc-1d8">
         <name>.text</name>
         <load_address>0x3f7d28</load_address>
         <run_address>0x3f7d28</run_address>
         <size>0x5b</size>
         <input_file_ref idref="fl-30"/>
      </object_component>
      <object_component id="oc-9a">
         <name>.text</name>
         <load_address>0x3f7d83</load_address>
         <run_address>0x3f7d83</run_address>
         <size>0x5a</size>
         <input_file_ref idref="fl-1c"/>
      </object_component>
      <object_component id="oc-1da">
         <name>.text</name>
         <load_address>0x3f7ddd</load_address>
         <run_address>0x3f7ddd</run_address>
         <size>0x50</size>
         <input_file_ref idref="fl-39"/>
      </object_component>
      <object_component id="oc-18b">
         <name>.text:_GPIO_setMode</name>
         <load_address>0x3f7e2d</load_address>
         <run_address>0x3f7e2d</run_address>
         <size>0x49</size>
         <input_file_ref idref="fl-10"/>
      </object_component>
      <object_component id="oc-41">
         <name>.text:_epwm2_isr</name>
         <load_address>0x3f7e76</load_address>
         <run_address>0x3f7e76</run_address>
         <size>0x47</size>
         <input_file_ref idref="fl-3"/>
      </object_component>
      <object_component id="oc-80">
         <name>.text</name>
         <load_address>0x3f7ebd</load_address>
         <run_address>0x3f7ebd</run_address>
         <size>0x44</size>
         <input_file_ref idref="fl-17"/>
      </object_component>
      <object_component id="oc-169">
         <name>.text:_update_compare</name>
         <load_address>0x3f7f01</load_address>
         <run_address>0x3f7f01</run_address>
         <size>0x3f</size>
         <input_file_ref idref="fl-3"/>
      </object_component>
      <object_component id="oc-221">
         <name>.text</name>
         <load_address>0x3f7f40</load_address>
         <run_address>0x3f7f40</run_address>
         <size>0x3d</size>
         <input_file_ref idref="fl-4b"/>
      </object_component>
      <object_component id="oc-189">
         <name>.text:_CPU_clearIntFlags</name>
         <load_address>0x3f7f7d</load_address>
         <run_address>0x3f7f7d</run_address>
         <size>0x3</size>
         <input_file_ref idref="fl-12"/>
      </object_component>
      <object_component id="oc-38">
         <name>codestart</name>
         <load_address>0x3f7ff6</load_address>
         <run_address>0x3f7ff6</run_address>
         <size>0x2</size>
         <input_file_ref idref="fl-15"/>
      </object_component>
      <object_component id="oc-76">
         <name>ramfuncs</name>
         <load_address>0x3f6354</load_address>
         <run_address>0x8000</run_address>
         <size>0x4</size>
         <input_file_ref idref="fl-15"/>
      </object_component>
      <object_component id="oc-77">
         <name>csmpasswds</name>
         <load_address>0x3f7ff8</load_address>
         <run_address>0x3f7ff8</run_address>
         <size>0x8</size>
         <input_file_ref idref="fl-15"/>
      </object_component>
      <object_component id="oc-78">
         <name>csm_rsvd</name>
         <load_address>0x3f7f80</load_address>
         <run_address>0x3f7f80</run_address>
         <size>0x76</size>
         <input_file_ref idref="fl-15"/>
      </object_component>
      <object_component id="oc-81">
         <name>.stack</name>
         <uninitialized>true</uninitialized>
         <run_address>0x50</run_address>
         <size>0x0</size>
         <input_file_ref idref="fl-17"/>
      </object_component>
      <object_component id="oc-260">
         <name>.stack</name>
         <uninitialized>true</uninitialized>
         <run_address>0x50</run_address>
         <size>0x0</size>
      </object_component>
      <object_component id="oc-3d">
         <name>.ebss</name>
         <uninitialized>true</uninitialized>
         <run_address>0x8800</run_address>
         <size>0x3c0</size>
         <input_file_ref idref="fl-3"/>
      </object_component>
      <object_component id="oc-4c">
         <name>.ebss</name>
         <uninitialized>true</uninitialized>
         <run_address>0x8d30</run_address>
         <size>0x4</size>
         <input_file_ref idref="fl-b"/>
      </object_component>
      <object_component id="oc-69">
         <name>.ebss</name>
         <uninitialized>true</uninitialized>
         <run_address>0x8d3c</run_address>
         <size>0x1</size>
         <input_file_ref idref="fl-12"/>
      </object_component>
      <object_component id="oc-88">
         <name>.ebss</name>
         <uninitialized>true</uninitialized>
         <run_address>0x8bc0</run_address>
         <size>0x160</size>
         <input_file_ref idref="fl-18"/>
      </object_component>
      <object_component id="oc-8c">
         <name>.ebss</name>
         <uninitialized>true</uninitialized>
         <run_address>0x8d38</run_address>
         <size>0x4</size>
         <input_file_ref idref="fl-19"/>
      </object_component>
      <object_component id="oc-92">
         <name>.ebss</name>
         <uninitialized>true</uninitialized>
         <run_address>0x8d3d</run_address>
         <size>0x1</size>
         <input_file_ref idref="fl-1a"/>
      </object_component>
      <object_component id="oc-b0">
         <name>.ebss</name>
         <uninitialized>true</uninitialized>
         <run_address>0x8d40</run_address>
         <size>0x88</size>
         <input_file_ref idref="fl-21"/>
      </object_component>
      <object_component id="oc-cd">
         <name>.ebss</name>
         <uninitialized>true</uninitialized>
         <run_address>0x8d28</run_address>
         <size>0x8</size>
         <input_file_ref idref="fl-28"/>
      </object_component>
      <object_component id="oc-d7">
         <name>.ebss</name>
         <uninitialized>true</uninitialized>
         <run_address>0x8d34</run_address>
         <size>0x4</size>
         <input_file_ref idref="fl-2a"/>
      </object_component>
      <object_component id="oc-144">
         <name>.ebss</name>
         <uninitialized>true</uninitialized>
         <run_address>0x8d20</run_address>
         <size>0x8</size>
         <input_file_ref idref="fl-44"/>
      </object_component>
      <object_component id="oc-143">
         <name>.sysmem</name>
         <uninitialized>true</uninitialized>
         <run_address>0x8dc8</run_address>
         <size>0x1</size>
         <input_file_ref idref="fl-44"/>
      </object_component>
      <object_component id="oc-261">
         <name>.sysmem</name>
         <uninitialized>true</uninitialized>
         <run_address>0x8dc8</run_address>
         <size>0x0</size>
      </object_component>
      <object_component id="oc-e2">
         <name>.cio</name>
         <uninitialized>true</uninitialized>
         <run_address>0x400</run_address>
         <size>0x120</size>
         <input_file_ref idref="fl-2c"/>
      </object_component>
      <object_component id="oc-222">
         <name>.econst:.string:__ctypes_</name>
         <load_address>0x3f6000</load_address>
         <run_address>0x3f6000</run_address>
         <size>0x101</size>
         <input_file_ref idref="fl-2f"/>
      </object_component>
      <object_component id="oc-1c0">
         <name>.econst:_PIE_tableDebugInit</name>
         <load_address>0x3f6102</load_address>
         <run_address>0x3f6102</run_address>
         <size>0x100</size>
         <input_file_ref idref="fl-f"/>
      </object_component>
      <object_component id="oc-1ba">
         <name>.econst:_wavFile2</name>
         <load_address>0x3f6202</load_address>
         <run_address>0x3f6202</run_address>
         <size>0x6f</size>
         <input_file_ref idref="fl-3"/>
      </object_component>
      <object_component id="oc-1bb">
         <name>.econst:_wavFile3</name>
         <load_address>0x3f6271</load_address>
         <run_address>0x3f6271</run_address>
         <size>0x57</size>
         <input_file_ref idref="fl-3"/>
      </object_component>
      <object_component id="oc-1b9">
         <name>.econst:_wavFile</name>
         <load_address>0x3f62c8</load_address>
         <run_address>0x3f62c8</run_address>
         <size>0x2d</size>
         <input_file_ref idref="fl-3"/>
      </object_component>
      <object_component id="oc-dd">
         <name>.econst:.string</name>
         <load_address>0x3f62f6</load_address>
         <run_address>0x3f62f6</run_address>
         <size>0x24</size>
         <input_file_ref idref="fl-2b"/>
      </object_component>
      <object_component id="oc-42">
         <name>.econst:.string</name>
         <load_address>0x3f631a</load_address>
         <run_address>0x3f631a</run_address>
         <size>0x1a</size>
         <input_file_ref idref="fl-3"/>
      </object_component>
      <object_component id="oc-dc">
         <name>.econst</name>
         <load_address>0x3f6334</load_address>
         <run_address>0x3f6334</run_address>
         <size>0x18</size>
         <input_file_ref idref="fl-2b"/>
      </object_component>
      <object_component id="oc-3e">
         <name>.econst</name>
         <load_address>0x3f634c</load_address>
         <run_address>0x3f634c</run_address>
         <size>0x6</size>
         <input_file_ref idref="fl-3"/>
      </object_component>
      <object_component id="oc-119">
         <name>.econst:.string</name>
         <load_address>0x3f6352</load_address>
         <run_address>0x3f6352</run_address>
         <size>0x2</size>
         <input_file_ref idref="fl-3a"/>
      </object_component>
      <object_component id="oc-82">
         <name>.reset</name>
         <load_address>0x3fffc0</load_address>
         <run_address>0x3fffc0</run_address>
         <size>0x2</size>
         <input_file_ref idref="fl-17"/>
      </object_component>
      <object_component id="oc-39">
         <name>.debug_info</name>
         <load_address>0x0</load_address>
         <run_address>0x0</run_address>
         <size>0x2d3</size>
         <input_file_ref idref="fl-2"/>
      </object_component>
[...]
         <object_component_ref idref="oc-1ef"/>
      </symbol>
      <symbol id="sm-3e0">
         <name>_ADCINT2_ISR</name>
         <value>0x3f2704</value>
         <object_component_ref idref="oc-1fe"/>
      </symbol>
      <symbol id="sm-3e1">
         <name>_PIE_RESERVED</name>
         <value>0x3f2777</value>
         <object_component_ref idref="oc-1e9"/>
      </symbol>
      <symbol id="sm-3e2">
         <name>_I2CINT1A_ISR</name>
         <value>0x3f2759</value>
         <object_component_ref idref="oc-20e"/>
      </symbol>
      <symbol id="sm-3e3">
         <name>_XINT2_ISR</name>
         <value>0x3f27e0</value>
         <object_component_ref idref="oc-201"/>
      </symbol>
      <symbol id="sm-3e4">
         <name>_I2CINT2A_ISR</name>
         <value>0x3f275e</value>
         <object_component_ref idref="oc-20f"/>
      </symbol>
      <symbol id="sm-3e5">
         <name>_RTOSINT_ISR</name>
         <value>0x3f277c</value>
         <object_component_ref idref="oc-1ed"/>
      </symbol>
      <symbol id="sm-3e6">
         <name>_EPWM3_INT_ISR</name>
         <value>0x3f274f</value>
         <object_component_ref idref="oc-20a"/>
      </symbol>
      <symbol id="sm-3e7">
         <name>_ADCINT3_ISR</name>
         <value>0x3f2709</value>
         <object_component_ref idref="oc-212"/>
      </symbol>
      <symbol id="sm-3e8">
         <name>_USER9_ISR</name>
         <value>0x3f27d1</value>
         <object_component_ref idref="oc-1f9"/>
      </symbol>
      <symbol id="sm-3e9">
         <name>_USER3_ISR</name>
         <value>0x3f27b3</value>
         <object_component_ref idref="oc-1f3"/>
      </symbol>
      <symbol id="sm-3ea">
         <name>_USER8_ISR</name>
         <value>0x3f27cc</value>
         <object_component_ref idref="oc-1f8"/>
      </symbol>
      <symbol id="sm-3eb">
         <name>_EPWM1_INT_ISR</name>
         <value>0x3f273b</value>
         <object_component_ref idref="oc-208"/>
      </symbol>
      <symbol id="sm-3ec">
         <name>_USER2_ISR</name>
         <value>0x3f27ae</value>
         <object_component_ref idref="oc-1f2"/>
      </symbol>
      <symbol id="sm-3ed">
         <name>_SCITXINTA_ISR</name>
         <value>0x3f2786</value>
         <object_component_ref idref="oc-211"/>
      </symbol>
      <symbol id="sm-3ee">
         <name>_SCIRXINTA_ISR</name>
         <value>0x3f2781</value>
         <object_component_ref idref="oc-210"/>
      </symbol>
      <symbol id="sm-3ef">
         <name>_rsvd_ISR</name>
         <value>0x3f27ea</value>
         <object_component_ref idref="oc-1ff"/>
      </symbol>
      <symbol id="sm-403">
         <name>_c_int00</name>
         <value>0x3f7ebd</value>
         <object_component_ref idref="oc-80"/>
      </symbol>
      <symbol id="sm-404">
         <name>__stack</name>
         <value>0x50</value>
         <object_component_ref idref="oc-81"/>
      </symbol>
      <symbol id="sm-40e">
         <name>___TI_ft_end</name>
         <value>0x8bc0</value>
         <object_component_ref idref="oc-88"/>
      </symbol>
      <symbol id="sm-40f">
         <name>___TI_tmpnams</name>
         <value>0x8c80</value>
         <object_component_ref idref="oc-88"/>
      </symbol>
      <symbol id="sm-410">
         <name>__ftable</name>
         <value>0x8c00</value>
         <object_component_ref idref="oc-88"/>
      </symbol>
      <symbol id="sm-421">
         <name>C$$EXIT</name>
         <value>0x3f23b7</value>
         <object_component_ref idref="oc-16c"/>
      </symbol>
      <symbol id="sm-422">
         <name>_exit</name>
         <value>0x3f23b9</value>
         <object_component_ref idref="oc-16c"/>
      </symbol>
      <symbol id="sm-423">
         <name>___TI_cleanup_ptr</name>
         <value>0x8d38</value>
         <object_component_ref idref="oc-8c"/>
      </symbol>
      <symbol id="sm-424">
         <name>_abort</name>
         <value>0x3f23b7</value>
         <object_component_ref idref="oc-16c"/>
      </symbol>
      <symbol id="sm-425">
         <name>___TI_dtors_ptr</name>
         <value>0x8d3a</value>
         <object_component_ref idref="oc-8c"/>
      </symbol>
      <symbol id="sm-458">
         <name>_fopen</name>
         <value>0x3f770a</value>
         <object_component_ref idref="oc-1b1"/>
      </symbol>
      <symbol id="sm-459">
         <name>___TI_cleanup</name>
         <value>0x3f769d</value>
         <object_component_ref idref="oc-1b1"/>
      </symbol>
      <symbol id="sm-45a">
         <name>_freopen</name>
         <value>0x3f76ba</value>
         <object_component_ref idref="oc-1b1"/>
      </symbol>
      <symbol id="sm-467">
         <name>FS$$DIV</name>
         <value>0x3f7a94</value>
         <object_component_ref idref="oc-96"/>
      </symbol>
      <symbol id="sm-474">
         <name>FS$$MPY</name>
         <value>0x3f7d83</value>
         <object_component_ref idref="oc-9a"/>
      </symbol>
      <symbol id="sm-481">
         <name>FS$$TOI</name>
         <value>0x3f2176</value>
         <object_component_ref idref="oc-9e"/>
      </symbol>
      <symbol id="sm-48e">
         <name>FS$$TOU</name>
         <value>0x3f22bf</value>
         <object_component_ref idref="oc-a2"/>
      </symbol>
      <symbol id="sm-498">
         <name>I$$MOD</name>
         <value>0x3f21f4</value>
         <object_component_ref idref="oc-a6"/>
      </symbol>
      <symbol id="sm-499">
         <name>I$$DIV</name>
         <value>0x3f21e3</value>
         <object_component_ref idref="oc-a6"/>
      </symbol>
      <symbol id="sm-4a4">
         <name>I$$TOFS</name>
         <value>0x3f2384</value>
         <object_component_ref idref="oc-aa"/>
      </symbol>
      <symbol id="sm-4d9">
         <name>_add_device</name>
         <value>0x3f70ed</value>
         <object_component_ref idref="oc-1b0"/>
      </symbol>
      <symbol id="sm-4da">
         <name>_rename</name>
         <value>0x3f6fd6</value>
         <object_component_ref idref="oc-1b0"/>
      </symbol>
      <symbol id="sm-4db">
         <name>_read</name>
         <value>0x3f7019</value>
         <object_component_ref idref="oc-1b0"/>
      </symbol>
      <symbol id="sm-4dc">
         <name>_unlink</name>
         <value>0x3f6fbe</value>
         <object_component_ref idref="oc-1b0"/>
      </symbol>
      <symbol id="sm-4dd">
         <name>_remove_device</name>
         <value>0x3f6fff</value>
         <object_component_ref idref="oc-1b0"/>
      </symbol>
      <symbol id="sm-4de">
         <name>_open</name>
         <value>0x3f7031</value>
         <object_component_ref idref="oc-1b0"/>
      </symbol>
      <symbol id="sm-4df">
         <name>_lseek</name>
         <value>0x3f70a3</value>
         <object_component_ref idref="oc-1b0"/>
      </symbol>
      <symbol id="sm-4e0">
         <name>_close</name>
         <value>0x3f70bb</value>
         <object_component_ref idref="oc-1b0"/>
      </symbol>
      <symbol id="sm-4e1">
         <name>_write</name>
         <value>0x3f6f58</value>
         <object_component_ref idref="oc-1b0"/>
      </symbol>
      <symbol id="sm-4f0">
         <name>___memcpy_ff</name>
         <value>0x3f2226</value>
         <object_component_ref idref="oc-18a"/>
      </symbol>
      <symbol id="sm-4fe">
         <name>_printf</name>
         <value>0x3f206e</value>
         <object_component_ref idref="oc-1b4"/>
      </symbol>
      <symbol id="sm-513">
         <name>_setvbuf</name>
         <value>0x3f7b17</value>
         <object_component_ref idref="oc-1b2"/>
      </symbol>
      <symbol id="sm-520">
         <name>_strchr</name>
         <value>0x3f25ce</value>
         <object_component_ref idref="oc-1d6"/>
      </symbol>
      <symbol id="sm-52c">
         <name>_strcmp</name>
         <value>0x3f25f7</value>
         <object_component_ref idref="oc-1d5"/>
      </symbol>
      <symbol id="sm-53a">
         <name>_strncpy</name>
         <value>0x3f2284</value>
         <object_component_ref idref="oc-1d7"/>
      </symbol>
      <symbol id="sm-54b">
         <name>_HOSTopen</name>
         <value>0x3f7252</value>
         <object_component_ref idref="oc-16d"/>
      </symbol>
      <symbol id="sm-54c">
         <name>_HOSTread</name>
         <value>0x3f721c</value>
         <object_component_ref idref="oc-16d"/>
      </symbol>
      <symbol id="sm-54d">
         <name>_HOSTgetenv</name>
         <value>0x3f72d0</value>
         <object_component_ref idref="oc-16d"/>
      </symbol>
      <symbol id="sm-54e">
         <name>_HOSTtime</name>
         <value>0x3f71b4</value>
         <object_component_ref idref="oc-16d"/>
      </symbol>
      <symbol id="sm-54f">
         <name>_HOSTrename</name>
         <value>0x3f71de</value>
         <object_component_ref idref="oc-16d"/>
      </symbol>
      <symbol id="sm-550">
         <name>_HOSTclock</name>
         <value>0x3f7321</value>
         <object_component_ref idref="oc-16d"/>
      </symbol>
      <symbol id="sm-551">
         <name>_HOSTwrite</name>
         <value>0x3f7159</value>
         <object_component_ref idref="oc-16d"/>
      </symbol>
      <symbol id="sm-552">
         <name>_HOSTlseek</name>
         <value>0x3f7289</value>
         <object_component_ref idref="oc-16d"/>
      </symbol>
      <symbol id="sm-553">
         <name>_HOSTunlink</name>
         <value>0x3f718f</value>
         <object_component_ref idref="oc-16d"/>
      </symbol>
      <symbol id="sm-554">
         <name>_HOSTclose</name>
         <value>0x3f72fa</value>
         <object_component_ref idref="oc-16d"/>
      </symbol>
      <symbol id="sm-55e">
         <name>U$$TOFS</name>
         <value>0x3f2524</value>
         <object_component_ref idref="oc-d1"/>
      </symbol>
      <symbol id="sm-56c">
         <name>__unlock</name>
         <value>0x8d34</value>
         <object_component_ref idref="oc-d7"/>
      </symbol>
      <symbol id="sm-56d">
         <name>__lock</name>
         <value>0x8d36</value>
         <object_component_ref idref="oc-d7"/>
      </symbol>
      <symbol id="sm-56e">
         <name>__register_lock</name>
         <value>0x3f263b</value>
         <object_component_ref idref="oc-16e"/>
      </symbol>
      <symbol id="sm-56f">
         <name>__nop</name>
         <value>0x3f263f</value>
         <object_component_ref idref="oc-16e"/>
      </symbol>
      <symbol id="sm-570">
         <name>__register_unlock</name>
         <value>0x3f2637</value>
         <object_component_ref idref="oc-16e"/>
      </symbol>
      <symbol id="sm-679">
         <name>___TI_printfi</name>
         <value>0x3f6b96</value>
         <object_component_ref idref="oc-1dc"/>
      </symbol>
      <symbol id="sm-68f">
         <name>___TI_readmsg</name>
         <value>0x3f794c</value>
         <object_component_ref idref="oc-171"/>
      </symbol>
      <symbol id="sm-690">
         <name>C$$IO$$</name>
         <value>0x3f7948</value>
         <object_component_ref idref="oc-171"/>
      </symbol>
      <symbol id="sm-691">
         <name>__CIOBUF_</name>
         <value>0x400</value>
         <object_component_ref idref="oc-e2"/>
      </symbol>
      <symbol id="sm-692">
         <name>___TI_writemsg</name>
         <value>0x3f78f8</value>
         <object_component_ref idref="oc-171"/>
      </symbol>
      <symbol id="sm-69e">
         <name>__args_main</name>
         <value>0x3f239e</value>
         <object_component_ref idref="oc-16b"/>
      </symbol>
      <symbol id="sm-69f">
         <name>__TI_args_main</name>
         <value>0x1</value>
      </symbol>
      <symbol id="sm-6b0">
         <name>_atoi</name>
         <value>0x3f209a</value>
         <object_component_ref idref="oc-21d"/>
      </symbol>
      <symbol id="sm-6b8">
         <name>__ctypes_</name>
         <value>0x3f6000</value>
         <object_component_ref idref="oc-222"/>
      </symbol>
      <symbol id="sm-6c7">
         <name>___TI_closefile</name>
         <value>0x3f7d28</value>
         <object_component_ref idref="oc-1d8"/>
      </symbol>
      <symbol id="sm-6c8">
         <name>_fclose</name>
         <value>0x3f7d6a</value>
         <object_component_ref idref="oc-1d8"/>
      </symbol>
      <symbol id="sm-6d4">
         <name>FD$$CMP</name>
         <value>0x3f2122</value>
         <object_component_ref idref="oc-f4"/>
      </symbol>
      <symbol id="sm-6e7">
         <name>FD$$DIV</name>
         <value>0x3f7986</value>
         <object_component_ref idref="oc-f8"/>
      </symbol>
      <symbol id="sm-6f5">
         <name>FD$$MPY</name>
         <value>0x3f7a11</value>
         <object_component_ref idref="oc-fc"/>
      </symbol>
      <symbol id="sm-6fe">
         <name>FD$$NEG</name>
         <value>0x3f2640</value>
         <object_component_ref idref="oc-100"/>
      </symbol>
      <symbol id="sm-706">
         <name>FD$$SUB</name>
         <value>0x3f2561</value>
         <object_component_ref idref="oc-104"/>
      </symbol>
      <symbol id="sm-711">
         <name>FD$$TOI</name>
         <value>0x3f2205</value>
         <object_component_ref idref="oc-108"/>
      </symbol>
      <symbol id="sm-71c">
         <name>FD$$TOL</name>
         <value>0x3f2247</value>
         <object_component_ref idref="oc-10c"/>
      </symbol>
      <symbol id="sm-72f">
         <name>___TI_doflush</name>
         <value>0x3f7b90</value>
         <object_component_ref idref="oc-219"/>
      </symbol>
      <symbol id="sm-730">
         <name>_fflush</name>
         <value>0x3f7bbf</value>
         <object_component_ref idref="oc-219"/>
      </symbol>
      <symbol id="sm-740">
         <name>_putchar</name>
         <value>0x3f7e28</value>
         <object_component_ref idref="oc-1da"/>
      </symbol>
      <symbol id="sm-741">
         <name>_putc</name>
         <value>0x3f7ddd</value>
         <object_component_ref idref="oc-1da"/>
      </symbol>
      <symbol id="sm-742">
         <name>_fputc</name>
         <value>0x3f7ddd</value>
         <object_component_ref idref="oc-1da"/>
      </symbol>
      <symbol id="sm-75c">
         <name>_puts</name>
         <value>0x3f77ba</value>
         <object_component_ref idref="oc-1db"/>
      </symbol>
      <symbol id="sm-75d">
         <name>_fputs</name>
         <value>0x3f7724</value>
         <object_component_ref idref="oc-1db"/>
      </symbol>
      <symbol id="sm-769">
         <name>FS$$TOFD</name>
         <value>0x3f234c</value>
         <object_component_ref idref="oc-11d"/>
      </symbol>
      <symbol id="sm-775">
         <name>L$$TOFD</name>
         <value>0x3f2368</value>
         <object_component_ref idref="oc-121"/>
      </symbol>
      <symbol id="sm-77d">
         <name>LL$$AND</name>
         <value>0x3f2418</value>
         <object_component_ref idref="oc-125"/>
      </symbol>
      <symbol id="sm-77e">
         <name>LL$$OR</name>
         <value>0x3f2420</value>
         <object_component_ref idref="oc-125"/>
      </symbol>
      <symbol id="sm-77f">
         <name>LL$$XOR</name>
         <value>0x3f2428</value>
         <object_component_ref idref="oc-125"/>
      </symbol>
      <symbol id="sm-789">
         <name>ULL$$CMP</name>
         <value>0x3f2278</value>
         <object_component_ref idref="oc-129"/>
      </symbol>
      <symbol id="sm-78a">
         <name>LL$$CMP</name>
         <value>0x3f2266</value>
         <object_component_ref idref="oc-129"/>
      </symbol>
      <symbol id="sm-7b1">
         <name>ULL$$MOD</name>
         <value>0x3f75c3</value>
         <object_component_ref idref="oc-12d"/>
      </symbol>
      <symbol id="sm-7b2">
         <name>ULL$$DIV</name>
         <value>0x3f7594</value>
         <object_component_ref idref="oc-12d"/>
      </symbol>
      <symbol id="sm-7b3">
         <name>LL$$MOD</name>
         <value>0x3f755a</value>
         <object_component_ref idref="oc-12d"/>
      </symbol>
      <symbol id="sm-7b4">
         <name>LL$$DIV</name>
         <value>0x3f751e</value>
         <object_component_ref idref="oc-12d"/>
      </symbol>
      <symbol id="sm-7bc">
         <name>LL$$MPY</name>
         <value>0x3f245b</value>
         <object_component_ref idref="oc-131"/>
      </symbol>
      <symbol id="sm-7c8">
         <name>_ltoa</name>
         <value>0x3f20cb</value>
         <object_component_ref idref="oc-21e"/>
      </symbol>
      <symbol id="sm-7d5">
         <name>_memccpy</name>
         <value>0x3f257c</value>
         <object_component_ref idref="oc-220"/>
      </symbol>
      <symbol id="sm-7e2">
         <name>_memchr</name>
         <value>0x3f24f0</value>
         <object_component_ref idref="oc-21c"/>
      </symbol>
      <symbol id="sm-82a">
         <name>__sys_memory</name>
         <value>0x8dc8</value>
         <object_component_ref idref="oc-143"/>
      </symbol>
      <symbol id="sm-82b">
         <name>_chkheap</name>
         <value>0x3f7504</value>
         <object_component_ref idref="oc-1d9"/>
      </symbol>
      <symbol id="sm-82c">
         <name>_realloc</name>
         <value>0x3f7414</value>
         <object_component_ref idref="oc-1d9"/>
      </symbol>
      <symbol id="sm-82d">
         <name>_free_memory</name>
         <value>0x3f74e8</value>
         <object_component_ref idref="oc-1d9"/>
      </symbol>
      <symbol id="sm-82e">
         <name>_max_free</name>
         <value>0x3f74c8</value>
         <object_component_ref idref="oc-1d9"/>
      </symbol>
      <symbol id="sm-82f">
         <name>_free</name>
         <value>0x3f734b</value>
         <object_component_ref idref="oc-1d9"/>
      </symbol>
      <symbol id="sm-830">
         <name>_calloc</name>
         <value>0x3f7506</value>
         <object_component_ref idref="oc-1d9"/>
      </symbol>
      <symbol id="sm-831">
         <name>_malloc</name>
         <value>0x3f73b4</value>
         <object_component_ref idref="oc-1d9"/>
      </symbol>
      <symbol id="sm-832">
         <name>_minit</name>
         <value>0x3f7390</value>
         <object_component_ref idref="oc-1d9"/>
      </symbol>
      <symbol id="sm-83e">
         <name>_memset</name>
         <value>0x3f2589</value>
         <object_component_ref idref="oc-21f"/>
      </symbol>
      <symbol id="sm-848">
         <name>_remove</name>
         <value>0x3f2851</value>
         <object_component_ref idref="oc-21a"/>
      </symbol>
      <symbol id="sm-853">
         <name>_strcpy</name>
         <value>0x3f27ef</value>
         <object_component_ref idref="oc-173"/>
      </symbol>
      <symbol id="sm-85e">
         <name>_strlen</name>
         <value>0x3f2661</value>
         <object_component_ref idref="oc-172"/>
      </symbol>
      <symbol id="sm-873">
         <name>___TI_rd_ok</name>
         <value>0x3f7c9b</value>
         <object_component_ref idref="oc-21b"/>
      </symbol>
      <symbol id="sm-874">
         <name>___TI_wrt_ok</name>
         <value>0x3f7c61</value>
         <object_component_ref idref="oc-21b"/>
      </symbol>
      <symbol id="sm-88b">
         <name>FD$$ADD</name>
         <value>0x3f77cc</value>
         <object_component_ref idref="oc-15c"/>
      </symbol>
      <symbol id="sm-899">
         <name>_fseek</name>
         <value>0x3f7f40</value>
         <object_component_ref idref="oc-221"/>
      </symbol>
      <symbol id="sm-8a1">
         <name>UL$$MOD</name>
         <value>0x3f2170</value>
         <object_component_ref idref="oc-164"/>
      </symbol>
      <symbol id="sm-8a2">
         <name>L$$MOD</name>
         <value>0x3f215b</value>
         <object_component_ref idref="oc-164"/>
      </symbol>
      <symbol id="sm-8a3">
         <name>L$$DIV</name>
         <value>0x3f214c</value>
         <object_component_ref idref="oc-164"/>
      </symbol>
      <symbol id="sm-8a4">
         <name>UL$$DIV</name>
         <value>0x3f2169</value>
         <object_component_ref idref="oc-164"/>
      </symbol>
   </symbol_table>
   <title>Link successful</title>
</link_info>
