******************************************************************************
             TMS320C2000 Linker PC v6.2.8                      
******************************************************************************
>> Linked Tue Oct 07 23:05:55 2014

OUTPUT FILE NAME:   <VoiceModule.out>
ENTRY POINT SYMBOL: "code_start"  address: 003f7ff6


MEMORY CONFIGURATION

         name            origin    length      used     unused   attr    fill
----------------------  --------  ---------  --------  --------  ----  --------
PAGE 0:
  PRAML0                00008000   00000800  00000020  000007e0  RWIX
  OTP                   003d7800   00000400  00000000  00000400  RWIX
  FLASHD                003f0000   00002000  00000000  00002000  RWIX
  FLASHC                003f2000   00002000  00001152  00000eae  RWIX
  FLASHA                003f6000   00001f80  00001f80  00000000  RWIX
  CSM_RSVD              003f7f80   00000076  00000076  00000000  RWIX
  BEGIN                 003f7ff6   00000002  00000002  00000000  RWIX
  CSM_PWL_P0            003f7ff8   00000008  00000008  00000000  RWIX
  IQTABLES              003fe000   00000b50  00000000  00000b50  RWIX
  IQTABLES2             003feb50   0000008c  00000000  0000008c  RWIX
  IQTABLES3             003febdc   000000aa  00000000  000000aa  RWIX
  ROM                   003ff27c   00000d44  00000000  00000d44  RWIX
  RESET                 003fffc0   00000002  00000000  00000002  RWIX
  VECTORS               003fffc2   0000003e  00000000  0000003e  RWIX

PAGE 1:
  BOOT_RSVD             00000000   00000050  00000000  00000050  RWIX
  RAMM0                 00000050   000003b0  00000300  000000b0  RWIX
  RAMM1                 00000400   00000400  00000120  000002e0  RWIX
  DEV_EMU               00000880   00000105  00000000  00000105  RWIX
  SYS_PWR_CTL           00000985   00000003  00000000  00000003  RWIX
  FLASH_REGS            00000a80   00000060  00000000  00000060  RWIX
  CSM                   00000ae0   00000010  00000000  00000010  RWIX
  ADC_RESULT            00000b00   00000020  00000000  00000020  RWIX
  CPU_TIMER0            00000c00   00000008  00000000  00000008  RWIX
  CPU_TIMER1            00000c08   00000008  00000000  00000008  RWIX
  CPU_TIMER2            00000c10   00000008  00000000  00000008  RWIX
  PIE_CTRL              00000ce0   00000020  00000000  00000020  RWIX
  PIE_VECT              00000d00   00000100  00000000  00000100  RWIX
  COMP1                 00006400   00000020  00000000  00000020  RWIX
  COMP2                 00006420   00000020  00000000  00000020  RWIX
  EPWM1                 00006800   00000040  00000000  00000040  RWIX
  EPWM2                 00006840   00000040  00000000  00000040  RWIX
  EPWM3                 00006880   00000040  00000000  00000040  RWIX
  EPWM4                 000068c0   00000040  00000000  00000040  RWIX
  ECAP1                 00006a00   00000020  00000000  00000020  RWIX
  GPIOCTRL              00006f80   00000040  00000000  00000040  RWIX
  GPIODAT               00006fc0   00000020  00000000  00000020  RWIX
  GPIOINT               00006fe0   00000020  00000000  00000020  RWIX
  SYSTEM                00007010   00000020  00000000  00000020  RWIX
  SPIA                  00007040   00000010  00000000  00000010  RWIX
  SCIA                  00007050   00000010  00000000  00000010  RWIX
  NMIINTRUPT            00007060   00000010  00000000  00000010  RWIX
  XINTRUPT              00007070   00000010  00000000  00000010  RWIX
  ADC                   00007100   00000080  00000000  00000080  RWIX
  I2CA                  00007900   00000040  00000000  00000040  RWIX
  DRAML0                00008800   00000800  00000648  000001b8  RWIX
  PARTID                003d7fff   00000001  00000000  00000001  RWIX
  FLASHB                003f4000   00002000  00000000  00002000  RWIX
  CSM_PWL               003f7ff8   00000008  00000000  00000008  RWIX


SECTION ALLOCATION MAP

 output                                  attributes/
section   page    origin      length       input sections
--------  ----  ----------  ----------   ----------------
.pinit     0    003f6000    00000000     UNINITIALIZED

.text.1    0    003f2000    000010c9     
                  003f2000    000001d6     VoiceModule.obj (.text:_main)
                  003f21d6    000001d3     rts2800_ml.lib : memory.obj (.text)
                  003f23a9    000000ff                    : fopen.obj (.text)
                  003f24a8    000000a8                    : fputs.obj (.text)
                  003f2550    0000009c                    : fd_add.obj (.text)
                  003f25ec    0000008e                    : ankmsg.obj (.text)
                  003f267a    0000008b                    : fd_div.obj (.text)
                  003f2705    00000083                    : fd_mpy.obj (.text)
                  003f2788    00000079                    : setvbuf.obj (.text)
                  003f2801    0000006b                    : fflush.obj (.text)
                  003f286c    00000066     VoiceModule.obj (.text:_scia_init)
                  003f28d2    00000065     rts2800_ml.lib : _io_perm.obj (.text)
                  003f2937    00000063     VoiceModule.obj (.text:_clearTextBox)
                  003f299a    0000005b     rts2800_ml.lib : fclose.obj (.text)
                  003f29f5    00000050                    : fputc.obj (.text)
                  003f2a45    00000049     driverlib.lib : gpio.obj (.text:_GPIO_setMode)
                  003f2a8e    00000044     rts2800_ml.lib : boot.obj (.text)
                  003f2ad2    0000003d                    : fseek.obj (.text)
                  003f2b0f    00000034     driverlib.lib : gpio.obj (.text:_GPIO_setDirection)
                  003f2b43    00000034                   : gpio.obj (.text:_GPIO_setPullUp)
                  003f2b77    00000032     rts2800_ml.lib : printf.obj (.text)
                  003f2ba9    00000031                    : atoi.obj (.text)
                  003f2bda    0000002c                    : ltoa.obj (.text)
                  003f2c06    0000002b     driverlib.lib : gpio.obj (.text:_GPIO_setQualification)
                  003f2c31    0000002a     rts2800_ml.lib : fd_cmp.obj (.text)
                  003f2c5b    0000002a                    : l_div.obj (.text)
                  003f2c85    00000021                    : fd_toi.obj (.text)
                  003f2ca6    00000021                    : memcpy_ff.obj (.text)
                  003f2cc7    0000001f                    : fd_tol.obj (.text)
                  003f2ce6    0000001e                    : ll_cmp.obj (.text)
                  003f2d04    0000001e                    : strncpy.obj (.text)
                  003f2d22    0000001c     driverlib.lib : sci_io.obj (.text:_SCI_write)
                  003f2d3e    0000001c     rts2800_ml.lib : fs_tofd.obj (.text)
                  003f2d5a    0000001c                    : l_tofd.obj (.text)
                  003f2d76    00000019                    : args_main.obj (.text)
                  003f2d8f    00000019                    : exit.obj (.text)
                  003f2da8    00000018                    : ll_aox.obj (.text)
                  003f2dc0    00000015     driverlib.lib : pll.obj (.text:_PLL_setup)
                  003f2dd5    00000014     rts2800_ml.lib : ll_mpy.obj (.text)
                  003f2de9    00000013     driverlib.lib : gpio.obj (.text:_GPIO_setHigh)
                  003f2dfc    00000013                   : gpio.obj (.text:_GPIO_setLow)
                  003f2e0f    00000013                   : sci_io.obj (.text:_SCI_open)
                  003f2e22    00000013                   : sci_io.obj (.text:_SCI_read)
                  003f2e35    00000012                   : F2802x_asmfuncs.obj (.text)
                  003f2e47    00000012     rts2800_ml.lib : memchr.obj (.text)
                  003f2e59    00000011     driverlib.lib : gpio.obj (.text:_GPIO_getData)
                  003f2e6a    00000011                   : pie.obj (.text:_PIE_setDebugIntVectorTable)
                  003f2e7b    0000000f                   : pie.obj (.text:_PIE_disableAllInts)
                  003f2e8a    0000000e     rts2800_ml.lib : fd_sub.obj (.text)
                  003f2e98    0000000d                    : memccpy.obj (.text)
                  003f2ea5    0000000d                    : memset.obj (.text)
                  003f2eb2    0000000c     driverlib.lib : sci_io.obj (.text:_SCI_close)
                  003f2ebe    0000000b     rts2800_ml.lib : strchr.obj (.text)
                  003f2ec9    0000000a     driverlib.lib : sci.obj (.text:_SCI_resetChannels)
                  003f2ed3    0000000a                   : sci.obj (.text:_SCI_resetRxFifo)
                  003f2edd    0000000a                   : sci.obj (.text:_SCI_resetTxFifo)
                  003f2ee7    0000000a     rts2800_ml.lib : strcmp.obj (.text)
                  003f2ef1    00000009     driverlib.lib : sci.obj (.text:_SCI_putDataBlocking)
                  003f2efa    00000009     rts2800_ml.lib : _lock.obj (.text)
                  003f2f03    00000009                    : fd_neg.obj (.text)
                  003f2f0c    00000008     driverlib.lib : adc.obj (.text:_ADC_init)
                  003f2f14    00000008                   : pie.obj (.text:_PIE_init)
                  003f2f1c    00000008                   : wdog.obj (.text:_WDOG_disable)
                  003f2f24    00000008     rts2800_ml.lib : strlen.obj (.text)
                  003f2f2c    00000007     driverlib.lib : clk.obj (.text:_CLK_enableAdcClock)
                  003f2f33    00000007                   : clk.obj (.text:_CLK_init)
                  003f2f3a    00000007                   : clk.obj (.text:_CLK_setClkOutPreScaler)
                  003f2f41    00000007                   : clk.obj (.text:_CLK_setOscSrc)
                  003f2f48    00000007                   : flash.obj (.text:_FLASH_init)
                  003f2f4f    00000007                   : gpio.obj (.text:_GPIO_init)
                  003f2f56    00000007                   : pll.obj (.text:_PLL_init)
                  003f2f5d    00000007                   : pll.obj (.text:_PLL_setDivider)
                  003f2f64    00000007                   : sci.obj (.text:_SCI_init)
                  003f2f6b    00000007                   : sci.obj (.text:_SCI_setRxFifoIntLevel)
                  003f2f72    00000007                   : sci.obj (.text:_SCI_setTxFifoIntLevel)
                  003f2f79    00000007                   : wdog.obj (.text:_WDOG_init)
                  003f2f80    00000006                   : pll.obj (.text:_PLL_setMultiplier)
                  003f2f86    00000006                   : sci.obj (.text:_SCI_setBaudRate)
                  003f2f8c    00000005                   : F2802x_DefaultIsr.obj (.text:_ADCINT1_ISR)
                  003f2f91    00000005                   : F2802x_DefaultIsr.obj (.text:_ADCINT2_ISR)
                  003f2f96    00000005                   : F2802x_DefaultIsr.obj (.text:_ADCINT3_ISR)
                  003f2f9b    00000005                   : F2802x_DefaultIsr.obj (.text:_ADCINT4_ISR)
                  003f2fa0    00000005                   : F2802x_DefaultIsr.obj (.text:_ADCINT5_ISR)
                  003f2fa5    00000005                   : F2802x_DefaultIsr.obj (.text:_ADCINT6_ISR)
                  003f2faa    00000005                   : F2802x_DefaultIsr.obj (.text:_ADCINT7_ISR)
                  003f2faf    00000005                   : F2802x_DefaultIsr.obj (.text:_ADCINT8_ISR)
                  003f2fb4    00000005                   : F2802x_DefaultIsr.obj (.text:_ADCINT9_ISR)
                  003f2fb9    00000005                   : F2802x_DefaultIsr.obj (.text:_DATALOG_ISR)
                  003f2fbe    00000005                   : F2802x_DefaultIsr.obj (.text:_ECAP1_INT_ISR)
                  003f2fc3    00000005                   : F2802x_DefaultIsr.obj (.text:_EMUINT_ISR)
                  003f2fc8    00000005                   : F2802x_DefaultIsr.obj (.text:_EPWM1_INT_ISR)
                  003f2fcd    00000005                   : F2802x_DefaultIsr.obj (.text:_EPWM1_TZINT_ISR)
                  003f2fd2    00000005                   : F2802x_DefaultIsr.obj (.text:_EPWM2_INT_ISR)
                  003f2fd7    00000005                   : F2802x_DefaultIsr.obj (.text:_EPWM2_TZINT_ISR)
                  003f2fdc    00000005                   : F2802x_DefaultIsr.obj (.text:_EPWM3_INT_ISR)
                  003f2fe1    00000005                   : F2802x_DefaultIsr.obj (.text:_EPWM3_TZINT_ISR)
                  003f2fe6    00000005                   : F2802x_DefaultIsr.obj (.text:_I2CINT1A_ISR)
                  003f2feb    00000005                   : F2802x_DefaultIsr.obj (.text:_I2CINT2A_ISR)
                  003f2ff0    00000005                   : F2802x_DefaultIsr.obj (.text:_ILLEGAL_ISR)
                  003f2ff5    00000005                   : F2802x_DefaultIsr.obj (.text:_INT13_ISR)
                  003f2ffa    00000005                   : F2802x_DefaultIsr.obj (.text:_INT14_ISR)
                  003f2fff    00000005                   : F2802x_DefaultIsr.obj (.text:_NMI_ISR)
                  003f3004    00000005                   : F2802x_DefaultIsr.obj (.text:_PIE_RESERVED)
                  003f3009    00000005                   : F2802x_DefaultIsr.obj (.text:_RTOSINT_ISR)
                  003f300e    00000005                   : F2802x_DefaultIsr.obj (.text:_SCIRXINTA_ISR)
                  003f3013    00000005                   : F2802x_DefaultIsr.obj (.text:_SCITXINTA_ISR)
                  003f3018    00000005                   : F2802x_DefaultIsr.obj (.text:_SPIRXINTA_ISR)
                  003f301d    00000005                   : F2802x_DefaultIsr.obj (.text:_SPITXINTA_ISR)
                  003f3022    00000005                   : F2802x_DefaultIsr.obj (.text:_TINT0_ISR)
                  003f3027    00000005                   : F2802x_DefaultIsr.obj (.text:_USER10_ISR)
                  003f302c    00000005                   : F2802x_DefaultIsr.obj (.text:_USER11_ISR)
                  003f3031    00000005                   : F2802x_DefaultIsr.obj (.text:_USER12_ISR)
                  003f3036    00000005                   : F2802x_DefaultIsr.obj (.text:_USER1_ISR)
                  003f303b    00000005                   : F2802x_DefaultIsr.obj (.text:_USER2_ISR)
                  003f3040    00000005                   : F2802x_DefaultIsr.obj (.text:_USER3_ISR)
                  003f3045    00000005                   : F2802x_DefaultIsr.obj (.text:_USER4_ISR)
                  003f304a    00000005                   : F2802x_DefaultIsr.obj (.text:_USER5_ISR)
                  003f304f    00000005                   : F2802x_DefaultIsr.obj (.text:_USER6_ISR)
                  003f3054    00000005                   : F2802x_DefaultIsr.obj (.text:_USER7_ISR)
                  003f3059    00000005                   : F2802x_DefaultIsr.obj (.text:_USER8_ISR)
                  003f305e    00000005                   : F2802x_DefaultIsr.obj (.text:_USER9_ISR)
                  003f3063    00000005                   : F2802x_DefaultIsr.obj (.text:_WAKEINT_ISR)
                  003f3068    00000005                   : F2802x_DefaultIsr.obj (.text:_XINT1_ISR)
                  003f306d    00000005                   : F2802x_DefaultIsr.obj (.text:_XINT2_ISR)
                  003f3072    00000005                   : F2802x_DefaultIsr.obj (.text:_XINT3_ISR)
                  003f3077    00000005                   : F2802x_DefaultIsr.obj (.text:_rsvd_ISR)
                  003f307c    00000005     rts2800_ml.lib : strcpy.obj (.text)
                  003f3081    00000004     driverlib.lib : cpu.obj (.text:_CPU_init)
                  003f3085    00000004                   : sci.obj (.text:_SCI_clearRxFifoInt)
                  003f3089    00000004                   : sci.obj (.text:_SCI_clearTxFifoInt)
                  003f308d    00000004                   : sci.obj (.text:_SCI_enableFifoEnh)
                  003f3091    00000004                   : sci.obj (.text:_SCI_setCharLength)
                  003f3095    00000004                   : sci.obj (.text:_SCI_setNumStopBits)
                  003f3099    00000003                   : cpu.obj (.text:_CPU_clearIntFlags)
                  003f309c    00000003                   : cpu.obj (.text:_CPU_disableGlobalInts)
                  003f309f    00000003                   : pie.obj (.text:_PIE_disable)
                  003f30a2    00000003                   : pie.obj (.text:_PIE_enable)
                  003f30a5    00000003                   : pll.obj (.text:_PLL_getClkStatus)
                  003f30a8    00000003                   : pll.obj (.text:_PLL_getLockStatus)
                  003f30ab    00000003                   : sci.obj (.text:_SCI_disableParity)
                  003f30ae    00000003                   : sci.obj (.text:_SCI_enable)
                  003f30b1    00000003                   : sci.obj (.text:_SCI_enableRx)
                  003f30b4    00000003                   : sci.obj (.text:_SCI_enableRxInt)
                  003f30b7    00000003                   : sci.obj (.text:_SCI_enableTx)
                  003f30ba    00000003                   : sci.obj (.text:_SCI_enableTxInt)
                  003f30bd    00000003                   : sci.obj (.text:_SCI_setPriority)
                  003f30c0    00000003     rts2800_ml.lib : remove.obj (.text)
                  003f30c3    00000002     driverlib.lib : sci_io.obj (.text:_SCI_lseek)
                  003f30c5    00000002                   : sci_io.obj (.text:_SCI_rename)
                  003f30c7    00000002                   : sci_io.obj (.text:_SCI_unlink)

.cinit     0    003f30c9    00000089     
                  003f30c9    00000031     rts2800_ml.lib : lowlev.obj (.cinit)
                  003f30fa    0000002a                    : defs.obj (.cinit)
                  003f3124    0000000c     VoiceModule.obj (.cinit)
                  003f3130    0000000a     rts2800_ml.lib : _lock.obj (.cinit)
                  003f313a    0000000a                    : exit.obj (.cinit)
                  003f3144    00000004     driverlib.lib : sci_io.obj (.cinit)
                  003f3148    00000004     rts2800_ml.lib : fopen.obj (.cinit)
                  003f314c    00000004                    : memory.obj (.cinit)
                  003f3150    00000002     --HOLE-- [fill = 0]

.econst    0    003f6000    000010be     
                  003f6000    00000e3d     VoiceModule.obj (.econst:_ti_ascii)
                  003f6e3d    00000101     rts2800_ml.lib : ctype.obj (.econst:.string:__ctypes_)
                  003f6f3e    00000100     driverlib.lib : pie.obj (.econst:_PIE_tableDebugInit)
                  003f703e    00000024     rts2800_ml.lib : _printfi.obj (.econst:.string)
                  003f7062    00000021     VoiceModule.obj (.econst:.string)
                  003f7083    00000001     --HOLE-- [fill = 0]
                  003f7084    00000018     rts2800_ml.lib : _printfi.obj (.econst)
                  003f709c    00000015     VoiceModule.obj (.econst:.string:_pucTempString)
                  003f70b1    00000005     VoiceModule.obj (.econst:.string:_escRed)
                  003f70b6    00000005     VoiceModule.obj (.econst:.string:_escWhite)
                  003f70bb    00000001     --HOLE-- [fill = 0]
                  003f70bc    00000002     rts2800_ml.lib : fputs.obj (.econst:.string)

ramfuncs   0    003f70be    00000020     RUN ADDR = 00008000
                  003f70be    0000000c     driverlib.lib : flash.obj (ramfuncs:_FLASH_setup)
                  003f70ca    00000006                   : flash.obj (ramfuncs:_FLASH_enablePipelineMode)
                  003f70d0    00000005                   : flash.obj (ramfuncs:_FLASH_setActiveWaitCount)
                  003f70d5    00000005                   : flash.obj (ramfuncs:_FLASH_setStandbyWaitCount)
                  003f70da    00000004                   : F2802x_asmfuncs.obj (ramfuncs)

.text.2    0    003f70de    00000ea2     
                  003f70de    00000930     rts2800_ml.lib : _printfi.obj (.text)
                  003f7a0e    00000201                    : lowlev.obj (.text)
                  003f7c0f    000001f2                    : trgdrv.obj (.text)
                  003f7e01    00000107                    : ll_div.obj (.text)
                  003f7f08    0000006f     VoiceModule.obj (.text:_drawTILogo)
                  003f7f77    00000009     driverlib.lib : clk.obj (.text:_CLK_enableSciaClock)

csm_rsvd   0    003f7f80    00000076     
                  003f7f80    00000076     driverlib.lib : F2802x_asmfuncs.obj (csm_rsvd)

codestart 
*          0    003f7ff6    00000002     
                  003f7ff6    00000002     driverlib.lib : F2802x_asmfuncs.obj (codestart)

csmpasswds 
*          0    003f7ff8    00000008     
                  003f7ff8    00000008     driverlib.lib : F2802x_asmfuncs.obj (csmpasswds)

.reset     0    003fffc0    00000002     DSECT
                  003fffc0    00000002     rts2800_ml.lib : boot.obj (.reset)

vectors    0    003fffc2    00000000     DSECT

.stack     1    00000050    00000300     UNINITIALIZED
                  00000050    00000300     --HOLE--

.cio       1    00000400    00000120     UNINITIALIZED
                  00000400    00000120     rts2800_ml.lib : ankmsg.obj (.cio)

.ebss      1    00008800    00000448     UNINITIALIZED
                  00008800    00000240     VoiceModule.obj (.ebss)
                  00008a40    00000160     rts2800_ml.lib : defs.obj (.ebss)
                  00008ba0    00000008                    : memory.obj (.ebss)
                  00008ba8    00000008                    : trgdrv.obj (.ebss)
                  00008bb0    00000004     driverlib.lib : sci_io.obj (.ebss)
                  00008bb4    00000004     rts2800_ml.lib : _lock.obj (.ebss)
                  00008bb8    00000004                    : exit.obj (.ebss)
                  00008bbc    00000001     driverlib.lib : cpu.obj (.ebss)
                  00008bbd    00000001     rts2800_ml.lib : fopen.obj (.ebss)
                  00008bbe    00000002     --HOLE--
                  00008bc0    00000088                    : lowlev.obj (.ebss)

.sysmem    1    00008c48    00000200     UNINITIALIZED
                  00008c48    00000001     rts2800_ml.lib : memory.obj (.sysmem)
                  00008c49    000001ff     --HOLE--


GLOBAL DATA SYMBOLS: SORTED BY DATA PAGE

address     data page           name
--------    ----------------    ----
00000050       1 (00000040)     __stack

00000400      10 (00000400)     __CIOBUF_

00008801     220 (00008800)     _ConversionCount
00008804     220 (00008800)     _mySci
00008806     220 (00008800)     _myPie
00008808     220 (00008800)     _myClk
0000880a     220 (00008800)     _myAdc
0000880c     220 (00008800)     _myGpio
0000880e     220 (00008800)     _myFlash

00008840     221 (00008840)     _voltage

00008940     225 (00008940)     _frame

00008a40     229 (00008a40)     ___TI_ft_end

00008a80     22a (00008a80)     __ftable

00008b00     22c (00008b00)     ___TI_tmpnams

00008bb0     22e (00008b80)     _deviceOpen
00008bb2     22e (00008b80)     _ioSci
00008bb4     22e (00008b80)     __unlock
00008bb6     22e (00008b80)     __lock
00008bb8     22e (00008b80)     ___TI_cleanup_ptr
00008bba     22e (00008b80)     ___TI_dtors_ptr
00008bbc     22e (00008b80)     _cpu

00008c48     231 (00008c40)     __sys_memory

003f6000    fd80 (003f6000)     _ti_ascii

003f6e3d    fdb8 (003f6e00)     __ctypes_

003f6f3e    fdbc (003f6f00)     _PIE_tableDebugInit

003f709c    fdc2 (003f7080)     _pucTempString
003f70b1    fdc2 (003f7080)     _escRed
003f70b6    fdc2 (003f7080)     _escWhite


GLOBAL SYMBOLS: SORTED ALPHABETICALLY BY Name 

address    name
--------   ----
ffffffff   .text
003f2d8f   C$$EXIT
003f263c   C$$IO$$
003f2550   FD$$ADD
003f2c31   FD$$CMP
003f267a   FD$$DIV
003f2705   FD$$MPY
003f2f03   FD$$NEG
003f2e8a   FD$$SUB
003f2c85   FD$$TOI
003f2cc7   FD$$TOL
003f2d3e   FS$$TOFD
003f2c5b   L$$DIV
003f2c6a   L$$MOD
003f2d5a   L$$TOFD
003f2da8   LL$$AND
003f2ce6   LL$$CMP
003f7e01   LL$$DIV
003f7e3d   LL$$MOD
003f2dd5   LL$$MPY
003f2db0   LL$$OR
003f2db8   LL$$XOR
003f2c78   UL$$DIV
003f2c7f   UL$$MOD
003f2cf8   ULL$$CMP
003f7e77   ULL$$DIV
003f7ea6   ULL$$MOD
003f2f8c   _ADCINT1_ISR
003f2f91   _ADCINT2_ISR
003f2f96   _ADCINT3_ISR
003f2f9b   _ADCINT4_ISR
003f2fa0   _ADCINT5_ISR
003f2fa5   _ADCINT6_ISR
003f2faa   _ADCINT7_ISR
003f2faf   _ADCINT8_ISR
003f2fb4   _ADCINT9_ISR
003f2f0c   _ADC_init
003f2f2c   _CLK_enableAdcClock
003f7f77   _CLK_enableSciaClock
003f2f33   _CLK_init
003f2f3a   _CLK_setClkOutPreScaler
003f2f41   _CLK_setOscSrc
003f3099   _CPU_clearIntFlags
003f309c   _CPU_disableGlobalInts
003f3081   _CPU_init
00008801   _ConversionCount
003f2fb9   _DATALOG_ISR
003f2e40   _DSP28x_DisableInt
003f2e44   _DSP28x_RestoreInt
0000801c   _DSP28x_usDelay
003f2fbe   _ECAP1_INT_ISR
003f2fc3   _EMUINT_ISR
003f2fc8   _EPWM1_INT_ISR
003f2fcd   _EPWM1_TZINT_ISR
003f2fd2   _EPWM2_INT_ISR
003f2fd7   _EPWM2_TZINT_ISR
003f2fdc   _EPWM3_INT_ISR
003f2fe1   _EPWM3_TZINT_ISR
0000800c   _FLASH_enablePipelineMode
003f2f48   _FLASH_init
00008012   _FLASH_setActiveWaitCount
00008017   _FLASH_setStandbyWaitCount
00008000   _FLASH_setup
003f2e59   _GPIO_getData
003f2f4f   _GPIO_init
003f2b0f   _GPIO_setDirection
003f2de9   _GPIO_setHigh
003f2dfc   _GPIO_setLow
003f2a45   _GPIO_setMode
003f2b43   _GPIO_setPullUp
003f2c06   _GPIO_setQualification
003f7dd7   _HOSTclock
003f7db0   _HOSTclose
003f7d86   _HOSTgetenv
003f7d3f   _HOSTlseek
003f7d08   _HOSTopen
003f7cd2   _HOSTread
003f7c94   _HOSTrename
003f7c6a   _HOSTtime
003f7c45   _HOSTunlink
003f7c0f   _HOSTwrite
003f2fe6   _I2CINT1A_ISR
003f2feb   _I2CINT2A_ISR
003f2ff0   _ILLEGAL_ISR
003f2ff5   _INT13_ISR
003f2ffa   _INT14_ISR
003f2fff   _NMI_ISR
003f3004   _PIE_RESERVED
003f309f   _PIE_disable
003f2e7b   _PIE_disableAllInts
003f30a2   _PIE_enable
003f2f14   _PIE_init
003f2e6a   _PIE_setDebugIntVectorTable
003f6f3e   _PIE_tableDebugInit
003f30a5   _PLL_getClkStatus
003f30a8   _PLL_getLockStatus
003f2f56   _PLL_init
003f2f5d   _PLL_setDivider
003f2f80   _PLL_setMultiplier
003f2dc0   _PLL_setup
003f3009   _RTOSINT_ISR
00000020   _RamfuncsLoadSize
003f70be   _RamfuncsLoadStart
00008000   _RamfuncsRunStart
003f300e   _SCIRXINTA_ISR
003f3013   _SCITXINTA_ISR
003f3085   _SCI_clearRxFifoInt
003f3089   _SCI_clearTxFifoInt
003f2eb2   _SCI_close
003f30ab   _SCI_disableParity
003f30ae   _SCI_enable
003f308d   _SCI_enableFifoEnh
003f30b1   _SCI_enableRx
003f30b4   _SCI_enableRxInt
003f30b7   _SCI_enableTx
003f30ba   _SCI_enableTxInt
003f2f64   _SCI_init
003f30c3   _SCI_lseek
003f2e0f   _SCI_open
003f2ef1   _SCI_putDataBlocking
003f2e22   _SCI_read
003f30c5   _SCI_rename
003f2ec9   _SCI_resetChannels
003f2ed3   _SCI_resetRxFifo
003f2edd   _SCI_resetTxFifo
003f2f86   _SCI_setBaudRate
003f3091   _SCI_setCharLength
003f3095   _SCI_setNumStopBits
003f30bd   _SCI_setPriority
003f2f6b   _SCI_setRxFifoIntLevel
003f2f72   _SCI_setTxFifoIntLevel
003f30c7   _SCI_unlink
003f2d22   _SCI_write
003f3018   _SPIRXINTA_ISR
003f301d   _SPITXINTA_ISR
003f3022   _TINT0_ISR
003f3027   _USER10_ISR
003f302c   _USER11_ISR
003f3031   _USER12_ISR
003f3036   _USER1_ISR
003f303b   _USER2_ISR
003f3040   _USER3_ISR
003f3045   _USER4_ISR
003f304a   _USER5_ISR
003f304f   _USER6_ISR
003f3054   _USER7_ISR
003f3059   _USER8_ISR
003f305e   _USER9_ISR
003f3063   _WAKEINT_ISR
003f2f1c   _WDOG_disable
003f2f79   _WDOG_init
003f3068   _XINT1_ISR
003f306d   _XINT2_ISR
003f3072   _XINT3_ISR
00000400   __CIOBUF_
00000350   __STACK_END
00000300   __STACK_SIZE
00000200   __SYSMEM_SIZE
00000001   __TI_args_main
003f2421   ___TI_cleanup
00008bb8   ___TI_cleanup_ptr
003f299a   ___TI_closefile
003f2801   ___TI_doflush
00008bba   ___TI_dtors_ptr
00008a40   ___TI_ft_end
003f791c   ___TI_printfi
003f290c   ___TI_rd_ok
003f2640   ___TI_readmsg
00008b00   ___TI_tmpnams
003f25ec   ___TI_writemsg
003f28d2   ___TI_wrt_ok
ffffffff   ___binit__
ffffffff   ___c_args__
003f30c9   ___cinit__
ffffffff   ___etext__
003f2ca6   ___memcpy_ff
ffffffff   ___pinit__
ffffffff   ___text__
003f2d76   __args_main
003f6e3d   __ctypes_
00008a80   __ftable
00008bb6   __lock
003f2f02   __nop
003f2efe   __register_lock
003f2efa   __register_unlock
00000050   __stack
00008c48   __sys_memory
00008bb4   __unlock
003f2d8f   _abort
003f7ba3   _add_device
003f2ba9   _atoi
003f2a8e   _c_int00
003f2391   _calloc
003f238f   _chkheap
003f2937   _clearTextBox
003f7b71   _close
00008bbc   _cpu
00008bb0   _deviceOpen
003f7f08   _drawTILogo
003f70b1   _escRed
003f70b6   _escWhite
003f2d91   _exit
003f29dc   _fclose
003f2830   _fflush
003f248e   _fopen
003f29f5   _fputc
003f24a8   _fputs
00008940   _frame
003f21d6   _free
003f2373   _free_memory
003f243e   _freopen
003f2ad2   _fseek
00008bb2   _ioSci
003f7b59   _lseek
003f2bda   _ltoa
003f2000   _main
003f223f   _malloc
003f2353   _max_free
003f2e98   _memccpy
003f2e47   _memchr
003f2ea5   _memset
003f221b   _minit
0000880a   _myAdc
00008808   _myClk
0000880e   _myFlash
0000880c   _myGpio
00008806   _myPie
00008804   _mySci
003f7ae7   _open
003f2b7d   _printf
003f709c   _pucTempString
003f29f5   _putc
003f2a40   _putchar
003f253e   _puts
003f7acf   _read
003f229f   _realloc
003f30c0   _remove
003f7ab5   _remove_device
003f7a8c   _rename
003f3077   _rsvd_ISR
003f286c   _scia_init
003f2e3d   _setDBGIER
003f2788   _setvbuf
003f2ebe   _strchr
003f2ee7   _strcmp
003f307c   _strcpy
003f2f24   _strlen
003f2d04   _strncpy
003f6000   _ti_ascii
003f7a74   _unlink
00008840   _voltage
003f7a0e   _write
ffffffff   binit
003f30c9   cinit
003f7ff6   code_start
ffffffff   etext
ffffffff   pinit


GLOBAL SYMBOLS: SORTED BY Symbol Address 

address    name
--------   ----
00000001   __TI_args_main
00000020   _RamfuncsLoadSize
00000050   __stack
00000200   __SYSMEM_SIZE
00000300   __STACK_SIZE
00000350   __STACK_END
00000400   __CIOBUF_
00008000   _FLASH_setup
00008000   _RamfuncsRunStart
0000800c   _FLASH_enablePipelineMode
00008012   _FLASH_setActiveWaitCount
00008017   _FLASH_setStandbyWaitCount
0000801c   _DSP28x_usDelay
00008801   _ConversionCount
00008804   _mySci
00008806   _myPie
00008808   _myClk
0000880a   _myAdc
0000880c   _myGpio
0000880e   _myFlash
00008840   _voltage
00008940   _frame
00008a40   ___TI_ft_end
00008a80   __ftable
00008b00   ___TI_tmpnams
00008bb0   _deviceOpen
00008bb2   _ioSci
00008bb4   __unlock
00008bb6   __lock
00008bb8   ___TI_cleanup_ptr
00008bba   ___TI_dtors_ptr
00008bbc   _cpu
00008c48   __sys_memory
003f2000   _main
003f21d6   _free
003f221b   _minit
003f223f   _malloc
003f229f   _realloc
003f2353   _max_free
003f2373   _free_memory
003f238f   _chkheap
003f2391   _calloc
003f2421   ___TI_cleanup
003f243e   _freopen
003f248e   _fopen
003f24a8   _fputs
003f253e   _puts
003f2550   FD$$ADD
003f25ec   ___TI_writemsg
003f263c   C$$IO$$
003f2640   ___TI_readmsg
003f267a   FD$$DIV
003f2705   FD$$MPY
003f2788   _setvbuf
003f2801   ___TI_doflush
003f2830   _fflush
003f286c   _scia_init
003f28d2   ___TI_wrt_ok
003f290c   ___TI_rd_ok
003f2937   _clearTextBox
003f299a   ___TI_closefile
003f29dc   _fclose
003f29f5   _fputc
003f29f5   _putc
003f2a40   _putchar
003f2a45   _GPIO_setMode
003f2a8e   _c_int00
003f2ad2   _fseek
003f2b0f   _GPIO_setDirection
003f2b43   _GPIO_setPullUp
003f2b7d   _printf
003f2ba9   _atoi
003f2bda   _ltoa
003f2c06   _GPIO_setQualification
003f2c31   FD$$CMP
003f2c5b   L$$DIV
003f2c6a   L$$MOD
003f2c78   UL$$DIV
003f2c7f   UL$$MOD
003f2c85   FD$$TOI
003f2ca6   ___memcpy_ff
003f2cc7   FD$$TOL
003f2ce6   LL$$CMP
003f2cf8   ULL$$CMP
003f2d04   _strncpy
003f2d22   _SCI_write
003f2d3e   FS$$TOFD
003f2d5a   L$$TOFD
003f2d76   __args_main
003f2d8f   C$$EXIT
003f2d8f   _abort
003f2d91   _exit
003f2da8   LL$$AND
003f2db0   LL$$OR
003f2db8   LL$$XOR
003f2dc0   _PLL_setup
003f2dd5   LL$$MPY
003f2de9   _GPIO_setHigh
003f2dfc   _GPIO_setLow
003f2e0f   _SCI_open
003f2e22   _SCI_read
003f2e3d   _setDBGIER
003f2e40   _DSP28x_DisableInt
003f2e44   _DSP28x_RestoreInt
003f2e47   _memchr
003f2e59   _GPIO_getData
003f2e6a   _PIE_setDebugIntVectorTable
003f2e7b   _PIE_disableAllInts
003f2e8a   FD$$SUB
003f2e98   _memccpy
003f2ea5   _memset
003f2eb2   _SCI_close
003f2ebe   _strchr
003f2ec9   _SCI_resetChannels
003f2ed3   _SCI_resetRxFifo
003f2edd   _SCI_resetTxFifo
003f2ee7   _strcmp
003f2ef1   _SCI_putDataBlocking
003f2efa   __register_unlock
003f2efe   __register_lock
003f2f02   __nop
003f2f03   FD$$NEG
003f2f0c   _ADC_init
003f2f14   _PIE_init
003f2f1c   _WDOG_disable
003f2f24   _strlen
003f2f2c   _CLK_enableAdcClock
003f2f33   _CLK_init
003f2f3a   _CLK_setClkOutPreScaler
003f2f41   _CLK_setOscSrc
003f2f48   _FLASH_init
003f2f4f   _GPIO_init
003f2f56   _PLL_init
003f2f5d   _PLL_setDivider
003f2f64   _SCI_init
003f2f6b   _SCI_setRxFifoIntLevel
003f2f72   _SCI_setTxFifoIntLevel
003f2f79   _WDOG_init
003f2f80   _PLL_setMultiplier
003f2f86   _SCI_setBaudRate
003f2f8c   _ADCINT1_ISR
003f2f91   _ADCINT2_ISR
003f2f96   _ADCINT3_ISR
003f2f9b   _ADCINT4_ISR
003f2fa0   _ADCINT5_ISR
003f2fa5   _ADCINT6_ISR
003f2faa   _ADCINT7_ISR
003f2faf   _ADCINT8_ISR
003f2fb4   _ADCINT9_ISR
003f2fb9   _DATALOG_ISR
003f2fbe   _ECAP1_INT_ISR
003f2fc3   _EMUINT_ISR
003f2fc8   _EPWM1_INT_ISR
003f2fcd   _EPWM1_TZINT_ISR
003f2fd2   _EPWM2_INT_ISR
003f2fd7   _EPWM2_TZINT_ISR
003f2fdc   _EPWM3_INT_ISR
003f2fe1   _EPWM3_TZINT_ISR
003f2fe6   _I2CINT1A_ISR
003f2feb   _I2CINT2A_ISR
003f2ff0   _ILLEGAL_ISR
003f2ff5   _INT13_ISR
003f2ffa   _INT14_ISR
003f2fff   _NMI_ISR
003f3004   _PIE_RESERVED
003f3009   _RTOSINT_ISR
003f300e   _SCIRXINTA_ISR
003f3013   _SCITXINTA_ISR
003f3018   _SPIRXINTA_ISR
003f301d   _SPITXINTA_ISR
003f3022   _TINT0_ISR
003f3027   _USER10_ISR
003f302c   _USER11_ISR
003f3031   _USER12_ISR
003f3036   _USER1_ISR
003f303b   _USER2_ISR
003f3040   _USER3_ISR
003f3045   _USER4_ISR
003f304a   _USER5_ISR
003f304f   _USER6_ISR
003f3054   _USER7_ISR
003f3059   _USER8_ISR
003f305e   _USER9_ISR
003f3063   _WAKEINT_ISR
003f3068   _XINT1_ISR
003f306d   _XINT2_ISR
003f3072   _XINT3_ISR
003f3077   _rsvd_ISR
003f307c   _strcpy
003f3081   _CPU_init
003f3085   _SCI_clearRxFifoInt
003f3089   _SCI_clearTxFifoInt
003f308d   _SCI_enableFifoEnh
003f3091   _SCI_setCharLength
003f3095   _SCI_setNumStopBits
003f3099   _CPU_clearIntFlags
003f309c   _CPU_disableGlobalInts
003f309f   _PIE_disable
003f30a2   _PIE_enable
003f30a5   _PLL_getClkStatus
003f30a8   _PLL_getLockStatus
003f30ab   _SCI_disableParity
003f30ae   _SCI_enable
003f30b1   _SCI_enableRx
003f30b4   _SCI_enableRxInt
003f30b7   _SCI_enableTx
003f30ba   _SCI_enableTxInt
003f30bd   _SCI_setPriority
003f30c0   _remove
003f30c3   _SCI_lseek
003f30c5   _SCI_rename
003f30c7   _SCI_unlink
003f30c9   ___cinit__
003f30c9   cinit
003f6000   _ti_ascii
003f6e3d   __ctypes_
003f6f3e   _PIE_tableDebugInit
003f709c   _pucTempString
003f70b1   _escRed
003f70b6   _escWhite
003f70be   _RamfuncsLoadStart
003f791c   ___TI_printfi
003f7a0e   _write
003f7a74   _unlink
003f7a8c   _rename
003f7ab5   _remove_device
003f7acf   _read
003f7ae7   _open
003f7b59   _lseek
003f7b71   _close
003f7ba3   _add_device
003f7c0f   _HOSTwrite
003f7c45   _HOSTunlink
003f7c6a   _HOSTtime
003f7c94   _HOSTrename
003f7cd2   _HOSTread
003f7d08   _HOSTopen
003f7d3f   _HOSTlseek
003f7d86   _HOSTgetenv
003f7db0   _HOSTclose
003f7dd7   _HOSTclock
003f7e01   LL$$DIV
003f7e3d   LL$$MOD
003f7e77   ULL$$DIV
003f7ea6   ULL$$MOD
003f7f08   _drawTILogo
003f7f77   _CLK_enableSciaClock
003f7ff6   code_start
ffffffff   .text
ffffffff   ___binit__
ffffffff   ___c_args__
ffffffff   ___etext__
ffffffff   ___pinit__
ffffffff   ___text__
ffffffff   binit
ffffffff   etext
ffffffff   pinit

[257 symbols]
