******************************************************************************
             TMS320C2000 Linker PC v6.2.8                      
******************************************************************************
>> Linked Sun Nov 30 00:04:17 2014

OUTPUT FILE NAME:   <VoiceModule.out>
ENTRY POINT SYMBOL: "code_start"  address: 003f7ff6


MEMORY CONFIGURATION

         name            origin    length      used     unused   attr    fill
----------------------  --------  ---------  --------  --------  ----  --------
PAGE 0:
  PRAML0                00008000   00000800  00000004  000007fc  RWIX
  OTP                   003d7800   00000400  00000000  00000400  RWIX
  FLASHD                003f0000   00002000  00000000  00002000  RWIX
  FLASHC                003f2000   00002000  00000905  000016fb  RWIX
  FLASHA                003f6000   00001f80  00001f80  00000000  RWIX
  CSM_RSVD              003f7f80   00000076  00000076  00000000  RWIX
  BEGIN                 003f7ff6   00000002  00000002  00000000  RWIX
  CSM_PWL_P0            003f7ff8   00000008  00000008  00000000  RWIX
  IQTABLES              003fe000   00000b50  00000000  00000b50  RWIX
  IQTABLES2             003feb50   0000008c  00000000  0000008c  RWIX
  IQTABLES3             003febdc   000000aa  00000000  000000aa  RWIX
  ROM                   003ff27c   00000d44  00000000  00000d44  RWIX
  RESET                 003fffc0   00000002  00000000  00000002  RWIX
  VECTORS               003fffc2   0000003e  00000000  0000003e  RWIX

PAGE 1:
  BOOT_RSVD             00000000   00000050  00000000  00000050  RWIX
  RAMM0                 00000050   000003b0  00000300  000000b0  RWIX
  RAMM1                 00000400   00000400  00000120  000002e0  RWIX
  DEV_EMU               00000880   00000105  00000000  00000105  RWIX
  SYS_PWR_CTL           00000985   00000003  00000000  00000003  RWIX
  FLASH_REGS            00000a80   00000060  00000000  00000060  RWIX
  CSM                   00000ae0   00000010  00000000  00000010  RWIX
  ADC_RESULT            00000b00   00000020  00000000  00000020  RWIX
  CPU_TIMER0            00000c00   00000008  00000000  00000008  RWIX
  CPU_TIMER1            00000c08   00000008  00000000  00000008  RWIX
  CPU_TIMER2            00000c10   00000008  00000000  00000008  RWIX
  PIE_CTRL              00000ce0   00000020  00000000  00000020  RWIX
  PIE_VECT              00000d00   00000100  00000000  00000100  RWIX
  COMP1                 00006400   00000020  00000000  00000020  RWIX
  COMP2                 00006420   00000020  00000000  00000020  RWIX
  EPWM1                 00006800   00000040  00000000  00000040  RWIX
  EPWM2                 00006840   00000040  00000000  00000040  RWIX
  EPWM3                 00006880   00000040  00000000  00000040  RWIX
  EPWM4                 000068c0   00000040  00000000  00000040  RWIX
  ECAP1                 00006a00   00000020  00000000  00000020  RWIX
  GPIOCTRL              00006f80   00000040  00000000  00000040  RWIX
  GPIODAT               00006fc0   00000020  00000000  00000020  RWIX
  GPIOINT               00006fe0   00000020  00000000  00000020  RWIX
  SYSTEM                00007010   00000020  00000000  00000020  RWIX
  SPIA                  00007040   00000010  00000000  00000010  RWIX
  SCIA                  00007050   00000010  00000000  00000010  RWIX
  NMIINTRUPT            00007060   00000010  00000000  00000010  RWIX
  XINTRUPT              00007070   00000010  00000000  00000010  RWIX
  ADC                   00007100   00000080  00000000  00000080  RWIX
  I2CA                  00007900   00000040  00000000  00000040  RWIX
  DRAML0                00008800   00000800  000007c8  00000038  RWIX
  PARTID                003d7fff   00000001  00000000  00000001  RWIX
  JENKINS               003f0000   00001afd  00001afd  00000000  RWIX
  FLASHB                003f4000   00002000  00000000  00002000  RWIX
  CSM_PWL               003f7ff8   00000008  00000000  00000008  RWIX


SECTION ALLOCATION MAP

 output                                  attributes/
section   page    origin      length       input sections
--------  ----  ----------  ----------   ----------------
.pinit     0    003f6000    00000000     UNINITIALIZED

.text.1    0    003f2000    00000860     
                  003f2000    00000034     driverlib.lib : gpio.obj (.text:_GPIO_setDirection)
                  003f2034    00000034                   : gpio.obj (.text:_GPIO_setPullUp)
                  003f2068    00000032     rts2800_ml.lib : printf.obj (.text)
                  003f209a    00000031                    : atoi.obj (.text)
                  003f20cb    0000002c                    : ltoa.obj (.text)
                  003f20f7    0000002b     driverlib.lib : gpio.obj (.text:_GPIO_setQualification)
                  003f2122    0000002a     rts2800_ml.lib : fd_cmp.obj (.text)
                  003f214c    0000002a                    : l_div.obj (.text)
                  003f2176    00000025                    : fs_toi.obj (.text)
                  003f219b    00000024     driverlib.lib : adc.obj (.text:_ADC_setIntMode)
                  003f21bf    00000024                   : adc.obj (.text:_ADC_setIntSrc)
                  003f21e3    00000022     rts2800_ml.lib : i_div.obj (.text)
                  003f2205    00000021                    : fd_toi.obj (.text)
                  003f2226    00000021                    : memcpy_ff.obj (.text)
                  003f2247    0000001f                    : fd_tol.obj (.text)
                  003f2266    0000001e                    : ll_cmp.obj (.text)
                  003f2284    0000001e                    : strncpy.obj (.text)
                  003f22a2    0000001d     VoiceModule.obj (.text:_calculate_duty_cycle)
                  003f22bf    0000001d     rts2800_ml.lib : fs_tou.obj (.text)
                  003f22dc    0000001c     driverlib.lib : adc.obj (.text:_ADC_setSocChanNumber)
                  003f22f8    0000001c                   : adc.obj (.text:_ADC_setSocSampleWindow)
                  003f2314    0000001c                   : adc.obj (.text:_ADC_setSocTrigSrc)
                  003f2330    0000001c                   : sci_io.obj (.text:_SCI_write)
                  003f234c    0000001c     rts2800_ml.lib : fs_tofd.obj (.text)
                  003f2368    0000001c                    : l_tofd.obj (.text)
                  003f2384    0000001a                    : i_tofs.obj (.text)
                  003f239e    00000019                    : args_main.obj (.text)
                  003f23b7    00000019                    : exit.obj (.text)
                  003f23d0    00000018     driverlib.lib : adc.obj (.text:_ADC_enableInt)
                  003f23e8    00000018     VoiceModule.obj (.text:_beep_high_then_low)
                  003f2400    00000018     VoiceModule.obj (.text:_beep_low_then_high)
                  003f2418    00000018     rts2800_ml.lib : ll_aox.obj (.text)
                  003f2430    00000016     VoiceModule.obj (.text:_init_audio)
                  003f2446    00000015     driverlib.lib : pll.obj (.text:_PLL_setup)
                  003f245b    00000014     rts2800_ml.lib : ll_mpy.obj (.text)
                  003f246f    00000013     driverlib.lib : gpio.obj (.text:_GPIO_setLow)
                  003f2482    00000013                   : sci_io.obj (.text:_SCI_open)
                  003f2495    00000013                   : sci_io.obj (.text:_SCI_read)
                  003f24a8    00000012                   : adc.obj (.text:_ADC_setIntPulseGenMode)
                  003f24ba    00000012                   : adc.obj (.text:_ADC_setVoltRefSrc)
                  003f24cc    00000012                   : pie.obj (.text:_PIE_enableAdcInt)
                  003f24de    00000012                   : F2802x_asmfuncs.obj (.text)
                  003f24f0    00000012     rts2800_ml.lib : memchr.obj (.text)
                  003f2502    00000011     driverlib.lib : gpio.obj (.text:_GPIO_getData)
                  003f2513    00000011                   : pie.obj (.text:_PIE_setDebugIntVectorTable)
                  003f2524    00000010     rts2800_ml.lib : u_tofs.obj (.text)
                  003f2534    0000000f     driverlib.lib : pie.obj (.text:_PIE_disableAllInts)
                  003f2543    0000000f                   : pie.obj (.text:_PIE_registerPieIntHandler)
                  003f2552    0000000f     VoiceModule.obj (.text:_fullFrame)
                  003f2561    0000000e     rts2800_ml.lib : fd_sub.obj (.text)
                  003f256f    0000000d     driverlib.lib : pie.obj (.text:_PIE_enablePwmInt)
                  003f257c    0000000d     rts2800_ml.lib : memccpy.obj (.text)
                  003f2589    0000000d                    : memset.obj (.text)
                  003f2596    0000000c     driverlib.lib : sci_io.obj (.text:_SCI_close)
                  003f25a2    0000000b                   : adc.obj (.text:_ADC_enable)
                  003f25ad    0000000b                   : adc.obj (.text:_ADC_enableBandGap)
                  003f25b8    0000000b                   : adc.obj (.text:_ADC_enableRefBuffers)
                  003f25c3    0000000b                   : adc.obj (.text:_ADC_powerUp)
                  003f25ce    0000000b     rts2800_ml.lib : strchr.obj (.text)
                  003f25d9    0000000a     driverlib.lib : sci.obj (.text:_SCI_resetChannels)
                  003f25e3    0000000a                   : sci.obj (.text:_SCI_resetRxFifo)
                  003f25ed    0000000a                   : sci.obj (.text:_SCI_resetTxFifo)
                  003f25f7    0000000a     rts2800_ml.lib : strcmp.obj (.text)
                  003f2601    00000009     driverlib.lib : clk.obj (.text:_CLK_enablePwmClock)
                  003f260a    00000009                   : clk.obj (.text:_CLK_enableSciaClock)
                  003f2613    00000009                   : pwm.obj (.text:_PWM_setActionQual_CntUp_CmpB_PwmB)
                  003f261c    00000009                   : pwm.obj (.text:_PWM_setSocAPeriod)
                  003f2625    00000009                   : pwm.obj (.text:_PWM_setSocAPulseSrc)
                  003f262e    00000009                   : sci.obj (.text:_SCI_putDataBlocking)
                  003f2637    00000009     rts2800_ml.lib : _lock.obj (.text)
                  003f2640    00000009                    : fd_neg.obj (.text)
                  003f2649    00000008     driverlib.lib : adc.obj (.text:_ADC_init)
                  003f2651    00000008                   : pie.obj (.text:_PIE_init)
                  003f2659    00000008                   : wdog.obj (.text:_WDOG_disable)
                  003f2661    00000008     rts2800_ml.lib : strlen.obj (.text)
                  003f2669    00000007     driverlib.lib : clk.obj (.text:_CLK_disableTbClockSync)
                  003f2670    00000007                   : clk.obj (.text:_CLK_enableAdcClock)
                  003f2677    00000007                   : clk.obj (.text:_CLK_enableTbClockSync)
                  003f267e    00000007                   : clk.obj (.text:_CLK_init)
                  003f2685    00000007                   : clk.obj (.text:_CLK_setClkOutPreScaler)
                  003f268c    00000007                   : clk.obj (.text:_CLK_setOscSrc)
                  003f2693    00000007                   : flash.obj (.text:_FLASH_init)
                  003f269a    00000007                   : gpio.obj (.text:_GPIO_init)
                  003f26a1    00000007                   : pll.obj (.text:_PLL_init)
                  003f26a8    00000007                   : pll.obj (.text:_PLL_setDivider)
                  003f26af    00000007                   : pwm.obj (.text:_PWM_init)
                  003f26b6    00000007                   : pwm.obj (.text:_PWM_setActionQual_Zero_PwmB)
                  003f26bd    00000007                   : pwm.obj (.text:_PWM_setIntMode)
                  003f26c4    00000007                   : pwm.obj (.text:_PWM_setIntPeriod)
                  003f26cb    00000007                   : sci.obj (.text:_SCI_init)
                  003f26d2    00000007                   : sci.obj (.text:_SCI_setRxFifoIntLevel)
                  003f26d9    00000007                   : sci.obj (.text:_SCI_setTxFifoIntLevel)
                  003f26e0    00000007                   : wdog.obj (.text:_WDOG_init)
                  003f26e7    00000006                   : pll.obj (.text:_PLL_setMultiplier)
                  003f26ed    00000006                   : pwm.obj (.text:_PWM_setLoadMode_CmpB)
                  003f26f3    00000006                   : pwm.obj (.text:_PWM_setShadowMode_CmpB)
                  003f26f9    00000006                   : sci.obj (.text:_SCI_setBaudRate)
                  003f26ff    00000005                   : F2802x_DefaultIsr.obj (.text:_ADCINT1_ISR)
                  003f2704    00000005                   : F2802x_DefaultIsr.obj (.text:_ADCINT2_ISR)
                  003f2709    00000005                   : F2802x_DefaultIsr.obj (.text:_ADCINT3_ISR)
                  003f270e    00000005                   : F2802x_DefaultIsr.obj (.text:_ADCINT4_ISR)
                  003f2713    00000005                   : F2802x_DefaultIsr.obj (.text:_ADCINT5_ISR)
                  003f2718    00000005                   : F2802x_DefaultIsr.obj (.text:_ADCINT6_ISR)
                  003f271d    00000005                   : F2802x_DefaultIsr.obj (.text:_ADCINT7_ISR)
                  003f2722    00000005                   : F2802x_DefaultIsr.obj (.text:_ADCINT8_ISR)
                  003f2727    00000005                   : F2802x_DefaultIsr.obj (.text:_ADCINT9_ISR)
                  003f272c    00000005                   : F2802x_DefaultIsr.obj (.text:_DATALOG_ISR)
                  003f2731    00000005                   : F2802x_DefaultIsr.obj (.text:_ECAP1_INT_ISR)
                  003f2736    00000005                   : F2802x_DefaultIsr.obj (.text:_EMUINT_ISR)
                  003f273b    00000005                   : F2802x_DefaultIsr.obj (.text:_EPWM1_INT_ISR)
                  003f2740    00000005                   : F2802x_DefaultIsr.obj (.text:_EPWM1_TZINT_ISR)
                  003f2745    00000005                   : F2802x_DefaultIsr.obj (.text:_EPWM2_INT_ISR)
                  003f274a    00000005                   : F2802x_DefaultIsr.obj (.text:_EPWM2_TZINT_ISR)
                  003f274f    00000005                   : F2802x_DefaultIsr.obj (.text:_EPWM3_INT_ISR)
                  003f2754    00000005                   : F2802x_DefaultIsr.obj (.text:_EPWM3_TZINT_ISR)
                  003f2759    00000005                   : F2802x_DefaultIsr.obj (.text:_I2CINT1A_ISR)
                  003f275e    00000005                   : F2802x_DefaultIsr.obj (.text:_I2CINT2A_ISR)
                  003f2763    00000005                   : F2802x_DefaultIsr.obj (.text:_ILLEGAL_ISR)
                  003f2768    00000005                   : F2802x_DefaultIsr.obj (.text:_INT13_ISR)
                  003f276d    00000005                   : F2802x_DefaultIsr.obj (.text:_INT14_ISR)
                  003f2772    00000005                   : F2802x_DefaultIsr.obj (.text:_NMI_ISR)
                  003f2777    00000005                   : F2802x_DefaultIsr.obj (.text:_PIE_RESERVED)
                  003f277c    00000005                   : F2802x_DefaultIsr.obj (.text:_RTOSINT_ISR)
                  003f2781    00000005                   : F2802x_DefaultIsr.obj (.text:_SCIRXINTA_ISR)
                  003f2786    00000005                   : F2802x_DefaultIsr.obj (.text:_SCITXINTA_ISR)
                  003f278b    00000005                   : F2802x_DefaultIsr.obj (.text:_SPIRXINTA_ISR)
                  003f2790    00000005                   : F2802x_DefaultIsr.obj (.text:_SPITXINTA_ISR)
                  003f2795    00000005                   : F2802x_DefaultIsr.obj (.text:_TINT0_ISR)
                  003f279a    00000005                   : F2802x_DefaultIsr.obj (.text:_USER10_ISR)
                  003f279f    00000005                   : F2802x_DefaultIsr.obj (.text:_USER11_ISR)
                  003f27a4    00000005                   : F2802x_DefaultIsr.obj (.text:_USER12_ISR)
                  003f27a9    00000005                   : F2802x_DefaultIsr.obj (.text:_USER1_ISR)
                  003f27ae    00000005                   : F2802x_DefaultIsr.obj (.text:_USER2_ISR)
                  003f27b3    00000005                   : F2802x_DefaultIsr.obj (.text:_USER3_ISR)
                  003f27b8    00000005                   : F2802x_DefaultIsr.obj (.text:_USER4_ISR)
                  003f27bd    00000005                   : F2802x_DefaultIsr.obj (.text:_USER5_ISR)
                  003f27c2    00000005                   : F2802x_DefaultIsr.obj (.text:_USER6_ISR)
                  003f27c7    00000005                   : F2802x_DefaultIsr.obj (.text:_USER7_ISR)
                  003f27cc    00000005                   : F2802x_DefaultIsr.obj (.text:_USER8_ISR)
                  003f27d1    00000005                   : F2802x_DefaultIsr.obj (.text:_USER9_ISR)
                  003f27d6    00000005                   : F2802x_DefaultIsr.obj (.text:_WAKEINT_ISR)
                  003f27db    00000005                   : F2802x_DefaultIsr.obj (.text:_XINT1_ISR)
                  003f27e0    00000005                   : F2802x_DefaultIsr.obj (.text:_XINT2_ISR)
                  003f27e5    00000005                   : F2802x_DefaultIsr.obj (.text:_XINT3_ISR)
                  003f27ea    00000005                   : F2802x_DefaultIsr.obj (.text:_rsvd_ISR)
                  003f27ef    00000005     rts2800_ml.lib : strcpy.obj (.text)
                  003f27f4    00000004     driverlib.lib : cpu.obj (.text:_CPU_enableInt)
                  003f27f8    00000004                   : cpu.obj (.text:_CPU_init)
                  003f27fc    00000004                   : pwm.obj (.text:_PWM_enableInt)
                  003f2800    00000004                   : pwm.obj (.text:_PWM_enableSocAPulse)
                  003f2804    00000004                   : pwm.obj (.text:_PWM_setClkDiv)
                  003f2808    00000004                   : pwm.obj (.text:_PWM_setCounterMode)
                  003f280c    00000004                   : pwm.obj (.text:_PWM_setHighSpeedClkDiv)
                  003f2810    00000004                   : sci.obj (.text:_SCI_clearRxFifoInt)
                  003f2814    00000004                   : sci.obj (.text:_SCI_clearTxFifoInt)
                  003f2818    00000004                   : sci.obj (.text:_SCI_enableFifoEnh)
                  003f281c    00000004                   : sci.obj (.text:_SCI_setCharLength)
                  003f2820    00000004                   : sci.obj (.text:_SCI_setNumStopBits)
                  003f2824    00000003                   : cpu.obj (.text:_CPU_disableGlobalInts)
                  003f2827    00000003                   : cpu.obj (.text:_CPU_enableDebugInt)
                  003f282a    00000003                   : cpu.obj (.text:_CPU_enableGlobalInts)
                  003f282d    00000003                   : pie.obj (.text:_PIE_disable)
                  003f2830    00000003                   : pie.obj (.text:_PIE_enable)
                  003f2833    00000003                   : pll.obj (.text:_PLL_getClkStatus)
                  003f2836    00000003                   : pll.obj (.text:_PLL_getLockStatus)
                  003f2839    00000003                   : pwm.obj (.text:_PWM_disableCounterLoad)
                  003f283c    00000003                   : sci.obj (.text:_SCI_disableParity)
                  003f283f    00000003                   : sci.obj (.text:_SCI_enable)
                  003f2842    00000003                   : sci.obj (.text:_SCI_enableRx)
                  003f2845    00000003                   : sci.obj (.text:_SCI_enableRxInt)
                  003f2848    00000003                   : sci.obj (.text:_SCI_enableTx)
                  003f284b    00000003                   : sci.obj (.text:_SCI_enableTxInt)
                  003f284e    00000003                   : sci.obj (.text:_SCI_setPriority)
                  003f2851    00000003     rts2800_ml.lib : remove.obj (.text)
                  003f2854    00000002     driverlib.lib : pwm.obj (.text:_PWM_setCount)
                  003f2856    00000002                   : pwm.obj (.text:_PWM_setPeriod)
                  003f2858    00000002                   : pwm.obj (.text:_PWM_setPhase)
                  003f285a    00000002                   : sci_io.obj (.text:_SCI_lseek)
                  003f285c    00000002                   : sci_io.obj (.text:_SCI_rename)
                  003f285e    00000002                   : sci_io.obj (.text:_SCI_unlink)

.cinit     0    003f2860    000000a5     
                  003f2860    00000031     rts2800_ml.lib : lowlev.obj (.cinit)
                  003f2891    0000002a                    : defs.obj (.cinit)
                  003f28bb    00000028     VoiceModule.obj (.cinit)
                  003f28e3    0000000a     rts2800_ml.lib : _lock.obj (.cinit)
                  003f28ed    0000000a                    : exit.obj (.cinit)
                  003f28f7    00000004     driverlib.lib : sci_io.obj (.cinit)
                  003f28fb    00000004     rts2800_ml.lib : fopen.obj (.cinit)
                  003f28ff    00000004                    : memory.obj (.cinit)
                  003f2903    00000002     --HOLE-- [fill = 0]

.econst    0    003f6000    00000354     
                  003f6000    00000101     rts2800_ml.lib : ctype.obj (.econst:.string:__ctypes_)
                  003f6101    00000001     --HOLE-- [fill = 0]
                  003f6102    00000100     driverlib.lib : pie.obj (.econst:_PIE_tableDebugInit)
                  003f6202    0000006f     VoiceModule.obj (.econst:_wavFile2)
                  003f6271    00000057     VoiceModule.obj (.econst:_wavFile3)
                  003f62c8    0000002d     VoiceModule.obj (.econst:_wavFile)
                  003f62f5    00000001     --HOLE-- [fill = 0]
                  003f62f6    00000024     rts2800_ml.lib : _printfi.obj (.econst:.string)
                  003f631a    0000001a     VoiceModule.obj (.econst:.string)
                  003f6334    00000018     rts2800_ml.lib : _printfi.obj (.econst)
                  003f634c    00000006     VoiceModule.obj (.econst)
                  003f6352    00000002     rts2800_ml.lib : fputs.obj (.econst:.string)

ramfuncs   0    003f6354    00000004     RUN ADDR = 00008000
                  003f6354    00000004     driverlib.lib : F2802x_asmfuncs.obj (ramfuncs)

.text.2    0    003f6358    00001c28     
                  003f6358    00000930     rts2800_ml.lib : _printfi.obj (.text)
                  003f6c88    000002d0     VoiceModule.obj (.text:_main)
                  003f6f58    00000201     rts2800_ml.lib : lowlev.obj (.text)
                  003f7159    000001f2                    : trgdrv.obj (.text)
                  003f734b    000001d3                    : memory.obj (.text)
                  003f751e    00000107                    : ll_div.obj (.text)
                  003f7625    000000ff                    : fopen.obj (.text)
                  003f7724    000000a8                    : fputs.obj (.text)
                  003f77cc    0000009c                    : fd_add.obj (.text)
                  003f7868    00000090     VoiceModule.obj (.text:_InitEPwm2)
                  003f78f8    0000008e     rts2800_ml.lib : ankmsg.obj (.text)
                  003f7986    0000008b                    : fd_div.obj (.text)
                  003f7a11    00000083                    : fd_mpy.obj (.text)
                  003f7a94    00000083                    : fs_div.obj (.text)
                  003f7b17    00000079                    : setvbuf.obj (.text)
                  003f7b90    0000006b                    : fflush.obj (.text)
                  003f7bfb    00000066     VoiceModule.obj (.text:_scia_init)
                  003f7c61    00000065     rts2800_ml.lib : _io_perm.obj (.text)
                  003f7cc6    00000062     VoiceModule.obj (.text:_adc_isr)
                  003f7d28    0000005b     rts2800_ml.lib : fclose.obj (.text)
                  003f7d83    0000005a                    : fs_mpy.obj (.text)
                  003f7ddd    00000050                    : fputc.obj (.text)
                  003f7e2d    00000049     driverlib.lib : gpio.obj (.text:_GPIO_setMode)
                  003f7e76    00000047     VoiceModule.obj (.text:_epwm2_isr)
                  003f7ebd    00000044     rts2800_ml.lib : boot.obj (.text)
                  003f7f01    0000003f     VoiceModule.obj (.text:_update_compare)
                  003f7f40    0000003d     rts2800_ml.lib : fseek.obj (.text)
                  003f7f7d    00000003     driverlib.lib : cpu.obj (.text:_CPU_clearIntFlags)

csm_rsvd   0    003f7f80    00000076     
                  003f7f80    00000076     driverlib.lib : F2802x_asmfuncs.obj (csm_rsvd)

codestart 
*          0    003f7ff6    00000002     
                  003f7ff6    00000002     driverlib.lib : F2802x_asmfuncs.obj (codestart)

csmpasswds 
*          0    003f7ff8    00000008     
                  003f7ff8    00000008     driverlib.lib : F2802x_asmfuncs.obj (csmpasswds)

.reset     0    003fffc0    00000002     DSECT
                  003fffc0    00000002     rts2800_ml.lib : boot.obj (.reset)

vectors    0    003fffc2    00000000     DSECT

.stack     1    00000050    00000300     UNINITIALIZED
                  00000050    00000300     --HOLE--

.cio       1    00000400    00000120     UNINITIALIZED
                  00000400    00000120     rts2800_ml.lib : ankmsg.obj (.cio)

.ebss      1    00008800    000005c8     UNINITIALIZED
                  00008800    000003c0     VoiceModule.obj (.ebss)
                  00008bc0    00000160     rts2800_ml.lib : defs.obj (.ebss)
                  00008d20    00000008                    : memory.obj (.ebss)
                  00008d28    00000008                    : trgdrv.obj (.ebss)
                  00008d30    00000004     driverlib.lib : sci_io.obj (.ebss)
                  00008d34    00000004     rts2800_ml.lib : _lock.obj (.ebss)
                  00008d38    00000004                    : exit.obj (.ebss)
                  00008d3c    00000001     driverlib.lib : cpu.obj (.ebss)
                  00008d3d    00000001     rts2800_ml.lib : fopen.obj (.ebss)
                  00008d3e    00000002     --HOLE--
                  00008d40    00000088                    : lowlev.obj (.ebss)

.sysmem    1    00008dc8    00000200     UNINITIALIZED
                  00008dc8    00000001     rts2800_ml.lib : memory.obj (.sysmem)
                  00008dc9    000001ff     --HOLE--

.jenkins   1    003f0000    00001afd     
                  003f0000    00001afd     VoiceModule.obj (.jenkins)


GLOBAL DATA SYMBOLS: SORTED BY DATA PAGE

address     data page           name
--------    ----------------    ----
00000050       1 (00000040)     __stack

00000400      10 (00000400)     __CIOBUF_

00008800     220 (00008800)     _loopCount
00008801     220 (00008800)     _DCBias
00008802     220 (00008800)     _indexToPlay
00008803     220 (00008800)     _ConversionCount
00008804     220 (00008800)     _calibrateDC
00008805     220 (00008800)     _maxValue
00008806     220 (00008800)     _switchedPitches
00008807     220 (00008800)     _periodForSampleRate
00008808     220 (00008800)     _demoState
00008809     220 (00008800)     _numInterrupt
0000880a     220 (00008800)     _audioIsInFlash
0000880b     220 (00008800)     _demo
0000880c     220 (00008800)     _myPie
0000880e     220 (00008800)     _mySci
00008810     220 (00008800)     _myGpio
00008812     220 (00008800)     _myClk
00008814     220 (00008800)     _myFlash
00008816     220 (00008800)     _myPwm2
00008818     220 (00008800)     _myCpu
0000881a     220 (00008800)     _myPwm
0000881c     220 (00008800)     _myAdc
0000881e     220 (00008800)     _epwm2_info

00008840     221 (00008840)     _audioToPlay

000088c0     223 (000088c0)     _beepHigh

00008940     225 (00008940)     _beepLow

000089c0     227 (000089c0)     _sine

00008a40     229 (00008a40)     _secondPitch

00008ac0     22b (00008ac0)     _voltage

00008bc0     22f (00008bc0)     ___TI_ft_end

00008c00     230 (00008c00)     __ftable

00008c80     232 (00008c80)     ___TI_tmpnams

00008d30     234 (00008d00)     _deviceOpen
00008d32     234 (00008d00)     _ioSci
00008d34     234 (00008d00)     __unlock
00008d36     234 (00008d00)     __lock
00008d38     234 (00008d00)     ___TI_cleanup_ptr
00008d3a     234 (00008d00)     ___TI_dtors_ptr
00008d3c     234 (00008d00)     _cpu

00008dc8     237 (00008dc0)     __sys_memory

003f0000    fc00 (003f0000)     _flashDuties

003f6000    fd80 (003f6000)     __ctypes_

003f6102    fd84 (003f6100)     _PIE_tableDebugInit

003f6202    fd88 (003f6200)     _wavFile2

003f6271    fd89 (003f6240)     _wavFile3

003f62c8    fd8b (003f62c0)     _wavFile

003f634c    fd8d (003f6340)     _highSpeedClockDiv
003f634e    fd8d (003f6340)     _clockRate
003f6350    fd8d (003f6340)     _sampleRate


GLOBAL SYMBOLS: SORTED ALPHABETICALLY BY Name 

address    name
--------   ----
ffffffff   .text
003f23b7   C$$EXIT
003f7948   C$$IO$$
003f77cc   FD$$ADD
003f2122   FD$$CMP
003f7986   FD$$DIV
003f7a11   FD$$MPY
003f2640   FD$$NEG
003f2561   FD$$SUB
003f2205   FD$$TOI
003f2247   FD$$TOL
003f7a94   FS$$DIV
003f7d83   FS$$MPY
003f234c   FS$$TOFD
003f2176   FS$$TOI
003f22bf   FS$$TOU
003f21e3   I$$DIV
003f21f4   I$$MOD
003f2384   I$$TOFS
003f214c   L$$DIV
003f215b   L$$MOD
003f2368   L$$TOFD
003f2418   LL$$AND
003f2266   LL$$CMP
003f751e   LL$$DIV
003f755a   LL$$MOD
003f245b   LL$$MPY
003f2420   LL$$OR
003f2428   LL$$XOR
003f2524   U$$TOFS
003f2169   UL$$DIV
003f2170   UL$$MOD
003f2278   ULL$$CMP
003f7594   ULL$$DIV
003f75c3   ULL$$MOD
003f26ff   _ADCINT1_ISR
003f2704   _ADCINT2_ISR
003f2709   _ADCINT3_ISR
003f270e   _ADCINT4_ISR
003f2713   _ADCINT5_ISR
003f2718   _ADCINT6_ISR
003f271d   _ADCINT7_ISR
003f2722   _ADCINT8_ISR
003f2727   _ADCINT9_ISR
003f25a2   _ADC_enable
003f25ad   _ADC_enableBandGap
003f23d0   _ADC_enableInt
003f25b8   _ADC_enableRefBuffers
003f2649   _ADC_init
003f25c3   _ADC_powerUp
003f219b   _ADC_setIntMode
003f24a8   _ADC_setIntPulseGenMode
003f21bf   _ADC_setIntSrc
003f22dc   _ADC_setSocChanNumber
003f22f8   _ADC_setSocSampleWindow
003f2314   _ADC_setSocTrigSrc
003f24ba   _ADC_setVoltRefSrc
003f2669   _CLK_disableTbClockSync
003f2670   _CLK_enableAdcClock
003f2601   _CLK_enablePwmClock
003f260a   _CLK_enableSciaClock
003f2677   _CLK_enableTbClockSync
003f267e   _CLK_init
003f2685   _CLK_setClkOutPreScaler
003f268c   _CLK_setOscSrc
003f7f7d   _CPU_clearIntFlags
003f2824   _CPU_disableGlobalInts
003f2827   _CPU_enableDebugInt
003f282a   _CPU_enableGlobalInts
003f27f4   _CPU_enableInt
003f27f8   _CPU_init
00008803   _ConversionCount
003f272c   _DATALOG_ISR
00008801   _DCBias
003f24e9   _DSP28x_DisableInt
003f24ed   _DSP28x_RestoreInt
00008000   _DSP28x_usDelay
003f2731   _ECAP1_INT_ISR
003f2736   _EMUINT_ISR
003f273b   _EPWM1_INT_ISR
003f2740   _EPWM1_TZINT_ISR
003f2745   _EPWM2_INT_ISR
003f274a   _EPWM2_TZINT_ISR
003f274f   _EPWM3_INT_ISR
003f2754   _EPWM3_TZINT_ISR
003f2693   _FLASH_init
003f2502   _GPIO_getData
003f269a   _GPIO_init
003f2000   _GPIO_setDirection
003f246f   _GPIO_setLow
003f7e2d   _GPIO_setMode
003f2034   _GPIO_setPullUp
003f20f7   _GPIO_setQualification
003f7321   _HOSTclock
003f72fa   _HOSTclose
003f72d0   _HOSTgetenv
003f7289   _HOSTlseek
003f7252   _HOSTopen
003f721c   _HOSTread
003f71de   _HOSTrename
003f71b4   _HOSTtime
003f718f   _HOSTunlink
003f7159   _HOSTwrite
003f2759   _I2CINT1A_ISR
003f275e   _I2CINT2A_ISR
003f2763   _ILLEGAL_ISR
003f2768   _INT13_ISR
003f276d   _INT14_ISR
003f7868   _InitEPwm2
003f2772   _NMI_ISR
003f2777   _PIE_RESERVED
003f282d   _PIE_disable
003f2534   _PIE_disableAllInts
003f2830   _PIE_enable
003f24cc   _PIE_enableAdcInt
003f256f   _PIE_enablePwmInt
003f2651   _PIE_init
003f2543   _PIE_registerPieIntHandler
003f2513   _PIE_setDebugIntVectorTable
003f6102   _PIE_tableDebugInit
003f2833   _PLL_getClkStatus
003f2836   _PLL_getLockStatus
003f26a1   _PLL_init
003f26a8   _PLL_setDivider
003f26e7   _PLL_setMultiplier
003f2446   _PLL_setup
003f2839   _PWM_disableCounterLoad
003f27fc   _PWM_enableInt
003f2800   _PWM_enableSocAPulse
003f26af   _PWM_init
003f2613   _PWM_setActionQual_CntUp_CmpB_PwmB
003f26b6   _PWM_setActionQual_Zero_PwmB
003f2804   _PWM_setClkDiv
003f2854   _PWM_setCount
003f2808   _PWM_setCounterMode
003f280c   _PWM_setHighSpeedClkDiv
003f26bd   _PWM_setIntMode
003f26c4   _PWM_setIntPeriod
003f26ed   _PWM_setLoadMode_CmpB
003f2856   _PWM_setPeriod
003f2858   _PWM_setPhase
003f26f3   _PWM_setShadowMode_CmpB
003f261c   _PWM_setSocAPeriod
003f2625   _PWM_setSocAPulseSrc
003f277c   _RTOSINT_ISR
00000004   _RamfuncsLoadSize
003f6354   _RamfuncsLoadStart
00008000   _RamfuncsRunStart
003f2781   _SCIRXINTA_ISR
003f2786   _SCITXINTA_ISR
003f2810   _SCI_clearRxFifoInt
003f2814   _SCI_clearTxFifoInt
003f2596   _SCI_close
003f283c   _SCI_disableParity
003f283f   _SCI_enable
003f2818   _SCI_enableFifoEnh
003f2842   _SCI_enableRx
003f2845   _SCI_enableRxInt
003f2848   _SCI_enableTx
003f284b   _SCI_enableTxInt
003f26cb   _SCI_init
003f285a   _SCI_lseek
003f2482   _SCI_open
003f262e   _SCI_putDataBlocking
003f2495   _SCI_read
003f285c   _SCI_rename
003f25d9   _SCI_resetChannels
003f25e3   _SCI_resetRxFifo
003f25ed   _SCI_resetTxFifo
003f26f9   _SCI_setBaudRate
003f281c   _SCI_setCharLength
003f2820   _SCI_setNumStopBits
003f284e   _SCI_setPriority
003f26d2   _SCI_setRxFifoIntLevel
003f26d9   _SCI_setTxFifoIntLevel
003f285e   _SCI_unlink
003f2330   _SCI_write
003f278b   _SPIRXINTA_ISR
003f2790   _SPITXINTA_ISR
003f2795   _TINT0_ISR
003f279a   _USER10_ISR
003f279f   _USER11_ISR
003f27a4   _USER12_ISR
003f27a9   _USER1_ISR
003f27ae   _USER2_ISR
003f27b3   _USER3_ISR
003f27b8   _USER4_ISR
003f27bd   _USER5_ISR
003f27c2   _USER6_ISR
003f27c7   _USER7_ISR
003f27cc   _USER8_ISR
003f27d1   _USER9_ISR
003f27d6   _WAKEINT_ISR
003f2659   _WDOG_disable
003f26e0   _WDOG_init
003f27db   _XINT1_ISR
003f27e0   _XINT2_ISR
003f27e5   _XINT3_ISR
00000400   __CIOBUF_
00000350   __STACK_END
00000300   __STACK_SIZE
00000200   __SYSMEM_SIZE
00000001   __TI_args_main
003f769d   ___TI_cleanup
00008d38   ___TI_cleanup_ptr
003f7d28   ___TI_closefile
003f7b90   ___TI_doflush
00008d3a   ___TI_dtors_ptr
00008bc0   ___TI_ft_end
003f6b96   ___TI_printfi
003f7c9b   ___TI_rd_ok
003f794c   ___TI_readmsg
00008c80   ___TI_tmpnams
003f78f8   ___TI_writemsg
003f7c61   ___TI_wrt_ok
ffffffff   ___binit__
ffffffff   ___c_args__
003f2860   ___cinit__
ffffffff   ___etext__
003f2226   ___memcpy_ff
ffffffff   ___pinit__
ffffffff   ___text__
003f239e   __args_main
003f6000   __ctypes_
00008c00   __ftable
00008d36   __lock
003f263f   __nop
003f263b   __register_lock
003f2637   __register_unlock
00000050   __stack
00008dc8   __sys_memory
00008d34   __unlock
003f23b7   _abort
003f7cc6   _adc_isr
003f70ed   _add_device
003f209a   _atoi
0000880a   _audioIsInFlash
00008840   _audioToPlay
000088c0   _beepHigh
00008940   _beepLow
003f23e8   _beep_high_then_low
003f2400   _beep_low_then_high
003f7ebd   _c_int00
003f22a2   _calculate_duty_cycle
00008804   _calibrateDC
003f7506   _calloc
003f7504   _chkheap
003f634e   _clockRate
003f70bb   _close
00008d3c   _cpu
0000880b   _demo
00008808   _demoState
00008d30   _deviceOpen
0000881e   _epwm2_info
003f7e76   _epwm2_isr
003f23b9   _exit
003f7d6a   _fclose
003f7bbf   _fflush
003f0000   _flashDuties
003f770a   _fopen
003f7ddd   _fputc
003f7724   _fputs
003f734b   _free
003f74e8   _free_memory
003f76ba   _freopen
003f7f40   _fseek
003f2552   _fullFrame
003f634c   _highSpeedClockDiv
00008802   _indexToPlay
003f2430   _init_audio
00008d32   _ioSci
00008800   _loopCount
003f70a3   _lseek
003f20cb   _ltoa
003f6c88   _main
003f73b4   _malloc
00008805   _maxValue
003f74c8   _max_free
003f257c   _memccpy
003f24f0   _memchr
003f2589   _memset
003f7390   _minit
0000881c   _myAdc
00008812   _myClk
00008818   _myCpu
00008814   _myFlash
00008810   _myGpio
0000880c   _myPie
0000881a   _myPwm
00008816   _myPwm2
0000880e   _mySci
00008809   _numInterrupt
003f7031   _open
00008807   _periodForSampleRate
003f206e   _printf
003f7ddd   _putc
003f7e28   _putchar
003f77ba   _puts
003f7019   _read
003f7414   _realloc
003f2851   _remove
003f6fff   _remove_device
003f6fd6   _rename
003f27ea   _rsvd_ISR
003f6350   _sampleRate
003f7bfb   _scia_init
00008a40   _secondPitch
003f24e6   _setDBGIER
003f7b17   _setvbuf
000089c0   _sine
003f25ce   _strchr
003f25f7   _strcmp
003f27ef   _strcpy
003f2661   _strlen
003f2284   _strncpy
00008806   _switchedPitches
003f6fbe   _unlink
003f7f01   _update_compare
00008ac0   _voltage
003f62c8   _wavFile
003f6202   _wavFile2
003f6271   _wavFile3
003f6f58   _write
ffffffff   binit
003f2860   cinit
003f7ff6   code_start
ffffffff   etext
ffffffff   pinit


GLOBAL SYMBOLS: SORTED BY Symbol Address 

address    name
--------   ----
00000001   __TI_args_main
00000004   _RamfuncsLoadSize
00000050   __stack
00000200   __SYSMEM_SIZE
00000300   __STACK_SIZE
00000350   __STACK_END
00000400   __CIOBUF_
00008000   _DSP28x_usDelay
00008000   _RamfuncsRunStart
00008800   _loopCount
00008801   _DCBias
00008802   _indexToPlay
00008803   _ConversionCount
00008804   _calibrateDC
00008805   _maxValue
00008806   _switchedPitches
00008807   _periodForSampleRate
00008808   _demoState
00008809   _numInterrupt
0000880a   _audioIsInFlash
0000880b   _demo
0000880c   _myPie
0000880e   _mySci
00008810   _myGpio
00008812   _myClk
00008814   _myFlash
00008816   _myPwm2
00008818   _myCpu
0000881a   _myPwm
0000881c   _myAdc
0000881e   _epwm2_info
00008840   _audioToPlay
000088c0   _beepHigh
00008940   _beepLow
000089c0   _sine
00008a40   _secondPitch
00008ac0   _voltage
00008bc0   ___TI_ft_end
00008c00   __ftable
00008c80   ___TI_tmpnams
00008d30   _deviceOpen
00008d32   _ioSci
00008d34   __unlock
00008d36   __lock
00008d38   ___TI_cleanup_ptr
00008d3a   ___TI_dtors_ptr
00008d3c   _cpu
00008dc8   __sys_memory
003f0000   _flashDuties
003f2000   _GPIO_setDirection
003f2034   _GPIO_setPullUp
003f206e   _printf
003f209a   _atoi
003f20cb   _ltoa
003f20f7   _GPIO_setQualification
003f2122   FD$$CMP
003f214c   L$$DIV
003f215b   L$$MOD
003f2169   UL$$DIV
003f2170   UL$$MOD
003f2176   FS$$TOI
003f219b   _ADC_setIntMode
003f21bf   _ADC_setIntSrc
003f21e3   I$$DIV
003f21f4   I$$MOD
003f2205   FD$$TOI
003f2226   ___memcpy_ff
003f2247   FD$$TOL
003f2266   LL$$CMP
003f2278   ULL$$CMP
003f2284   _strncpy
003f22a2   _calculate_duty_cycle
003f22bf   FS$$TOU
003f22dc   _ADC_setSocChanNumber
003f22f8   _ADC_setSocSampleWindow
003f2314   _ADC_setSocTrigSrc
003f2330   _SCI_write
003f234c   FS$$TOFD
003f2368   L$$TOFD
003f2384   I$$TOFS
003f239e   __args_main
003f23b7   C$$EXIT
003f23b7   _abort
003f23b9   _exit
003f23d0   _ADC_enableInt
003f23e8   _beep_high_then_low
003f2400   _beep_low_then_high
003f2418   LL$$AND
003f2420   LL$$OR
003f2428   LL$$XOR
003f2430   _init_audio
003f2446   _PLL_setup
003f245b   LL$$MPY
003f246f   _GPIO_setLow
003f2482   _SCI_open
003f2495   _SCI_read
003f24a8   _ADC_setIntPulseGenMode
003f24ba   _ADC_setVoltRefSrc
003f24cc   _PIE_enableAdcInt
003f24e6   _setDBGIER
003f24e9   _DSP28x_DisableInt
003f24ed   _DSP28x_RestoreInt
003f24f0   _memchr
003f2502   _GPIO_getData
003f2513   _PIE_setDebugIntVectorTable
003f2524   U$$TOFS
003f2534   _PIE_disableAllInts
003f2543   _PIE_registerPieIntHandler
003f2552   _fullFrame
003f2561   FD$$SUB
003f256f   _PIE_enablePwmInt
003f257c   _memccpy
003f2589   _memset
003f2596   _SCI_close
003f25a2   _ADC_enable
003f25ad   _ADC_enableBandGap
003f25b8   _ADC_enableRefBuffers
003f25c3   _ADC_powerUp
003f25ce   _strchr
003f25d9   _SCI_resetChannels
003f25e3   _SCI_resetRxFifo
003f25ed   _SCI_resetTxFifo
003f25f7   _strcmp
003f2601   _CLK_enablePwmClock
003f260a   _CLK_enableSciaClock
003f2613   _PWM_setActionQual_CntUp_CmpB_PwmB
003f261c   _PWM_setSocAPeriod
003f2625   _PWM_setSocAPulseSrc
003f262e   _SCI_putDataBlocking
003f2637   __register_unlock
003f263b   __register_lock
003f263f   __nop
003f2640   FD$$NEG
003f2649   _ADC_init
003f2651   _PIE_init
003f2659   _WDOG_disable
003f2661   _strlen
003f2669   _CLK_disableTbClockSync
003f2670   _CLK_enableAdcClock
003f2677   _CLK_enableTbClockSync
003f267e   _CLK_init
003f2685   _CLK_setClkOutPreScaler
003f268c   _CLK_setOscSrc
003f2693   _FLASH_init
003f269a   _GPIO_init
003f26a1   _PLL_init
003f26a8   _PLL_setDivider
003f26af   _PWM_init
003f26b6   _PWM_setActionQual_Zero_PwmB
003f26bd   _PWM_setIntMode
003f26c4   _PWM_setIntPeriod
003f26cb   _SCI_init
003f26d2   _SCI_setRxFifoIntLevel
003f26d9   _SCI_setTxFifoIntLevel
003f26e0   _WDOG_init
003f26e7   _PLL_setMultiplier
003f26ed   _PWM_setLoadMode_CmpB
003f26f3   _PWM_setShadowMode_CmpB
003f26f9   _SCI_setBaudRate
003f26ff   _ADCINT1_ISR
003f2704   _ADCINT2_ISR
003f2709   _ADCINT3_ISR
003f270e   _ADCINT4_ISR
003f2713   _ADCINT5_ISR
003f2718   _ADCINT6_ISR
003f271d   _ADCINT7_ISR
003f2722   _ADCINT8_ISR
003f2727   _ADCINT9_ISR
003f272c   _DATALOG_ISR
003f2731   _ECAP1_INT_ISR
003f2736   _EMUINT_ISR
003f273b   _EPWM1_INT_ISR
003f2740   _EPWM1_TZINT_ISR
003f2745   _EPWM2_INT_ISR
003f274a   _EPWM2_TZINT_ISR
003f274f   _EPWM3_INT_ISR
003f2754   _EPWM3_TZINT_ISR
003f2759   _I2CINT1A_ISR
003f275e   _I2CINT2A_ISR
003f2763   _ILLEGAL_ISR
003f2768   _INT13_ISR
003f276d   _INT14_ISR
003f2772   _NMI_ISR
003f2777   _PIE_RESERVED
003f277c   _RTOSINT_ISR
003f2781   _SCIRXINTA_ISR
003f2786   _SCITXINTA_ISR
003f278b   _SPIRXINTA_ISR
003f2790   _SPITXINTA_ISR
003f2795   _TINT0_ISR
003f279a   _USER10_ISR
003f279f   _USER11_ISR
003f27a4   _USER12_ISR
003f27a9   _USER1_ISR
003f27ae   _USER2_ISR
003f27b3   _USER3_ISR
003f27b8   _USER4_ISR
003f27bd   _USER5_ISR
003f27c2   _USER6_ISR
003f27c7   _USER7_ISR
003f27cc   _USER8_ISR
003f27d1   _USER9_ISR
003f27d6   _WAKEINT_ISR
003f27db   _XINT1_ISR
003f27e0   _XINT2_ISR
003f27e5   _XINT3_ISR
003f27ea   _rsvd_ISR
003f27ef   _strcpy
003f27f4   _CPU_enableInt
003f27f8   _CPU_init
003f27fc   _PWM_enableInt
003f2800   _PWM_enableSocAPulse
003f2804   _PWM_setClkDiv
003f2808   _PWM_setCounterMode
003f280c   _PWM_setHighSpeedClkDiv
003f2810   _SCI_clearRxFifoInt
003f2814   _SCI_clearTxFifoInt
003f2818   _SCI_enableFifoEnh
003f281c   _SCI_setCharLength
003f2820   _SCI_setNumStopBits
003f2824   _CPU_disableGlobalInts
003f2827   _CPU_enableDebugInt
003f282a   _CPU_enableGlobalInts
003f282d   _PIE_disable
003f2830   _PIE_enable
003f2833   _PLL_getClkStatus
003f2836   _PLL_getLockStatus
003f2839   _PWM_disableCounterLoad
003f283c   _SCI_disableParity
003f283f   _SCI_enable
003f2842   _SCI_enableRx
003f2845   _SCI_enableRxInt
003f2848   _SCI_enableTx
003f284b   _SCI_enableTxInt
003f284e   _SCI_setPriority
003f2851   _remove
003f2854   _PWM_setCount
003f2856   _PWM_setPeriod
003f2858   _PWM_setPhase
003f285a   _SCI_lseek
003f285c   _SCI_rename
003f285e   _SCI_unlink
003f2860   ___cinit__
003f2860   cinit
003f6000   __ctypes_
003f6102   _PIE_tableDebugInit
003f6202   _wavFile2
003f6271   _wavFile3
003f62c8   _wavFile
003f634c   _highSpeedClockDiv
003f634e   _clockRate
003f6350   _sampleRate
003f6354   _RamfuncsLoadStart
003f6b96   ___TI_printfi
003f6c88   _main
003f6f58   _write
003f6fbe   _unlink
003f6fd6   _rename
003f6fff   _remove_device
003f7019   _read
003f7031   _open
003f70a3   _lseek
003f70bb   _close
003f70ed   _add_device
003f7159   _HOSTwrite
003f718f   _HOSTunlink
003f71b4   _HOSTtime
003f71de   _HOSTrename
003f721c   _HOSTread
003f7252   _HOSTopen
003f7289   _HOSTlseek
003f72d0   _HOSTgetenv
003f72fa   _HOSTclose
003f7321   _HOSTclock
003f734b   _free
003f7390   _minit
003f73b4   _malloc
003f7414   _realloc
003f74c8   _max_free
003f74e8   _free_memory
003f7504   _chkheap
003f7506   _calloc
003f751e   LL$$DIV
003f755a   LL$$MOD
003f7594   ULL$$DIV
003f75c3   ULL$$MOD
003f769d   ___TI_cleanup
003f76ba   _freopen
003f770a   _fopen
003f7724   _fputs
003f77ba   _puts
003f77cc   FD$$ADD
003f7868   _InitEPwm2
003f78f8   ___TI_writemsg
003f7948   C$$IO$$
003f794c   ___TI_readmsg
003f7986   FD$$DIV
003f7a11   FD$$MPY
003f7a94   FS$$DIV
003f7b17   _setvbuf
003f7b90   ___TI_doflush
003f7bbf   _fflush
003f7bfb   _scia_init
003f7c61   ___TI_wrt_ok
003f7c9b   ___TI_rd_ok
003f7cc6   _adc_isr
003f7d28   ___TI_closefile
003f7d6a   _fclose
003f7d83   FS$$MPY
003f7ddd   _fputc
003f7ddd   _putc
003f7e28   _putchar
003f7e2d   _GPIO_setMode
003f7e76   _epwm2_isr
003f7ebd   _c_int00
003f7f01   _update_compare
003f7f40   _fseek
003f7f7d   _CPU_clearIntFlags
003f7ff6   code_start
ffffffff   .text
ffffffff   ___binit__
ffffffff   ___c_args__
ffffffff   ___etext__
ffffffff   ___pinit__
ffffffff   ___text__
ffffffff   binit
ffffffff   etext
ffffffff   pinit

[328 symbols]
