******************************************************************************
             TMS320C2000 Linker PC v6.2.8                      
******************************************************************************
>> Linked Sun Nov 30 13:30:54 2014

OUTPUT FILE NAME:   <VoiceModule.out>
ENTRY POINT SYMBOL: "code_start"  address: 003f7ff6


MEMORY CONFIGURATION

         name            origin    length      used     unused   attr    fill
----------------------  --------  ---------  --------  --------  ----  --------
PAGE 0:
  PRAML0                00008000   00000800  00000004  000007fc  RWIX
  OTP                   003d7800   00000400  00000000  00000400  RWIX
  FLASHD                003f0000   00002000  00000000  00002000  RWIX
  FLASHC                003f2000   00002000  00000000  00002000  RWIX
  FLASHA                003f6000   00001f80  00000d2c  00001254  RWIX
  CSM_RSVD              003f7f80   00000076  00000076  00000000  RWIX
  BEGIN                 003f7ff6   00000002  00000002  00000000  RWIX
  CSM_PWL_P0            003f7ff8   00000008  00000008  00000000  RWIX
  IQTABLES              003fe000   00000b50  00000000  00000b50  RWIX
  IQTABLES2             003feb50   0000008c  00000000  0000008c  RWIX
  IQTABLES3             003febdc   000000aa  00000000  000000aa  RWIX
  ROM                   003ff27c   00000d44  00000000  00000d44  RWIX
  RESET                 003fffc0   00000002  00000000  00000002  RWIX
  VECTORS               003fffc2   0000003e  00000000  0000003e  RWIX

PAGE 1:
  BOOT_RSVD             00000000   00000050  00000000  00000050  RWIX
  RAMM0                 00000050   000003b0  00000300  000000b0  RWIX
  RAMM1                 00000400   00000400  00000000  00000400  RWIX
  DEV_EMU               00000880   00000105  00000000  00000105  RWIX
  SYS_PWR_CTL           00000985   00000003  00000000  00000003  RWIX
  FLASH_REGS            00000a80   00000060  00000000  00000060  RWIX
  CSM                   00000ae0   00000010  00000000  00000010  RWIX
  ADC_RESULT            00000b00   00000020  00000000  00000020  RWIX
  CPU_TIMER0            00000c00   00000008  00000000  00000008  RWIX
  CPU_TIMER1            00000c08   00000008  00000000  00000008  RWIX
  CPU_TIMER2            00000c10   00000008  00000000  00000008  RWIX
  PIE_CTRL              00000ce0   00000020  00000000  00000020  RWIX
  PIE_VECT              00000d00   00000100  00000000  00000100  RWIX
  COMP1                 00006400   00000020  00000000  00000020  RWIX
  COMP2                 00006420   00000020  00000000  00000020  RWIX
  EPWM1                 00006800   00000040  00000000  00000040  RWIX
  EPWM2                 00006840   00000040  00000000  00000040  RWIX
  EPWM3                 00006880   00000040  00000000  00000040  RWIX
  EPWM4                 000068c0   00000040  00000000  00000040  RWIX
  ECAP1                 00006a00   00000020  00000000  00000020  RWIX
  GPIOCTRL              00006f80   00000040  00000000  00000040  RWIX
  GPIODAT               00006fc0   00000020  00000000  00000020  RWIX
  GPIOINT               00006fe0   00000020  00000000  00000020  RWIX
  SYSTEM                00007010   00000020  00000000  00000020  RWIX
  SPIA                  00007040   00000010  00000000  00000010  RWIX
  SCIA                  00007050   00000010  00000000  00000010  RWIX
  NMIINTRUPT            00007060   00000010  00000000  00000010  RWIX
  XINTRUPT              00007070   00000010  00000000  00000010  RWIX
  ADC                   00007100   00000080  00000000  00000080  RWIX
  I2CA                  00007900   00000040  00000000  00000040  RWIX
  DRAML0                00008800   00000800  000003c9  00000437  RWIX
  PARTID                003d7fff   00000001  00000000  00000001  RWIX
  JENKINS               003f0000   00003fff  00003fff  00000000  RWIX
  FLASHB                003f4000   00002000  00000000  00002000  RWIX
  CSM_PWL               003f7ff8   00000008  00000000  00000008  RWIX


SECTION ALLOCATION MAP

 output                                  attributes/
section   page    origin      length       input sections
--------  ----  ----------  ----------   ----------------
.pinit     0    003f6000    00000000     UNINITIALIZED

.econst    0    003f6000    000001fa     
                  003f6000    00000100     driverlib.lib : pie.obj (.econst:_PIE_tableDebugInit)
                  003f6100    0000006f     VoiceModule.obj (.econst:_wavFile2)
                  003f616f    00000057     VoiceModule.obj (.econst:_wavFile3)
                  003f61c6    0000002d     VoiceModule.obj (.econst:_wavFile)
                  003f61f3    00000001     --HOLE-- [fill = 0]
                  003f61f4    00000006     VoiceModule.obj (.econst)

ramfuncs   0    003f61fa    00000004     RUN ADDR = 00008000
                  003f61fa    00000004     driverlib.lib : F2802x_asmfuncs.obj (ramfuncs)

.text      0    003f61fe    00000af0     
                  003f61fe    00000297     VoiceModule.obj (.text:_main)
                  003f6495    00000090     VoiceModule.obj (.text:_InitEPwm2)
                  003f6525    00000083     rts2800_ml.lib : fs_div.obj (.text)
                  003f65a8    00000062     VoiceModule.obj (.text:_adc_isr)
                  003f660a    0000005a     rts2800_ml.lib : fs_mpy.obj (.text)
                  003f6664    00000049     driverlib.lib : gpio.obj (.text:_GPIO_setMode)
                  003f66ad    00000047     VoiceModule.obj (.text:_epwm2_isr)
                  003f66f4    00000044     rts2800_ml.lib : boot.obj (.text)
                  003f6738    0000003f     VoiceModule.obj (.text:_update_compare)
                  003f6777    00000034     driverlib.lib : gpio.obj (.text:_GPIO_setDirection)
                  003f67ab    00000034                   : gpio.obj (.text:_GPIO_setPullUp)
                  003f67df    0000002b                   : gpio.obj (.text:_GPIO_setQualification)
                  003f680a    00000025     rts2800_ml.lib : fs_toi.obj (.text)
                  003f682f    00000024     driverlib.lib : adc.obj (.text:_ADC_setIntMode)
                  003f6853    00000024                   : adc.obj (.text:_ADC_setIntSrc)
                  003f6877    00000022     rts2800_ml.lib : i_div.obj (.text)
                  003f6899    00000021                    : memcpy_ff.obj (.text)
                  003f68ba    0000001d     VoiceModule.obj (.text:_calculate_duty_cycle)
                  003f68d7    0000001d     rts2800_ml.lib : fs_tou.obj (.text)
                  003f68f4    0000001c     driverlib.lib : adc.obj (.text:_ADC_setSocChanNumber)
                  003f6910    0000001c                   : adc.obj (.text:_ADC_setSocSampleWindow)
                  003f692c    0000001c                   : adc.obj (.text:_ADC_setSocTrigSrc)
                  003f6948    0000001a     rts2800_ml.lib : i_tofs.obj (.text)
                  003f6962    00000019                    : args_main.obj (.text)
                  003f697b    00000019                    : exit.obj (.text)
                  003f6994    00000018     driverlib.lib : adc.obj (.text:_ADC_enableInt)
                  003f69ac    00000018     VoiceModule.obj (.text:_beep_high_then_low)
                  003f69c4    00000018     VoiceModule.obj (.text:_beep_low_then_high)
                  003f69dc    00000016     VoiceModule.obj (.text:_init_audio)
                  003f69f2    00000015     driverlib.lib : pll.obj (.text:_PLL_setup)
                  003f6a07    00000013                   : gpio.obj (.text:_GPIO_setLow)
                  003f6a1a    00000012                   : adc.obj (.text:_ADC_setIntPulseGenMode)
                  003f6a2c    00000012                   : adc.obj (.text:_ADC_setVoltRefSrc)
                  003f6a3e    00000012                   : pie.obj (.text:_PIE_enableAdcInt)
                  003f6a50    00000012                   : F2802x_asmfuncs.obj (.text)
                  003f6a62    00000011                   : gpio.obj (.text:_GPIO_getData)
                  003f6a73    00000011                   : pie.obj (.text:_PIE_setDebugIntVectorTable)
                  003f6a84    00000010     rts2800_ml.lib : u_tofs.obj (.text)
                  003f6a94    0000000f     driverlib.lib : pie.obj (.text:_PIE_disableAllInts)
                  003f6aa3    0000000f                   : pie.obj (.text:_PIE_registerPieIntHandler)
                  003f6ab2    0000000f     VoiceModule.obj (.text:_fullFrame)
                  003f6ac1    0000000d     driverlib.lib : pie.obj (.text:_PIE_enablePwmInt)
                  003f6ace    0000000b                   : adc.obj (.text:_ADC_enable)
                  003f6ad9    0000000b                   : adc.obj (.text:_ADC_enableBandGap)
                  003f6ae4    0000000b                   : adc.obj (.text:_ADC_enableRefBuffers)
                  003f6aef    0000000b                   : adc.obj (.text:_ADC_powerUp)
                  003f6afa    00000009                   : clk.obj (.text:_CLK_enablePwmClock)
                  003f6b03    00000009                   : pwm.obj (.text:_PWM_setActionQual_CntUp_CmpB_PwmB)
                  003f6b0c    00000009                   : pwm.obj (.text:_PWM_setSocAPeriod)
                  003f6b15    00000009                   : pwm.obj (.text:_PWM_setSocAPulseSrc)
                  003f6b1e    00000009     rts2800_ml.lib : _lock.obj (.text)
                  003f6b27    00000008     driverlib.lib : adc.obj (.text:_ADC_init)
                  003f6b2f    00000008                   : pie.obj (.text:_PIE_init)
                  003f6b37    00000008                   : wdog.obj (.text:_WDOG_disable)
                  003f6b3f    00000007                   : clk.obj (.text:_CLK_disableTbClockSync)
                  003f6b46    00000007                   : clk.obj (.text:_CLK_enableAdcClock)
                  003f6b4d    00000007                   : clk.obj (.text:_CLK_enableTbClockSync)
                  003f6b54    00000007                   : clk.obj (.text:_CLK_init)
                  003f6b5b    00000007                   : clk.obj (.text:_CLK_setClkOutPreScaler)
                  003f6b62    00000007                   : clk.obj (.text:_CLK_setOscSrc)
                  003f6b69    00000007                   : flash.obj (.text:_FLASH_init)
                  003f6b70    00000007                   : gpio.obj (.text:_GPIO_init)
                  003f6b77    00000007                   : pll.obj (.text:_PLL_init)
                  003f6b7e    00000007                   : pll.obj (.text:_PLL_setDivider)
                  003f6b85    00000007                   : pwm.obj (.text:_PWM_init)
                  003f6b8c    00000007                   : pwm.obj (.text:_PWM_setActionQual_Zero_PwmB)
                  003f6b93    00000007                   : pwm.obj (.text:_PWM_setIntMode)
                  003f6b9a    00000007                   : pwm.obj (.text:_PWM_setIntPeriod)
                  003f6ba1    00000007                   : sci.obj (.text:_SCI_init)
                  003f6ba8    00000007                   : wdog.obj (.text:_WDOG_init)
                  003f6baf    00000006                   : pll.obj (.text:_PLL_setMultiplier)
                  003f6bb5    00000006                   : pwm.obj (.text:_PWM_setLoadMode_CmpB)
                  003f6bbb    00000006                   : pwm.obj (.text:_PWM_setShadowMode_CmpB)
                  003f6bc1    00000005                   : F2802x_DefaultIsr.obj (.text:_ADCINT1_ISR)
                  003f6bc6    00000005                   : F2802x_DefaultIsr.obj (.text:_ADCINT2_ISR)
                  003f6bcb    00000005                   : F2802x_DefaultIsr.obj (.text:_ADCINT3_ISR)
                  003f6bd0    00000005                   : F2802x_DefaultIsr.obj (.text:_ADCINT4_ISR)
                  003f6bd5    00000005                   : F2802x_DefaultIsr.obj (.text:_ADCINT5_ISR)
                  003f6bda    00000005                   : F2802x_DefaultIsr.obj (.text:_ADCINT6_ISR)
                  003f6bdf    00000005                   : F2802x_DefaultIsr.obj (.text:_ADCINT7_ISR)
                  003f6be4    00000005                   : F2802x_DefaultIsr.obj (.text:_ADCINT8_ISR)
                  003f6be9    00000005                   : F2802x_DefaultIsr.obj (.text:_ADCINT9_ISR)
                  003f6bee    00000005                   : F2802x_DefaultIsr.obj (.text:_DATALOG_ISR)
                  003f6bf3    00000005                   : F2802x_DefaultIsr.obj (.text:_ECAP1_INT_ISR)
                  003f6bf8    00000005                   : F2802x_DefaultIsr.obj (.text:_EMUINT_ISR)
                  003f6bfd    00000005                   : F2802x_DefaultIsr.obj (.text:_EPWM1_INT_ISR)
                  003f6c02    00000005                   : F2802x_DefaultIsr.obj (.text:_EPWM1_TZINT_ISR)
                  003f6c07    00000005                   : F2802x_DefaultIsr.obj (.text:_EPWM2_INT_ISR)
                  003f6c0c    00000005                   : F2802x_DefaultIsr.obj (.text:_EPWM2_TZINT_ISR)
                  003f6c11    00000005                   : F2802x_DefaultIsr.obj (.text:_EPWM3_INT_ISR)
                  003f6c16    00000005                   : F2802x_DefaultIsr.obj (.text:_EPWM3_TZINT_ISR)
                  003f6c1b    00000005                   : F2802x_DefaultIsr.obj (.text:_I2CINT1A_ISR)
                  003f6c20    00000005                   : F2802x_DefaultIsr.obj (.text:_I2CINT2A_ISR)
                  003f6c25    00000005                   : F2802x_DefaultIsr.obj (.text:_ILLEGAL_ISR)
                  003f6c2a    00000005                   : F2802x_DefaultIsr.obj (.text:_INT13_ISR)
                  003f6c2f    00000005                   : F2802x_DefaultIsr.obj (.text:_INT14_ISR)
                  003f6c34    00000005                   : F2802x_DefaultIsr.obj (.text:_NMI_ISR)
                  003f6c39    00000005                   : F2802x_DefaultIsr.obj (.text:_PIE_RESERVED)
                  003f6c3e    00000005                   : F2802x_DefaultIsr.obj (.text:_RTOSINT_ISR)
                  003f6c43    00000005                   : F2802x_DefaultIsr.obj (.text:_SCIRXINTA_ISR)
                  003f6c48    00000005                   : F2802x_DefaultIsr.obj (.text:_SCITXINTA_ISR)
                  003f6c4d    00000005                   : F2802x_DefaultIsr.obj (.text:_SPIRXINTA_ISR)
                  003f6c52    00000005                   : F2802x_DefaultIsr.obj (.text:_SPITXINTA_ISR)
                  003f6c57    00000005                   : F2802x_DefaultIsr.obj (.text:_TINT0_ISR)
                  003f6c5c    00000005                   : F2802x_DefaultIsr.obj (.text:_USER10_ISR)
                  003f6c61    00000005                   : F2802x_DefaultIsr.obj (.text:_USER11_ISR)
                  003f6c66    00000005                   : F2802x_DefaultIsr.obj (.text:_USER12_ISR)
                  003f6c6b    00000005                   : F2802x_DefaultIsr.obj (.text:_USER1_ISR)
                  003f6c70    00000005                   : F2802x_DefaultIsr.obj (.text:_USER2_ISR)
                  003f6c75    00000005                   : F2802x_DefaultIsr.obj (.text:_USER3_ISR)
                  003f6c7a    00000005                   : F2802x_DefaultIsr.obj (.text:_USER4_ISR)
                  003f6c7f    00000005                   : F2802x_DefaultIsr.obj (.text:_USER5_ISR)
                  003f6c84    00000005                   : F2802x_DefaultIsr.obj (.text:_USER6_ISR)
                  003f6c89    00000005                   : F2802x_DefaultIsr.obj (.text:_USER7_ISR)
                  003f6c8e    00000005                   : F2802x_DefaultIsr.obj (.text:_USER8_ISR)
                  003f6c93    00000005                   : F2802x_DefaultIsr.obj (.text:_USER9_ISR)
                  003f6c98    00000005                   : F2802x_DefaultIsr.obj (.text:_WAKEINT_ISR)
                  003f6c9d    00000005                   : F2802x_DefaultIsr.obj (.text:_XINT1_ISR)
                  003f6ca2    00000005                   : F2802x_DefaultIsr.obj (.text:_XINT2_ISR)
                  003f6ca7    00000005                   : F2802x_DefaultIsr.obj (.text:_XINT3_ISR)
                  003f6cac    00000005                   : F2802x_DefaultIsr.obj (.text:_rsvd_ISR)
                  003f6cb1    00000004                   : cpu.obj (.text:_CPU_enableInt)
                  003f6cb5    00000004                   : cpu.obj (.text:_CPU_init)
                  003f6cb9    00000004                   : pwm.obj (.text:_PWM_enableInt)
                  003f6cbd    00000004                   : pwm.obj (.text:_PWM_enableSocAPulse)
                  003f6cc1    00000004                   : pwm.obj (.text:_PWM_setClkDiv)
                  003f6cc5    00000004                   : pwm.obj (.text:_PWM_setCounterMode)
                  003f6cc9    00000004                   : pwm.obj (.text:_PWM_setHighSpeedClkDiv)
                  003f6ccd    00000003                   : cpu.obj (.text:_CPU_clearIntFlags)
                  003f6cd0    00000003                   : cpu.obj (.text:_CPU_disableGlobalInts)
                  003f6cd3    00000003                   : cpu.obj (.text:_CPU_enableDebugInt)
                  003f6cd6    00000003                   : cpu.obj (.text:_CPU_enableGlobalInts)
                  003f6cd9    00000003                   : pie.obj (.text:_PIE_disable)
                  003f6cdc    00000003                   : pie.obj (.text:_PIE_enable)
                  003f6cdf    00000003                   : pll.obj (.text:_PLL_getClkStatus)
                  003f6ce2    00000003                   : pll.obj (.text:_PLL_getLockStatus)
                  003f6ce5    00000003                   : pwm.obj (.text:_PWM_disableCounterLoad)
                  003f6ce8    00000002                   : pwm.obj (.text:_PWM_setCount)
                  003f6cea    00000002                   : pwm.obj (.text:_PWM_setPeriod)
                  003f6cec    00000002                   : pwm.obj (.text:_PWM_setPhase)

.cinit     0    003f6cee    0000003e     
                  003f6cee    00000028     VoiceModule.obj (.cinit)
                  003f6d16    0000000a     rts2800_ml.lib : _lock.obj (.cinit)
                  003f6d20    0000000a                    : exit.obj (.cinit)
                  003f6d2a    00000002     --HOLE-- [fill = 0]

csm_rsvd   0    003f7f80    00000076     
                  003f7f80    00000076     driverlib.lib : F2802x_asmfuncs.obj (csm_rsvd)

codestart 
*          0    003f7ff6    00000002     
                  003f7ff6    00000002     driverlib.lib : F2802x_asmfuncs.obj (codestart)

csmpasswds 
*          0    003f7ff8    00000008     
                  003f7ff8    00000008     driverlib.lib : F2802x_asmfuncs.obj (csmpasswds)

.reset     0    003fffc0    00000002     DSECT
                  003fffc0    00000002     rts2800_ml.lib : boot.obj (.reset)

vectors    0    003fffc2    00000000     DSECT

.stack     1    00000050    00000300     UNINITIALIZED
                  00000050    00000300     --HOLE--

.ebss      1    00008800    000003c9     UNINITIALIZED
                  00008800    000003c0     VoiceModule.obj (.ebss)
                  00008bc0    00000004     rts2800_ml.lib : _lock.obj (.ebss)
                  00008bc4    00000004                    : exit.obj (.ebss)
                  00008bc8    00000001     driverlib.lib : cpu.obj (.ebss)

.jenkins   1    003f0000    00003fff     
                  003f0000    00003fff     VoiceModule.obj (.jenkins)


GLOBAL DATA SYMBOLS: SORTED BY DATA PAGE

address     data page           name
--------    ----------------    ----
00000050       1 (00000040)     __stack

00008800     220 (00008800)     _numInterrupt
00008801     220 (00008800)     _demoState
00008802     220 (00008800)     _indexToPlay
00008803     220 (00008800)     _switchedPitches
00008804     220 (00008800)     _loopCount
00008805     220 (00008800)     _periodForSampleRate
00008806     220 (00008800)     _demo
00008807     220 (00008800)     _audioIsInFlash
00008808     220 (00008800)     _ConversionCount
00008809     220 (00008800)     _DCBias
0000880a     220 (00008800)     _calibrateDC
0000880b     220 (00008800)     _maxValue
0000880c     220 (00008800)     _myPwm2
0000880e     220 (00008800)     _myPwm
00008810     220 (00008800)     _myCpu
00008812     220 (00008800)     _myAdc
00008814     220 (00008800)     _myClk
00008816     220 (00008800)     _mySci
00008818     220 (00008800)     _myPie
0000881a     220 (00008800)     _myGpio
0000881c     220 (00008800)     _myFlash
0000881e     220 (00008800)     _epwm2_info

00008840     221 (00008840)     _secondPitch

000088c0     223 (000088c0)     _beepHigh

00008940     225 (00008940)     _beepLow

000089c0     227 (000089c0)     _sine

00008a40     229 (00008a40)     _audioToPlay

00008ac0     22b (00008ac0)     _voltage

00008bc0     22f (00008bc0)     __unlock
00008bc2     22f (00008bc0)     __lock
00008bc4     22f (00008bc0)     ___TI_cleanup_ptr
00008bc6     22f (00008bc0)     ___TI_dtors_ptr
00008bc8     22f (00008bc0)     _cpu

003f0000    fc00 (003f0000)     _flashDuties

003f6000    fd80 (003f6000)     _PIE_tableDebugInit

003f6100    fd84 (003f6100)     _wavFile2

003f616f    fd85 (003f6140)     _wavFile3

003f61c6    fd87 (003f61c0)     _wavFile
003f61f4    fd87 (003f61c0)     _highSpeedClockDiv
003f61f6    fd87 (003f61c0)     _clockRate
003f61f8    fd87 (003f61c0)     _sampleRate


GLOBAL SYMBOLS: SORTED ALPHABETICALLY BY Name 

address    name
--------   ----
ffffffff   .text
003f697b   C$$EXIT
003f6525   FS$$DIV
003f660a   FS$$MPY
003f680a   FS$$TOI
003f68d7   FS$$TOU
003f6877   I$$DIV
003f6888   I$$MOD
003f6948   I$$TOFS
003f6a84   U$$TOFS
003f6bc1   _ADCINT1_ISR
003f6bc6   _ADCINT2_ISR
003f6bcb   _ADCINT3_ISR
003f6bd0   _ADCINT4_ISR
003f6bd5   _ADCINT5_ISR
003f6bda   _ADCINT6_ISR
003f6bdf   _ADCINT7_ISR
003f6be4   _ADCINT8_ISR
003f6be9   _ADCINT9_ISR
003f6ace   _ADC_enable
003f6ad9   _ADC_enableBandGap
003f6994   _ADC_enableInt
003f6ae4   _ADC_enableRefBuffers
003f6b27   _ADC_init
003f6aef   _ADC_powerUp
003f682f   _ADC_setIntMode
003f6a1a   _ADC_setIntPulseGenMode
003f6853   _ADC_setIntSrc
003f68f4   _ADC_setSocChanNumber
003f6910   _ADC_setSocSampleWindow
003f692c   _ADC_setSocTrigSrc
003f6a2c   _ADC_setVoltRefSrc
003f6b3f   _CLK_disableTbClockSync
003f6b46   _CLK_enableAdcClock
003f6afa   _CLK_enablePwmClock
003f6b4d   _CLK_enableTbClockSync
003f6b54   _CLK_init
003f6b5b   _CLK_setClkOutPreScaler
003f6b62   _CLK_setOscSrc
003f6ccd   _CPU_clearIntFlags
003f6cd0   _CPU_disableGlobalInts
003f6cd3   _CPU_enableDebugInt
003f6cd6   _CPU_enableGlobalInts
003f6cb1   _CPU_enableInt
003f6cb5   _CPU_init
00008808   _ConversionCount
003f6bee   _DATALOG_ISR
00008809   _DCBias
003f6a5b   _DSP28x_DisableInt
003f6a5f   _DSP28x_RestoreInt
00008000   _DSP28x_usDelay
003f6bf3   _ECAP1_INT_ISR
003f6bf8   _EMUINT_ISR
003f6bfd   _EPWM1_INT_ISR
003f6c02   _EPWM1_TZINT_ISR
003f6c07   _EPWM2_INT_ISR
003f6c0c   _EPWM2_TZINT_ISR
003f6c11   _EPWM3_INT_ISR
003f6c16   _EPWM3_TZINT_ISR
003f6b69   _FLASH_init
003f6a62   _GPIO_getData
003f6b70   _GPIO_init
003f6777   _GPIO_setDirection
003f6a07   _GPIO_setLow
003f6664   _GPIO_setMode
003f67ab   _GPIO_setPullUp
003f67df   _GPIO_setQualification
003f6c1b   _I2CINT1A_ISR
003f6c20   _I2CINT2A_ISR
003f6c25   _ILLEGAL_ISR
003f6c2a   _INT13_ISR
003f6c2f   _INT14_ISR
003f6495   _InitEPwm2
003f6c34   _NMI_ISR
003f6c39   _PIE_RESERVED
003f6cd9   _PIE_disable
003f6a94   _PIE_disableAllInts
003f6cdc   _PIE_enable
003f6a3e   _PIE_enableAdcInt
003f6ac1   _PIE_enablePwmInt
003f6b2f   _PIE_init
003f6aa3   _PIE_registerPieIntHandler
003f6a73   _PIE_setDebugIntVectorTable
003f6000   _PIE_tableDebugInit
003f6cdf   _PLL_getClkStatus
003f6ce2   _PLL_getLockStatus
003f6b77   _PLL_init
003f6b7e   _PLL_setDivider
003f6baf   _PLL_setMultiplier
003f69f2   _PLL_setup
003f6ce5   _PWM_disableCounterLoad
003f6cb9   _PWM_enableInt
003f6cbd   _PWM_enableSocAPulse
003f6b85   _PWM_init
003f6b03   _PWM_setActionQual_CntUp_CmpB_PwmB
003f6b8c   _PWM_setActionQual_Zero_PwmB
003f6cc1   _PWM_setClkDiv
003f6ce8   _PWM_setCount
003f6cc5   _PWM_setCounterMode
003f6cc9   _PWM_setHighSpeedClkDiv
003f6b93   _PWM_setIntMode
003f6b9a   _PWM_setIntPeriod
003f6bb5   _PWM_setLoadMode_CmpB
003f6cea   _PWM_setPeriod
003f6cec   _PWM_setPhase
003f6bbb   _PWM_setShadowMode_CmpB
003f6b0c   _PWM_setSocAPeriod
003f6b15   _PWM_setSocAPulseSrc
003f6c3e   _RTOSINT_ISR
00000004   _RamfuncsLoadSize
003f61fa   _RamfuncsLoadStart
00008000   _RamfuncsRunStart
003f6c43   _SCIRXINTA_ISR
003f6c48   _SCITXINTA_ISR
003f6ba1   _SCI_init
003f6c4d   _SPIRXINTA_ISR
003f6c52   _SPITXINTA_ISR
003f6c57   _TINT0_ISR
003f6c5c   _USER10_ISR
003f6c61   _USER11_ISR
003f6c66   _USER12_ISR
003f6c6b   _USER1_ISR
003f6c70   _USER2_ISR
003f6c75   _USER3_ISR
003f6c7a   _USER4_ISR
003f6c7f   _USER5_ISR
003f6c84   _USER6_ISR
003f6c89   _USER7_ISR
003f6c8e   _USER8_ISR
003f6c93   _USER9_ISR
003f6c98   _WAKEINT_ISR
003f6b37   _WDOG_disable
003f6ba8   _WDOG_init
003f6c9d   _XINT1_ISR
003f6ca2   _XINT2_ISR
003f6ca7   _XINT3_ISR
00000350   __STACK_END
00000300   __STACK_SIZE
00000001   __TI_args_main
00008bc4   ___TI_cleanup_ptr
00008bc6   ___TI_dtors_ptr
ffffffff   ___binit__
ffffffff   ___c_args__
003f6cee   ___cinit__
ffffffff   ___etext__
003f6899   ___memcpy_ff
ffffffff   ___pinit__
ffffffff   ___text__
003f6962   __args_main
00008bc2   __lock
003f6b26   __nop
003f6b22   __register_lock
003f6b1e   __register_unlock
00000050   __stack
00008bc0   __unlock
003f697b   _abort
003f65a8   _adc_isr
00008807   _audioIsInFlash
00008a40   _audioToPlay
000088c0   _beepHigh
00008940   _beepLow
003f69ac   _beep_high_then_low
003f69c4   _beep_low_then_high
003f66f4   _c_int00
003f68ba   _calculate_duty_cycle
0000880a   _calibrateDC
003f61f6   _clockRate
00008bc8   _cpu
00008806   _demo
00008801   _demoState
0000881e   _epwm2_info
003f66ad   _epwm2_isr
003f697d   _exit
003f0000   _flashDuties
003f6ab2   _fullFrame
003f61f4   _highSpeedClockDiv
00008802   _indexToPlay
003f69dc   _init_audio
00008804   _loopCount
003f61fe   _main
0000880b   _maxValue
00008812   _myAdc
00008814   _myClk
00008810   _myCpu
0000881c   _myFlash
0000881a   _myGpio
00008818   _myPie
0000880e   _myPwm
0000880c   _myPwm2
00008816   _mySci
00008800   _numInterrupt
00008805   _periodForSampleRate
003f6cac   _rsvd_ISR
003f61f8   _sampleRate
00008840   _secondPitch
003f6a58   _setDBGIER
000089c0   _sine
00008803   _switchedPitches
003f6738   _update_compare
00008ac0   _voltage
003f61c6   _wavFile
003f6100   _wavFile2
003f616f   _wavFile3
ffffffff   binit
003f6cee   cinit
003f7ff6   code_start
ffffffff   etext
ffffffff   pinit


GLOBAL SYMBOLS: SORTED BY Symbol Address 

address    name
--------   ----
00000001   __TI_args_main
00000004   _RamfuncsLoadSize
00000050   __stack
00000300   __STACK_SIZE
00000350   __STACK_END
00008000   _DSP28x_usDelay
00008000   _RamfuncsRunStart
00008800   _numInterrupt
00008801   _demoState
00008802   _indexToPlay
00008803   _switchedPitches
00008804   _loopCount
00008805   _periodForSampleRate
00008806   _demo
00008807   _audioIsInFlash
00008808   _ConversionCount
00008809   _DCBias
0000880a   _calibrateDC
0000880b   _maxValue
0000880c   _myPwm2
0000880e   _myPwm
00008810   _myCpu
00008812   _myAdc
00008814   _myClk
00008816   _mySci
00008818   _myPie
0000881a   _myGpio
0000881c   _myFlash
0000881e   _epwm2_info
00008840   _secondPitch
000088c0   _beepHigh
00008940   _beepLow
000089c0   _sine
00008a40   _audioToPlay
00008ac0   _voltage
00008bc0   __unlock
00008bc2   __lock
00008bc4   ___TI_cleanup_ptr
00008bc6   ___TI_dtors_ptr
00008bc8   _cpu
003f0000   _flashDuties
003f6000   _PIE_tableDebugInit
003f6100   _wavFile2
003f616f   _wavFile3
003f61c6   _wavFile
003f61f4   _highSpeedClockDiv
003f61f6   _clockRate
003f61f8   _sampleRate
003f61fa   _RamfuncsLoadStart
003f61fe   _main
003f6495   _InitEPwm2
003f6525   FS$$DIV
003f65a8   _adc_isr
003f660a   FS$$MPY
003f6664   _GPIO_setMode
003f66ad   _epwm2_isr
003f66f4   _c_int00
003f6738   _update_compare
003f6777   _GPIO_setDirection
003f67ab   _GPIO_setPullUp
003f67df   _GPIO_setQualification
003f680a   FS$$TOI
003f682f   _ADC_setIntMode
003f6853   _ADC_setIntSrc
003f6877   I$$DIV
003f6888   I$$MOD
003f6899   ___memcpy_ff
003f68ba   _calculate_duty_cycle
003f68d7   FS$$TOU
003f68f4   _ADC_setSocChanNumber
003f6910   _ADC_setSocSampleWindow
003f692c   _ADC_setSocTrigSrc
003f6948   I$$TOFS
003f6962   __args_main
003f697b   C$$EXIT
003f697b   _abort
003f697d   _exit
003f6994   _ADC_enableInt
003f69ac   _beep_high_then_low
003f69c4   _beep_low_then_high
003f69dc   _init_audio
003f69f2   _PLL_setup
003f6a07   _GPIO_setLow
003f6a1a   _ADC_setIntPulseGenMode
003f6a2c   _ADC_setVoltRefSrc
003f6a3e   _PIE_enableAdcInt
003f6a58   _setDBGIER
003f6a5b   _DSP28x_DisableInt
003f6a5f   _DSP28x_RestoreInt
003f6a62   _GPIO_getData
003f6a73   _PIE_setDebugIntVectorTable
003f6a84   U$$TOFS
003f6a94   _PIE_disableAllInts
003f6aa3   _PIE_registerPieIntHandler
003f6ab2   _fullFrame
003f6ac1   _PIE_enablePwmInt
003f6ace   _ADC_enable
003f6ad9   _ADC_enableBandGap
003f6ae4   _ADC_enableRefBuffers
003f6aef   _ADC_powerUp
003f6afa   _CLK_enablePwmClock
003f6b03   _PWM_setActionQual_CntUp_CmpB_PwmB
003f6b0c   _PWM_setSocAPeriod
003f6b15   _PWM_setSocAPulseSrc
003f6b1e   __register_unlock
003f6b22   __register_lock
003f6b26   __nop
003f6b27   _ADC_init
003f6b2f   _PIE_init
003f6b37   _WDOG_disable
003f6b3f   _CLK_disableTbClockSync
003f6b46   _CLK_enableAdcClock
003f6b4d   _CLK_enableTbClockSync
003f6b54   _CLK_init
003f6b5b   _CLK_setClkOutPreScaler
003f6b62   _CLK_setOscSrc
003f6b69   _FLASH_init
003f6b70   _GPIO_init
003f6b77   _PLL_init
003f6b7e   _PLL_setDivider
003f6b85   _PWM_init
003f6b8c   _PWM_setActionQual_Zero_PwmB
003f6b93   _PWM_setIntMode
003f6b9a   _PWM_setIntPeriod
003f6ba1   _SCI_init
003f6ba8   _WDOG_init
003f6baf   _PLL_setMultiplier
003f6bb5   _PWM_setLoadMode_CmpB
003f6bbb   _PWM_setShadowMode_CmpB
003f6bc1   _ADCINT1_ISR
003f6bc6   _ADCINT2_ISR
003f6bcb   _ADCINT3_ISR
003f6bd0   _ADCINT4_ISR
003f6bd5   _ADCINT5_ISR
003f6bda   _ADCINT6_ISR
003f6bdf   _ADCINT7_ISR
003f6be4   _ADCINT8_ISR
003f6be9   _ADCINT9_ISR
003f6bee   _DATALOG_ISR
003f6bf3   _ECAP1_INT_ISR
003f6bf8   _EMUINT_ISR
003f6bfd   _EPWM1_INT_ISR
003f6c02   _EPWM1_TZINT_ISR
003f6c07   _EPWM2_INT_ISR
003f6c0c   _EPWM2_TZINT_ISR
003f6c11   _EPWM3_INT_ISR
003f6c16   _EPWM3_TZINT_ISR
003f6c1b   _I2CINT1A_ISR
003f6c20   _I2CINT2A_ISR
003f6c25   _ILLEGAL_ISR
003f6c2a   _INT13_ISR
003f6c2f   _INT14_ISR
003f6c34   _NMI_ISR
003f6c39   _PIE_RESERVED
003f6c3e   _RTOSINT_ISR
003f6c43   _SCIRXINTA_ISR
003f6c48   _SCITXINTA_ISR
003f6c4d   _SPIRXINTA_ISR
003f6c52   _SPITXINTA_ISR
003f6c57   _TINT0_ISR
003f6c5c   _USER10_ISR
003f6c61   _USER11_ISR
003f6c66   _USER12_ISR
003f6c6b   _USER1_ISR
003f6c70   _USER2_ISR
003f6c75   _USER3_ISR
003f6c7a   _USER4_ISR
003f6c7f   _USER5_ISR
003f6c84   _USER6_ISR
003f6c89   _USER7_ISR
003f6c8e   _USER8_ISR
003f6c93   _USER9_ISR
003f6c98   _WAKEINT_ISR
003f6c9d   _XINT1_ISR
003f6ca2   _XINT2_ISR
003f6ca7   _XINT3_ISR
003f6cac   _rsvd_ISR
003f6cb1   _CPU_enableInt
003f6cb5   _CPU_init
003f6cb9   _PWM_enableInt
003f6cbd   _PWM_enableSocAPulse
003f6cc1   _PWM_setClkDiv
003f6cc5   _PWM_setCounterMode
003f6cc9   _PWM_setHighSpeedClkDiv
003f6ccd   _CPU_clearIntFlags
003f6cd0   _CPU_disableGlobalInts
003f6cd3   _CPU_enableDebugInt
003f6cd6   _CPU_enableGlobalInts
003f6cd9   _PIE_disable
003f6cdc   _PIE_enable
003f6cdf   _PLL_getClkStatus
003f6ce2   _PLL_getLockStatus
003f6ce5   _PWM_disableCounterLoad
003f6ce8   _PWM_setCount
003f6cea   _PWM_setPeriod
003f6cec   _PWM_setPhase
003f6cee   ___cinit__
003f6cee   cinit
003f7ff6   code_start
ffffffff   .text
ffffffff   ___binit__
ffffffff   ___c_args__
ffffffff   ___etext__
ffffffff   ___pinit__
ffffffff   ___text__
ffffffff   binit
ffffffff   etext
ffffffff   pinit

[208 symbols]
