******************************************************************************
             TMS320C2000 Linker PC v6.2.8                      
******************************************************************************
>> Linked Mon Oct 20 00:40:54 2014

OUTPUT FILE NAME:   <VoiceModule.out>
ENTRY POINT SYMBOL: "code_start"  address: 003f7ff6


MEMORY CONFIGURATION

         name            origin    length      used     unused   attr    fill
----------------------  --------  ---------  --------  --------  ----  --------
PAGE 0:
  PRAML0                00008000   00000800  00000004  000007fc  RWIX
  OTP                   003d7800   00000400  00000000  00000400  RWIX
  FLASHD                003f0000   00002000  00000000  00002000  RWIX
  FLASHC                003f2000   00002000  00000822  000017de  RWIX
  FLASHA                003f6000   00001f80  00001f80  00000000  RWIX
  CSM_RSVD              003f7f80   00000076  00000076  00000000  RWIX
  BEGIN                 003f7ff6   00000002  00000002  00000000  RWIX
  CSM_PWL_P0            003f7ff8   00000008  00000008  00000000  RWIX
  IQTABLES              003fe000   00000b50  00000000  00000b50  RWIX
  IQTABLES2             003feb50   0000008c  00000000  0000008c  RWIX
  IQTABLES3             003febdc   000000aa  00000000  000000aa  RWIX
  ROM                   003ff27c   00000d44  00000000  00000d44  RWIX
  RESET                 003fffc0   00000002  00000000  00000002  RWIX
  VECTORS               003fffc2   0000003e  00000000  0000003e  RWIX

PAGE 1:
  BOOT_RSVD             00000000   00000050  00000000  00000050  RWIX
  RAMM0                 00000050   000003b0  00000300  000000b0  RWIX
  RAMM1                 00000400   00000400  00000120  000002e0  RWIX
  DEV_EMU               00000880   00000105  00000004  00000101  RWIX
  SYS_PWR_CTL           00000985   00000003  00000003  00000000  RWIX
  FLASH_REGS            00000a80   00000060  00000008  00000058  RWIX
  CSM                   00000ae0   00000010  00000010  00000000  RWIX
  ADC_RESULT            00000b00   00000020  00000020  00000000  RWIX
  CPU_TIMER0            00000c00   00000008  00000008  00000000  RWIX
  CPU_TIMER1            00000c08   00000008  00000008  00000000  RWIX
  CPU_TIMER2            00000c10   00000008  00000008  00000000  RWIX
  PIE_CTRL              00000ce0   00000020  0000001a  00000006  RWIX
  PIE_VECT              00000d00   00000100  00000100  00000000  RWIX
  COMP1                 00006400   00000020  00000011  0000000f  RWIX
  COMP2                 00006420   00000020  00000011  0000000f  RWIX
  EPWM1                 00006800   00000040  00000040  00000000  RWIX
  EPWM2                 00006840   00000040  00000040  00000000  RWIX
  EPWM3                 00006880   00000040  00000040  00000000  RWIX
  EPWM4                 000068c0   00000040  00000040  00000000  RWIX
  ECAP1                 00006a00   00000020  00000020  00000000  RWIX
  GPIOCTRL              00006f80   00000040  00000040  00000000  RWIX
  GPIODAT               00006fc0   00000020  00000020  00000000  RWIX
  GPIOINT               00006fe0   00000020  0000000a  00000016  RWIX
  SYSTEM                00007010   00000020  0000001f  00000001  RWIX
  SPIA                  00007040   00000010  00000010  00000000  RWIX
  SCIA                  00007050   00000010  00000010  00000000  RWIX
  NMIINTRUPT            00007060   00000010  00000010  00000000  RWIX
  XINTRUPT              00007070   00000010  00000010  00000000  RWIX
  ADC                   00007100   00000080  00000051  0000002f  RWIX
  I2CA                  00007900   00000040  00000022  0000001e  RWIX
  DRAML0                00008800   00000800  0000064c  000001b4  RWIX
  PARTID                003d7fff   00000001  00000001  00000000  RWIX
  FLASHB                003f4000   00002000  00000000  00002000  RWIX
  CSM_PWL               003f7ff8   00000008  00000008  00000000  RWIX


SECTION ALLOCATION MAP

 output                                  attributes/
section   page    origin      length       input sections
--------  ----  ----------  ----------   ----------------
.pinit     0    003f6000    00000000     UNINITIALIZED

.text.1    0    003f2000    00000795     
                  003f2000    00000034     driverlib.lib : gpio.obj (.text:_GPIO_setPullUp)
                  003f2034    00000032     rts2800_ml.lib : printf.obj (.text)
                  003f2066    00000031                    : atoi.obj (.text)
                  003f2097    0000002c                    : ltoa.obj (.text)
                  003f20c3    0000002b     driverlib.lib : gpio.obj (.text:_GPIO_setQualification)
                  003f20ee    0000002a     rts2800_ml.lib : fd_cmp.obj (.text)
                  003f2118    0000002a                    : l_div.obj (.text)
                  003f2142    00000024     driverlib.lib : adc.obj (.text:_ADC_setIntMode)
                  003f2166    00000024                   : adc.obj (.text:_ADC_setIntSrc)
                  003f218a    00000021     VoiceModule.obj (.text:_epwm2_isr)
                  003f21ab    00000021     rts2800_ml.lib : fd_toi.obj (.text)
                  003f21cc    00000021                    : memcpy_ff.obj (.text)
                  003f21ed    0000001f                    : fd_tol.obj (.text)
                  003f220c    0000001e                    : ll_cmp.obj (.text)
                  003f222a    0000001e                    : strncpy.obj (.text)
                  003f2248    0000001c     driverlib.lib : adc.obj (.text:_ADC_setSocChanNumber)
                  003f2264    0000001c                   : adc.obj (.text:_ADC_setSocSampleWindow)
                  003f2280    0000001c                   : adc.obj (.text:_ADC_setSocTrigSrc)
                  003f229c    0000001c                   : sci_io.obj (.text:_SCI_write)
                  003f22b8    0000001c     rts2800_ml.lib : fs_tofd.obj (.text)
                  003f22d4    0000001c                    : l_tofd.obj (.text)
                  003f22f0    0000001a                    : i_tofs.obj (.text)
                  003f230a    00000019                    : args_main.obj (.text)
                  003f2323    00000019                    : exit.obj (.text)
                  003f233c    00000018     driverlib.lib : adc.obj (.text:_ADC_enableInt)
                  003f2354    00000018     rts2800_ml.lib : ll_aox.obj (.text)
                  003f236c    00000016     VoiceModule.obj (.text:_fullFrame)
                  003f2382    00000015     driverlib.lib : pll.obj (.text:_PLL_setup)
                  003f2397    00000014     rts2800_ml.lib : ll_mpy.obj (.text)
                  003f23ab    00000013     driverlib.lib : gpio.obj (.text:_GPIO_setHigh)
                  003f23be    00000013                   : sci_io.obj (.text:_SCI_open)
                  003f23d1    00000013                   : sci_io.obj (.text:_SCI_read)
                  003f23e4    00000012                   : adc.obj (.text:_ADC_setIntPulseGenMode)
                  003f23f6    00000012                   : adc.obj (.text:_ADC_setVoltRefSrc)
                  003f2408    00000012                   : pie.obj (.text:_PIE_enableAdcInt)
                  003f241a    00000012                   : F2802x_asmfuncs.obj (.text)
                  003f242c    00000012     rts2800_ml.lib : memchr.obj (.text)
                  003f243e    00000011     driverlib.lib : gpio.obj (.text:_GPIO_getData)
                  003f244f    00000011                   : pie.obj (.text:_PIE_setDebugIntVectorTable)
                  003f2460    0000000f                   : pie.obj (.text:_PIE_disableAllInts)
                  003f246f    0000000f                   : pie.obj (.text:_PIE_registerPieIntHandler)
                  003f247e    0000000e     rts2800_ml.lib : fd_sub.obj (.text)
                  003f248c    0000000d     driverlib.lib : pie.obj (.text:_PIE_enablePwmInt)
                  003f2499    0000000d     rts2800_ml.lib : memccpy.obj (.text)
                  003f24a6    0000000d                    : memset.obj (.text)
                  003f24b3    0000000c     driverlib.lib : sci_io.obj (.text:_SCI_close)
                  003f24bf    0000000b                   : adc.obj (.text:_ADC_enable)
                  003f24ca    0000000b                   : adc.obj (.text:_ADC_enableBandGap)
                  003f24d5    0000000b                   : adc.obj (.text:_ADC_enableRefBuffers)
                  003f24e0    0000000b                   : adc.obj (.text:_ADC_powerUp)
                  003f24eb    0000000b     rts2800_ml.lib : strchr.obj (.text)
                  003f24f6    0000000a     driverlib.lib : sci.obj (.text:_SCI_resetChannels)
                  003f2500    0000000a                   : sci.obj (.text:_SCI_resetRxFifo)
                  003f250a    0000000a                   : sci.obj (.text:_SCI_resetTxFifo)
                  003f2514    0000000a     rts2800_ml.lib : strcmp.obj (.text)
                  003f251e    00000009     driverlib.lib : clk.obj (.text:_CLK_enablePwmClock)
                  003f2527    00000009                   : clk.obj (.text:_CLK_enableSciaClock)
                  003f2530    00000009                   : pwm.obj (.text:_PWM_setActionQual_CntDown_CmpB_PwmA)
                  003f2539    00000009                   : pwm.obj (.text:_PWM_setActionQual_CntUp_CmpA_PwmA)
                  003f2542    00000009                   : pwm.obj (.text:_PWM_setActionQual_Period_PwmB)
                  003f254b    00000009                   : pwm.obj (.text:_PWM_setSocAPeriod)
                  003f2554    00000009                   : pwm.obj (.text:_PWM_setSocAPulseSrc)
                  003f255d    00000009                   : sci.obj (.text:_SCI_putDataBlocking)
                  003f2566    00000009     rts2800_ml.lib : _lock.obj (.text)
                  003f256f    00000009                    : fd_neg.obj (.text)
                  003f2578    00000008     driverlib.lib : adc.obj (.text:_ADC_init)
                  003f2580    00000008                   : pie.obj (.text:_PIE_init)
                  003f2588    00000008                   : wdog.obj (.text:_WDOG_disable)
                  003f2590    00000008     rts2800_ml.lib : strlen.obj (.text)
                  003f2598    00000007     driverlib.lib : clk.obj (.text:_CLK_enableAdcClock)
                  003f259f    00000007                   : clk.obj (.text:_CLK_enableTbClockSync)
                  003f25a6    00000007                   : clk.obj (.text:_CLK_init)
                  003f25ad    00000007                   : clk.obj (.text:_CLK_setClkOutPreScaler)
                  003f25b4    00000007                   : clk.obj (.text:_CLK_setOscSrc)
                  003f25bb    00000007                   : flash.obj (.text:_FLASH_init)
                  003f25c2    00000007                   : gpio.obj (.text:_GPIO_init)
                  003f25c9    00000007                   : pll.obj (.text:_PLL_init)
                  003f25d0    00000007                   : pll.obj (.text:_PLL_setDivider)
                  003f25d7    00000007                   : pwm.obj (.text:_PWM_init)
                  003f25de    00000007                   : pwm.obj (.text:_PWM_setActionQual_Zero_PwmB)
                  003f25e5    00000007                   : pwm.obj (.text:_PWM_setIntMode)
                  003f25ec    00000007                   : pwm.obj (.text:_PWM_setIntPeriod)
                  003f25f3    00000007                   : sci.obj (.text:_SCI_init)
                  003f25fa    00000007                   : sci.obj (.text:_SCI_setRxFifoIntLevel)
                  003f2601    00000007                   : sci.obj (.text:_SCI_setTxFifoIntLevel)
                  003f2608    00000007                   : wdog.obj (.text:_WDOG_init)
                  003f260f    00000006                   : pll.obj (.text:_PLL_setMultiplier)
                  003f2615    00000006                   : pwm.obj (.text:_PWM_setLoadMode_CmpB)
                  003f261b    00000006                   : pwm.obj (.text:_PWM_setShadowMode_CmpA)
                  003f2621    00000006                   : pwm.obj (.text:_PWM_setShadowMode_CmpB)
                  003f2627    00000006                   : sci.obj (.text:_SCI_setBaudRate)
                  003f262d    00000005                   : F2802x_DefaultIsr.obj (.text:_ADCINT1_ISR)
                  003f2632    00000005                   : F2802x_DefaultIsr.obj (.text:_ADCINT2_ISR)
                  003f2637    00000005                   : F2802x_DefaultIsr.obj (.text:_ADCINT3_ISR)
                  003f263c    00000005                   : F2802x_DefaultIsr.obj (.text:_ADCINT4_ISR)
                  003f2641    00000005                   : F2802x_DefaultIsr.obj (.text:_ADCINT5_ISR)
                  003f2646    00000005                   : F2802x_DefaultIsr.obj (.text:_ADCINT6_ISR)
                  003f264b    00000005                   : F2802x_DefaultIsr.obj (.text:_ADCINT7_ISR)
                  003f2650    00000005                   : F2802x_DefaultIsr.obj (.text:_ADCINT8_ISR)
                  003f2655    00000005                   : F2802x_DefaultIsr.obj (.text:_ADCINT9_ISR)
                  003f265a    00000005                   : F2802x_DefaultIsr.obj (.text:_DATALOG_ISR)
                  003f265f    00000005                   : F2802x_DefaultIsr.obj (.text:_ECAP1_INT_ISR)
                  003f2664    00000005                   : F2802x_DefaultIsr.obj (.text:_EMUINT_ISR)
                  003f2669    00000005                   : F2802x_DefaultIsr.obj (.text:_EPWM1_INT_ISR)
                  003f266e    00000005                   : F2802x_DefaultIsr.obj (.text:_EPWM1_TZINT_ISR)
                  003f2673    00000005                   : F2802x_DefaultIsr.obj (.text:_EPWM2_INT_ISR)
                  003f2678    00000005                   : F2802x_DefaultIsr.obj (.text:_EPWM2_TZINT_ISR)
                  003f267d    00000005                   : F2802x_DefaultIsr.obj (.text:_EPWM3_INT_ISR)
                  003f2682    00000005                   : F2802x_DefaultIsr.obj (.text:_EPWM3_TZINT_ISR)
                  003f2687    00000005                   : F2802x_DefaultIsr.obj (.text:_I2CINT1A_ISR)
                  003f268c    00000005                   : F2802x_DefaultIsr.obj (.text:_I2CINT2A_ISR)
                  003f2691    00000005                   : F2802x_DefaultIsr.obj (.text:_ILLEGAL_ISR)
                  003f2696    00000005                   : F2802x_DefaultIsr.obj (.text:_INT13_ISR)
                  003f269b    00000005                   : F2802x_DefaultIsr.obj (.text:_INT14_ISR)
                  003f26a0    00000005                   : F2802x_DefaultIsr.obj (.text:_NMI_ISR)
                  003f26a5    00000005                   : F2802x_DefaultIsr.obj (.text:_PIE_RESERVED)
                  003f26aa    00000005                   : F2802x_DefaultIsr.obj (.text:_RTOSINT_ISR)
                  003f26af    00000005                   : F2802x_DefaultIsr.obj (.text:_SCIRXINTA_ISR)
                  003f26b4    00000005                   : F2802x_DefaultIsr.obj (.text:_SCITXINTA_ISR)
                  003f26b9    00000005                   : F2802x_DefaultIsr.obj (.text:_SPIRXINTA_ISR)
                  003f26be    00000005                   : F2802x_DefaultIsr.obj (.text:_SPITXINTA_ISR)
                  003f26c3    00000005                   : F2802x_DefaultIsr.obj (.text:_TINT0_ISR)
                  003f26c8    00000005                   : F2802x_DefaultIsr.obj (.text:_USER10_ISR)
                  003f26cd    00000005                   : F2802x_DefaultIsr.obj (.text:_USER11_ISR)
                  003f26d2    00000005                   : F2802x_DefaultIsr.obj (.text:_USER12_ISR)
                  003f26d7    00000005                   : F2802x_DefaultIsr.obj (.text:_USER1_ISR)
                  003f26dc    00000005                   : F2802x_DefaultIsr.obj (.text:_USER2_ISR)
                  003f26e1    00000005                   : F2802x_DefaultIsr.obj (.text:_USER3_ISR)
                  003f26e6    00000005                   : F2802x_DefaultIsr.obj (.text:_USER4_ISR)
                  003f26eb    00000005                   : F2802x_DefaultIsr.obj (.text:_USER5_ISR)
                  003f26f0    00000005                   : F2802x_DefaultIsr.obj (.text:_USER6_ISR)
                  003f26f5    00000005                   : F2802x_DefaultIsr.obj (.text:_USER7_ISR)
                  003f26fa    00000005                   : F2802x_DefaultIsr.obj (.text:_USER8_ISR)
                  003f26ff    00000005                   : F2802x_DefaultIsr.obj (.text:_USER9_ISR)
                  003f2704    00000005                   : F2802x_DefaultIsr.obj (.text:_WAKEINT_ISR)
                  003f2709    00000005                   : F2802x_DefaultIsr.obj (.text:_XINT1_ISR)
                  003f270e    00000005                   : F2802x_DefaultIsr.obj (.text:_XINT2_ISR)
                  003f2713    00000005                   : F2802x_DefaultIsr.obj (.text:_XINT3_ISR)
                  003f2718    00000005                   : F2802x_DefaultIsr.obj (.text:_rsvd_ISR)
                  003f271d    00000005     rts2800_ml.lib : strcpy.obj (.text)
                  003f2722    00000004     driverlib.lib : cpu.obj (.text:_CPU_enableInt)
                  003f2726    00000004                   : cpu.obj (.text:_CPU_init)
                  003f272a    00000004                   : pwm.obj (.text:_PWM_enableInt)
                  003f272e    00000004                   : pwm.obj (.text:_PWM_enableSocAPulse)
                  003f2732    00000004                   : pwm.obj (.text:_PWM_setClkDiv)
                  003f2736    00000004                   : pwm.obj (.text:_PWM_setCounterMode)
                  003f273a    00000004                   : pwm.obj (.text:_PWM_setHighSpeedClkDiv)
                  003f273e    00000004                   : pwm.obj (.text:_PWM_setLoadMode_CmpA)
                  003f2742    00000004                   : sci.obj (.text:_SCI_clearRxFifoInt)
                  003f2746    00000004                   : sci.obj (.text:_SCI_clearTxFifoInt)
                  003f274a    00000004                   : sci.obj (.text:_SCI_enableFifoEnh)
                  003f274e    00000004                   : sci.obj (.text:_SCI_setCharLength)
                  003f2752    00000004                   : sci.obj (.text:_SCI_setNumStopBits)
                  003f2756    00000003                   : cpu.obj (.text:_CPU_clearIntFlags)
                  003f2759    00000003                   : cpu.obj (.text:_CPU_disableGlobalInts)
                  003f275c    00000003                   : cpu.obj (.text:_CPU_enableDebugInt)
                  003f275f    00000003                   : cpu.obj (.text:_CPU_enableGlobalInts)
                  003f2762    00000003                   : pie.obj (.text:_PIE_disable)
                  003f2765    00000003                   : pie.obj (.text:_PIE_enable)
                  003f2768    00000003                   : pll.obj (.text:_PLL_getClkStatus)
                  003f276b    00000003                   : pll.obj (.text:_PLL_getLockStatus)
                  003f276e    00000003                   : pwm.obj (.text:_PWM_disableCounterLoad)
                  003f2771    00000003                   : sci.obj (.text:_SCI_disableParity)
                  003f2774    00000003                   : sci.obj (.text:_SCI_enable)
                  003f2777    00000003                   : sci.obj (.text:_SCI_enableRx)
                  003f277a    00000003                   : sci.obj (.text:_SCI_enableRxInt)
                  003f277d    00000003                   : sci.obj (.text:_SCI_enableTx)
                  003f2780    00000003                   : sci.obj (.text:_SCI_enableTxInt)
                  003f2783    00000003                   : sci.obj (.text:_SCI_setPriority)
                  003f2786    00000003     rts2800_ml.lib : remove.obj (.text)
                  003f2789    00000002     driverlib.lib : pwm.obj (.text:_PWM_setCount)
                  003f278b    00000002                   : pwm.obj (.text:_PWM_setPeriod)
                  003f278d    00000002                   : pwm.obj (.text:_PWM_setPhase)
                  003f278f    00000002                   : sci_io.obj (.text:_SCI_lseek)
                  003f2791    00000002                   : sci_io.obj (.text:_SCI_rename)
                  003f2793    00000002                   : sci_io.obj (.text:_SCI_unlink)

.cinit     0    003f2795    0000008d     
                  003f2795    00000031     rts2800_ml.lib : lowlev.obj (.cinit)
                  003f27c6    0000002a                    : defs.obj (.cinit)
                  003f27f0    0000000a                    : _lock.obj (.cinit)
                  003f27fa    0000000a                    : exit.obj (.cinit)
                  003f2804    00000008     VoiceModule.obj (.cinit)
                  003f280c    00000008     WriteDac.obj (.cinit)
                  003f2814    00000004     driverlib.lib : sci_io.obj (.cinit)
                  003f2818    00000004     rts2800_ml.lib : fopen.obj (.cinit)
                  003f281c    00000004                    : memory.obj (.cinit)
                  003f2820    00000002     --HOLE-- [fill = 0]

.econst    0    003f6000    00000366     
                  003f6000    00000101     rts2800_ml.lib : ctype.obj (.econst:.string:__ctypes_)
                  003f6101    00000001     --HOLE-- [fill = 0]
                  003f6102    00000100     driverlib.lib : pie.obj (.econst:_PIE_tableDebugInit)
                  003f6202    00000100     Sin256Q15.obj (.econst:_sine256Q15)
                  003f6302    00000026     VoiceModule.obj (.econst:.string)
                  003f6328    00000024     rts2800_ml.lib : _printfi.obj (.econst:.string)
                  003f634c    00000018                    : _printfi.obj (.econst)
                  003f6364    00000002                    : fputs.obj (.econst:.string)

ramfuncs   0    003f6366    00000004     RUN ADDR = 00008000
                  003f6366    00000004     driverlib.lib : F2802x_asmfuncs.obj (ramfuncs)

.text.2    0    003f636a    00001c16     
                  003f636a    00000930     rts2800_ml.lib : _printfi.obj (.text)
                  003f6c9a    0000025f     VoiceModule.obj (.text:_main)
                  003f6ef9    00000201     rts2800_ml.lib : lowlev.obj (.text)
                  003f70fa    000001f2                    : trgdrv.obj (.text)
                  003f72ec    000001d3                    : memory.obj (.text)
                  003f74bf    00000107                    : ll_div.obj (.text)
                  003f75c6    000000ff                    : fopen.obj (.text)
                  003f76c5    000000b3     VoiceModule.obj (.text:_update_compare)
                  003f7778    000000a8     rts2800_ml.lib : fputs.obj (.text)
                  003f7820    0000009c                    : fd_add.obj (.text)
                  003f78bc    0000008e     VoiceModule.obj (.text:_InitEPwm2)
                  003f794a    0000008e     rts2800_ml.lib : ankmsg.obj (.text)
                  003f79d8    0000008b                    : fd_div.obj (.text)
                  003f7a63    00000083                    : fd_mpy.obj (.text)
                  003f7ae6    00000083                    : fs_div.obj (.text)
                  003f7b69    00000079                    : setvbuf.obj (.text)
                  003f7be2    0000006b                    : fflush.obj (.text)
                  003f7c4d    00000066     VoiceModule.obj (.text:_scia_init)
                  003f7cb3    00000065     rts2800_ml.lib : _io_perm.obj (.text)
                  003f7d18    0000005b                    : fclose.obj (.text)
                  003f7d73    0000005a                    : fs_mpy.obj (.text)
                  003f7dcd    00000050                    : fputc.obj (.text)
                  003f7e1d    00000049     driverlib.lib : gpio.obj (.text:_GPIO_setMode)
                  003f7e66    00000044     rts2800_ml.lib : boot.obj (.text)
                  003f7eaa    00000043     VoiceModule.obj (.text:_adc_isr)
                  003f7eed    0000003d     rts2800_ml.lib : fseek.obj (.text)
                  003f7f2a    00000034     driverlib.lib : gpio.obj (.text:_GPIO_setDirection)
                  003f7f5e    00000022     rts2800_ml.lib : i_div.obj (.text)

csm_rsvd   0    003f7f80    00000076     
                  003f7f80    00000076     driverlib.lib : F2802x_asmfuncs.obj (csm_rsvd)

codestart 
*          0    003f7ff6    00000002     
                  003f7ff6    00000002     driverlib.lib : F2802x_asmfuncs.obj (codestart)

csmpasswds 
*          0    003f7ff8    00000008     
                  003f7ff8    00000008     driverlib.lib : F2802x_asmfuncs.obj (csmpasswds)

.reset     0    003fffc0    00000002     DSECT
                  003fffc0    00000002     rts2800_ml.lib : boot.obj (.reset)

vectors    0    003fffc2    00000000     DSECT

.stack     1    00000050    00000300     UNINITIALIZED
                  00000050    00000300     --HOLE--

.cio       1    00000400    00000120     UNINITIALIZED
                  00000400    00000120     rts2800_ml.lib : ankmsg.obj (.cio)

DevEmuRegsFile 
*          1    00000880    00000004     UNINITIALIZED
                  00000880    00000004     driverlib.lib : F2802x_GlobalVariableDefs.obj (DevEmuRegsFile)

SysPwrCtrlRegsFile 
*          1    00000985    00000003     UNINITIALIZED
                  00000985    00000003     driverlib.lib : F2802x_GlobalVariableDefs.obj (SysPwrCtrlRegsFile)

FlashRegsFile 
*          1    00000a80    00000008     UNINITIALIZED
                  00000a80    00000008     driverlib.lib : F2802x_GlobalVariableDefs.obj (FlashRegsFile)

CsmRegsFile 
*          1    00000ae0    00000010     UNINITIALIZED
                  00000ae0    00000010     driverlib.lib : F2802x_GlobalVariableDefs.obj (CsmRegsFile)

AdcResultFile 
*          1    00000b00    00000020     UNINITIALIZED
                  00000b00    00000020     driverlib.lib : F2802x_GlobalVariableDefs.obj (AdcResultFile)

CpuTimer0RegsFile 
*          1    00000c00    00000008     UNINITIALIZED
                  00000c00    00000008     driverlib.lib : F2802x_GlobalVariableDefs.obj (CpuTimer0RegsFile)

CpuTimer1RegsFile 
*          1    00000c08    00000008     UNINITIALIZED
                  00000c08    00000008     driverlib.lib : F2802x_GlobalVariableDefs.obj (CpuTimer1RegsFile)

CpuTimer2RegsFile 
*          1    00000c10    00000008     UNINITIALIZED
                  00000c10    00000008     driverlib.lib : F2802x_GlobalVariableDefs.obj (CpuTimer2RegsFile)

PieCtrlRegsFile 
*          1    00000ce0    0000001a     UNINITIALIZED
                  00000ce0    0000001a     driverlib.lib : F2802x_GlobalVariableDefs.obj (PieCtrlRegsFile)

PieVectTableFile 
*          1    00000d00    00000100     UNINITIALIZED
                  00000d00    00000100     driverlib.lib : F2802x_GlobalVariableDefs.obj (PieVectTableFile)

EmuKeyVar 
*          1    00000d00    00000001     UNINITIALIZED
                  00000d00    00000001     driverlib.lib : F2802x_GlobalVariableDefs.obj (EmuKeyVar)

EmuBModeVar 
*          1    00000d01    00000001     UNINITIALIZED
                  00000d01    00000001     driverlib.lib : F2802x_GlobalVariableDefs.obj (EmuBModeVar)

FlashCallbackVar 
*          1    00000d02    00000002     UNINITIALIZED
                  00000d02    00000002     driverlib.lib : F2802x_GlobalVariableDefs.obj (FlashCallbackVar)

FlashScalingVar 
*          1    00000d04    00000002     UNINITIALIZED
                  00000d04    00000002     driverlib.lib : F2802x_GlobalVariableDefs.obj (FlashScalingVar)

Comp1RegsFile 
*          1    00006400    00000011     UNINITIALIZED
                  00006400    00000011     driverlib.lib : F2802x_GlobalVariableDefs.obj (Comp1RegsFile)

Comp2RegsFile 
*          1    00006420    00000011     UNINITIALIZED
                  00006420    00000011     driverlib.lib : F2802x_GlobalVariableDefs.obj (Comp2RegsFile)

EPwm1RegsFile 
*          1    00006800    00000040     UNINITIALIZED
                  00006800    00000040     driverlib.lib : F2802x_GlobalVariableDefs.obj (EPwm1RegsFile)

EPwm2RegsFile 
*          1    00006840    00000040     UNINITIALIZED
                  00006840    00000040     driverlib.lib : F2802x_GlobalVariableDefs.obj (EPwm2RegsFile)

EPwm3RegsFile 
*          1    00006880    00000040     UNINITIALIZED
                  00006880    00000040     driverlib.lib : F2802x_GlobalVariableDefs.obj (EPwm3RegsFile)

EPwm4RegsFile 
*          1    000068c0    00000040     UNINITIALIZED
                  000068c0    00000040     driverlib.lib : F2802x_GlobalVariableDefs.obj (EPwm4RegsFile)

ECap1RegsFile 
*          1    00006a00    00000020     UNINITIALIZED
                  00006a00    00000020     driverlib.lib : F2802x_GlobalVariableDefs.obj (ECap1RegsFile)

GpioCtrlRegsFile 
*          1    00006f80    00000040     UNINITIALIZED
                  00006f80    00000040     driverlib.lib : F2802x_GlobalVariableDefs.obj (GpioCtrlRegsFile)

GpioDataRegsFile 
*          1    00006fc0    00000020     UNINITIALIZED
                  00006fc0    00000020     driverlib.lib : F2802x_GlobalVariableDefs.obj (GpioDataRegsFile)

GpioIntRegsFile 
*          1    00006fe0    0000000a     UNINITIALIZED
                  00006fe0    0000000a     driverlib.lib : F2802x_GlobalVariableDefs.obj (GpioIntRegsFile)

SysCtrlRegsFile 
*          1    00007010    0000001f     UNINITIALIZED
                  00007010    0000001f     driverlib.lib : F2802x_GlobalVariableDefs.obj (SysCtrlRegsFile)

SpiaRegsFile 
*          1    00007040    00000010     UNINITIALIZED
                  00007040    00000010     driverlib.lib : F2802x_GlobalVariableDefs.obj (SpiaRegsFile)

SciaRegsFile 
*          1    00007050    00000010     UNINITIALIZED
                  00007050    00000010     driverlib.lib : F2802x_GlobalVariableDefs.obj (SciaRegsFile)

NmiIntruptRegsFile 
*          1    00007060    00000010     UNINITIALIZED
                  00007060    00000010     driverlib.lib : F2802x_GlobalVariableDefs.obj (NmiIntruptRegsFile)

XIntruptRegsFile 
*          1    00007070    00000010     UNINITIALIZED
                  00007070    00000010     driverlib.lib : F2802x_GlobalVariableDefs.obj (XIntruptRegsFile)

AdcRegsFile 
*          1    00007100    00000051     UNINITIALIZED
                  00007100    00000051     driverlib.lib : F2802x_GlobalVariableDefs.obj (AdcRegsFile)

I2caRegsFile 
*          1    00007900    00000022     UNINITIALIZED
                  00007900    00000022     driverlib.lib : F2802x_GlobalVariableDefs.obj (I2caRegsFile)

.ebss      1    00008800    0000044c     UNINITIALIZED
                  00008800    00000240     VoiceModule.obj (.ebss)
                  00008a40    00000160     rts2800_ml.lib : defs.obj (.ebss)
                  00008ba0    00000008                    : memory.obj (.ebss)
                  00008ba8    00000008                    : trgdrv.obj (.ebss)
                  00008bb0    00000005     WriteDac.obj (.ebss)
                  00008bb5    00000001     driverlib.lib : cpu.obj (.ebss)
                  00008bb6    00000004                   : sci_io.obj (.ebss)
                  00008bba    00000004     rts2800_ml.lib : _lock.obj (.ebss)
                  00008bbe    00000001                    : fopen.obj (.ebss)
                  00008bbf    00000001     --HOLE--
                  00008bc0    00000088                    : lowlev.obj (.ebss)
                  00008c48    00000004                    : exit.obj (.ebss)

.sysmem    1    00008c4c    00000200     UNINITIALIZED
                  00008c4c    00000001     rts2800_ml.lib : memory.obj (.sysmem)
                  00008c4d    000001ff     --HOLE--

PartIdRegsFile 
*          1    003d7fff    00000001     UNINITIALIZED
                  003d7fff    00000001     driverlib.lib : F2802x_GlobalVariableDefs.obj (PartIdRegsFile)

CsmPwlFile 
*          1    003f7ff8    00000008     UNINITIALIZED
                  003f7ff8    00000008     driverlib.lib : F2802x_GlobalVariableDefs.obj (CsmPwlFile)


GLOBAL DATA SYMBOLS: SORTED BY DATA PAGE

address     data page           name
--------    ----------------    ----
00000050       1 (00000040)     __stack

00000400      10 (00000400)     __CIOBUF_

00000880      22 (00000880)     _DevEmuRegs

00000985      26 (00000980)     _SysPwrCtrlRegs

00000a80      2a (00000a80)     _FlashRegs

00000ae0      2b (00000ac0)     _CsmRegs

00000b00      2c (00000b00)     _AdcResult

00000c00      30 (00000c00)     _CpuTimer0Regs
00000c08      30 (00000c00)     _CpuTimer1Regs
00000c10      30 (00000c00)     _CpuTimer2Regs

00000ce0      33 (00000cc0)     _PieCtrlRegs

00000d00      34 (00000d00)     _EmuKey
00000d00      34 (00000d00)     _PieVectTable
00000d01      34 (00000d00)     _EmuBMode
00000d02      34 (00000d00)     _Flash_CallbackPtr
00000d04      34 (00000d00)     _Flash_CPUScaleFactor

00006400     190 (00006400)     _Comp1Regs
00006420     190 (00006400)     _Comp2Regs

00006800     1a0 (00006800)     _EPwm1Regs

00006840     1a1 (00006840)     _EPwm2Regs

00006880     1a2 (00006880)     _EPwm3Regs

000068c0     1a3 (000068c0)     _EPwm4Regs

00006a00     1a8 (00006a00)     _ECap1Regs

00006f80     1be (00006f80)     _GpioCtrlRegs

00006fc0     1bf (00006fc0)     _GpioDataRegs
00006fe0     1bf (00006fc0)     _GpioIntRegs

00007010     1c0 (00007000)     _SysCtrlRegs

00007040     1c1 (00007040)     _SpiaRegs
00007050     1c1 (00007040)     _SciaRegs
00007060     1c1 (00007040)     _NmiIntruptRegs
00007070     1c1 (00007040)     _XIntruptRegs

00007100     1c4 (00007100)     _AdcRegs

00007900     1e4 (00007900)     _I2caRegs

00008800     220 (00008800)     _ConversionCount
00008801     220 (00008800)     _indexToPlay
00008802     220 (00008800)     _myFlash
00008804     220 (00008800)     _myClk
00008806     220 (00008800)     _myAdc
00008808     220 (00008800)     _myPwm
0000880a     220 (00008800)     _mySci
0000880c     220 (00008800)     _myCpu
0000880e     220 (00008800)     _myGpio
00008810     220 (00008800)     _myPwm2
00008812     220 (00008800)     _myPie
00008814     220 (00008800)     _epwm2_info

00008840     221 (00008840)     _frame

00008940     225 (00008940)     _voltage

00008a40     229 (00008a40)     ___TI_ft_end

00008a80     22a (00008a80)     __ftable

00008b00     22c (00008b00)     ___TI_tmpnams

00008bb0     22e (00008b80)     _MEP_ScaleFactor
00008bb5     22e (00008b80)     _cpu
00008bb6     22e (00008b80)     _deviceOpen
00008bb8     22e (00008b80)     _ioSci
00008bba     22e (00008b80)     __unlock
00008bbc     22e (00008b80)     __lock

00008c48     231 (00008c40)     ___TI_cleanup_ptr
00008c4a     231 (00008c40)     ___TI_dtors_ptr
00008c4c     231 (00008c40)     __sys_memory

003d7fff    f5ff (003d7fc0)     _PartIdRegs

003f6000    fd80 (003f6000)     __ctypes_

003f6102    fd84 (003f6100)     _PIE_tableDebugInit

003f6202    fd88 (003f6200)     _sine256Q15

003f7ff8    fdff (003f7fc0)     _CsmPwl


GLOBAL SYMBOLS: SORTED ALPHABETICALLY BY Name 

address    name
--------   ----
ffffffff   .text
003f2323   C$$EXIT
003f799a   C$$IO$$
003f7820   FD$$ADD
003f20ee   FD$$CMP
003f79d8   FD$$DIV
003f7a63   FD$$MPY
003f256f   FD$$NEG
003f247e   FD$$SUB
003f21ab   FD$$TOI
003f21ed   FD$$TOL
003f7ae6   FS$$DIV
003f7d73   FS$$MPY
003f22b8   FS$$TOFD
003f7f5e   I$$DIV
003f7f6f   I$$MOD
003f22f0   I$$TOFS
003f2118   L$$DIV
003f2127   L$$MOD
003f22d4   L$$TOFD
003f2354   LL$$AND
003f220c   LL$$CMP
003f74bf   LL$$DIV
003f74fb   LL$$MOD
003f2397   LL$$MPY
003f235c   LL$$OR
003f2364   LL$$XOR
003f2135   UL$$DIV
003f213c   UL$$MOD
003f221e   ULL$$CMP
003f7535   ULL$$DIV
003f7564   ULL$$MOD
003f262d   _ADCINT1_ISR
003f2632   _ADCINT2_ISR
003f2637   _ADCINT3_ISR
003f263c   _ADCINT4_ISR
003f2641   _ADCINT5_ISR
003f2646   _ADCINT6_ISR
003f264b   _ADCINT7_ISR
003f2650   _ADCINT8_ISR
003f2655   _ADCINT9_ISR
003f24bf   _ADC_enable
003f24ca   _ADC_enableBandGap
003f233c   _ADC_enableInt
003f24d5   _ADC_enableRefBuffers
003f2578   _ADC_init
003f24e0   _ADC_powerUp
003f2142   _ADC_setIntMode
003f23e4   _ADC_setIntPulseGenMode
003f2166   _ADC_setIntSrc
003f2248   _ADC_setSocChanNumber
003f2264   _ADC_setSocSampleWindow
003f2280   _ADC_setSocTrigSrc
003f23f6   _ADC_setVoltRefSrc
00007100   _AdcRegs
00000b00   _AdcResult
003f2598   _CLK_enableAdcClock
003f251e   _CLK_enablePwmClock
003f2527   _CLK_enableSciaClock
003f259f   _CLK_enableTbClockSync
003f25a6   _CLK_init
003f25ad   _CLK_setClkOutPreScaler
003f25b4   _CLK_setOscSrc
003f2756   _CPU_clearIntFlags
003f2759   _CPU_disableGlobalInts
003f275c   _CPU_enableDebugInt
003f275f   _CPU_enableGlobalInts
003f2722   _CPU_enableInt
003f2726   _CPU_init
00006400   _Comp1Regs
00006420   _Comp2Regs
00008800   _ConversionCount
00000c00   _CpuTimer0Regs
00000c08   _CpuTimer1Regs
00000c10   _CpuTimer2Regs
003f7ff8   _CsmPwl
00000ae0   _CsmRegs
003f265a   _DATALOG_ISR
003f2425   _DSP28x_DisableInt
003f2429   _DSP28x_RestoreInt
00008000   _DSP28x_usDelay
00000880   _DevEmuRegs
003f265f   _ECAP1_INT_ISR
00006a00   _ECap1Regs
003f2664   _EMUINT_ISR
003f2669   _EPWM1_INT_ISR
003f266e   _EPWM1_TZINT_ISR
003f2673   _EPWM2_INT_ISR
003f2678   _EPWM2_TZINT_ISR
003f267d   _EPWM3_INT_ISR
003f2682   _EPWM3_TZINT_ISR
00006800   _EPwm1Regs
00006840   _EPwm2Regs
00006880   _EPwm3Regs
000068c0   _EPwm4Regs
00000d01   _EmuBMode
00000d00   _EmuKey
003f25bb   _FLASH_init
00000a80   _FlashRegs
00000d04   _Flash_CPUScaleFactor
00000d02   _Flash_CallbackPtr
003f243e   _GPIO_getData
003f25c2   _GPIO_init
003f7f2a   _GPIO_setDirection
003f23ab   _GPIO_setHigh
003f7e1d   _GPIO_setMode
003f2000   _GPIO_setPullUp
003f20c3   _GPIO_setQualification
00006f80   _GpioCtrlRegs
00006fc0   _GpioDataRegs
00006fe0   _GpioIntRegs
003f72c2   _HOSTclock
003f729b   _HOSTclose
003f7271   _HOSTgetenv
003f722a   _HOSTlseek
003f71f3   _HOSTopen
003f71bd   _HOSTread
003f717f   _HOSTrename
003f7155   _HOSTtime
003f7130   _HOSTunlink
003f70fa   _HOSTwrite
003f2687   _I2CINT1A_ISR
003f268c   _I2CINT2A_ISR
00007900   _I2caRegs
003f2691   _ILLEGAL_ISR
003f2696   _INT13_ISR
003f269b   _INT14_ISR
003f78bc   _InitEPwm2
00008bb0   _MEP_ScaleFactor
003f26a0   _NMI_ISR
00007060   _NmiIntruptRegs
003f26a5   _PIE_RESERVED
003f2762   _PIE_disable
003f2460   _PIE_disableAllInts
003f2765   _PIE_enable
003f2408   _PIE_enableAdcInt
003f248c   _PIE_enablePwmInt
003f2580   _PIE_init
003f246f   _PIE_registerPieIntHandler
003f244f   _PIE_setDebugIntVectorTable
003f6102   _PIE_tableDebugInit
003f2768   _PLL_getClkStatus
003f276b   _PLL_getLockStatus
003f25c9   _PLL_init
003f25d0   _PLL_setDivider
003f260f   _PLL_setMultiplier
003f2382   _PLL_setup
003f276e   _PWM_disableCounterLoad
003f272a   _PWM_enableInt
003f272e   _PWM_enableSocAPulse
003f25d7   _PWM_init
003f2530   _PWM_setActionQual_CntDown_CmpB_PwmA
003f2539   _PWM_setActionQual_CntUp_CmpA_PwmA
003f2542   _PWM_setActionQual_Period_PwmB
003f25de   _PWM_setActionQual_Zero_PwmB
003f2732   _PWM_setClkDiv
003f2789   _PWM_setCount
003f2736   _PWM_setCounterMode
003f273a   _PWM_setHighSpeedClkDiv
003f25e5   _PWM_setIntMode
003f25ec   _PWM_setIntPeriod
003f273e   _PWM_setLoadMode_CmpA
003f2615   _PWM_setLoadMode_CmpB
003f278b   _PWM_setPeriod
003f278d   _PWM_setPhase
003f261b   _PWM_setShadowMode_CmpA
003f2621   _PWM_setShadowMode_CmpB
003f254b   _PWM_setSocAPeriod
003f2554   _PWM_setSocAPulseSrc
003d7fff   _PartIdRegs
00000ce0   _PieCtrlRegs
00000d00   _PieVectTable
003f26aa   _RTOSINT_ISR
00000004   _RamfuncsLoadSize
003f6366   _RamfuncsLoadStart
00008000   _RamfuncsRunStart
003f26af   _SCIRXINTA_ISR
003f26b4   _SCITXINTA_ISR
003f2742   _SCI_clearRxFifoInt
003f2746   _SCI_clearTxFifoInt
003f24b3   _SCI_close
003f2771   _SCI_disableParity
003f2774   _SCI_enable
003f274a   _SCI_enableFifoEnh
003f2777   _SCI_enableRx
003f277a   _SCI_enableRxInt
003f277d   _SCI_enableTx
003f2780   _SCI_enableTxInt
003f25f3   _SCI_init
003f278f   _SCI_lseek
003f23be   _SCI_open
003f255d   _SCI_putDataBlocking
003f23d1   _SCI_read
003f2791   _SCI_rename
003f24f6   _SCI_resetChannels
003f2500   _SCI_resetRxFifo
003f250a   _SCI_resetTxFifo
003f2627   _SCI_setBaudRate
003f274e   _SCI_setCharLength
003f2752   _SCI_setNumStopBits
003f2783   _SCI_setPriority
003f25fa   _SCI_setRxFifoIntLevel
003f2601   _SCI_setTxFifoIntLevel
003f2793   _SCI_unlink
003f229c   _SCI_write
003f26b9   _SPIRXINTA_ISR
003f26be   _SPITXINTA_ISR
00007050   _SciaRegs
00007040   _SpiaRegs
00007010   _SysCtrlRegs
00000985   _SysPwrCtrlRegs
003f26c3   _TINT0_ISR
003f26c8   _USER10_ISR
003f26cd   _USER11_ISR
003f26d2   _USER12_ISR
003f26d7   _USER1_ISR
003f26dc   _USER2_ISR
003f26e1   _USER3_ISR
003f26e6   _USER4_ISR
003f26eb   _USER5_ISR
003f26f0   _USER6_ISR
003f26f5   _USER7_ISR
003f26fa   _USER8_ISR
003f26ff   _USER9_ISR
003f2704   _WAKEINT_ISR
003f2588   _WDOG_disable
003f2608   _WDOG_init
003f2709   _XINT1_ISR
003f270e   _XINT2_ISR
003f2713   _XINT3_ISR
00007070   _XIntruptRegs
00000400   __CIOBUF_
00000350   __STACK_END
00000300   __STACK_SIZE
00000200   __SYSMEM_SIZE
00000001   __TI_args_main
003f763e   ___TI_cleanup
00008c48   ___TI_cleanup_ptr
003f7d18   ___TI_closefile
003f7be2   ___TI_doflush
00008c4a   ___TI_dtors_ptr
00008a40   ___TI_ft_end
003f6ba8   ___TI_printfi
003f7ced   ___TI_rd_ok
003f799e   ___TI_readmsg
00008b00   ___TI_tmpnams
003f794a   ___TI_writemsg
003f7cb3   ___TI_wrt_ok
ffffffff   ___binit__
ffffffff   ___c_args__
003f2795   ___cinit__
ffffffff   ___etext__
003f21cc   ___memcpy_ff
ffffffff   ___pinit__
ffffffff   ___text__
003f230a   __args_main
003f6000   __ctypes_
00008a80   __ftable
00008bbc   __lock
003f256e   __nop
003f256a   __register_lock
003f2566   __register_unlock
00000050   __stack
00008c4c   __sys_memory
00008bba   __unlock
003f2323   _abort
003f7eaa   _adc_isr
003f708e   _add_device
003f2066   _atoi
003f7e66   _c_int00
003f74a7   _calloc
003f74a5   _chkheap
003f705c   _close
00008bb5   _cpu
00008bb6   _deviceOpen
00008814   _epwm2_info
003f218a   _epwm2_isr
003f2325   _exit
003f7d5a   _fclose
003f7c11   _fflush
003f76ab   _fopen
003f7dcd   _fputc
003f7778   _fputs
00008840   _frame
003f72ec   _free
003f7489   _free_memory
003f765b   _freopen
003f7eed   _fseek
003f236c   _fullFrame
00008801   _indexToPlay
00008bb8   _ioSci
003f7044   _lseek
003f2097   _ltoa
003f6c9a   _main
003f7355   _malloc
003f7469   _max_free
003f2499   _memccpy
003f242c   _memchr
003f24a6   _memset
003f7331   _minit
00008806   _myAdc
00008804   _myClk
0000880c   _myCpu
00008802   _myFlash
0000880e   _myGpio
00008812   _myPie
00008808   _myPwm
00008810   _myPwm2
0000880a   _mySci
003f6fd2   _open
003f203a   _printf
003f7dcd   _putc
003f7e18   _putchar
003f780e   _puts
003f6fba   _read
003f73b5   _realloc
003f2786   _remove
003f6fa0   _remove_device
003f6f77   _rename
003f2718   _rsvd_ISR
003f7c4d   _scia_init
003f2422   _setDBGIER
003f7b69   _setvbuf
003f6202   _sine256Q15
003f24eb   _strchr
003f2514   _strcmp
003f271d   _strcpy
003f2590   _strlen
003f222a   _strncpy
003f6f5f   _unlink
003f76c5   _update_compare
00008940   _voltage
003f6ef9   _write
ffffffff   binit
003f2795   cinit
003f7ff6   code_start
ffffffff   etext
ffffffff   pinit


GLOBAL SYMBOLS: SORTED BY Symbol Address 

address    name
--------   ----
00000001   __TI_args_main
00000004   _RamfuncsLoadSize
00000050   __stack
00000200   __SYSMEM_SIZE
00000300   __STACK_SIZE
00000350   __STACK_END
00000400   __CIOBUF_
00000880   _DevEmuRegs
00000985   _SysPwrCtrlRegs
00000a80   _FlashRegs
00000ae0   _CsmRegs
00000b00   _AdcResult
00000c00   _CpuTimer0Regs
00000c08   _CpuTimer1Regs
00000c10   _CpuTimer2Regs
00000ce0   _PieCtrlRegs
00000d00   _EmuKey
00000d00   _PieVectTable
00000d01   _EmuBMode
00000d02   _Flash_CallbackPtr
00000d04   _Flash_CPUScaleFactor
00006400   _Comp1Regs
00006420   _Comp2Regs
00006800   _EPwm1Regs
00006840   _EPwm2Regs
00006880   _EPwm3Regs
000068c0   _EPwm4Regs
00006a00   _ECap1Regs
00006f80   _GpioCtrlRegs
00006fc0   _GpioDataRegs
00006fe0   _GpioIntRegs
00007010   _SysCtrlRegs
00007040   _SpiaRegs
00007050   _SciaRegs
00007060   _NmiIntruptRegs
00007070   _XIntruptRegs
00007100   _AdcRegs
00007900   _I2caRegs
00008000   _DSP28x_usDelay
00008000   _RamfuncsRunStart
00008800   _ConversionCount
00008801   _indexToPlay
00008802   _myFlash
00008804   _myClk
00008806   _myAdc
00008808   _myPwm
0000880a   _mySci
0000880c   _myCpu
0000880e   _myGpio
00008810   _myPwm2
00008812   _myPie
00008814   _epwm2_info
00008840   _frame
00008940   _voltage
00008a40   ___TI_ft_end
00008a80   __ftable
00008b00   ___TI_tmpnams
00008bb0   _MEP_ScaleFactor
00008bb5   _cpu
00008bb6   _deviceOpen
00008bb8   _ioSci
00008bba   __unlock
00008bbc   __lock
00008c48   ___TI_cleanup_ptr
00008c4a   ___TI_dtors_ptr
00008c4c   __sys_memory
003d7fff   _PartIdRegs
003f2000   _GPIO_setPullUp
003f203a   _printf
003f2066   _atoi
003f2097   _ltoa
003f20c3   _GPIO_setQualification
003f20ee   FD$$CMP
003f2118   L$$DIV
003f2127   L$$MOD
003f2135   UL$$DIV
003f213c   UL$$MOD
003f2142   _ADC_setIntMode
003f2166   _ADC_setIntSrc
003f218a   _epwm2_isr
003f21ab   FD$$TOI
003f21cc   ___memcpy_ff
003f21ed   FD$$TOL
003f220c   LL$$CMP
003f221e   ULL$$CMP
003f222a   _strncpy
003f2248   _ADC_setSocChanNumber
003f2264   _ADC_setSocSampleWindow
003f2280   _ADC_setSocTrigSrc
003f229c   _SCI_write
003f22b8   FS$$TOFD
003f22d4   L$$TOFD
003f22f0   I$$TOFS
003f230a   __args_main
003f2323   C$$EXIT
003f2323   _abort
003f2325   _exit
003f233c   _ADC_enableInt
003f2354   LL$$AND
003f235c   LL$$OR
003f2364   LL$$XOR
003f236c   _fullFrame
003f2382   _PLL_setup
003f2397   LL$$MPY
003f23ab   _GPIO_setHigh
003f23be   _SCI_open
003f23d1   _SCI_read
003f23e4   _ADC_setIntPulseGenMode
003f23f6   _ADC_setVoltRefSrc
003f2408   _PIE_enableAdcInt
003f2422   _setDBGIER
003f2425   _DSP28x_DisableInt
003f2429   _DSP28x_RestoreInt
003f242c   _memchr
003f243e   _GPIO_getData
003f244f   _PIE_setDebugIntVectorTable
003f2460   _PIE_disableAllInts
003f246f   _PIE_registerPieIntHandler
003f247e   FD$$SUB
003f248c   _PIE_enablePwmInt
003f2499   _memccpy
003f24a6   _memset
003f24b3   _SCI_close
003f24bf   _ADC_enable
003f24ca   _ADC_enableBandGap
003f24d5   _ADC_enableRefBuffers
003f24e0   _ADC_powerUp
003f24eb   _strchr
003f24f6   _SCI_resetChannels
003f2500   _SCI_resetRxFifo
003f250a   _SCI_resetTxFifo
003f2514   _strcmp
003f251e   _CLK_enablePwmClock
003f2527   _CLK_enableSciaClock
003f2530   _PWM_setActionQual_CntDown_CmpB_PwmA
003f2539   _PWM_setActionQual_CntUp_CmpA_PwmA
003f2542   _PWM_setActionQual_Period_PwmB
003f254b   _PWM_setSocAPeriod
003f2554   _PWM_setSocAPulseSrc
003f255d   _SCI_putDataBlocking
003f2566   __register_unlock
003f256a   __register_lock
003f256e   __nop
003f256f   FD$$NEG
003f2578   _ADC_init
003f2580   _PIE_init
003f2588   _WDOG_disable
003f2590   _strlen
003f2598   _CLK_enableAdcClock
003f259f   _CLK_enableTbClockSync
003f25a6   _CLK_init
003f25ad   _CLK_setClkOutPreScaler
003f25b4   _CLK_setOscSrc
003f25bb   _FLASH_init
003f25c2   _GPIO_init
003f25c9   _PLL_init
003f25d0   _PLL_setDivider
003f25d7   _PWM_init
003f25de   _PWM_setActionQual_Zero_PwmB
003f25e5   _PWM_setIntMode
003f25ec   _PWM_setIntPeriod
003f25f3   _SCI_init
003f25fa   _SCI_setRxFifoIntLevel
003f2601   _SCI_setTxFifoIntLevel
003f2608   _WDOG_init
003f260f   _PLL_setMultiplier
003f2615   _PWM_setLoadMode_CmpB
003f261b   _PWM_setShadowMode_CmpA
003f2621   _PWM_setShadowMode_CmpB
003f2627   _SCI_setBaudRate
003f262d   _ADCINT1_ISR
003f2632   _ADCINT2_ISR
003f2637   _ADCINT3_ISR
003f263c   _ADCINT4_ISR
003f2641   _ADCINT5_ISR
003f2646   _ADCINT6_ISR
003f264b   _ADCINT7_ISR
003f2650   _ADCINT8_ISR
003f2655   _ADCINT9_ISR
003f265a   _DATALOG_ISR
003f265f   _ECAP1_INT_ISR
003f2664   _EMUINT_ISR
003f2669   _EPWM1_INT_ISR
003f266e   _EPWM1_TZINT_ISR
003f2673   _EPWM2_INT_ISR
003f2678   _EPWM2_TZINT_ISR
003f267d   _EPWM3_INT_ISR
003f2682   _EPWM3_TZINT_ISR
003f2687   _I2CINT1A_ISR
003f268c   _I2CINT2A_ISR
003f2691   _ILLEGAL_ISR
003f2696   _INT13_ISR
003f269b   _INT14_ISR
003f26a0   _NMI_ISR
003f26a5   _PIE_RESERVED
003f26aa   _RTOSINT_ISR
003f26af   _SCIRXINTA_ISR
003f26b4   _SCITXINTA_ISR
003f26b9   _SPIRXINTA_ISR
003f26be   _SPITXINTA_ISR
003f26c3   _TINT0_ISR
003f26c8   _USER10_ISR
003f26cd   _USER11_ISR
003f26d2   _USER12_ISR
003f26d7   _USER1_ISR
003f26dc   _USER2_ISR
003f26e1   _USER3_ISR
003f26e6   _USER4_ISR
003f26eb   _USER5_ISR
003f26f0   _USER6_ISR
003f26f5   _USER7_ISR
003f26fa   _USER8_ISR
003f26ff   _USER9_ISR
003f2704   _WAKEINT_ISR
003f2709   _XINT1_ISR
003f270e   _XINT2_ISR
003f2713   _XINT3_ISR
003f2718   _rsvd_ISR
003f271d   _strcpy
003f2722   _CPU_enableInt
003f2726   _CPU_init
003f272a   _PWM_enableInt
003f272e   _PWM_enableSocAPulse
003f2732   _PWM_setClkDiv
003f2736   _PWM_setCounterMode
003f273a   _PWM_setHighSpeedClkDiv
003f273e   _PWM_setLoadMode_CmpA
003f2742   _SCI_clearRxFifoInt
003f2746   _SCI_clearTxFifoInt
003f274a   _SCI_enableFifoEnh
003f274e   _SCI_setCharLength
003f2752   _SCI_setNumStopBits
003f2756   _CPU_clearIntFlags
003f2759   _CPU_disableGlobalInts
003f275c   _CPU_enableDebugInt
003f275f   _CPU_enableGlobalInts
003f2762   _PIE_disable
003f2765   _PIE_enable
003f2768   _PLL_getClkStatus
003f276b   _PLL_getLockStatus
003f276e   _PWM_disableCounterLoad
003f2771   _SCI_disableParity
003f2774   _SCI_enable
003f2777   _SCI_enableRx
003f277a   _SCI_enableRxInt
003f277d   _SCI_enableTx
003f2780   _SCI_enableTxInt
003f2783   _SCI_setPriority
003f2786   _remove
003f2789   _PWM_setCount
003f278b   _PWM_setPeriod
003f278d   _PWM_setPhase
003f278f   _SCI_lseek
003f2791   _SCI_rename
003f2793   _SCI_unlink
003f2795   ___cinit__
003f2795   cinit
003f6000   __ctypes_
003f6102   _PIE_tableDebugInit
003f6202   _sine256Q15
003f6366   _RamfuncsLoadStart
003f6ba8   ___TI_printfi
003f6c9a   _main
003f6ef9   _write
003f6f5f   _unlink
003f6f77   _rename
003f6fa0   _remove_device
003f6fba   _read
003f6fd2   _open
003f7044   _lseek
003f705c   _close
003f708e   _add_device
003f70fa   _HOSTwrite
003f7130   _HOSTunlink
003f7155   _HOSTtime
003f717f   _HOSTrename
003f71bd   _HOSTread
003f71f3   _HOSTopen
003f722a   _HOSTlseek
003f7271   _HOSTgetenv
003f729b   _HOSTclose
003f72c2   _HOSTclock
003f72ec   _free
003f7331   _minit
003f7355   _malloc
003f73b5   _realloc
003f7469   _max_free
003f7489   _free_memory
003f74a5   _chkheap
003f74a7   _calloc
003f74bf   LL$$DIV
003f74fb   LL$$MOD
003f7535   ULL$$DIV
003f7564   ULL$$MOD
003f763e   ___TI_cleanup
003f765b   _freopen
003f76ab   _fopen
003f76c5   _update_compare
003f7778   _fputs
003f780e   _puts
003f7820   FD$$ADD
003f78bc   _InitEPwm2
003f794a   ___TI_writemsg
003f799a   C$$IO$$
003f799e   ___TI_readmsg
003f79d8   FD$$DIV
003f7a63   FD$$MPY
003f7ae6   FS$$DIV
003f7b69   _setvbuf
003f7be2   ___TI_doflush
003f7c11   _fflush
003f7c4d   _scia_init
003f7cb3   ___TI_wrt_ok
003f7ced   ___TI_rd_ok
003f7d18   ___TI_closefile
003f7d5a   _fclose
003f7d73   FS$$MPY
003f7dcd   _fputc
003f7dcd   _putc
003f7e18   _putchar
003f7e1d   _GPIO_setMode
003f7e66   _c_int00
003f7eaa   _adc_isr
003f7eed   _fseek
003f7f2a   _GPIO_setDirection
003f7f5e   I$$DIV
003f7f6f   I$$MOD
003f7ff6   code_start
003f7ff8   _CsmPwl
ffffffff   .text
ffffffff   ___binit__
ffffffff   ___c_args__
ffffffff   ___etext__
ffffffff   ___pinit__
ffffffff   ___text__
ffffffff   binit
ffffffff   etext
ffffffff   pinit

[338 symbols]
