******************************************************************************
             TMS320C2000 Linker PC v6.2.8                      
******************************************************************************
>> Linked Sat Nov 29 18:12:29 2014

OUTPUT FILE NAME:   <VoiceModule.out>
ENTRY POINT SYMBOL: "code_start"  address: 003f7ff6


MEMORY CONFIGURATION

         name            origin    length      used     unused   attr    fill
----------------------  --------  ---------  --------  --------  ----  --------
PAGE 0:
  PRAML0                00008000   00000800  00000004  000007fc  RWIX
  OTP                   003d7800   00000400  00000000  00000400  RWIX
  FLASHD                003f0000   00002000  00000000  00002000  RWIX
  FLASHC                003f2000   00002000  00000000  00002000  RWIX
  FLASHA                003f6000   00001f80  0000174e  00000832  RWIX
  CSM_RSVD              003f7f80   00000076  00000076  00000000  RWIX
  BEGIN                 003f7ff6   00000002  00000002  00000000  RWIX
  CSM_PWL_P0            003f7ff8   00000008  00000008  00000000  RWIX
  IQTABLES              003fe000   00000b50  00000000  00000b50  RWIX
  IQTABLES2             003feb50   0000008c  00000000  0000008c  RWIX
  IQTABLES3             003febdc   000000aa  00000000  000000aa  RWIX
  ROM                   003ff27c   00000d44  00000000  00000d44  RWIX
  RESET                 003fffc0   00000002  00000000  00000002  RWIX
  VECTORS               003fffc2   0000003e  00000000  0000003e  RWIX

PAGE 1:
  BOOT_RSVD             00000000   00000050  00000000  00000050  RWIX
  RAMM0                 00000050   000003b0  00000300  000000b0  RWIX
  RAMM1                 00000400   00000400  00000120  000002e0  RWIX
  DEV_EMU               00000880   00000105  00000000  00000105  RWIX
  SYS_PWR_CTL           00000985   00000003  00000000  00000003  RWIX
  FLASH_REGS            00000a80   00000060  00000000  00000060  RWIX
  CSM                   00000ae0   00000010  00000000  00000010  RWIX
  ADC_RESULT            00000b00   00000020  00000000  00000020  RWIX
  CPU_TIMER0            00000c00   00000008  00000000  00000008  RWIX
  CPU_TIMER1            00000c08   00000008  00000000  00000008  RWIX
  CPU_TIMER2            00000c10   00000008  00000000  00000008  RWIX
  PIE_CTRL              00000ce0   00000020  00000000  00000020  RWIX
  PIE_VECT              00000d00   00000100  00000000  00000100  RWIX
  COMP1                 00006400   00000020  00000000  00000020  RWIX
  COMP2                 00006420   00000020  00000000  00000020  RWIX
  EPWM1                 00006800   00000040  00000000  00000040  RWIX
  EPWM2                 00006840   00000040  00000000  00000040  RWIX
  EPWM3                 00006880   00000040  00000000  00000040  RWIX
  EPWM4                 000068c0   00000040  00000000  00000040  RWIX
  ECAP1                 00006a00   00000020  00000000  00000020  RWIX
  GPIOCTRL              00006f80   00000040  00000000  00000040  RWIX
  GPIODAT               00006fc0   00000020  00000000  00000020  RWIX
  GPIOINT               00006fe0   00000020  00000000  00000020  RWIX
  SYSTEM                00007010   00000020  00000000  00000020  RWIX
  SPIA                  00007040   00000010  00000000  00000010  RWIX
  SCIA                  00007050   00000010  00000000  00000010  RWIX
  NMIINTRUPT            00007060   00000010  00000000  00000010  RWIX
  XINTRUPT              00007070   00000010  00000000  00000010  RWIX
  ADC                   00007100   00000080  00000000  00000080  RWIX
  I2CA                  00007900   00000040  00000000  00000040  RWIX
  DRAML0                00008800   00000800  000007c8  00000038  RWIX
  PARTID                003d7fff   00000001  00000000  00000001  RWIX
  MY_FLASH              003f0000   00000924  00000924  00000000  RWIX
  FLASHB                003f4000   00002000  00000000  00002000  RWIX
  CSM_PWL               003f7ff8   00000008  00000000  00000008  RWIX


SECTION ALLOCATION MAP

 output                                  attributes/
section   page    origin      length       input sections
--------  ----  ----------  ----------   ----------------
.pinit     0    003f6000    00000000     UNINITIALIZED

.econst    0    003f6000    00000208     
                  003f6000    00000100     driverlib.lib : pie.obj (.econst:_PIE_tableDebugInit)
                  003f6100    0000006f     VoiceModule.obj (.econst:_wavFile2)
                  003f616f    00000057     VoiceModule.obj (.econst:_wavFile3)
                  003f61c6    0000002d     VoiceModule.obj (.econst:_wavFile)
                  003f61f3    00000001     --HOLE-- [fill = 0]
                  003f61f4    0000000e     VoiceModule.obj (.econst:.string)
                  003f6202    00000006     VoiceModule.obj (.econst)

ramfuncs   0    003f6208    00000004     RUN ADDR = 00008000
                  003f6208    00000004     driverlib.lib : F2802x_asmfuncs.obj (ramfuncs)

.text      0    003f620c    000014a9     
                  003f620c    000002b3     VoiceModule.obj (.text:_main)
                  003f64bf    00000201     rts2800_ml.lib : lowlev.obj (.text)
                  003f66c0    000001f2                    : trgdrv.obj (.text)
                  003f68b2    000001d3                    : memory.obj (.text)
                  003f6a85    000000ff                    : fopen.obj (.text)
                  003f6b84    00000090     VoiceModule.obj (.text:_InitEPwm2)
                  003f6c14    0000008e     rts2800_ml.lib : ankmsg.obj (.text)
                  003f6ca2    00000083                    : fs_div.obj (.text)
                  003f6d25    00000079                    : setvbuf.obj (.text)
                  003f6d9e    0000006b                    : fflush.obj (.text)
                  003f6e09    00000066     VoiceModule.obj (.text:_scia_init)
                  003f6e6f    0000005d     VoiceModule.obj (.text:_adc_isr)
                  003f6ecc    0000005b     rts2800_ml.lib : fclose.obj (.text)
                  003f6f27    0000005a                    : fs_mpy.obj (.text)
                  003f6f81    00000049     driverlib.lib : gpio.obj (.text:_GPIO_setMode)
                  003f6fca    00000044     rts2800_ml.lib : boot.obj (.text)
                  003f700e    00000034     driverlib.lib : gpio.obj (.text:_GPIO_setDirection)
                  003f7042    00000034                   : gpio.obj (.text:_GPIO_setPullUp)
                  003f7076    00000033     VoiceModule.obj (.text:_epwm2_isr)
                  003f70a9    0000002b     driverlib.lib : gpio.obj (.text:_GPIO_setQualification)
                  003f70d4    00000025     rts2800_ml.lib : fs_toi.obj (.text)
                  003f70f9    00000024     driverlib.lib : adc.obj (.text:_ADC_setIntMode)
                  003f711d    00000024                   : adc.obj (.text:_ADC_setIntSrc)
                  003f7141    00000022     rts2800_ml.lib : i_div.obj (.text)
                  003f7163    00000021                    : memcpy_ff.obj (.text)
                  003f7184    0000001f     VoiceModule.obj (.text:_update_compare)
                  003f71a3    0000001e     rts2800_ml.lib : strncpy.obj (.text)
                  003f71c1    0000001d     VoiceModule.obj (.text:_calculate_duty_cycle)
                  003f71de    0000001d     rts2800_ml.lib : fs_tou.obj (.text)
                  003f71fb    0000001c     driverlib.lib : adc.obj (.text:_ADC_setSocChanNumber)
                  003f7217    0000001c                   : adc.obj (.text:_ADC_setSocSampleWindow)
                  003f7233    0000001c                   : adc.obj (.text:_ADC_setSocTrigSrc)
                  003f724f    0000001c                   : sci_io.obj (.text:_SCI_write)
                  003f726b    0000001a     rts2800_ml.lib : i_tofs.obj (.text)
                  003f7285    00000019                    : args_main.obj (.text)
                  003f729e    00000019                    : exit.obj (.text)
                  003f72b7    00000018     driverlib.lib : adc.obj (.text:_ADC_enableInt)
                  003f72cf    00000016     VoiceModule.obj (.text:_beep_high_then_low)
                  003f72e5    00000016     VoiceModule.obj (.text:_beep_low_then_high)
                  003f72fb    00000016     VoiceModule.obj (.text:_init_audio)
                  003f7311    00000015     driverlib.lib : pll.obj (.text:_PLL_setup)
                  003f7326    00000013                   : sci_io.obj (.text:_SCI_open)
                  003f7339    00000013                   : sci_io.obj (.text:_SCI_read)
                  003f734c    00000012                   : adc.obj (.text:_ADC_setIntPulseGenMode)
                  003f735e    00000012                   : adc.obj (.text:_ADC_setVoltRefSrc)
                  003f7370    00000012                   : pie.obj (.text:_PIE_enableAdcInt)
                  003f7382    00000012                   : F2802x_asmfuncs.obj (.text)
                  003f7394    00000011                   : gpio.obj (.text:_GPIO_getData)
                  003f73a5    00000011                   : pie.obj (.text:_PIE_setDebugIntVectorTable)
                  003f73b6    00000010     rts2800_ml.lib : u_tofs.obj (.text)
                  003f73c6    0000000f     driverlib.lib : pie.obj (.text:_PIE_disableAllInts)
                  003f73d5    0000000f                   : pie.obj (.text:_PIE_registerPieIntHandler)
                  003f73e4    0000000d                   : pie.obj (.text:_PIE_enablePwmInt)
                  003f73f1    0000000c                   : sci_io.obj (.text:_SCI_close)
                  003f73fd    0000000b                   : adc.obj (.text:_ADC_enable)
                  003f7408    0000000b                   : adc.obj (.text:_ADC_enableBandGap)
                  003f7413    0000000b                   : adc.obj (.text:_ADC_enableRefBuffers)
                  003f741e    0000000b                   : adc.obj (.text:_ADC_powerUp)
                  003f7429    0000000b     rts2800_ml.lib : strchr.obj (.text)
                  003f7434    0000000a     driverlib.lib : sci.obj (.text:_SCI_resetChannels)
                  003f743e    0000000a                   : sci.obj (.text:_SCI_resetRxFifo)
                  003f7448    0000000a                   : sci.obj (.text:_SCI_resetTxFifo)
                  003f7452    0000000a     rts2800_ml.lib : strcmp.obj (.text)
                  003f745c    00000009     driverlib.lib : clk.obj (.text:_CLK_enablePwmClock)
                  003f7465    00000009                   : clk.obj (.text:_CLK_enableSciaClock)
                  003f746e    00000009                   : pwm.obj (.text:_PWM_setActionQual_CntUp_CmpB_PwmB)
                  003f7477    00000009                   : pwm.obj (.text:_PWM_setSocAPeriod)
                  003f7480    00000009                   : pwm.obj (.text:_PWM_setSocAPulseSrc)
                  003f7489    00000009                   : sci.obj (.text:_SCI_putDataBlocking)
                  003f7492    00000009     rts2800_ml.lib : _lock.obj (.text)
                  003f749b    00000008     driverlib.lib : adc.obj (.text:_ADC_init)
                  003f74a3    00000008                   : pie.obj (.text:_PIE_init)
                  003f74ab    00000008                   : wdog.obj (.text:_WDOG_disable)
                  003f74b3    00000008     rts2800_ml.lib : strlen.obj (.text)
                  003f74bb    00000007     driverlib.lib : clk.obj (.text:_CLK_disableTbClockSync)
                  003f74c2    00000007                   : clk.obj (.text:_CLK_enableAdcClock)
                  003f74c9    00000007                   : clk.obj (.text:_CLK_enableTbClockSync)
                  003f74d0    00000007                   : clk.obj (.text:_CLK_init)
                  003f74d7    00000007                   : clk.obj (.text:_CLK_setClkOutPreScaler)
                  003f74de    00000007                   : clk.obj (.text:_CLK_setOscSrc)
                  003f74e5    00000007                   : flash.obj (.text:_FLASH_init)
                  003f74ec    00000007                   : gpio.obj (.text:_GPIO_init)
                  003f74f3    00000007                   : pll.obj (.text:_PLL_init)
                  003f74fa    00000007                   : pll.obj (.text:_PLL_setDivider)
                  003f7501    00000007                   : pwm.obj (.text:_PWM_init)
                  003f7508    00000007                   : pwm.obj (.text:_PWM_setActionQual_Zero_PwmB)
                  003f750f    00000007                   : pwm.obj (.text:_PWM_setIntMode)
                  003f7516    00000007                   : pwm.obj (.text:_PWM_setIntPeriod)
                  003f751d    00000007                   : sci.obj (.text:_SCI_init)
                  003f7524    00000007                   : sci.obj (.text:_SCI_setRxFifoIntLevel)
                  003f752b    00000007                   : sci.obj (.text:_SCI_setTxFifoIntLevel)
                  003f7532    00000007                   : wdog.obj (.text:_WDOG_init)
                  003f7539    00000006                   : pll.obj (.text:_PLL_setMultiplier)
                  003f753f    00000006                   : pwm.obj (.text:_PWM_setLoadMode_CmpB)
                  003f7545    00000006                   : pwm.obj (.text:_PWM_setShadowMode_CmpB)
                  003f754b    00000006                   : sci.obj (.text:_SCI_setBaudRate)
                  003f7551    00000005                   : F2802x_DefaultIsr.obj (.text:_ADCINT1_ISR)
                  003f7556    00000005                   : F2802x_DefaultIsr.obj (.text:_ADCINT2_ISR)
                  003f755b    00000005                   : F2802x_DefaultIsr.obj (.text:_ADCINT3_ISR)
                  003f7560    00000005                   : F2802x_DefaultIsr.obj (.text:_ADCINT4_ISR)
                  003f7565    00000005                   : F2802x_DefaultIsr.obj (.text:_ADCINT5_ISR)
                  003f756a    00000005                   : F2802x_DefaultIsr.obj (.text:_ADCINT6_ISR)
                  003f756f    00000005                   : F2802x_DefaultIsr.obj (.text:_ADCINT7_ISR)
                  003f7574    00000005                   : F2802x_DefaultIsr.obj (.text:_ADCINT8_ISR)
                  003f7579    00000005                   : F2802x_DefaultIsr.obj (.text:_ADCINT9_ISR)
                  003f757e    00000005                   : F2802x_DefaultIsr.obj (.text:_DATALOG_ISR)
                  003f7583    00000005                   : F2802x_DefaultIsr.obj (.text:_ECAP1_INT_ISR)
                  003f7588    00000005                   : F2802x_DefaultIsr.obj (.text:_EMUINT_ISR)
                  003f758d    00000005                   : F2802x_DefaultIsr.obj (.text:_EPWM1_INT_ISR)
                  003f7592    00000005                   : F2802x_DefaultIsr.obj (.text:_EPWM1_TZINT_ISR)
                  003f7597    00000005                   : F2802x_DefaultIsr.obj (.text:_EPWM2_INT_ISR)
                  003f759c    00000005                   : F2802x_DefaultIsr.obj (.text:_EPWM2_TZINT_ISR)
                  003f75a1    00000005                   : F2802x_DefaultIsr.obj (.text:_EPWM3_INT_ISR)
                  003f75a6    00000005                   : F2802x_DefaultIsr.obj (.text:_EPWM3_TZINT_ISR)
                  003f75ab    00000005                   : F2802x_DefaultIsr.obj (.text:_I2CINT1A_ISR)
                  003f75b0    00000005                   : F2802x_DefaultIsr.obj (.text:_I2CINT2A_ISR)
                  003f75b5    00000005                   : F2802x_DefaultIsr.obj (.text:_ILLEGAL_ISR)
                  003f75ba    00000005                   : F2802x_DefaultIsr.obj (.text:_INT13_ISR)
                  003f75bf    00000005                   : F2802x_DefaultIsr.obj (.text:_INT14_ISR)
                  003f75c4    00000005                   : F2802x_DefaultIsr.obj (.text:_NMI_ISR)
                  003f75c9    00000005                   : F2802x_DefaultIsr.obj (.text:_PIE_RESERVED)
                  003f75ce    00000005                   : F2802x_DefaultIsr.obj (.text:_RTOSINT_ISR)
                  003f75d3    00000005                   : F2802x_DefaultIsr.obj (.text:_SCIRXINTA_ISR)
                  003f75d8    00000005                   : F2802x_DefaultIsr.obj (.text:_SCITXINTA_ISR)
                  003f75dd    00000005                   : F2802x_DefaultIsr.obj (.text:_SPIRXINTA_ISR)
                  003f75e2    00000005                   : F2802x_DefaultIsr.obj (.text:_SPITXINTA_ISR)
                  003f75e7    00000005                   : F2802x_DefaultIsr.obj (.text:_TINT0_ISR)
                  003f75ec    00000005                   : F2802x_DefaultIsr.obj (.text:_USER10_ISR)
                  003f75f1    00000005                   : F2802x_DefaultIsr.obj (.text:_USER11_ISR)
                  003f75f6    00000005                   : F2802x_DefaultIsr.obj (.text:_USER12_ISR)
                  003f75fb    00000005                   : F2802x_DefaultIsr.obj (.text:_USER1_ISR)
                  003f7600    00000005                   : F2802x_DefaultIsr.obj (.text:_USER2_ISR)
                  003f7605    00000005                   : F2802x_DefaultIsr.obj (.text:_USER3_ISR)
                  003f760a    00000005                   : F2802x_DefaultIsr.obj (.text:_USER4_ISR)
                  003f760f    00000005                   : F2802x_DefaultIsr.obj (.text:_USER5_ISR)
                  003f7614    00000005                   : F2802x_DefaultIsr.obj (.text:_USER6_ISR)
                  003f7619    00000005                   : F2802x_DefaultIsr.obj (.text:_USER7_ISR)
                  003f761e    00000005                   : F2802x_DefaultIsr.obj (.text:_USER8_ISR)
                  003f7623    00000005                   : F2802x_DefaultIsr.obj (.text:_USER9_ISR)
                  003f7628    00000005                   : F2802x_DefaultIsr.obj (.text:_WAKEINT_ISR)
                  003f762d    00000005                   : F2802x_DefaultIsr.obj (.text:_XINT1_ISR)
                  003f7632    00000005                   : F2802x_DefaultIsr.obj (.text:_XINT2_ISR)
                  003f7637    00000005                   : F2802x_DefaultIsr.obj (.text:_XINT3_ISR)
                  003f763c    00000005                   : F2802x_DefaultIsr.obj (.text:_rsvd_ISR)
                  003f7641    00000005     rts2800_ml.lib : strcpy.obj (.text)
                  003f7646    00000004     driverlib.lib : cpu.obj (.text:_CPU_enableInt)
                  003f764a    00000004                   : cpu.obj (.text:_CPU_init)
                  003f764e    00000004                   : pwm.obj (.text:_PWM_enableInt)
                  003f7652    00000004                   : pwm.obj (.text:_PWM_enableSocAPulse)
                  003f7656    00000004                   : pwm.obj (.text:_PWM_setClkDiv)
                  003f765a    00000004                   : pwm.obj (.text:_PWM_setCounterMode)
                  003f765e    00000004                   : pwm.obj (.text:_PWM_setHighSpeedClkDiv)
                  003f7662    00000004                   : sci.obj (.text:_SCI_clearRxFifoInt)
                  003f7666    00000004                   : sci.obj (.text:_SCI_clearTxFifoInt)
                  003f766a    00000004                   : sci.obj (.text:_SCI_enableFifoEnh)
                  003f766e    00000004                   : sci.obj (.text:_SCI_setCharLength)
                  003f7672    00000004                   : sci.obj (.text:_SCI_setNumStopBits)
                  003f7676    00000003                   : cpu.obj (.text:_CPU_clearIntFlags)
                  003f7679    00000003                   : cpu.obj (.text:_CPU_disableGlobalInts)
                  003f767c    00000003                   : cpu.obj (.text:_CPU_enableDebugInt)
                  003f767f    00000003                   : cpu.obj (.text:_CPU_enableGlobalInts)
                  003f7682    00000003                   : pie.obj (.text:_PIE_disable)
                  003f7685    00000003                   : pie.obj (.text:_PIE_enable)
                  003f7688    00000003                   : pll.obj (.text:_PLL_getClkStatus)
                  003f768b    00000003                   : pll.obj (.text:_PLL_getLockStatus)
                  003f768e    00000003                   : pwm.obj (.text:_PWM_disableCounterLoad)
                  003f7691    00000003                   : sci.obj (.text:_SCI_disableParity)
                  003f7694    00000003                   : sci.obj (.text:_SCI_enable)
                  003f7697    00000003                   : sci.obj (.text:_SCI_enableRx)
                  003f769a    00000003                   : sci.obj (.text:_SCI_enableRxInt)
                  003f769d    00000003                   : sci.obj (.text:_SCI_enableTx)
                  003f76a0    00000003                   : sci.obj (.text:_SCI_enableTxInt)
                  003f76a3    00000003                   : sci.obj (.text:_SCI_setPriority)
                  003f76a6    00000003     rts2800_ml.lib : remove.obj (.text)
                  003f76a9    00000002     driverlib.lib : pwm.obj (.text:_PWM_setCount)
                  003f76ab    00000002                   : pwm.obj (.text:_PWM_setPeriod)
                  003f76ad    00000002                   : pwm.obj (.text:_PWM_setPhase)
                  003f76af    00000002                   : sci_io.obj (.text:_SCI_lseek)
                  003f76b1    00000002                   : sci_io.obj (.text:_SCI_rename)
                  003f76b3    00000002                   : sci_io.obj (.text:_SCI_unlink)

.cinit     0    003f76b5    00000099     
                  003f76b5    00000031     rts2800_ml.lib : lowlev.obj (.cinit)
                  003f76e6    0000002a                    : defs.obj (.cinit)
                  003f7710    0000001c     VoiceModule.obj (.cinit)
                  003f772c    0000000a     rts2800_ml.lib : _lock.obj (.cinit)
                  003f7736    0000000a                    : exit.obj (.cinit)
                  003f7740    00000004     driverlib.lib : sci_io.obj (.cinit)
                  003f7744    00000004     rts2800_ml.lib : fopen.obj (.cinit)
                  003f7748    00000004                    : memory.obj (.cinit)
                  003f774c    00000002     --HOLE-- [fill = 0]

csm_rsvd   0    003f7f80    00000076     
                  003f7f80    00000076     driverlib.lib : F2802x_asmfuncs.obj (csm_rsvd)

codestart 
*          0    003f7ff6    00000002     
                  003f7ff6    00000002     driverlib.lib : F2802x_asmfuncs.obj (codestart)

csmpasswds 
*          0    003f7ff8    00000008     
                  003f7ff8    00000008     driverlib.lib : F2802x_asmfuncs.obj (csmpasswds)

.reset     0    003fffc0    00000002     DSECT
                  003fffc0    00000002     rts2800_ml.lib : boot.obj (.reset)

vectors    0    003fffc2    00000000     DSECT

.stack     1    00000050    00000300     UNINITIALIZED
                  00000050    00000300     --HOLE--

.cio       1    00000400    00000120     UNINITIALIZED
                  00000400    00000120     rts2800_ml.lib : ankmsg.obj (.cio)

.ebss      1    00008800    000005c8     UNINITIALIZED
                  00008800    000003c0     VoiceModule.obj (.ebss)
                  00008bc0    00000160     rts2800_ml.lib : defs.obj (.ebss)
                  00008d20    00000008                    : memory.obj (.ebss)
                  00008d28    00000008                    : trgdrv.obj (.ebss)
                  00008d30    00000004     driverlib.lib : sci_io.obj (.ebss)
                  00008d34    00000004     rts2800_ml.lib : _lock.obj (.ebss)
                  00008d38    00000004                    : exit.obj (.ebss)
                  00008d3c    00000001     driverlib.lib : cpu.obj (.ebss)
                  00008d3d    00000001     rts2800_ml.lib : fopen.obj (.ebss)
                  00008d3e    00000002     --HOLE--
                  00008d40    00000088                    : lowlev.obj (.ebss)

.sysmem    1    00008dc8    00000200     UNINITIALIZED
                  00008dc8    00000001     rts2800_ml.lib : memory.obj (.sysmem)
                  00008dc9    000001ff     --HOLE--

.myFlash   1    003f0000    00000924     
                  003f0000    00000924     VoiceModule.obj (.myFlash)


GLOBAL DATA SYMBOLS: SORTED BY DATA PAGE

address     data page           name
--------    ----------------    ----
00000050       1 (00000040)     __stack

00000400      10 (00000400)     __CIOBUF_

00008800     220 (00008800)     _demoState
00008801     220 (00008800)     _calibrateDC
00008802     220 (00008800)     _ConversionCount
00008803     220 (00008800)     _DCBias
00008804     220 (00008800)     _loopCount
00008805     220 (00008800)     _demo
00008806     220 (00008800)     _periodForSampleRate
00008807     220 (00008800)     _maxValue
00008808     220 (00008800)     _indexToPlay
0000880a     220 (00008800)     _myCpu
0000880c     220 (00008800)     _myPwm2
0000880e     220 (00008800)     _mySci
00008810     220 (00008800)     _myPie
00008812     220 (00008800)     _myGpio
00008814     220 (00008800)     _myPwm
00008816     220 (00008800)     _myFlash
00008818     220 (00008800)     _myClk
0000881a     220 (00008800)     _myAdc
0000881c     220 (00008800)     _epwm2_info

00008840     221 (00008840)     _secondPitch

000088c0     223 (000088c0)     _beepHigh

00008940     225 (00008940)     _sine

000089c0     227 (000089c0)     _audioToPlay

00008a40     229 (00008a40)     _beepLow

00008ac0     22b (00008ac0)     _voltage

00008bc0     22f (00008bc0)     ___TI_ft_end

00008c00     230 (00008c00)     __ftable

00008c80     232 (00008c80)     ___TI_tmpnams

00008d30     234 (00008d00)     _deviceOpen
00008d32     234 (00008d00)     _ioSci
00008d34     234 (00008d00)     __unlock
00008d36     234 (00008d00)     __lock
00008d38     234 (00008d00)     ___TI_cleanup_ptr
00008d3a     234 (00008d00)     ___TI_dtors_ptr
00008d3c     234 (00008d00)     _cpu

00008dc8     237 (00008dc0)     __sys_memory

003f0000    fc00 (003f0000)     _data

003f6000    fd80 (003f6000)     _PIE_tableDebugInit

003f6100    fd84 (003f6100)     _wavFile2

003f616f    fd85 (003f6140)     _wavFile3

003f61c6    fd87 (003f61c0)     _wavFile

003f6202    fd88 (003f6200)     _highSpeedClockDiv
003f6204    fd88 (003f6200)     _clockRate
003f6206    fd88 (003f6200)     _sampleRate


GLOBAL SYMBOLS: SORTED ALPHABETICALLY BY Name 

address    name
--------   ----
ffffffff   .text
003f729e   C$$EXIT
003f6c64   C$$IO$$
003f6ca2   FS$$DIV
003f6f27   FS$$MPY
003f70d4   FS$$TOI
003f71de   FS$$TOU
003f7141   I$$DIV
003f7152   I$$MOD
003f726b   I$$TOFS
003f73b6   U$$TOFS
003f7551   _ADCINT1_ISR
003f7556   _ADCINT2_ISR
003f755b   _ADCINT3_ISR
003f7560   _ADCINT4_ISR
003f7565   _ADCINT5_ISR
003f756a   _ADCINT6_ISR
003f756f   _ADCINT7_ISR
003f7574   _ADCINT8_ISR
003f7579   _ADCINT9_ISR
003f73fd   _ADC_enable
003f7408   _ADC_enableBandGap
003f72b7   _ADC_enableInt
003f7413   _ADC_enableRefBuffers
003f749b   _ADC_init
003f741e   _ADC_powerUp
003f70f9   _ADC_setIntMode
003f734c   _ADC_setIntPulseGenMode
003f711d   _ADC_setIntSrc
003f71fb   _ADC_setSocChanNumber
003f7217   _ADC_setSocSampleWindow
003f7233   _ADC_setSocTrigSrc
003f735e   _ADC_setVoltRefSrc
003f74bb   _CLK_disableTbClockSync
003f74c2   _CLK_enableAdcClock
003f745c   _CLK_enablePwmClock
003f7465   _CLK_enableSciaClock
003f74c9   _CLK_enableTbClockSync
003f74d0   _CLK_init
003f74d7   _CLK_setClkOutPreScaler
003f74de   _CLK_setOscSrc
003f7676   _CPU_clearIntFlags
003f7679   _CPU_disableGlobalInts
003f767c   _CPU_enableDebugInt
003f767f   _CPU_enableGlobalInts
003f7646   _CPU_enableInt
003f764a   _CPU_init
00008802   _ConversionCount
003f757e   _DATALOG_ISR
00008803   _DCBias
003f738d   _DSP28x_DisableInt
003f7391   _DSP28x_RestoreInt
00008000   _DSP28x_usDelay
003f7583   _ECAP1_INT_ISR
003f7588   _EMUINT_ISR
003f758d   _EPWM1_INT_ISR
003f7592   _EPWM1_TZINT_ISR
003f7597   _EPWM2_INT_ISR
003f759c   _EPWM2_TZINT_ISR
003f75a1   _EPWM3_INT_ISR
003f75a6   _EPWM3_TZINT_ISR
003f74e5   _FLASH_init
003f7394   _GPIO_getData
003f74ec   _GPIO_init
003f700e   _GPIO_setDirection
003f6f81   _GPIO_setMode
003f7042   _GPIO_setPullUp
003f70a9   _GPIO_setQualification
003f6888   _HOSTclock
003f6861   _HOSTclose
003f6837   _HOSTgetenv
003f67f0   _HOSTlseek
003f67b9   _HOSTopen
003f6783   _HOSTread
003f6745   _HOSTrename
003f671b   _HOSTtime
003f66f6   _HOSTunlink
003f66c0   _HOSTwrite
003f75ab   _I2CINT1A_ISR
003f75b0   _I2CINT2A_ISR
003f75b5   _ILLEGAL_ISR
003f75ba   _INT13_ISR
003f75bf   _INT14_ISR
003f6b84   _InitEPwm2
003f75c4   _NMI_ISR
003f75c9   _PIE_RESERVED
003f7682   _PIE_disable
003f73c6   _PIE_disableAllInts
003f7685   _PIE_enable
003f7370   _PIE_enableAdcInt
003f73e4   _PIE_enablePwmInt
003f74a3   _PIE_init
003f73d5   _PIE_registerPieIntHandler
003f73a5   _PIE_setDebugIntVectorTable
003f6000   _PIE_tableDebugInit
003f7688   _PLL_getClkStatus
003f768b   _PLL_getLockStatus
003f74f3   _PLL_init
003f74fa   _PLL_setDivider
003f7539   _PLL_setMultiplier
003f7311   _PLL_setup
003f768e   _PWM_disableCounterLoad
003f764e   _PWM_enableInt
003f7652   _PWM_enableSocAPulse
003f7501   _PWM_init
003f746e   _PWM_setActionQual_CntUp_CmpB_PwmB
003f7508   _PWM_setActionQual_Zero_PwmB
003f7656   _PWM_setClkDiv
003f76a9   _PWM_setCount
003f765a   _PWM_setCounterMode
003f765e   _PWM_setHighSpeedClkDiv
003f750f   _PWM_setIntMode
003f7516   _PWM_setIntPeriod
003f753f   _PWM_setLoadMode_CmpB
003f76ab   _PWM_setPeriod
003f76ad   _PWM_setPhase
003f7545   _PWM_setShadowMode_CmpB
003f7477   _PWM_setSocAPeriod
003f7480   _PWM_setSocAPulseSrc
003f75ce   _RTOSINT_ISR
00000004   _RamfuncsLoadSize
003f6208   _RamfuncsLoadStart
00008000   _RamfuncsRunStart
003f75d3   _SCIRXINTA_ISR
003f75d8   _SCITXINTA_ISR
003f7662   _SCI_clearRxFifoInt
003f7666   _SCI_clearTxFifoInt
003f73f1   _SCI_close
003f7691   _SCI_disableParity
003f7694   _SCI_enable
003f766a   _SCI_enableFifoEnh
003f7697   _SCI_enableRx
003f769a   _SCI_enableRxInt
003f769d   _SCI_enableTx
003f76a0   _SCI_enableTxInt
003f751d   _SCI_init
003f76af   _SCI_lseek
003f7326   _SCI_open
003f7489   _SCI_putDataBlocking
003f7339   _SCI_read
003f76b1   _SCI_rename
003f7434   _SCI_resetChannels
003f743e   _SCI_resetRxFifo
003f7448   _SCI_resetTxFifo
003f754b   _SCI_setBaudRate
003f766e   _SCI_setCharLength
003f7672   _SCI_setNumStopBits
003f76a3   _SCI_setPriority
003f7524   _SCI_setRxFifoIntLevel
003f752b   _SCI_setTxFifoIntLevel
003f76b3   _SCI_unlink
003f724f   _SCI_write
003f75dd   _SPIRXINTA_ISR
003f75e2   _SPITXINTA_ISR
003f75e7   _TINT0_ISR
003f75ec   _USER10_ISR
003f75f1   _USER11_ISR
003f75f6   _USER12_ISR
003f75fb   _USER1_ISR
003f7600   _USER2_ISR
003f7605   _USER3_ISR
003f760a   _USER4_ISR
003f760f   _USER5_ISR
003f7614   _USER6_ISR
003f7619   _USER7_ISR
003f761e   _USER8_ISR
003f7623   _USER9_ISR
003f7628   _WAKEINT_ISR
003f74ab   _WDOG_disable
003f7532   _WDOG_init
003f762d   _XINT1_ISR
003f7632   _XINT2_ISR
003f7637   _XINT3_ISR
00000400   __CIOBUF_
00000350   __STACK_END
00000300   __STACK_SIZE
00000200   __SYSMEM_SIZE
00000001   __TI_args_main
003f6afd   ___TI_cleanup
00008d38   ___TI_cleanup_ptr
003f6ecc   ___TI_closefile
003f6d9e   ___TI_doflush
00008d3a   ___TI_dtors_ptr
00008bc0   ___TI_ft_end
003f6c68   ___TI_readmsg
00008c80   ___TI_tmpnams
003f6c14   ___TI_writemsg
ffffffff   ___binit__
ffffffff   ___c_args__
003f76b5   ___cinit__
ffffffff   ___etext__
003f7163   ___memcpy_ff
ffffffff   ___pinit__
ffffffff   ___text__
003f7285   __args_main
00008c00   __ftable
00008d36   __lock
003f749a   __nop
003f7496   __register_lock
003f7492   __register_unlock
00000050   __stack
00008dc8   __sys_memory
00008d34   __unlock
003f729e   _abort
003f6e6f   _adc_isr
003f6654   _add_device
000089c0   _audioToPlay
000088c0   _beepHigh
00008a40   _beepLow
003f72cf   _beep_high_then_low
003f72e5   _beep_low_then_high
003f6fca   _c_int00
003f71c1   _calculate_duty_cycle
00008801   _calibrateDC
003f6a6d   _calloc
003f6a6b   _chkheap
003f6204   _clockRate
003f6622   _close
00008d3c   _cpu
003f0000   _data
00008805   _demo
00008800   _demoState
00008d30   _deviceOpen
0000881c   _epwm2_info
003f7076   _epwm2_isr
003f72a0   _exit
003f6f0e   _fclose
003f6dcd   _fflush
003f6b6a   _fopen
003f68b2   _free
003f6a4f   _free_memory
003f6b1a   _freopen
003f6202   _highSpeedClockDiv
00008808   _indexToPlay
003f72fb   _init_audio
00008d32   _ioSci
00008804   _loopCount
003f660a   _lseek
003f620c   _main
003f691b   _malloc
00008807   _maxValue
003f6a2f   _max_free
003f68f7   _minit
0000881a   _myAdc
00008818   _myClk
0000880a   _myCpu
00008816   _myFlash
00008812   _myGpio
00008810   _myPie
00008814   _myPwm
0000880c   _myPwm2
0000880e   _mySci
003f6598   _open
00008806   _periodForSampleRate
003f6580   _read
003f697b   _realloc
003f76a6   _remove
003f6566   _remove_device
003f653d   _rename
003f763c   _rsvd_ISR
003f6206   _sampleRate
003f6e09   _scia_init
00008840   _secondPitch
003f738a   _setDBGIER
003f6d25   _setvbuf
00008940   _sine
003f7429   _strchr
003f7452   _strcmp
003f7641   _strcpy
003f74b3   _strlen
003f71a3   _strncpy
003f6525   _unlink
003f7184   _update_compare
00008ac0   _voltage
003f61c6   _wavFile
003f6100   _wavFile2
003f616f   _wavFile3
003f64bf   _write
ffffffff   binit
003f76b5   cinit
003f7ff6   code_start
ffffffff   etext
ffffffff   pinit


GLOBAL SYMBOLS: SORTED BY Symbol Address 

address    name
--------   ----
00000001   __TI_args_main
00000004   _RamfuncsLoadSize
00000050   __stack
00000200   __SYSMEM_SIZE
00000300   __STACK_SIZE
00000350   __STACK_END
00000400   __CIOBUF_
00008000   _DSP28x_usDelay
00008000   _RamfuncsRunStart
00008800   _demoState
00008801   _calibrateDC
00008802   _ConversionCount
00008803   _DCBias
00008804   _loopCount
00008805   _demo
00008806   _periodForSampleRate
00008807   _maxValue
00008808   _indexToPlay
0000880a   _myCpu
0000880c   _myPwm2
0000880e   _mySci
00008810   _myPie
00008812   _myGpio
00008814   _myPwm
00008816   _myFlash
00008818   _myClk
0000881a   _myAdc
0000881c   _epwm2_info
00008840   _secondPitch
000088c0   _beepHigh
00008940   _sine
000089c0   _audioToPlay
00008a40   _beepLow
00008ac0   _voltage
00008bc0   ___TI_ft_end
00008c00   __ftable
00008c80   ___TI_tmpnams
00008d30   _deviceOpen
00008d32   _ioSci
00008d34   __unlock
00008d36   __lock
00008d38   ___TI_cleanup_ptr
00008d3a   ___TI_dtors_ptr
00008d3c   _cpu
00008dc8   __sys_memory
003f0000   _data
003f6000   _PIE_tableDebugInit
003f6100   _wavFile2
003f616f   _wavFile3
003f61c6   _wavFile
003f6202   _highSpeedClockDiv
003f6204   _clockRate
003f6206   _sampleRate
003f6208   _RamfuncsLoadStart
003f620c   _main
003f64bf   _write
003f6525   _unlink
003f653d   _rename
003f6566   _remove_device
003f6580   _read
003f6598   _open
003f660a   _lseek
003f6622   _close
003f6654   _add_device
003f66c0   _HOSTwrite
003f66f6   _HOSTunlink
003f671b   _HOSTtime
003f6745   _HOSTrename
003f6783   _HOSTread
003f67b9   _HOSTopen
003f67f0   _HOSTlseek
003f6837   _HOSTgetenv
003f6861   _HOSTclose
003f6888   _HOSTclock
003f68b2   _free
003f68f7   _minit
003f691b   _malloc
003f697b   _realloc
003f6a2f   _max_free
003f6a4f   _free_memory
003f6a6b   _chkheap
003f6a6d   _calloc
003f6afd   ___TI_cleanup
003f6b1a   _freopen
003f6b6a   _fopen
003f6b84   _InitEPwm2
003f6c14   ___TI_writemsg
003f6c64   C$$IO$$
003f6c68   ___TI_readmsg
003f6ca2   FS$$DIV
003f6d25   _setvbuf
003f6d9e   ___TI_doflush
003f6dcd   _fflush
003f6e09   _scia_init
003f6e6f   _adc_isr
003f6ecc   ___TI_closefile
003f6f0e   _fclose
003f6f27   FS$$MPY
003f6f81   _GPIO_setMode
003f6fca   _c_int00
003f700e   _GPIO_setDirection
003f7042   _GPIO_setPullUp
003f7076   _epwm2_isr
003f70a9   _GPIO_setQualification
003f70d4   FS$$TOI
003f70f9   _ADC_setIntMode
003f711d   _ADC_setIntSrc
003f7141   I$$DIV
003f7152   I$$MOD
003f7163   ___memcpy_ff
003f7184   _update_compare
003f71a3   _strncpy
003f71c1   _calculate_duty_cycle
003f71de   FS$$TOU
003f71fb   _ADC_setSocChanNumber
003f7217   _ADC_setSocSampleWindow
003f7233   _ADC_setSocTrigSrc
003f724f   _SCI_write
003f726b   I$$TOFS
003f7285   __args_main
003f729e   C$$EXIT
003f729e   _abort
003f72a0   _exit
003f72b7   _ADC_enableInt
003f72cf   _beep_high_then_low
003f72e5   _beep_low_then_high
003f72fb   _init_audio
003f7311   _PLL_setup
003f7326   _SCI_open
003f7339   _SCI_read
003f734c   _ADC_setIntPulseGenMode
003f735e   _ADC_setVoltRefSrc
003f7370   _PIE_enableAdcInt
003f738a   _setDBGIER
003f738d   _DSP28x_DisableInt
003f7391   _DSP28x_RestoreInt
003f7394   _GPIO_getData
003f73a5   _PIE_setDebugIntVectorTable
003f73b6   U$$TOFS
003f73c6   _PIE_disableAllInts
003f73d5   _PIE_registerPieIntHandler
003f73e4   _PIE_enablePwmInt
003f73f1   _SCI_close
003f73fd   _ADC_enable
003f7408   _ADC_enableBandGap
003f7413   _ADC_enableRefBuffers
003f741e   _ADC_powerUp
003f7429   _strchr
003f7434   _SCI_resetChannels
003f743e   _SCI_resetRxFifo
003f7448   _SCI_resetTxFifo
003f7452   _strcmp
003f745c   _CLK_enablePwmClock
003f7465   _CLK_enableSciaClock
003f746e   _PWM_setActionQual_CntUp_CmpB_PwmB
003f7477   _PWM_setSocAPeriod
003f7480   _PWM_setSocAPulseSrc
003f7489   _SCI_putDataBlocking
003f7492   __register_unlock
003f7496   __register_lock
003f749a   __nop
003f749b   _ADC_init
003f74a3   _PIE_init
003f74ab   _WDOG_disable
003f74b3   _strlen
003f74bb   _CLK_disableTbClockSync
003f74c2   _CLK_enableAdcClock
003f74c9   _CLK_enableTbClockSync
003f74d0   _CLK_init
003f74d7   _CLK_setClkOutPreScaler
003f74de   _CLK_setOscSrc
003f74e5   _FLASH_init
003f74ec   _GPIO_init
003f74f3   _PLL_init
003f74fa   _PLL_setDivider
003f7501   _PWM_init
003f7508   _PWM_setActionQual_Zero_PwmB
003f750f   _PWM_setIntMode
003f7516   _PWM_setIntPeriod
003f751d   _SCI_init
003f7524   _SCI_setRxFifoIntLevel
003f752b   _SCI_setTxFifoIntLevel
003f7532   _WDOG_init
003f7539   _PLL_setMultiplier
003f753f   _PWM_setLoadMode_CmpB
003f7545   _PWM_setShadowMode_CmpB
003f754b   _SCI_setBaudRate
003f7551   _ADCINT1_ISR
003f7556   _ADCINT2_ISR
003f755b   _ADCINT3_ISR
003f7560   _ADCINT4_ISR
003f7565   _ADCINT5_ISR
003f756a   _ADCINT6_ISR
003f756f   _ADCINT7_ISR
003f7574   _ADCINT8_ISR
003f7579   _ADCINT9_ISR
003f757e   _DATALOG_ISR
003f7583   _ECAP1_INT_ISR
003f7588   _EMUINT_ISR
003f758d   _EPWM1_INT_ISR
003f7592   _EPWM1_TZINT_ISR
003f7597   _EPWM2_INT_ISR
003f759c   _EPWM2_TZINT_ISR
003f75a1   _EPWM3_INT_ISR
003f75a6   _EPWM3_TZINT_ISR
003f75ab   _I2CINT1A_ISR
003f75b0   _I2CINT2A_ISR
003f75b5   _ILLEGAL_ISR
003f75ba   _INT13_ISR
003f75bf   _INT14_ISR
003f75c4   _NMI_ISR
003f75c9   _PIE_RESERVED
003f75ce   _RTOSINT_ISR
003f75d3   _SCIRXINTA_ISR
003f75d8   _SCITXINTA_ISR
003f75dd   _SPIRXINTA_ISR
003f75e2   _SPITXINTA_ISR
003f75e7   _TINT0_ISR
003f75ec   _USER10_ISR
003f75f1   _USER11_ISR
003f75f6   _USER12_ISR
003f75fb   _USER1_ISR
003f7600   _USER2_ISR
003f7605   _USER3_ISR
003f760a   _USER4_ISR
003f760f   _USER5_ISR
003f7614   _USER6_ISR
003f7619   _USER7_ISR
003f761e   _USER8_ISR
003f7623   _USER9_ISR
003f7628   _WAKEINT_ISR
003f762d   _XINT1_ISR
003f7632   _XINT2_ISR
003f7637   _XINT3_ISR
003f763c   _rsvd_ISR
003f7641   _strcpy
003f7646   _CPU_enableInt
003f764a   _CPU_init
003f764e   _PWM_enableInt
003f7652   _PWM_enableSocAPulse
003f7656   _PWM_setClkDiv
003f765a   _PWM_setCounterMode
003f765e   _PWM_setHighSpeedClkDiv
003f7662   _SCI_clearRxFifoInt
003f7666   _SCI_clearTxFifoInt
003f766a   _SCI_enableFifoEnh
003f766e   _SCI_setCharLength
003f7672   _SCI_setNumStopBits
003f7676   _CPU_clearIntFlags
003f7679   _CPU_disableGlobalInts
003f767c   _CPU_enableDebugInt
003f767f   _CPU_enableGlobalInts
003f7682   _PIE_disable
003f7685   _PIE_enable
003f7688   _PLL_getClkStatus
003f768b   _PLL_getLockStatus
003f768e   _PWM_disableCounterLoad
003f7691   _SCI_disableParity
003f7694   _SCI_enable
003f7697   _SCI_enableRx
003f769a   _SCI_enableRxInt
003f769d   _SCI_enableTx
003f76a0   _SCI_enableTxInt
003f76a3   _SCI_setPriority
003f76a6   _remove
003f76a9   _PWM_setCount
003f76ab   _PWM_setPeriod
003f76ad   _PWM_setPhase
003f76af   _SCI_lseek
003f76b1   _SCI_rename
003f76b3   _SCI_unlink
003f76b5   ___cinit__
003f76b5   cinit
003f7ff6   code_start
ffffffff   .text
ffffffff   ___binit__
ffffffff   ___c_args__
ffffffff   ___etext__
ffffffff   ___pinit__
ffffffff   ___text__
ffffffff   binit
ffffffff   etext
ffffffff   pinit

[283 symbols]
