******************************************************************************
             TMS320C2000 Linker PC v6.2.8                      
******************************************************************************
>> Linked Wed Nov 12 23:30:34 2014

OUTPUT FILE NAME:   <VoiceModule.out>
ENTRY POINT SYMBOL: "code_start"  address: 003f7ff6


MEMORY CONFIGURATION

         name            origin    length      used     unused   attr    fill
----------------------  --------  ---------  --------  --------  ----  --------
PAGE 0:
  PRAML0                00008000   00000800  00000004  000007fc  RWIX
  OTP                   003d7800   00000400  00000000  00000400  RWIX
  FLASHD                003f0000   00002000  00000000  00002000  RWIX
  FLASHC                003f2000   00002000  000010e8  00000f18  RWIX
  FLASHA                003f6000   00001f80  00001f80  00000000  RWIX
  CSM_RSVD              003f7f80   00000076  00000076  00000000  RWIX
  BEGIN                 003f7ff6   00000002  00000002  00000000  RWIX
  CSM_PWL_P0            003f7ff8   00000008  00000008  00000000  RWIX
  IQTABLES              003fe000   00000b50  00000000  00000b50  RWIX
  IQTABLES2             003feb50   0000008c  00000000  0000008c  RWIX
  IQTABLES3             003febdc   000000aa  00000000  000000aa  RWIX
  ROM                   003ff27c   00000d44  00000000  00000d44  RWIX
  RESET                 003fffc0   00000002  00000000  00000002  RWIX
  VECTORS               003fffc2   0000003e  00000000  0000003e  RWIX

PAGE 1:
  BOOT_RSVD             00000000   00000050  00000000  00000050  RWIX
  RAMM0                 00000050   000003b0  00000300  000000b0  RWIX
  RAMM1                 00000400   00000400  00000120  000002e0  RWIX
  DEV_EMU               00000880   00000105  00000004  00000101  RWIX
  SYS_PWR_CTL           00000985   00000003  00000003  00000000  RWIX
  FLASH_REGS            00000a80   00000060  00000008  00000058  RWIX
  CSM                   00000ae0   00000010  00000010  00000000  RWIX
  ADC_RESULT            00000b00   00000020  00000020  00000000  RWIX
  CPU_TIMER0            00000c00   00000008  00000008  00000000  RWIX
  CPU_TIMER1            00000c08   00000008  00000008  00000000  RWIX
  CPU_TIMER2            00000c10   00000008  00000008  00000000  RWIX
  PIE_CTRL              00000ce0   00000020  0000001a  00000006  RWIX
  PIE_VECT              00000d00   00000100  00000100  00000000  RWIX
  COMP1                 00006400   00000020  00000011  0000000f  RWIX
  COMP2                 00006420   00000020  00000011  0000000f  RWIX
  EPWM1                 00006800   00000040  00000040  00000000  RWIX
  EPWM2                 00006840   00000040  00000040  00000000  RWIX
  EPWM3                 00006880   00000040  00000040  00000000  RWIX
  EPWM4                 000068c0   00000040  00000040  00000000  RWIX
  ECAP1                 00006a00   00000020  00000020  00000000  RWIX
  GPIOCTRL              00006f80   00000040  00000040  00000000  RWIX
  GPIODAT               00006fc0   00000020  00000020  00000000  RWIX
  GPIOINT               00006fe0   00000020  0000000a  00000016  RWIX
  SYSTEM                00007010   00000020  0000001f  00000001  RWIX
  SPIA                  00007040   00000010  00000010  00000000  RWIX
  SCIA                  00007050   00000010  00000010  00000000  RWIX
  NMIINTRUPT            00007060   00000010  00000010  00000000  RWIX
  XINTRUPT              00007070   00000010  00000010  00000000  RWIX
  ADC                   00007100   00000080  00000051  0000002f  RWIX
  I2CA                  00007900   00000040  00000022  0000001e  RWIX
  DRAML0                00008800   00000800  0000064c  000001b4  RWIX
  PARTID                003d7fff   00000001  00000001  00000000  RWIX
  FLASHB                003f4000   00002000  00000000  00002000  RWIX
  CSM_PWL               003f7ff8   00000008  00000008  00000000  RWIX


SECTION ALLOCATION MAP

 output                                  attributes/
section   page    origin      length       input sections
--------  ----  ----------  ----------   ----------------
.pinit     0    003f6000    00000000     UNINITIALIZED

.text.1    0    003f2000    00001057     
                  003f2000    000000ff     rts2800_ml.lib : fopen.obj (.text)
                  003f20ff    000000a8                    : fputs.obj (.text)
                  003f21a7    0000009c                    : fd_add.obj (.text)
                  003f2243    0000008e                    : ankmsg.obj (.text)
                  003f22d1    0000008b                    : fd_div.obj (.text)
                  003f235c    00000083                    : fd_mpy.obj (.text)
                  003f23df    00000083                    : fs_div.obj (.text)
                  003f2462    00000079                    : setvbuf.obj (.text)
                  003f24db    0000006b                    : fflush.obj (.text)
                  003f2546    00000066     VoiceModule.obj (.text:_scia_init)
                  003f25ac    00000065     rts2800_ml.lib : _io_perm.obj (.text)
                  003f2611    0000005b                    : fclose.obj (.text)
                  003f266c    0000005a                    : fs_mpy.obj (.text)
                  003f26c6    00000055     VoiceModule.obj (.text:_adc_isr)
                  003f271b    00000050     rts2800_ml.lib : fputc.obj (.text)
                  003f276b    00000044                    : boot.obj (.text)
                  003f27af    0000003d                    : fseek.obj (.text)
                  003f27ec    0000003a     VoiceModule.obj (.text:_calculate_duty_cycle)
                  003f2826    00000034     driverlib.lib : gpio.obj (.text:_GPIO_setDirection)
                  003f285a    00000034                   : gpio.obj (.text:_GPIO_setPullUp)
                  003f288e    00000032     rts2800_ml.lib : printf.obj (.text)
                  003f28c0    00000031                    : atoi.obj (.text)
                  003f28f1    0000002c                    : ltoa.obj (.text)
                  003f291d    0000002b     driverlib.lib : gpio.obj (.text:_GPIO_setQualification)
                  003f2948    0000002a     VoiceModule.obj (.text:_update_compare)
                  003f2972    0000002a     rts2800_ml.lib : fd_cmp.obj (.text)
                  003f299c    0000002a                    : l_div.obj (.text)
                  003f29c6    00000025                    : fs_toi.obj (.text)
                  003f29eb    00000024     driverlib.lib : adc.obj (.text:_ADC_setIntMode)
                  003f2a0f    00000024                   : adc.obj (.text:_ADC_setIntSrc)
                  003f2a33    00000021     rts2800_ml.lib : fd_toi.obj (.text)
                  003f2a54    00000021                    : memcpy_ff.obj (.text)
                  003f2a75    0000001f     VoiceModule.obj (.text:_epwm2_isr)
                  003f2a94    0000001f     rts2800_ml.lib : fd_tol.obj (.text)
                  003f2ab3    0000001e                    : ll_cmp.obj (.text)
                  003f2ad1    0000001e                    : strncpy.obj (.text)
                  003f2aef    0000001d                    : fs_tou.obj (.text)
                  003f2b0c    0000001c     driverlib.lib : adc.obj (.text:_ADC_setSocChanNumber)
                  003f2b28    0000001c                   : adc.obj (.text:_ADC_setSocSampleWindow)
                  003f2b44    0000001c                   : adc.obj (.text:_ADC_setSocTrigSrc)
                  003f2b60    0000001c                   : sci_io.obj (.text:_SCI_write)
                  003f2b7c    0000001c     rts2800_ml.lib : fs_tofd.obj (.text)
                  003f2b98    0000001c                    : l_tofd.obj (.text)
                  003f2bb4    0000001a                    : i_tofs.obj (.text)
                  003f2bce    00000019                    : args_main.obj (.text)
                  003f2be7    00000019                    : exit.obj (.text)
                  003f2c00    00000018     driverlib.lib : adc.obj (.text:_ADC_enableInt)
                  003f2c18    00000018     rts2800_ml.lib : ll_aox.obj (.text)
                  003f2c30    00000016     VoiceModule.obj (.text:_fullFrame)
                  003f2c46    00000015     driverlib.lib : pll.obj (.text:_PLL_setup)
                  003f2c5b    00000014     rts2800_ml.lib : ll_mpy.obj (.text)
                  003f2c6f    00000013     driverlib.lib : sci_io.obj (.text:_SCI_open)
                  003f2c82    00000013                   : sci_io.obj (.text:_SCI_read)
                  003f2c95    00000012                   : adc.obj (.text:_ADC_setIntPulseGenMode)
                  003f2ca7    00000012                   : adc.obj (.text:_ADC_setVoltRefSrc)
                  003f2cb9    00000012                   : pie.obj (.text:_PIE_enableAdcInt)
                  003f2ccb    00000012                   : F2802x_asmfuncs.obj (.text)
                  003f2cdd    00000012     rts2800_ml.lib : memchr.obj (.text)
                  003f2cef    00000011     driverlib.lib : gpio.obj (.text:_GPIO_getData)
                  003f2d00    00000011                   : pie.obj (.text:_PIE_setDebugIntVectorTable)
                  003f2d11    00000010     rts2800_ml.lib : u_tofs.obj (.text)
                  003f2d21    0000000f     driverlib.lib : pie.obj (.text:_PIE_disableAllInts)
                  003f2d30    0000000f                   : pie.obj (.text:_PIE_registerPieIntHandler)
                  003f2d3f    0000000e     rts2800_ml.lib : fd_sub.obj (.text)
                  003f2d4d    0000000d     driverlib.lib : pie.obj (.text:_PIE_enablePwmInt)
                  003f2d5a    0000000d     rts2800_ml.lib : memccpy.obj (.text)
                  003f2d67    0000000d                    : memset.obj (.text)
                  003f2d74    0000000c     driverlib.lib : sci_io.obj (.text:_SCI_close)
                  003f2d80    0000000b                   : adc.obj (.text:_ADC_enable)
                  003f2d8b    0000000b                   : adc.obj (.text:_ADC_enableBandGap)
                  003f2d96    0000000b                   : adc.obj (.text:_ADC_enableRefBuffers)
                  003f2da1    0000000b                   : adc.obj (.text:_ADC_powerUp)
                  003f2dac    0000000b     rts2800_ml.lib : strchr.obj (.text)
                  003f2db7    0000000a     driverlib.lib : sci.obj (.text:_SCI_resetChannels)
                  003f2dc1    0000000a                   : sci.obj (.text:_SCI_resetRxFifo)
                  003f2dcb    0000000a                   : sci.obj (.text:_SCI_resetTxFifo)
                  003f2dd5    0000000a     rts2800_ml.lib : strcmp.obj (.text)
                  003f2ddf    00000009     driverlib.lib : clk.obj (.text:_CLK_enablePwmClock)
                  003f2de8    00000009                   : clk.obj (.text:_CLK_enableSciaClock)
                  003f2df1    00000009                   : pwm.obj (.text:_PWM_setActionQual_CntDown_CmpB_PwmA)
                  003f2dfa    00000009                   : pwm.obj (.text:_PWM_setActionQual_CntUp_CmpA_PwmA)
                  003f2e03    00000009                   : pwm.obj (.text:_PWM_setActionQual_CntUp_CmpB_PwmB)
                  003f2e0c    00000009                   : pwm.obj (.text:_PWM_setSocAPeriod)
                  003f2e15    00000009                   : pwm.obj (.text:_PWM_setSocAPulseSrc)
                  003f2e1e    00000009                   : sci.obj (.text:_SCI_putDataBlocking)
                  003f2e27    00000009     rts2800_ml.lib : _lock.obj (.text)
                  003f2e30    00000009                    : fd_neg.obj (.text)
                  003f2e39    00000008     driverlib.lib : adc.obj (.text:_ADC_init)
                  003f2e41    00000008                   : pie.obj (.text:_PIE_init)
                  003f2e49    00000008                   : wdog.obj (.text:_WDOG_disable)
                  003f2e51    00000008     rts2800_ml.lib : strlen.obj (.text)
                  003f2e59    00000007     driverlib.lib : clk.obj (.text:_CLK_disableTbClockSync)
                  003f2e60    00000007                   : clk.obj (.text:_CLK_enableAdcClock)
                  003f2e67    00000007                   : clk.obj (.text:_CLK_enableTbClockSync)
                  003f2e6e    00000007                   : clk.obj (.text:_CLK_init)
                  003f2e75    00000007                   : clk.obj (.text:_CLK_setClkOutPreScaler)
                  003f2e7c    00000007                   : clk.obj (.text:_CLK_setOscSrc)
                  003f2e83    00000007                   : flash.obj (.text:_FLASH_init)
                  003f2e8a    00000007                   : gpio.obj (.text:_GPIO_init)
                  003f2e91    00000007                   : pll.obj (.text:_PLL_init)
                  003f2e98    00000007                   : pll.obj (.text:_PLL_setDivider)
                  003f2e9f    00000007                   : pwm.obj (.text:_PWM_init)
                  003f2ea6    00000007                   : pwm.obj (.text:_PWM_setActionQual_Zero_PwmB)
                  003f2ead    00000007                   : pwm.obj (.text:_PWM_setIntMode)
                  003f2eb4    00000007                   : pwm.obj (.text:_PWM_setIntPeriod)
                  003f2ebb    00000007                   : sci.obj (.text:_SCI_init)
                  003f2ec2    00000007                   : sci.obj (.text:_SCI_setRxFifoIntLevel)
                  003f2ec9    00000007                   : sci.obj (.text:_SCI_setTxFifoIntLevel)
                  003f2ed0    00000007                   : wdog.obj (.text:_WDOG_init)
                  003f2ed7    00000006                   : pwm.obj (.text:_PWM_setLoadMode_CmpB)
                  003f2edd    00000006                   : pwm.obj (.text:_PWM_setShadowMode_CmpA)
                  003f2ee3    00000006                   : pwm.obj (.text:_PWM_setShadowMode_CmpB)
                  003f2ee9    00000006                   : sci.obj (.text:_SCI_setBaudRate)
                  003f2eef    00000005                   : F2802x_DefaultIsr.obj (.text:_ADCINT1_ISR)
                  003f2ef4    00000005                   : F2802x_DefaultIsr.obj (.text:_ADCINT2_ISR)
                  003f2ef9    00000005                   : F2802x_DefaultIsr.obj (.text:_ADCINT3_ISR)
                  003f2efe    00000005                   : F2802x_DefaultIsr.obj (.text:_ADCINT4_ISR)
                  003f2f03    00000005                   : F2802x_DefaultIsr.obj (.text:_ADCINT5_ISR)
                  003f2f08    00000005                   : F2802x_DefaultIsr.obj (.text:_ADCINT6_ISR)
                  003f2f0d    00000005                   : F2802x_DefaultIsr.obj (.text:_ADCINT7_ISR)
                  003f2f12    00000005                   : F2802x_DefaultIsr.obj (.text:_ADCINT8_ISR)
                  003f2f17    00000005                   : F2802x_DefaultIsr.obj (.text:_ADCINT9_ISR)
                  003f2f1c    00000005                   : F2802x_DefaultIsr.obj (.text:_DATALOG_ISR)
                  003f2f21    00000005                   : F2802x_DefaultIsr.obj (.text:_ECAP1_INT_ISR)
                  003f2f26    00000005                   : F2802x_DefaultIsr.obj (.text:_EMUINT_ISR)
                  003f2f2b    00000005                   : F2802x_DefaultIsr.obj (.text:_EPWM1_INT_ISR)
                  003f2f30    00000005                   : F2802x_DefaultIsr.obj (.text:_EPWM1_TZINT_ISR)
                  003f2f35    00000005                   : F2802x_DefaultIsr.obj (.text:_EPWM2_INT_ISR)
                  003f2f3a    00000005                   : F2802x_DefaultIsr.obj (.text:_EPWM2_TZINT_ISR)
                  003f2f3f    00000005                   : F2802x_DefaultIsr.obj (.text:_EPWM3_INT_ISR)
                  003f2f44    00000005                   : F2802x_DefaultIsr.obj (.text:_EPWM3_TZINT_ISR)
                  003f2f49    00000005                   : F2802x_DefaultIsr.obj (.text:_I2CINT1A_ISR)
                  003f2f4e    00000005                   : F2802x_DefaultIsr.obj (.text:_I2CINT2A_ISR)
                  003f2f53    00000005                   : F2802x_DefaultIsr.obj (.text:_ILLEGAL_ISR)
                  003f2f58    00000005                   : F2802x_DefaultIsr.obj (.text:_INT13_ISR)
                  003f2f5d    00000005                   : F2802x_DefaultIsr.obj (.text:_INT14_ISR)
                  003f2f62    00000005                   : F2802x_DefaultIsr.obj (.text:_NMI_ISR)
                  003f2f67    00000005                   : F2802x_DefaultIsr.obj (.text:_PIE_RESERVED)
                  003f2f6c    00000005                   : F2802x_DefaultIsr.obj (.text:_RTOSINT_ISR)
                  003f2f71    00000005                   : F2802x_DefaultIsr.obj (.text:_SCIRXINTA_ISR)
                  003f2f76    00000005                   : F2802x_DefaultIsr.obj (.text:_SCITXINTA_ISR)
                  003f2f7b    00000005                   : F2802x_DefaultIsr.obj (.text:_SPIRXINTA_ISR)
                  003f2f80    00000005                   : F2802x_DefaultIsr.obj (.text:_SPITXINTA_ISR)
                  003f2f85    00000005                   : F2802x_DefaultIsr.obj (.text:_TINT0_ISR)
                  003f2f8a    00000005                   : F2802x_DefaultIsr.obj (.text:_USER10_ISR)
                  003f2f8f    00000005                   : F2802x_DefaultIsr.obj (.text:_USER11_ISR)
                  003f2f94    00000005                   : F2802x_DefaultIsr.obj (.text:_USER12_ISR)
                  003f2f99    00000005                   : F2802x_DefaultIsr.obj (.text:_USER1_ISR)
                  003f2f9e    00000005                   : F2802x_DefaultIsr.obj (.text:_USER2_ISR)
                  003f2fa3    00000005                   : F2802x_DefaultIsr.obj (.text:_USER3_ISR)
                  003f2fa8    00000005                   : F2802x_DefaultIsr.obj (.text:_USER4_ISR)
                  003f2fad    00000005                   : F2802x_DefaultIsr.obj (.text:_USER5_ISR)
                  003f2fb2    00000005                   : F2802x_DefaultIsr.obj (.text:_USER6_ISR)
                  003f2fb7    00000005                   : F2802x_DefaultIsr.obj (.text:_USER7_ISR)
                  003f2fbc    00000005                   : F2802x_DefaultIsr.obj (.text:_USER8_ISR)
                  003f2fc1    00000005                   : F2802x_DefaultIsr.obj (.text:_USER9_ISR)
                  003f2fc6    00000005                   : F2802x_DefaultIsr.obj (.text:_WAKEINT_ISR)
                  003f2fcb    00000005                   : F2802x_DefaultIsr.obj (.text:_XINT1_ISR)
                  003f2fd0    00000005                   : F2802x_DefaultIsr.obj (.text:_XINT2_ISR)
                  003f2fd5    00000005                   : F2802x_DefaultIsr.obj (.text:_XINT3_ISR)
                  003f2fda    00000005                   : F2802x_DefaultIsr.obj (.text:_rsvd_ISR)
                  003f2fdf    00000005     rts2800_ml.lib : strcpy.obj (.text)
                  003f2fe4    00000004     driverlib.lib : cpu.obj (.text:_CPU_enableInt)
                  003f2fe8    00000004                   : cpu.obj (.text:_CPU_init)
                  003f2fec    00000004                   : pwm.obj (.text:_PWM_enableInt)
                  003f2ff0    00000004                   : pwm.obj (.text:_PWM_enableSocAPulse)
                  003f2ff4    00000004                   : pwm.obj (.text:_PWM_setClkDiv)
                  003f2ff8    00000004                   : pwm.obj (.text:_PWM_setCounterMode)
                  003f2ffc    00000004                   : pwm.obj (.text:_PWM_setHighSpeedClkDiv)
                  003f3000    00000004                   : pwm.obj (.text:_PWM_setLoadMode_CmpA)
                  003f3004    00000004                   : sci.obj (.text:_SCI_clearRxFifoInt)
                  003f3008    00000004                   : sci.obj (.text:_SCI_clearTxFifoInt)
                  003f300c    00000004                   : sci.obj (.text:_SCI_enableFifoEnh)
                  003f3010    00000004                   : sci.obj (.text:_SCI_setCharLength)
                  003f3014    00000004                   : sci.obj (.text:_SCI_setNumStopBits)
                  003f3018    00000003                   : cpu.obj (.text:_CPU_clearIntFlags)
                  003f301b    00000003                   : cpu.obj (.text:_CPU_disableGlobalInts)
                  003f301e    00000003                   : cpu.obj (.text:_CPU_enableDebugInt)
                  003f3021    00000003                   : cpu.obj (.text:_CPU_enableGlobalInts)
                  003f3024    00000003                   : pie.obj (.text:_PIE_disable)
                  003f3027    00000003                   : pie.obj (.text:_PIE_enable)
                  003f302a    00000003                   : pll.obj (.text:_PLL_getClkStatus)
                  003f302d    00000003                   : pll.obj (.text:_PLL_getLockStatus)
                  003f3030    00000003                   : pwm.obj (.text:_PWM_disableCounterLoad)
                  003f3033    00000003                   : sci.obj (.text:_SCI_disableParity)
                  003f3036    00000003                   : sci.obj (.text:_SCI_enable)
                  003f3039    00000003                   : sci.obj (.text:_SCI_enableRx)
                  003f303c    00000003                   : sci.obj (.text:_SCI_enableRxInt)
                  003f303f    00000003                   : sci.obj (.text:_SCI_enableTx)
                  003f3042    00000003                   : sci.obj (.text:_SCI_enableTxInt)
                  003f3045    00000003                   : sci.obj (.text:_SCI_setPriority)
                  003f3048    00000003     rts2800_ml.lib : remove.obj (.text)
                  003f304b    00000002     driverlib.lib : pwm.obj (.text:_PWM_setCount)
                  003f304d    00000002                   : pwm.obj (.text:_PWM_setPeriod)
                  003f304f    00000002                   : pwm.obj (.text:_PWM_setPhase)
                  003f3051    00000002                   : sci_io.obj (.text:_SCI_lseek)
                  003f3053    00000002                   : sci_io.obj (.text:_SCI_rename)
                  003f3055    00000002                   : sci_io.obj (.text:_SCI_unlink)

.cinit     0    003f3057    00000091     
                  003f3057    00000031     rts2800_ml.lib : lowlev.obj (.cinit)
                  003f3088    0000002a                    : defs.obj (.cinit)
                  003f30b2    0000000c     VoiceModule.obj (.cinit)
                  003f30be    0000000a     rts2800_ml.lib : _lock.obj (.cinit)
                  003f30c8    0000000a                    : exit.obj (.cinit)
                  003f30d2    00000008     WriteDac.obj (.cinit)
                  003f30da    00000004     driverlib.lib : sci_io.obj (.cinit)
                  003f30de    00000004     rts2800_ml.lib : fopen.obj (.cinit)
                  003f30e2    00000004                    : memory.obj (.cinit)
                  003f30e6    00000002     --HOLE-- [fill = 0]

.econst    0    003f6000    00000c40     
                  003f6000    000009e8     VoiceModule.obj (.econst:_wavFile)
                  003f69e8    00000101     rts2800_ml.lib : ctype.obj (.econst:.string:__ctypes_)
                  003f6ae9    00000001     --HOLE-- [fill = 0]
                  003f6aea    00000100     driverlib.lib : pie.obj (.econst:_PIE_tableDebugInit)
                  003f6bea    00000024     rts2800_ml.lib : _printfi.obj (.econst:.string)
                  003f6c0e    00000018                    : _printfi.obj (.econst)
                  003f6c26    00000012     VoiceModule.obj (.econst:.string)
                  003f6c38    00000006     VoiceModule.obj (.econst)
                  003f6c3e    00000002     rts2800_ml.lib : fputs.obj (.econst:.string)

ramfuncs   0    003f6c40    00000004     RUN ADDR = 00008000
                  003f6c40    00000004     driverlib.lib : F2802x_asmfuncs.obj (ramfuncs)

.text.2    0    003f6c44    0000133c     
                  003f6c44    00000930     rts2800_ml.lib : _printfi.obj (.text)
                  003f7574    00000245     VoiceModule.obj (.text:_main)
                  003f77b9    00000201     rts2800_ml.lib : lowlev.obj (.text)
                  003f79ba    000001f2                    : trgdrv.obj (.text)
                  003f7bac    000001d3                    : memory.obj (.text)
                  003f7d7f    00000107                    : ll_div.obj (.text)
                  003f7e86    000000ab     VoiceModule.obj (.text:_InitEPwm2)
                  003f7f31    00000049     driverlib.lib : gpio.obj (.text:_GPIO_setMode)
                  003f7f7a    00000006                   : pll.obj (.text:_PLL_setMultiplier)

csm_rsvd   0    003f7f80    00000076     
                  003f7f80    00000076     driverlib.lib : F2802x_asmfuncs.obj (csm_rsvd)

codestart 
*          0    003f7ff6    00000002     
                  003f7ff6    00000002     driverlib.lib : F2802x_asmfuncs.obj (codestart)

csmpasswds 
*          0    003f7ff8    00000008     
                  003f7ff8    00000008     driverlib.lib : F2802x_asmfuncs.obj (csmpasswds)

.reset     0    003fffc0    00000002     DSECT
                  003fffc0    00000002     rts2800_ml.lib : boot.obj (.reset)

vectors    0    003fffc2    00000000     DSECT

.stack     1    00000050    00000300     UNINITIALIZED
                  00000050    00000300     --HOLE--

.cio       1    00000400    00000120     UNINITIALIZED
                  00000400    00000120     rts2800_ml.lib : ankmsg.obj (.cio)

DevEmuRegsFile 
*          1    00000880    00000004     UNINITIALIZED
                  00000880    00000004     driverlib.lib : F2802x_GlobalVariableDefs.obj (DevEmuRegsFile)

SysPwrCtrlRegsFile 
*          1    00000985    00000003     UNINITIALIZED
                  00000985    00000003     driverlib.lib : F2802x_GlobalVariableDefs.obj (SysPwrCtrlRegsFile)

FlashRegsFile 
*          1    00000a80    00000008     UNINITIALIZED
                  00000a80    00000008     driverlib.lib : F2802x_GlobalVariableDefs.obj (FlashRegsFile)

CsmRegsFile 
*          1    00000ae0    00000010     UNINITIALIZED
                  00000ae0    00000010     driverlib.lib : F2802x_GlobalVariableDefs.obj (CsmRegsFile)

AdcResultFile 
*          1    00000b00    00000020     UNINITIALIZED
                  00000b00    00000020     driverlib.lib : F2802x_GlobalVariableDefs.obj (AdcResultFile)

CpuTimer0RegsFile 
*          1    00000c00    00000008     UNINITIALIZED
                  00000c00    00000008     driverlib.lib : F2802x_GlobalVariableDefs.obj (CpuTimer0RegsFile)

CpuTimer1RegsFile 
*          1    00000c08    00000008     UNINITIALIZED
                  00000c08    00000008     driverlib.lib : F2802x_GlobalVariableDefs.obj (CpuTimer1RegsFile)

CpuTimer2RegsFile 
*          1    00000c10    00000008     UNINITIALIZED
                  00000c10    00000008     driverlib.lib : F2802x_GlobalVariableDefs.obj (CpuTimer2RegsFile)

PieCtrlRegsFile 
*          1    00000ce0    0000001a     UNINITIALIZED
                  00000ce0    0000001a     driverlib.lib : F2802x_GlobalVariableDefs.obj (PieCtrlRegsFile)

PieVectTableFile 
*          1    00000d00    00000100     UNINITIALIZED
                  00000d00    00000100     driverlib.lib : F2802x_GlobalVariableDefs.obj (PieVectTableFile)

EmuKeyVar 
*          1    00000d00    00000001     UNINITIALIZED
                  00000d00    00000001     driverlib.lib : F2802x_GlobalVariableDefs.obj (EmuKeyVar)

EmuBModeVar 
*          1    00000d01    00000001     UNINITIALIZED
                  00000d01    00000001     driverlib.lib : F2802x_GlobalVariableDefs.obj (EmuBModeVar)

FlashCallbackVar 
*          1    00000d02    00000002     UNINITIALIZED
                  00000d02    00000002     driverlib.lib : F2802x_GlobalVariableDefs.obj (FlashCallbackVar)

FlashScalingVar 
*          1    00000d04    00000002     UNINITIALIZED
                  00000d04    00000002     driverlib.lib : F2802x_GlobalVariableDefs.obj (FlashScalingVar)

Comp1RegsFile 
*          1    00006400    00000011     UNINITIALIZED
                  00006400    00000011     driverlib.lib : F2802x_GlobalVariableDefs.obj (Comp1RegsFile)

Comp2RegsFile 
*          1    00006420    00000011     UNINITIALIZED
                  00006420    00000011     driverlib.lib : F2802x_GlobalVariableDefs.obj (Comp2RegsFile)

EPwm1RegsFile 
*          1    00006800    00000040     UNINITIALIZED
                  00006800    00000040     driverlib.lib : F2802x_GlobalVariableDefs.obj (EPwm1RegsFile)

EPwm2RegsFile 
*          1    00006840    00000040     UNINITIALIZED
                  00006840    00000040     driverlib.lib : F2802x_GlobalVariableDefs.obj (EPwm2RegsFile)

EPwm3RegsFile 
*          1    00006880    00000040     UNINITIALIZED
                  00006880    00000040     driverlib.lib : F2802x_GlobalVariableDefs.obj (EPwm3RegsFile)

EPwm4RegsFile 
*          1    000068c0    00000040     UNINITIALIZED
                  000068c0    00000040     driverlib.lib : F2802x_GlobalVariableDefs.obj (EPwm4RegsFile)

ECap1RegsFile 
*          1    00006a00    00000020     UNINITIALIZED
                  00006a00    00000020     driverlib.lib : F2802x_GlobalVariableDefs.obj (ECap1RegsFile)

GpioCtrlRegsFile 
*          1    00006f80    00000040     UNINITIALIZED
                  00006f80    00000040     driverlib.lib : F2802x_GlobalVariableDefs.obj (GpioCtrlRegsFile)

GpioDataRegsFile 
*          1    00006fc0    00000020     UNINITIALIZED
                  00006fc0    00000020     driverlib.lib : F2802x_GlobalVariableDefs.obj (GpioDataRegsFile)

GpioIntRegsFile 
*          1    00006fe0    0000000a     UNINITIALIZED
                  00006fe0    0000000a     driverlib.lib : F2802x_GlobalVariableDefs.obj (GpioIntRegsFile)

SysCtrlRegsFile 
*          1    00007010    0000001f     UNINITIALIZED
                  00007010    0000001f     driverlib.lib : F2802x_GlobalVariableDefs.obj (SysCtrlRegsFile)

SpiaRegsFile 
*          1    00007040    00000010     UNINITIALIZED
                  00007040    00000010     driverlib.lib : F2802x_GlobalVariableDefs.obj (SpiaRegsFile)

SciaRegsFile 
*          1    00007050    00000010     UNINITIALIZED
                  00007050    00000010     driverlib.lib : F2802x_GlobalVariableDefs.obj (SciaRegsFile)

NmiIntruptRegsFile 
*          1    00007060    00000010     UNINITIALIZED
                  00007060    00000010     driverlib.lib : F2802x_GlobalVariableDefs.obj (NmiIntruptRegsFile)

XIntruptRegsFile 
*          1    00007070    00000010     UNINITIALIZED
                  00007070    00000010     driverlib.lib : F2802x_GlobalVariableDefs.obj (XIntruptRegsFile)

AdcRegsFile 
*          1    00007100    00000051     UNINITIALIZED
                  00007100    00000051     driverlib.lib : F2802x_GlobalVariableDefs.obj (AdcRegsFile)

I2caRegsFile 
*          1    00007900    00000022     UNINITIALIZED
                  00007900    00000022     driverlib.lib : F2802x_GlobalVariableDefs.obj (I2caRegsFile)

.ebss      1    00008800    0000044c     UNINITIALIZED
                  00008800    00000240     VoiceModule.obj (.ebss)
                  00008a40    00000160     rts2800_ml.lib : defs.obj (.ebss)
                  00008ba0    00000008                    : memory.obj (.ebss)
                  00008ba8    00000008                    : trgdrv.obj (.ebss)
                  00008bb0    00000005     WriteDac.obj (.ebss)
                  00008bb5    00000001     driverlib.lib : cpu.obj (.ebss)
                  00008bb6    00000004                   : sci_io.obj (.ebss)
                  00008bba    00000004     rts2800_ml.lib : _lock.obj (.ebss)
                  00008bbe    00000001                    : fopen.obj (.ebss)
                  00008bbf    00000001     --HOLE--
                  00008bc0    00000088                    : lowlev.obj (.ebss)
                  00008c48    00000004                    : exit.obj (.ebss)

.sysmem    1    00008c4c    00000200     UNINITIALIZED
                  00008c4c    00000001     rts2800_ml.lib : memory.obj (.sysmem)
                  00008c4d    000001ff     --HOLE--

PartIdRegsFile 
*          1    003d7fff    00000001     UNINITIALIZED
                  003d7fff    00000001     driverlib.lib : F2802x_GlobalVariableDefs.obj (PartIdRegsFile)

CsmPwlFile 
*          1    003f7ff8    00000008     UNINITIALIZED
                  003f7ff8    00000008     driverlib.lib : F2802x_GlobalVariableDefs.obj (CsmPwlFile)


GLOBAL DATA SYMBOLS: SORTED BY DATA PAGE

address     data page           name
--------    ----------------    ----
00000050       1 (00000040)     __stack

00000400      10 (00000400)     __CIOBUF_

00000880      22 (00000880)     _DevEmuRegs

00000985      26 (00000980)     _SysPwrCtrlRegs

00000a80      2a (00000a80)     _FlashRegs

00000ae0      2b (00000ac0)     _CsmRegs

00000b00      2c (00000b00)     _AdcResult

00000c00      30 (00000c00)     _CpuTimer0Regs
00000c08      30 (00000c00)     _CpuTimer1Regs
00000c10      30 (00000c00)     _CpuTimer2Regs

00000ce0      33 (00000cc0)     _PieCtrlRegs

00000d00      34 (00000d00)     _EmuKey
00000d00      34 (00000d00)     _PieVectTable
00000d01      34 (00000d00)     _EmuBMode
00000d02      34 (00000d00)     _Flash_CallbackPtr
00000d04      34 (00000d00)     _Flash_CPUScaleFactor

00006400     190 (00006400)     _Comp1Regs
00006420     190 (00006400)     _Comp2Regs

00006800     1a0 (00006800)     _EPwm1Regs

00006840     1a1 (00006840)     _EPwm2Regs

00006880     1a2 (00006880)     _EPwm3Regs

000068c0     1a3 (000068c0)     _EPwm4Regs

00006a00     1a8 (00006a00)     _ECap1Regs

00006f80     1be (00006f80)     _GpioCtrlRegs

00006fc0     1bf (00006fc0)     _GpioDataRegs
00006fe0     1bf (00006fc0)     _GpioIntRegs

00007010     1c0 (00007000)     _SysCtrlRegs

00007040     1c1 (00007040)     _SpiaRegs
00007050     1c1 (00007040)     _SciaRegs
00007060     1c1 (00007040)     _NmiIntruptRegs
00007070     1c1 (00007040)     _XIntruptRegs

00007100     1c4 (00007100)     _AdcRegs

00007900     1e4 (00007900)     _I2caRegs

00008800     220 (00008800)     _ConversionCount
00008801     220 (00008800)     _indexToPlay
00008802     220 (00008800)     _loopCount
00008804     220 (00008800)     _myClk
00008806     220 (00008800)     _myFlash
00008808     220 (00008800)     _mySci
0000880a     220 (00008800)     _myAdc
0000880c     220 (00008800)     _myPie
0000880e     220 (00008800)     _myPwm
00008810     220 (00008800)     _myPwm2
00008812     220 (00008800)     _myGpio
00008814     220 (00008800)     _myCpu
00008816     220 (00008800)     _epwm2_info

00008840     221 (00008840)     _voltage

00008940     225 (00008940)     _frame

00008a40     229 (00008a40)     ___TI_ft_end

00008a80     22a (00008a80)     __ftable

00008b00     22c (00008b00)     ___TI_tmpnams

00008bb0     22e (00008b80)     _MEP_ScaleFactor
00008bb5     22e (00008b80)     _cpu
00008bb6     22e (00008b80)     _deviceOpen
00008bb8     22e (00008b80)     _ioSci
00008bba     22e (00008b80)     __unlock
00008bbc     22e (00008b80)     __lock

00008c48     231 (00008c40)     ___TI_cleanup_ptr
00008c4a     231 (00008c40)     ___TI_dtors_ptr
00008c4c     231 (00008c40)     __sys_memory

003d7fff    f5ff (003d7fc0)     _PartIdRegs

003f6000    fd80 (003f6000)     _wavFile

003f69e8    fda7 (003f69c0)     __ctypes_

003f6aea    fdab (003f6ac0)     _PIE_tableDebugInit

003f6c38    fdb0 (003f6c00)     _highSpeedClockDiv
003f6c3a    fdb0 (003f6c00)     _clockRate
003f6c3c    fdb0 (003f6c00)     _sampleRate

003f7ff8    fdff (003f7fc0)     _CsmPwl


GLOBAL SYMBOLS: SORTED ALPHABETICALLY BY Name 

address    name
--------   ----
ffffffff   .text
003f2be7   C$$EXIT
003f2293   C$$IO$$
003f21a7   FD$$ADD
003f2972   FD$$CMP
003f22d1   FD$$DIV
003f235c   FD$$MPY
003f2e30   FD$$NEG
003f2d3f   FD$$SUB
003f2a33   FD$$TOI
003f2a94   FD$$TOL
003f23df   FS$$DIV
003f266c   FS$$MPY
003f2b7c   FS$$TOFD
003f29c6   FS$$TOI
003f2aef   FS$$TOU
003f2bb4   I$$TOFS
003f299c   L$$DIV
003f29ab   L$$MOD
003f2b98   L$$TOFD
003f2c18   LL$$AND
003f2ab3   LL$$CMP
003f7d7f   LL$$DIV
003f7dbb   LL$$MOD
003f2c5b   LL$$MPY
003f2c20   LL$$OR
003f2c28   LL$$XOR
003f2d11   U$$TOFS
003f29b9   UL$$DIV
003f29c0   UL$$MOD
003f2ac5   ULL$$CMP
003f7df5   ULL$$DIV
003f7e24   ULL$$MOD
003f2eef   _ADCINT1_ISR
003f2ef4   _ADCINT2_ISR
003f2ef9   _ADCINT3_ISR
003f2efe   _ADCINT4_ISR
003f2f03   _ADCINT5_ISR
003f2f08   _ADCINT6_ISR
003f2f0d   _ADCINT7_ISR
003f2f12   _ADCINT8_ISR
003f2f17   _ADCINT9_ISR
003f2d80   _ADC_enable
003f2d8b   _ADC_enableBandGap
003f2c00   _ADC_enableInt
003f2d96   _ADC_enableRefBuffers
003f2e39   _ADC_init
003f2da1   _ADC_powerUp
003f29eb   _ADC_setIntMode
003f2c95   _ADC_setIntPulseGenMode
003f2a0f   _ADC_setIntSrc
003f2b0c   _ADC_setSocChanNumber
003f2b28   _ADC_setSocSampleWindow
003f2b44   _ADC_setSocTrigSrc
003f2ca7   _ADC_setVoltRefSrc
00007100   _AdcRegs
00000b00   _AdcResult
003f2e59   _CLK_disableTbClockSync
003f2e60   _CLK_enableAdcClock
003f2ddf   _CLK_enablePwmClock
003f2de8   _CLK_enableSciaClock
003f2e67   _CLK_enableTbClockSync
003f2e6e   _CLK_init
003f2e75   _CLK_setClkOutPreScaler
003f2e7c   _CLK_setOscSrc
003f3018   _CPU_clearIntFlags
003f301b   _CPU_disableGlobalInts
003f301e   _CPU_enableDebugInt
003f3021   _CPU_enableGlobalInts
003f2fe4   _CPU_enableInt
003f2fe8   _CPU_init
00006400   _Comp1Regs
00006420   _Comp2Regs
00008800   _ConversionCount
00000c00   _CpuTimer0Regs
00000c08   _CpuTimer1Regs
00000c10   _CpuTimer2Regs
003f7ff8   _CsmPwl
00000ae0   _CsmRegs
003f2f1c   _DATALOG_ISR
003f2cd6   _DSP28x_DisableInt
003f2cda   _DSP28x_RestoreInt
00008000   _DSP28x_usDelay
00000880   _DevEmuRegs
003f2f21   _ECAP1_INT_ISR
00006a00   _ECap1Regs
003f2f26   _EMUINT_ISR
003f2f2b   _EPWM1_INT_ISR
003f2f30   _EPWM1_TZINT_ISR
003f2f35   _EPWM2_INT_ISR
003f2f3a   _EPWM2_TZINT_ISR
003f2f3f   _EPWM3_INT_ISR
003f2f44   _EPWM3_TZINT_ISR
00006800   _EPwm1Regs
00006840   _EPwm2Regs
00006880   _EPwm3Regs
000068c0   _EPwm4Regs
00000d01   _EmuBMode
00000d00   _EmuKey
003f2e83   _FLASH_init
00000a80   _FlashRegs
00000d04   _Flash_CPUScaleFactor
00000d02   _Flash_CallbackPtr
003f2cef   _GPIO_getData
003f2e8a   _GPIO_init
003f2826   _GPIO_setDirection
003f7f31   _GPIO_setMode
003f285a   _GPIO_setPullUp
003f291d   _GPIO_setQualification
00006f80   _GpioCtrlRegs
00006fc0   _GpioDataRegs
00006fe0   _GpioIntRegs
003f7b82   _HOSTclock
003f7b5b   _HOSTclose
003f7b31   _HOSTgetenv
003f7aea   _HOSTlseek
003f7ab3   _HOSTopen
003f7a7d   _HOSTread
003f7a3f   _HOSTrename
003f7a15   _HOSTtime
003f79f0   _HOSTunlink
003f79ba   _HOSTwrite
003f2f49   _I2CINT1A_ISR
003f2f4e   _I2CINT2A_ISR
00007900   _I2caRegs
003f2f53   _ILLEGAL_ISR
003f2f58   _INT13_ISR
003f2f5d   _INT14_ISR
003f7e86   _InitEPwm2
00008bb0   _MEP_ScaleFactor
003f2f62   _NMI_ISR
00007060   _NmiIntruptRegs
003f2f67   _PIE_RESERVED
003f3024   _PIE_disable
003f2d21   _PIE_disableAllInts
003f3027   _PIE_enable
003f2cb9   _PIE_enableAdcInt
003f2d4d   _PIE_enablePwmInt
003f2e41   _PIE_init
003f2d30   _PIE_registerPieIntHandler
003f2d00   _PIE_setDebugIntVectorTable
003f6aea   _PIE_tableDebugInit
003f302a   _PLL_getClkStatus
003f302d   _PLL_getLockStatus
003f2e91   _PLL_init
003f2e98   _PLL_setDivider
003f7f7a   _PLL_setMultiplier
003f2c46   _PLL_setup
003f3030   _PWM_disableCounterLoad
003f2fec   _PWM_enableInt
003f2ff0   _PWM_enableSocAPulse
003f2e9f   _PWM_init
003f2df1   _PWM_setActionQual_CntDown_CmpB_PwmA
003f2dfa   _PWM_setActionQual_CntUp_CmpA_PwmA
003f2e03   _PWM_setActionQual_CntUp_CmpB_PwmB
003f2ea6   _PWM_setActionQual_Zero_PwmB
003f2ff4   _PWM_setClkDiv
003f304b   _PWM_setCount
003f2ff8   _PWM_setCounterMode
003f2ffc   _PWM_setHighSpeedClkDiv
003f2ead   _PWM_setIntMode
003f2eb4   _PWM_setIntPeriod
003f3000   _PWM_setLoadMode_CmpA
003f2ed7   _PWM_setLoadMode_CmpB
003f304d   _PWM_setPeriod
003f304f   _PWM_setPhase
003f2edd   _PWM_setShadowMode_CmpA
003f2ee3   _PWM_setShadowMode_CmpB
003f2e0c   _PWM_setSocAPeriod
003f2e15   _PWM_setSocAPulseSrc
003d7fff   _PartIdRegs
00000ce0   _PieCtrlRegs
00000d00   _PieVectTable
003f2f6c   _RTOSINT_ISR
00000004   _RamfuncsLoadSize
003f6c40   _RamfuncsLoadStart
00008000   _RamfuncsRunStart
003f2f71   _SCIRXINTA_ISR
003f2f76   _SCITXINTA_ISR
003f3004   _SCI_clearRxFifoInt
003f3008   _SCI_clearTxFifoInt
003f2d74   _SCI_close
003f3033   _SCI_disableParity
003f3036   _SCI_enable
003f300c   _SCI_enableFifoEnh
003f3039   _SCI_enableRx
003f303c   _SCI_enableRxInt
003f303f   _SCI_enableTx
003f3042   _SCI_enableTxInt
003f2ebb   _SCI_init
003f3051   _SCI_lseek
003f2c6f   _SCI_open
003f2e1e   _SCI_putDataBlocking
003f2c82   _SCI_read
003f3053   _SCI_rename
003f2db7   _SCI_resetChannels
003f2dc1   _SCI_resetRxFifo
003f2dcb   _SCI_resetTxFifo
003f2ee9   _SCI_setBaudRate
003f3010   _SCI_setCharLength
003f3014   _SCI_setNumStopBits
003f3045   _SCI_setPriority
003f2ec2   _SCI_setRxFifoIntLevel
003f2ec9   _SCI_setTxFifoIntLevel
003f3055   _SCI_unlink
003f2b60   _SCI_write
003f2f7b   _SPIRXINTA_ISR
003f2f80   _SPITXINTA_ISR
00007050   _SciaRegs
00007040   _SpiaRegs
00007010   _SysCtrlRegs
00000985   _SysPwrCtrlRegs
003f2f85   _TINT0_ISR
003f2f8a   _USER10_ISR
003f2f8f   _USER11_ISR
003f2f94   _USER12_ISR
003f2f99   _USER1_ISR
003f2f9e   _USER2_ISR
003f2fa3   _USER3_ISR
003f2fa8   _USER4_ISR
003f2fad   _USER5_ISR
003f2fb2   _USER6_ISR
003f2fb7   _USER7_ISR
003f2fbc   _USER8_ISR
003f2fc1   _USER9_ISR
003f2fc6   _WAKEINT_ISR
003f2e49   _WDOG_disable
003f2ed0   _WDOG_init
003f2fcb   _XINT1_ISR
003f2fd0   _XINT2_ISR
003f2fd5   _XINT3_ISR
00007070   _XIntruptRegs
00000400   __CIOBUF_
00000350   __STACK_END
00000300   __STACK_SIZE
00000200   __SYSMEM_SIZE
00000001   __TI_args_main
003f2078   ___TI_cleanup
00008c48   ___TI_cleanup_ptr
003f2611   ___TI_closefile
003f24db   ___TI_doflush
00008c4a   ___TI_dtors_ptr
00008a40   ___TI_ft_end
003f7482   ___TI_printfi
003f25e6   ___TI_rd_ok
003f2297   ___TI_readmsg
00008b00   ___TI_tmpnams
003f2243   ___TI_writemsg
003f25ac   ___TI_wrt_ok
ffffffff   ___binit__
ffffffff   ___c_args__
003f3057   ___cinit__
ffffffff   ___etext__
003f2a54   ___memcpy_ff
ffffffff   ___pinit__
ffffffff   ___text__
003f2bce   __args_main
003f69e8   __ctypes_
00008a80   __ftable
00008bbc   __lock
003f2e2f   __nop
003f2e2b   __register_lock
003f2e27   __register_unlock
00000050   __stack
00008c4c   __sys_memory
00008bba   __unlock
003f2be7   _abort
003f26c6   _adc_isr
003f794e   _add_device
003f28c0   _atoi
003f276b   _c_int00
003f27ec   _calculate_duty_cycle
003f7d67   _calloc
003f7d65   _chkheap
003f6c3a   _clockRate
003f791c   _close
00008bb5   _cpu
00008bb6   _deviceOpen
00008816   _epwm2_info
003f2a75   _epwm2_isr
003f2be9   _exit
003f2653   _fclose
003f250a   _fflush
003f20e5   _fopen
003f271b   _fputc
003f20ff   _fputs
00008940   _frame
003f7bac   _free
003f7d49   _free_memory
003f2095   _freopen
003f27af   _fseek
003f2c30   _fullFrame
003f6c38   _highSpeedClockDiv
00008801   _indexToPlay
00008bb8   _ioSci
00008802   _loopCount
003f7904   _lseek
003f28f1   _ltoa
003f7574   _main
003f7c15   _malloc
003f7d29   _max_free
003f2d5a   _memccpy
003f2cdd   _memchr
003f2d67   _memset
003f7bf1   _minit
0000880a   _myAdc
00008804   _myClk
00008814   _myCpu
00008806   _myFlash
00008812   _myGpio
0000880c   _myPie
0000880e   _myPwm
00008810   _myPwm2
00008808   _mySci
003f7892   _open
003f2894   _printf
003f271b   _putc
003f2766   _putchar
003f2195   _puts
003f787a   _read
003f7c75   _realloc
003f3048   _remove
003f7860   _remove_device
003f7837   _rename
003f2fda   _rsvd_ISR
003f6c3c   _sampleRate
003f2546   _scia_init
003f2cd3   _setDBGIER
003f2462   _setvbuf
003f2dac   _strchr
003f2dd5   _strcmp
003f2fdf   _strcpy
003f2e51   _strlen
003f2ad1   _strncpy
003f781f   _unlink
003f2948   _update_compare
00008840   _voltage
003f6000   _wavFile
003f77b9   _write
ffffffff   binit
003f3057   cinit
003f7ff6   code_start
ffffffff   etext
ffffffff   pinit


GLOBAL SYMBOLS: SORTED BY Symbol Address 

address    name
--------   ----
00000001   __TI_args_main
00000004   _RamfuncsLoadSize
00000050   __stack
00000200   __SYSMEM_SIZE
00000300   __STACK_SIZE
00000350   __STACK_END
00000400   __CIOBUF_
00000880   _DevEmuRegs
00000985   _SysPwrCtrlRegs
00000a80   _FlashRegs
00000ae0   _CsmRegs
00000b00   _AdcResult
00000c00   _CpuTimer0Regs
00000c08   _CpuTimer1Regs
00000c10   _CpuTimer2Regs
00000ce0   _PieCtrlRegs
00000d00   _EmuKey
00000d00   _PieVectTable
00000d01   _EmuBMode
00000d02   _Flash_CallbackPtr
00000d04   _Flash_CPUScaleFactor
00006400   _Comp1Regs
00006420   _Comp2Regs
00006800   _EPwm1Regs
00006840   _EPwm2Regs
00006880   _EPwm3Regs
000068c0   _EPwm4Regs
00006a00   _ECap1Regs
00006f80   _GpioCtrlRegs
00006fc0   _GpioDataRegs
00006fe0   _GpioIntRegs
00007010   _SysCtrlRegs
00007040   _SpiaRegs
00007050   _SciaRegs
00007060   _NmiIntruptRegs
00007070   _XIntruptRegs
00007100   _AdcRegs
00007900   _I2caRegs
00008000   _DSP28x_usDelay
00008000   _RamfuncsRunStart
00008800   _ConversionCount
00008801   _indexToPlay
00008802   _loopCount
00008804   _myClk
00008806   _myFlash
00008808   _mySci
0000880a   _myAdc
0000880c   _myPie
0000880e   _myPwm
00008810   _myPwm2
00008812   _myGpio
00008814   _myCpu
00008816   _epwm2_info
00008840   _voltage
00008940   _frame
00008a40   ___TI_ft_end
00008a80   __ftable
00008b00   ___TI_tmpnams
00008bb0   _MEP_ScaleFactor
00008bb5   _cpu
00008bb6   _deviceOpen
00008bb8   _ioSci
00008bba   __unlock
00008bbc   __lock
00008c48   ___TI_cleanup_ptr
00008c4a   ___TI_dtors_ptr
00008c4c   __sys_memory
003d7fff   _PartIdRegs
003f2078   ___TI_cleanup
003f2095   _freopen
003f20e5   _fopen
003f20ff   _fputs
003f2195   _puts
003f21a7   FD$$ADD
003f2243   ___TI_writemsg
003f2293   C$$IO$$
003f2297   ___TI_readmsg
003f22d1   FD$$DIV
003f235c   FD$$MPY
003f23df   FS$$DIV
003f2462   _setvbuf
003f24db   ___TI_doflush
003f250a   _fflush
003f2546   _scia_init
003f25ac   ___TI_wrt_ok
003f25e6   ___TI_rd_ok
003f2611   ___TI_closefile
003f2653   _fclose
003f266c   FS$$MPY
003f26c6   _adc_isr
003f271b   _fputc
003f271b   _putc
003f2766   _putchar
003f276b   _c_int00
003f27af   _fseek
003f27ec   _calculate_duty_cycle
003f2826   _GPIO_setDirection
003f285a   _GPIO_setPullUp
003f2894   _printf
003f28c0   _atoi
003f28f1   _ltoa
003f291d   _GPIO_setQualification
003f2948   _update_compare
003f2972   FD$$CMP
003f299c   L$$DIV
003f29ab   L$$MOD
003f29b9   UL$$DIV
003f29c0   UL$$MOD
003f29c6   FS$$TOI
003f29eb   _ADC_setIntMode
003f2a0f   _ADC_setIntSrc
003f2a33   FD$$TOI
003f2a54   ___memcpy_ff
003f2a75   _epwm2_isr
003f2a94   FD$$TOL
003f2ab3   LL$$CMP
003f2ac5   ULL$$CMP
003f2ad1   _strncpy
003f2aef   FS$$TOU
003f2b0c   _ADC_setSocChanNumber
003f2b28   _ADC_setSocSampleWindow
003f2b44   _ADC_setSocTrigSrc
003f2b60   _SCI_write
003f2b7c   FS$$TOFD
003f2b98   L$$TOFD
003f2bb4   I$$TOFS
003f2bce   __args_main
003f2be7   C$$EXIT
003f2be7   _abort
003f2be9   _exit
003f2c00   _ADC_enableInt
003f2c18   LL$$AND
003f2c20   LL$$OR
003f2c28   LL$$XOR
003f2c30   _fullFrame
003f2c46   _PLL_setup
003f2c5b   LL$$MPY
003f2c6f   _SCI_open
003f2c82   _SCI_read
003f2c95   _ADC_setIntPulseGenMode
003f2ca7   _ADC_setVoltRefSrc
003f2cb9   _PIE_enableAdcInt
003f2cd3   _setDBGIER
003f2cd6   _DSP28x_DisableInt
003f2cda   _DSP28x_RestoreInt
003f2cdd   _memchr
003f2cef   _GPIO_getData
003f2d00   _PIE_setDebugIntVectorTable
003f2d11   U$$TOFS
003f2d21   _PIE_disableAllInts
003f2d30   _PIE_registerPieIntHandler
003f2d3f   FD$$SUB
003f2d4d   _PIE_enablePwmInt
003f2d5a   _memccpy
003f2d67   _memset
003f2d74   _SCI_close
003f2d80   _ADC_enable
003f2d8b   _ADC_enableBandGap
003f2d96   _ADC_enableRefBuffers
003f2da1   _ADC_powerUp
003f2dac   _strchr
003f2db7   _SCI_resetChannels
003f2dc1   _SCI_resetRxFifo
003f2dcb   _SCI_resetTxFifo
003f2dd5   _strcmp
003f2ddf   _CLK_enablePwmClock
003f2de8   _CLK_enableSciaClock
003f2df1   _PWM_setActionQual_CntDown_CmpB_PwmA
003f2dfa   _PWM_setActionQual_CntUp_CmpA_PwmA
003f2e03   _PWM_setActionQual_CntUp_CmpB_PwmB
003f2e0c   _PWM_setSocAPeriod
003f2e15   _PWM_setSocAPulseSrc
003f2e1e   _SCI_putDataBlocking
003f2e27   __register_unlock
003f2e2b   __register_lock
003f2e2f   __nop
003f2e30   FD$$NEG
003f2e39   _ADC_init
003f2e41   _PIE_init
003f2e49   _WDOG_disable
003f2e51   _strlen
003f2e59   _CLK_disableTbClockSync
003f2e60   _CLK_enableAdcClock
003f2e67   _CLK_enableTbClockSync
003f2e6e   _CLK_init
003f2e75   _CLK_setClkOutPreScaler
003f2e7c   _CLK_setOscSrc
003f2e83   _FLASH_init
003f2e8a   _GPIO_init
003f2e91   _PLL_init
003f2e98   _PLL_setDivider
003f2e9f   _PWM_init
003f2ea6   _PWM_setActionQual_Zero_PwmB
003f2ead   _PWM_setIntMode
003f2eb4   _PWM_setIntPeriod
003f2ebb   _SCI_init
003f2ec2   _SCI_setRxFifoIntLevel
003f2ec9   _SCI_setTxFifoIntLevel
003f2ed0   _WDOG_init
003f2ed7   _PWM_setLoadMode_CmpB
003f2edd   _PWM_setShadowMode_CmpA
003f2ee3   _PWM_setShadowMode_CmpB
003f2ee9   _SCI_setBaudRate
003f2eef   _ADCINT1_ISR
003f2ef4   _ADCINT2_ISR
003f2ef9   _ADCINT3_ISR
003f2efe   _ADCINT4_ISR
003f2f03   _ADCINT5_ISR
003f2f08   _ADCINT6_ISR
003f2f0d   _ADCINT7_ISR
003f2f12   _ADCINT8_ISR
003f2f17   _ADCINT9_ISR
003f2f1c   _DATALOG_ISR
003f2f21   _ECAP1_INT_ISR
003f2f26   _EMUINT_ISR
003f2f2b   _EPWM1_INT_ISR
003f2f30   _EPWM1_TZINT_ISR
003f2f35   _EPWM2_INT_ISR
003f2f3a   _EPWM2_TZINT_ISR
003f2f3f   _EPWM3_INT_ISR
003f2f44   _EPWM3_TZINT_ISR
003f2f49   _I2CINT1A_ISR
003f2f4e   _I2CINT2A_ISR
003f2f53   _ILLEGAL_ISR
003f2f58   _INT13_ISR
003f2f5d   _INT14_ISR
003f2f62   _NMI_ISR
003f2f67   _PIE_RESERVED
003f2f6c   _RTOSINT_ISR
003f2f71   _SCIRXINTA_ISR
003f2f76   _SCITXINTA_ISR
003f2f7b   _SPIRXINTA_ISR
003f2f80   _SPITXINTA_ISR
003f2f85   _TINT0_ISR
003f2f8a   _USER10_ISR
003f2f8f   _USER11_ISR
003f2f94   _USER12_ISR
003f2f99   _USER1_ISR
003f2f9e   _USER2_ISR
003f2fa3   _USER3_ISR
003f2fa8   _USER4_ISR
003f2fad   _USER5_ISR
003f2fb2   _USER6_ISR
003f2fb7   _USER7_ISR
003f2fbc   _USER8_ISR
003f2fc1   _USER9_ISR
003f2fc6   _WAKEINT_ISR
003f2fcb   _XINT1_ISR
003f2fd0   _XINT2_ISR
003f2fd5   _XINT3_ISR
003f2fda   _rsvd_ISR
003f2fdf   _strcpy
003f2fe4   _CPU_enableInt
003f2fe8   _CPU_init
003f2fec   _PWM_enableInt
003f2ff0   _PWM_enableSocAPulse
003f2ff4   _PWM_setClkDiv
003f2ff8   _PWM_setCounterMode
003f2ffc   _PWM_setHighSpeedClkDiv
003f3000   _PWM_setLoadMode_CmpA
003f3004   _SCI_clearRxFifoInt
003f3008   _SCI_clearTxFifoInt
003f300c   _SCI_enableFifoEnh
003f3010   _SCI_setCharLength
003f3014   _SCI_setNumStopBits
003f3018   _CPU_clearIntFlags
003f301b   _CPU_disableGlobalInts
003f301e   _CPU_enableDebugInt
003f3021   _CPU_enableGlobalInts
003f3024   _PIE_disable
003f3027   _PIE_enable
003f302a   _PLL_getClkStatus
003f302d   _PLL_getLockStatus
003f3030   _PWM_disableCounterLoad
003f3033   _SCI_disableParity
003f3036   _SCI_enable
003f3039   _SCI_enableRx
003f303c   _SCI_enableRxInt
003f303f   _SCI_enableTx
003f3042   _SCI_enableTxInt
003f3045   _SCI_setPriority
003f3048   _remove
003f304b   _PWM_setCount
003f304d   _PWM_setPeriod
003f304f   _PWM_setPhase
003f3051   _SCI_lseek
003f3053   _SCI_rename
003f3055   _SCI_unlink
003f3057   ___cinit__
003f3057   cinit
003f6000   _wavFile
003f69e8   __ctypes_
003f6aea   _PIE_tableDebugInit
003f6c38   _highSpeedClockDiv
003f6c3a   _clockRate
003f6c3c   _sampleRate
003f6c40   _RamfuncsLoadStart
003f7482   ___TI_printfi
003f7574   _main
003f77b9   _write
003f781f   _unlink
003f7837   _rename
003f7860   _remove_device
003f787a   _read
003f7892   _open
003f7904   _lseek
003f791c   _close
003f794e   _add_device
003f79ba   _HOSTwrite
003f79f0   _HOSTunlink
003f7a15   _HOSTtime
003f7a3f   _HOSTrename
003f7a7d   _HOSTread
003f7ab3   _HOSTopen
003f7aea   _HOSTlseek
003f7b31   _HOSTgetenv
003f7b5b   _HOSTclose
003f7b82   _HOSTclock
003f7bac   _free
003f7bf1   _minit
003f7c15   _malloc
003f7c75   _realloc
003f7d29   _max_free
003f7d49   _free_memory
003f7d65   _chkheap
003f7d67   _calloc
003f7d7f   LL$$DIV
003f7dbb   LL$$MOD
003f7df5   ULL$$DIV
003f7e24   ULL$$MOD
003f7e86   _InitEPwm2
003f7f31   _GPIO_setMode
003f7f7a   _PLL_setMultiplier
003f7ff6   code_start
003f7ff8   _CsmPwl
ffffffff   .text
ffffffff   ___binit__
ffffffff   ___c_args__
ffffffff   ___etext__
ffffffff   ___pinit__
ffffffff   ___text__
ffffffff   binit
ffffffff   etext
ffffffff   pinit

[344 symbols]
