******************************************************************************
             TMS320C2000 Linker PC v6.2.8                      
******************************************************************************
>> Linked Fri Nov 21 17:54:37 2014

OUTPUT FILE NAME:   <VoiceModule.out>
ENTRY POINT SYMBOL: "code_start"  address: 003f7ff6


MEMORY CONFIGURATION

         name            origin    length      used     unused   attr    fill
----------------------  --------  ---------  --------  --------  ----  --------
PAGE 0:
  PRAML0                00008000   00000800  00000004  000007fc  RWIX
  OTP                   003d7800   00000400  00000000  00000400  RWIX
  FLASHD                003f0000   00002000  00000000  00002000  RWIX
  FLASHC                003f2000   00002000  00000000  00002000  RWIX
  FLASHA                003f6000   00001f80  000015b2  000009ce  RWIX
  CSM_RSVD              003f7f80   00000076  00000076  00000000  RWIX
  BEGIN                 003f7ff6   00000002  00000002  00000000  RWIX
  CSM_PWL_P0            003f7ff8   00000008  00000008  00000000  RWIX
  IQTABLES              003fe000   00000b50  00000000  00000b50  RWIX
  IQTABLES2             003feb50   0000008c  00000000  0000008c  RWIX
  IQTABLES3             003febdc   000000aa  00000000  000000aa  RWIX
  ROM                   003ff27c   00000d44  00000000  00000d44  RWIX
  RESET                 003fffc0   00000002  00000000  00000002  RWIX
  VECTORS               003fffc2   0000003e  00000000  0000003e  RWIX

PAGE 1:
  BOOT_RSVD             00000000   00000050  00000000  00000050  RWIX
  RAMM0                 00000050   000003b0  00000300  000000b0  RWIX
  RAMM1                 00000400   00000400  00000120  000002e0  RWIX
  DEV_EMU               00000880   00000105  00000000  00000105  RWIX
  SYS_PWR_CTL           00000985   00000003  00000000  00000003  RWIX
  FLASH_REGS            00000a80   00000060  00000000  00000060  RWIX
  CSM                   00000ae0   00000010  00000000  00000010  RWIX
  ADC_RESULT            00000b00   00000020  00000000  00000020  RWIX
  CPU_TIMER0            00000c00   00000008  00000000  00000008  RWIX
  CPU_TIMER1            00000c08   00000008  00000000  00000008  RWIX
  CPU_TIMER2            00000c10   00000008  00000000  00000008  RWIX
  PIE_CTRL              00000ce0   00000020  00000000  00000020  RWIX
  PIE_VECT              00000d00   00000100  00000000  00000100  RWIX
  COMP1                 00006400   00000020  00000000  00000020  RWIX
  COMP2                 00006420   00000020  00000000  00000020  RWIX
  EPWM1                 00006800   00000040  00000000  00000040  RWIX
  EPWM2                 00006840   00000040  00000000  00000040  RWIX
  EPWM3                 00006880   00000040  00000000  00000040  RWIX
  EPWM4                 000068c0   00000040  00000000  00000040  RWIX
  ECAP1                 00006a00   00000020  00000000  00000020  RWIX
  GPIOCTRL              00006f80   00000040  00000000  00000040  RWIX
  GPIODAT               00006fc0   00000020  00000000  00000020  RWIX
  GPIOINT               00006fe0   00000020  00000000  00000020  RWIX
  SYSTEM                00007010   00000020  00000000  00000020  RWIX
  SPIA                  00007040   00000010  00000000  00000010  RWIX
  SCIA                  00007050   00000010  00000000  00000010  RWIX
  NMIINTRUPT            00007060   00000010  00000000  00000010  RWIX
  XINTRUPT              00007070   00000010  00000000  00000010  RWIX
  ADC                   00007100   00000080  00000000  00000080  RWIX
  I2CA                  00007900   00000040  00000000  00000040  RWIX
  DRAML0                00008800   00000800  000007c8  00000038  RWIX
  PARTID                003d7fff   00000001  00000000  00000001  RWIX
  FLASHB                003f4000   00002000  00000000  00002000  RWIX
  CSM_PWL               003f7ff8   00000008  00000000  00000008  RWIX


SECTION ALLOCATION MAP

 output                                  attributes/
section   page    origin      length       input sections
--------  ----  ----------  ----------   ----------------
.pinit     0    003f6000    00000000     UNINITIALIZED

.econst    0    003f6000    00000214     
                  003f6000    00000100     driverlib.lib : pie.obj (.econst:_PIE_tableDebugInit)
                  003f6100    00000100     Sin256Q15.obj (.econst:_sine256Q15)
                  003f6200    0000000e     VoiceModule.obj (.econst:.string)
                  003f620e    00000006     VoiceModule.obj (.econst)

ramfuncs   0    003f6214    00000004     RUN ADDR = 00008000
                  003f6214    00000004     driverlib.lib : F2802x_asmfuncs.obj (ramfuncs)

.text      0    003f6218    0000130d     
                  003f6218    0000026a     VoiceModule.obj (.text:_main)
                  003f6482    00000201     rts2800_ml.lib : lowlev.obj (.text)
                  003f6683    000001f2                    : trgdrv.obj (.text)
                  003f6875    000001d3                    : memory.obj (.text)
                  003f6a48    000000ff                    : fopen.obj (.text)
                  003f6b47    00000090     VoiceModule.obj (.text:_InitEPwm2)
                  003f6bd7    0000008e     rts2800_ml.lib : ankmsg.obj (.text)
                  003f6c65    00000083                    : fs_div.obj (.text)
                  003f6ce8    00000079                    : setvbuf.obj (.text)
                  003f6d61    0000006b                    : fflush.obj (.text)
                  003f6dcc    0000005b                    : fclose.obj (.text)
                  003f6e27    0000005a                    : fs_mpy.obj (.text)
                  003f6e81    00000055     VoiceModule.obj (.text:_adc_isr)
                  003f6ed6    00000049     driverlib.lib : gpio.obj (.text:_GPIO_setMode)
                  003f6f1f    00000044     rts2800_ml.lib : boot.obj (.text)
                  003f6f63    00000034     driverlib.lib : gpio.obj (.text:_GPIO_setDirection)
                  003f6f97    00000034                   : gpio.obj (.text:_GPIO_setPullUp)
                  003f6fcb    0000002b                   : gpio.obj (.text:_GPIO_setQualification)
                  003f6ff6    00000025     rts2800_ml.lib : fs_toi.obj (.text)
                  003f701b    00000024     driverlib.lib : adc.obj (.text:_ADC_setIntMode)
                  003f703f    00000024                   : adc.obj (.text:_ADC_setIntSrc)
                  003f7063    00000021     rts2800_ml.lib : memcpy_ff.obj (.text)
                  003f7084    0000001f     VoiceModule.obj (.text:_epwm2_isr)
                  003f70a3    0000001e     rts2800_ml.lib : strncpy.obj (.text)
                  003f70c1    0000001d     VoiceModule.obj (.text:_calculate_duty_cycle)
                  003f70de    0000001d     rts2800_ml.lib : fs_tou.obj (.text)
                  003f70fb    0000001c     driverlib.lib : adc.obj (.text:_ADC_setSocChanNumber)
                  003f7117    0000001c                   : adc.obj (.text:_ADC_setSocSampleWindow)
                  003f7133    0000001c                   : adc.obj (.text:_ADC_setSocTrigSrc)
                  003f714f    0000001c                   : sci_io.obj (.text:_SCI_write)
                  003f716b    0000001a     rts2800_ml.lib : i_tofs.obj (.text)
                  003f7185    00000019                    : args_main.obj (.text)
                  003f719e    00000019                    : exit.obj (.text)
                  003f71b7    00000018     driverlib.lib : adc.obj (.text:_ADC_enableInt)
                  003f71cf    00000016     VoiceModule.obj (.text:_fullFrame)
                  003f71e5    00000015     driverlib.lib : pll.obj (.text:_PLL_setup)
                  003f71fa    00000013                   : sci_io.obj (.text:_SCI_open)
                  003f720d    00000013                   : sci_io.obj (.text:_SCI_read)
                  003f7220    00000012                   : adc.obj (.text:_ADC_setIntPulseGenMode)
                  003f7232    00000012                   : adc.obj (.text:_ADC_setVoltRefSrc)
                  003f7244    00000012                   : pie.obj (.text:_PIE_enableAdcInt)
                  003f7256    00000012                   : F2802x_asmfuncs.obj (.text)
                  003f7268    00000011                   : pie.obj (.text:_PIE_setDebugIntVectorTable)
                  003f7279    00000011     VoiceModule.obj (.text:_update_compare)
                  003f728a    00000010     rts2800_ml.lib : u_tofs.obj (.text)
                  003f729a    0000000f     driverlib.lib : pie.obj (.text:_PIE_disableAllInts)
                  003f72a9    0000000f                   : pie.obj (.text:_PIE_registerPieIntHandler)
                  003f72b8    0000000d                   : pie.obj (.text:_PIE_enablePwmInt)
                  003f72c5    0000000c                   : sci_io.obj (.text:_SCI_close)
                  003f72d1    0000000b                   : adc.obj (.text:_ADC_enable)
                  003f72dc    0000000b                   : adc.obj (.text:_ADC_enableBandGap)
                  003f72e7    0000000b                   : adc.obj (.text:_ADC_enableRefBuffers)
                  003f72f2    0000000b                   : adc.obj (.text:_ADC_powerUp)
                  003f72fd    0000000b     rts2800_ml.lib : strchr.obj (.text)
                  003f7308    0000000a                    : strcmp.obj (.text)
                  003f7312    00000009     driverlib.lib : clk.obj (.text:_CLK_enablePwmClock)
                  003f731b    00000009                   : pwm.obj (.text:_PWM_setActionQual_CntUp_CmpB_PwmB)
                  003f7324    00000009                   : pwm.obj (.text:_PWM_setSocAPeriod)
                  003f732d    00000009                   : pwm.obj (.text:_PWM_setSocAPulseSrc)
                  003f7336    00000009                   : sci.obj (.text:_SCI_putDataBlocking)
                  003f733f    00000009     rts2800_ml.lib : _lock.obj (.text)
                  003f7348    00000008     driverlib.lib : adc.obj (.text:_ADC_init)
                  003f7350    00000008                   : pie.obj (.text:_PIE_init)
                  003f7358    00000008                   : wdog.obj (.text:_WDOG_disable)
                  003f7360    00000008     rts2800_ml.lib : strlen.obj (.text)
                  003f7368    00000007     driverlib.lib : clk.obj (.text:_CLK_disableTbClockSync)
                  003f736f    00000007                   : clk.obj (.text:_CLK_enableAdcClock)
                  003f7376    00000007                   : clk.obj (.text:_CLK_enableTbClockSync)
                  003f737d    00000007                   : clk.obj (.text:_CLK_init)
                  003f7384    00000007                   : clk.obj (.text:_CLK_setClkOutPreScaler)
                  003f738b    00000007                   : clk.obj (.text:_CLK_setOscSrc)
                  003f7392    00000007                   : flash.obj (.text:_FLASH_init)
                  003f7399    00000007                   : gpio.obj (.text:_GPIO_init)
                  003f73a0    00000007                   : pll.obj (.text:_PLL_init)
                  003f73a7    00000007                   : pll.obj (.text:_PLL_setDivider)
                  003f73ae    00000007                   : pwm.obj (.text:_PWM_init)
                  003f73b5    00000007                   : pwm.obj (.text:_PWM_setActionQual_Zero_PwmB)
                  003f73bc    00000007                   : pwm.obj (.text:_PWM_setIntMode)
                  003f73c3    00000007                   : pwm.obj (.text:_PWM_setIntPeriod)
                  003f73ca    00000007                   : sci.obj (.text:_SCI_init)
                  003f73d1    00000007                   : wdog.obj (.text:_WDOG_init)
                  003f73d8    00000006                   : pll.obj (.text:_PLL_setMultiplier)
                  003f73de    00000006                   : pwm.obj (.text:_PWM_setLoadMode_CmpB)
                  003f73e4    00000006                   : pwm.obj (.text:_PWM_setShadowMode_CmpB)
                  003f73ea    00000005                   : F2802x_DefaultIsr.obj (.text:_ADCINT1_ISR)
                  003f73ef    00000005                   : F2802x_DefaultIsr.obj (.text:_ADCINT2_ISR)
                  003f73f4    00000005                   : F2802x_DefaultIsr.obj (.text:_ADCINT3_ISR)
                  003f73f9    00000005                   : F2802x_DefaultIsr.obj (.text:_ADCINT4_ISR)
                  003f73fe    00000005                   : F2802x_DefaultIsr.obj (.text:_ADCINT5_ISR)
                  003f7403    00000005                   : F2802x_DefaultIsr.obj (.text:_ADCINT6_ISR)
                  003f7408    00000005                   : F2802x_DefaultIsr.obj (.text:_ADCINT7_ISR)
                  003f740d    00000005                   : F2802x_DefaultIsr.obj (.text:_ADCINT8_ISR)
                  003f7412    00000005                   : F2802x_DefaultIsr.obj (.text:_ADCINT9_ISR)
                  003f7417    00000005                   : F2802x_DefaultIsr.obj (.text:_DATALOG_ISR)
                  003f741c    00000005                   : F2802x_DefaultIsr.obj (.text:_ECAP1_INT_ISR)
                  003f7421    00000005                   : F2802x_DefaultIsr.obj (.text:_EMUINT_ISR)
                  003f7426    00000005                   : F2802x_DefaultIsr.obj (.text:_EPWM1_INT_ISR)
                  003f742b    00000005                   : F2802x_DefaultIsr.obj (.text:_EPWM1_TZINT_ISR)
                  003f7430    00000005                   : F2802x_DefaultIsr.obj (.text:_EPWM2_INT_ISR)
                  003f7435    00000005                   : F2802x_DefaultIsr.obj (.text:_EPWM2_TZINT_ISR)
                  003f743a    00000005                   : F2802x_DefaultIsr.obj (.text:_EPWM3_INT_ISR)
                  003f743f    00000005                   : F2802x_DefaultIsr.obj (.text:_EPWM3_TZINT_ISR)
                  003f7444    00000005                   : F2802x_DefaultIsr.obj (.text:_I2CINT1A_ISR)
                  003f7449    00000005                   : F2802x_DefaultIsr.obj (.text:_I2CINT2A_ISR)
                  003f744e    00000005                   : F2802x_DefaultIsr.obj (.text:_ILLEGAL_ISR)
                  003f7453    00000005                   : F2802x_DefaultIsr.obj (.text:_INT13_ISR)
                  003f7458    00000005                   : F2802x_DefaultIsr.obj (.text:_INT14_ISR)
                  003f745d    00000005                   : F2802x_DefaultIsr.obj (.text:_NMI_ISR)
                  003f7462    00000005                   : F2802x_DefaultIsr.obj (.text:_PIE_RESERVED)
                  003f7467    00000005                   : F2802x_DefaultIsr.obj (.text:_RTOSINT_ISR)
                  003f746c    00000005                   : F2802x_DefaultIsr.obj (.text:_SCIRXINTA_ISR)
                  003f7471    00000005                   : F2802x_DefaultIsr.obj (.text:_SCITXINTA_ISR)
                  003f7476    00000005                   : F2802x_DefaultIsr.obj (.text:_SPIRXINTA_ISR)
                  003f747b    00000005                   : F2802x_DefaultIsr.obj (.text:_SPITXINTA_ISR)
                  003f7480    00000005                   : F2802x_DefaultIsr.obj (.text:_TINT0_ISR)
                  003f7485    00000005                   : F2802x_DefaultIsr.obj (.text:_USER10_ISR)
                  003f748a    00000005                   : F2802x_DefaultIsr.obj (.text:_USER11_ISR)
                  003f748f    00000005                   : F2802x_DefaultIsr.obj (.text:_USER12_ISR)
                  003f7494    00000005                   : F2802x_DefaultIsr.obj (.text:_USER1_ISR)
                  003f7499    00000005                   : F2802x_DefaultIsr.obj (.text:_USER2_ISR)
                  003f749e    00000005                   : F2802x_DefaultIsr.obj (.text:_USER3_ISR)
                  003f74a3    00000005                   : F2802x_DefaultIsr.obj (.text:_USER4_ISR)
                  003f74a8    00000005                   : F2802x_DefaultIsr.obj (.text:_USER5_ISR)
                  003f74ad    00000005                   : F2802x_DefaultIsr.obj (.text:_USER6_ISR)
                  003f74b2    00000005                   : F2802x_DefaultIsr.obj (.text:_USER7_ISR)
                  003f74b7    00000005                   : F2802x_DefaultIsr.obj (.text:_USER8_ISR)
                  003f74bc    00000005                   : F2802x_DefaultIsr.obj (.text:_USER9_ISR)
                  003f74c1    00000005                   : F2802x_DefaultIsr.obj (.text:_WAKEINT_ISR)
                  003f74c6    00000005                   : F2802x_DefaultIsr.obj (.text:_XINT1_ISR)
                  003f74cb    00000005                   : F2802x_DefaultIsr.obj (.text:_XINT2_ISR)
                  003f74d0    00000005                   : F2802x_DefaultIsr.obj (.text:_XINT3_ISR)
                  003f74d5    00000005                   : F2802x_DefaultIsr.obj (.text:_rsvd_ISR)
                  003f74da    00000005     rts2800_ml.lib : strcpy.obj (.text)
                  003f74df    00000004     driverlib.lib : cpu.obj (.text:_CPU_enableInt)
                  003f74e3    00000004                   : cpu.obj (.text:_CPU_init)
                  003f74e7    00000004                   : pwm.obj (.text:_PWM_enableInt)
                  003f74eb    00000004                   : pwm.obj (.text:_PWM_enableSocAPulse)
                  003f74ef    00000004                   : pwm.obj (.text:_PWM_setClkDiv)
                  003f74f3    00000004                   : pwm.obj (.text:_PWM_setCounterMode)
                  003f74f7    00000004                   : pwm.obj (.text:_PWM_setHighSpeedClkDiv)
                  003f74fb    00000003                   : cpu.obj (.text:_CPU_clearIntFlags)
                  003f74fe    00000003                   : cpu.obj (.text:_CPU_disableGlobalInts)
                  003f7501    00000003                   : cpu.obj (.text:_CPU_enableDebugInt)
                  003f7504    00000003                   : cpu.obj (.text:_CPU_enableGlobalInts)
                  003f7507    00000003                   : pie.obj (.text:_PIE_disable)
                  003f750a    00000003                   : pie.obj (.text:_PIE_enable)
                  003f750d    00000003                   : pll.obj (.text:_PLL_getClkStatus)
                  003f7510    00000003                   : pll.obj (.text:_PLL_getLockStatus)
                  003f7513    00000003                   : pwm.obj (.text:_PWM_disableCounterLoad)
                  003f7516    00000003     rts2800_ml.lib : remove.obj (.text)
                  003f7519    00000002     driverlib.lib : pwm.obj (.text:_PWM_setCount)
                  003f751b    00000002                   : pwm.obj (.text:_PWM_setPeriod)
                  003f751d    00000002                   : pwm.obj (.text:_PWM_setPhase)
                  003f751f    00000002                   : sci_io.obj (.text:_SCI_lseek)
                  003f7521    00000002                   : sci_io.obj (.text:_SCI_rename)
                  003f7523    00000002                   : sci_io.obj (.text:_SCI_unlink)

.cinit     0    003f7525    0000008d     
                  003f7525    00000031     rts2800_ml.lib : lowlev.obj (.cinit)
                  003f7556    0000002a                    : defs.obj (.cinit)
                  003f7580    00000010     VoiceModule.obj (.cinit)
                  003f7590    0000000a     rts2800_ml.lib : _lock.obj (.cinit)
                  003f759a    0000000a                    : exit.obj (.cinit)
                  003f75a4    00000004     driverlib.lib : sci_io.obj (.cinit)
                  003f75a8    00000004     rts2800_ml.lib : fopen.obj (.cinit)
                  003f75ac    00000004                    : memory.obj (.cinit)
                  003f75b0    00000002     --HOLE-- [fill = 0]

csm_rsvd   0    003f7f80    00000076     
                  003f7f80    00000076     driverlib.lib : F2802x_asmfuncs.obj (csm_rsvd)

codestart 
*          0    003f7ff6    00000002     
                  003f7ff6    00000002     driverlib.lib : F2802x_asmfuncs.obj (codestart)

csmpasswds 
*          0    003f7ff8    00000008     
                  003f7ff8    00000008     driverlib.lib : F2802x_asmfuncs.obj (csmpasswds)

.reset     0    003fffc0    00000002     DSECT
                  003fffc0    00000002     rts2800_ml.lib : boot.obj (.reset)

vectors    0    003fffc2    00000000     DSECT

.stack     1    00000050    00000300     UNINITIALIZED
                  00000050    00000300     --HOLE--

.cio       1    00000400    00000120     UNINITIALIZED
                  00000400    00000120     rts2800_ml.lib : ankmsg.obj (.cio)

.ebss      1    00008800    000005c8     UNINITIALIZED
                  00008800    000003c0     VoiceModule.obj (.ebss)
                  00008bc0    00000160     rts2800_ml.lib : defs.obj (.ebss)
                  00008d20    00000008                    : memory.obj (.ebss)
                  00008d28    00000008                    : trgdrv.obj (.ebss)
                  00008d30    00000004     driverlib.lib : sci_io.obj (.ebss)
                  00008d34    00000004     rts2800_ml.lib : _lock.obj (.ebss)
                  00008d38    00000004                    : exit.obj (.ebss)
                  00008d3c    00000001     driverlib.lib : cpu.obj (.ebss)
                  00008d3d    00000001     rts2800_ml.lib : fopen.obj (.ebss)
                  00008d3e    00000002     --HOLE--
                  00008d40    00000088                    : lowlev.obj (.ebss)

.sysmem    1    00008dc8    00000200     UNINITIALIZED
                  00008dc8    00000001     rts2800_ml.lib : memory.obj (.sysmem)
                  00008dc9    000001ff     --HOLE--


GLOBAL DATA SYMBOLS: SORTED BY DATA PAGE

address     data page           name
--------    ----------------    ----
00000050       1 (00000040)     __stack

00000400      10 (00000400)     __CIOBUF_

00008800     220 (00008800)     _timeToUpdate
00008801     220 (00008800)     _ConversionCount
00008802     220 (00008800)     _loopCount
00008803     220 (00008800)     _indexToPlay
00008804     220 (00008800)     _maxValue
00008805     220 (00008800)     _periodForSampleRate
00008806     220 (00008800)     _myGpio
00008808     220 (00008800)     _myPwm2
0000880a     220 (00008800)     _mySci
0000880c     220 (00008800)     _myPie
0000880e     220 (00008800)     _myCpu
00008810     220 (00008800)     _myPwm
00008812     220 (00008800)     _myClk
00008814     220 (00008800)     _myAdc
00008816     220 (00008800)     _myFlash
00008818     220 (00008800)     _epwm2_info

00008840     221 (00008840)     _wavDuties

000088c0     223 (000088c0)     _sineDuties

000089c0     227 (000089c0)     _voltage

00008ac0     22b (00008ac0)     _frame

00008bc0     22f (00008bc0)     ___TI_ft_end

00008c00     230 (00008c00)     __ftable

00008c80     232 (00008c80)     ___TI_tmpnams

00008d30     234 (00008d00)     _deviceOpen
00008d32     234 (00008d00)     _ioSci
00008d34     234 (00008d00)     __unlock
00008d36     234 (00008d00)     __lock
00008d38     234 (00008d00)     ___TI_cleanup_ptr
00008d3a     234 (00008d00)     ___TI_dtors_ptr
00008d3c     234 (00008d00)     _cpu

00008dc8     237 (00008dc0)     __sys_memory

003f6000    fd80 (003f6000)     _PIE_tableDebugInit

003f6100    fd84 (003f6100)     _sine256Q15

003f620e    fd88 (003f6200)     _highSpeedClockDiv
003f6210    fd88 (003f6200)     _clockRate
003f6212    fd88 (003f6200)     _sampleRate


GLOBAL SYMBOLS: SORTED ALPHABETICALLY BY Name 

address    name
--------   ----
ffffffff   .text
003f719e   C$$EXIT
003f6c27   C$$IO$$
003f6c65   FS$$DIV
003f6e27   FS$$MPY
003f6ff6   FS$$TOI
003f70de   FS$$TOU
003f716b   I$$TOFS
003f728a   U$$TOFS
003f73ea   _ADCINT1_ISR
003f73ef   _ADCINT2_ISR
003f73f4   _ADCINT3_ISR
003f73f9   _ADCINT4_ISR
003f73fe   _ADCINT5_ISR
003f7403   _ADCINT6_ISR
003f7408   _ADCINT7_ISR
003f740d   _ADCINT8_ISR
003f7412   _ADCINT9_ISR
003f72d1   _ADC_enable
003f72dc   _ADC_enableBandGap
003f71b7   _ADC_enableInt
003f72e7   _ADC_enableRefBuffers
003f7348   _ADC_init
003f72f2   _ADC_powerUp
003f701b   _ADC_setIntMode
003f7220   _ADC_setIntPulseGenMode
003f703f   _ADC_setIntSrc
003f70fb   _ADC_setSocChanNumber
003f7117   _ADC_setSocSampleWindow
003f7133   _ADC_setSocTrigSrc
003f7232   _ADC_setVoltRefSrc
003f7368   _CLK_disableTbClockSync
003f736f   _CLK_enableAdcClock
003f7312   _CLK_enablePwmClock
003f7376   _CLK_enableTbClockSync
003f737d   _CLK_init
003f7384   _CLK_setClkOutPreScaler
003f738b   _CLK_setOscSrc
003f74fb   _CPU_clearIntFlags
003f74fe   _CPU_disableGlobalInts
003f7501   _CPU_enableDebugInt
003f7504   _CPU_enableGlobalInts
003f74df   _CPU_enableInt
003f74e3   _CPU_init
00008801   _ConversionCount
003f7417   _DATALOG_ISR
003f7261   _DSP28x_DisableInt
003f7265   _DSP28x_RestoreInt
00008000   _DSP28x_usDelay
003f741c   _ECAP1_INT_ISR
003f7421   _EMUINT_ISR
003f7426   _EPWM1_INT_ISR
003f742b   _EPWM1_TZINT_ISR
003f7430   _EPWM2_INT_ISR
003f7435   _EPWM2_TZINT_ISR
003f743a   _EPWM3_INT_ISR
003f743f   _EPWM3_TZINT_ISR
003f7392   _FLASH_init
003f7399   _GPIO_init
003f6f63   _GPIO_setDirection
003f6ed6   _GPIO_setMode
003f6f97   _GPIO_setPullUp
003f6fcb   _GPIO_setQualification
003f684b   _HOSTclock
003f6824   _HOSTclose
003f67fa   _HOSTgetenv
003f67b3   _HOSTlseek
003f677c   _HOSTopen
003f6746   _HOSTread
003f6708   _HOSTrename
003f66de   _HOSTtime
003f66b9   _HOSTunlink
003f6683   _HOSTwrite
003f7444   _I2CINT1A_ISR
003f7449   _I2CINT2A_ISR
003f744e   _ILLEGAL_ISR
003f7453   _INT13_ISR
003f7458   _INT14_ISR
003f6b47   _InitEPwm2
003f745d   _NMI_ISR
003f7462   _PIE_RESERVED
003f7507   _PIE_disable
003f729a   _PIE_disableAllInts
003f750a   _PIE_enable
003f7244   _PIE_enableAdcInt
003f72b8   _PIE_enablePwmInt
003f7350   _PIE_init
003f72a9   _PIE_registerPieIntHandler
003f7268   _PIE_setDebugIntVectorTable
003f6000   _PIE_tableDebugInit
003f750d   _PLL_getClkStatus
003f7510   _PLL_getLockStatus
003f73a0   _PLL_init
003f73a7   _PLL_setDivider
003f73d8   _PLL_setMultiplier
003f71e5   _PLL_setup
003f7513   _PWM_disableCounterLoad
003f74e7   _PWM_enableInt
003f74eb   _PWM_enableSocAPulse
003f73ae   _PWM_init
003f731b   _PWM_setActionQual_CntUp_CmpB_PwmB
003f73b5   _PWM_setActionQual_Zero_PwmB
003f74ef   _PWM_setClkDiv
003f7519   _PWM_setCount
003f74f3   _PWM_setCounterMode
003f74f7   _PWM_setHighSpeedClkDiv
003f73bc   _PWM_setIntMode
003f73c3   _PWM_setIntPeriod
003f73de   _PWM_setLoadMode_CmpB
003f751b   _PWM_setPeriod
003f751d   _PWM_setPhase
003f73e4   _PWM_setShadowMode_CmpB
003f7324   _PWM_setSocAPeriod
003f732d   _PWM_setSocAPulseSrc
003f7467   _RTOSINT_ISR
00000004   _RamfuncsLoadSize
003f6214   _RamfuncsLoadStart
00008000   _RamfuncsRunStart
003f746c   _SCIRXINTA_ISR
003f7471   _SCITXINTA_ISR
003f72c5   _SCI_close
003f73ca   _SCI_init
003f751f   _SCI_lseek
003f71fa   _SCI_open
003f7336   _SCI_putDataBlocking
003f720d   _SCI_read
003f7521   _SCI_rename
003f7523   _SCI_unlink
003f714f   _SCI_write
003f7476   _SPIRXINTA_ISR
003f747b   _SPITXINTA_ISR
003f7480   _TINT0_ISR
003f7485   _USER10_ISR
003f748a   _USER11_ISR
003f748f   _USER12_ISR
003f7494   _USER1_ISR
003f7499   _USER2_ISR
003f749e   _USER3_ISR
003f74a3   _USER4_ISR
003f74a8   _USER5_ISR
003f74ad   _USER6_ISR
003f74b2   _USER7_ISR
003f74b7   _USER8_ISR
003f74bc   _USER9_ISR
003f74c1   _WAKEINT_ISR
003f7358   _WDOG_disable
003f73d1   _WDOG_init
003f74c6   _XINT1_ISR
003f74cb   _XINT2_ISR
003f74d0   _XINT3_ISR
00000400   __CIOBUF_
00000350   __STACK_END
00000300   __STACK_SIZE
00000200   __SYSMEM_SIZE
00000001   __TI_args_main
003f6ac0   ___TI_cleanup
00008d38   ___TI_cleanup_ptr
003f6dcc   ___TI_closefile
003f6d61   ___TI_doflush
00008d3a   ___TI_dtors_ptr
00008bc0   ___TI_ft_end
003f6c2b   ___TI_readmsg
00008c80   ___TI_tmpnams
003f6bd7   ___TI_writemsg
ffffffff   ___binit__
ffffffff   ___c_args__
003f7525   ___cinit__
ffffffff   ___etext__
003f7063   ___memcpy_ff
ffffffff   ___pinit__
ffffffff   ___text__
003f7185   __args_main
00008c00   __ftable
00008d36   __lock
003f7347   __nop
003f7343   __register_lock
003f733f   __register_unlock
00000050   __stack
00008dc8   __sys_memory
00008d34   __unlock
003f719e   _abort
003f6e81   _adc_isr
003f6617   _add_device
003f6f1f   _c_int00
003f70c1   _calculate_duty_cycle
003f6a30   _calloc
003f6a2e   _chkheap
003f6210   _clockRate
003f65e5   _close
00008d3c   _cpu
00008d30   _deviceOpen
00008818   _epwm2_info
003f7084   _epwm2_isr
003f71a0   _exit
003f6e0e   _fclose
003f6d90   _fflush
003f6b2d   _fopen
00008ac0   _frame
003f6875   _free
003f6a12   _free_memory
003f6add   _freopen
003f71cf   _fullFrame
003f620e   _highSpeedClockDiv
00008803   _indexToPlay
00008d32   _ioSci
00008802   _loopCount
003f65cd   _lseek
003f6218   _main
003f68de   _malloc
00008804   _maxValue
003f69f2   _max_free
003f68ba   _minit
00008814   _myAdc
00008812   _myClk
0000880e   _myCpu
00008816   _myFlash
00008806   _myGpio
0000880c   _myPie
00008810   _myPwm
00008808   _myPwm2
0000880a   _mySci
003f655b   _open
00008805   _periodForSampleRate
003f6543   _read
003f693e   _realloc
003f7516   _remove
003f6529   _remove_device
003f6500   _rename
003f74d5   _rsvd_ISR
003f6212   _sampleRate
003f725e   _setDBGIER
003f6ce8   _setvbuf
003f6100   _sine256Q15
000088c0   _sineDuties
003f72fd   _strchr
003f7308   _strcmp
003f74da   _strcpy
003f7360   _strlen
003f70a3   _strncpy
00008800   _timeToUpdate
003f64e8   _unlink
003f7279   _update_compare
000089c0   _voltage
00008840   _wavDuties
003f6482   _write
ffffffff   binit
003f7525   cinit
003f7ff6   code_start
ffffffff   etext
ffffffff   pinit


GLOBAL SYMBOLS: SORTED BY Symbol Address 

address    name
--------   ----
00000001   __TI_args_main
00000004   _RamfuncsLoadSize
00000050   __stack
00000200   __SYSMEM_SIZE
00000300   __STACK_SIZE
00000350   __STACK_END
00000400   __CIOBUF_
00008000   _DSP28x_usDelay
00008000   _RamfuncsRunStart
00008800   _timeToUpdate
00008801   _ConversionCount
00008802   _loopCount
00008803   _indexToPlay
00008804   _maxValue
00008805   _periodForSampleRate
00008806   _myGpio
00008808   _myPwm2
0000880a   _mySci
0000880c   _myPie
0000880e   _myCpu
00008810   _myPwm
00008812   _myClk
00008814   _myAdc
00008816   _myFlash
00008818   _epwm2_info
00008840   _wavDuties
000088c0   _sineDuties
000089c0   _voltage
00008ac0   _frame
00008bc0   ___TI_ft_end
00008c00   __ftable
00008c80   ___TI_tmpnams
00008d30   _deviceOpen
00008d32   _ioSci
00008d34   __unlock
00008d36   __lock
00008d38   ___TI_cleanup_ptr
00008d3a   ___TI_dtors_ptr
00008d3c   _cpu
00008dc8   __sys_memory
003f6000   _PIE_tableDebugInit
003f6100   _sine256Q15
003f620e   _highSpeedClockDiv
003f6210   _clockRate
003f6212   _sampleRate
003f6214   _RamfuncsLoadStart
003f6218   _main
003f6482   _write
003f64e8   _unlink
003f6500   _rename
003f6529   _remove_device
003f6543   _read
003f655b   _open
003f65cd   _lseek
003f65e5   _close
003f6617   _add_device
003f6683   _HOSTwrite
003f66b9   _HOSTunlink
003f66de   _HOSTtime
003f6708   _HOSTrename
003f6746   _HOSTread
003f677c   _HOSTopen
003f67b3   _HOSTlseek
003f67fa   _HOSTgetenv
003f6824   _HOSTclose
003f684b   _HOSTclock
003f6875   _free
003f68ba   _minit
003f68de   _malloc
003f693e   _realloc
003f69f2   _max_free
003f6a12   _free_memory
003f6a2e   _chkheap
003f6a30   _calloc
003f6ac0   ___TI_cleanup
003f6add   _freopen
003f6b2d   _fopen
003f6b47   _InitEPwm2
003f6bd7   ___TI_writemsg
003f6c27   C$$IO$$
003f6c2b   ___TI_readmsg
003f6c65   FS$$DIV
003f6ce8   _setvbuf
003f6d61   ___TI_doflush
003f6d90   _fflush
003f6dcc   ___TI_closefile
003f6e0e   _fclose
003f6e27   FS$$MPY
003f6e81   _adc_isr
003f6ed6   _GPIO_setMode
003f6f1f   _c_int00
003f6f63   _GPIO_setDirection
003f6f97   _GPIO_setPullUp
003f6fcb   _GPIO_setQualification
003f6ff6   FS$$TOI
003f701b   _ADC_setIntMode
003f703f   _ADC_setIntSrc
003f7063   ___memcpy_ff
003f7084   _epwm2_isr
003f70a3   _strncpy
003f70c1   _calculate_duty_cycle
003f70de   FS$$TOU
003f70fb   _ADC_setSocChanNumber
003f7117   _ADC_setSocSampleWindow
003f7133   _ADC_setSocTrigSrc
003f714f   _SCI_write
003f716b   I$$TOFS
003f7185   __args_main
003f719e   C$$EXIT
003f719e   _abort
003f71a0   _exit
003f71b7   _ADC_enableInt
003f71cf   _fullFrame
003f71e5   _PLL_setup
003f71fa   _SCI_open
003f720d   _SCI_read
003f7220   _ADC_setIntPulseGenMode
003f7232   _ADC_setVoltRefSrc
003f7244   _PIE_enableAdcInt
003f725e   _setDBGIER
003f7261   _DSP28x_DisableInt
003f7265   _DSP28x_RestoreInt
003f7268   _PIE_setDebugIntVectorTable
003f7279   _update_compare
003f728a   U$$TOFS
003f729a   _PIE_disableAllInts
003f72a9   _PIE_registerPieIntHandler
003f72b8   _PIE_enablePwmInt
003f72c5   _SCI_close
003f72d1   _ADC_enable
003f72dc   _ADC_enableBandGap
003f72e7   _ADC_enableRefBuffers
003f72f2   _ADC_powerUp
003f72fd   _strchr
003f7308   _strcmp
003f7312   _CLK_enablePwmClock
003f731b   _PWM_setActionQual_CntUp_CmpB_PwmB
003f7324   _PWM_setSocAPeriod
003f732d   _PWM_setSocAPulseSrc
003f7336   _SCI_putDataBlocking
003f733f   __register_unlock
003f7343   __register_lock
003f7347   __nop
003f7348   _ADC_init
003f7350   _PIE_init
003f7358   _WDOG_disable
003f7360   _strlen
003f7368   _CLK_disableTbClockSync
003f736f   _CLK_enableAdcClock
003f7376   _CLK_enableTbClockSync
003f737d   _CLK_init
003f7384   _CLK_setClkOutPreScaler
003f738b   _CLK_setOscSrc
003f7392   _FLASH_init
003f7399   _GPIO_init
003f73a0   _PLL_init
003f73a7   _PLL_setDivider
003f73ae   _PWM_init
003f73b5   _PWM_setActionQual_Zero_PwmB
003f73bc   _PWM_setIntMode
003f73c3   _PWM_setIntPeriod
003f73ca   _SCI_init
003f73d1   _WDOG_init
003f73d8   _PLL_setMultiplier
003f73de   _PWM_setLoadMode_CmpB
003f73e4   _PWM_setShadowMode_CmpB
003f73ea   _ADCINT1_ISR
003f73ef   _ADCINT2_ISR
003f73f4   _ADCINT3_ISR
003f73f9   _ADCINT4_ISR
003f73fe   _ADCINT5_ISR
003f7403   _ADCINT6_ISR
003f7408   _ADCINT7_ISR
003f740d   _ADCINT8_ISR
003f7412   _ADCINT9_ISR
003f7417   _DATALOG_ISR
003f741c   _ECAP1_INT_ISR
003f7421   _EMUINT_ISR
003f7426   _EPWM1_INT_ISR
003f742b   _EPWM1_TZINT_ISR
003f7430   _EPWM2_INT_ISR
003f7435   _EPWM2_TZINT_ISR
003f743a   _EPWM3_INT_ISR
003f743f   _EPWM3_TZINT_ISR
003f7444   _I2CINT1A_ISR
003f7449   _I2CINT2A_ISR
003f744e   _ILLEGAL_ISR
003f7453   _INT13_ISR
003f7458   _INT14_ISR
003f745d   _NMI_ISR
003f7462   _PIE_RESERVED
003f7467   _RTOSINT_ISR
003f746c   _SCIRXINTA_ISR
003f7471   _SCITXINTA_ISR
003f7476   _SPIRXINTA_ISR
003f747b   _SPITXINTA_ISR
003f7480   _TINT0_ISR
003f7485   _USER10_ISR
003f748a   _USER11_ISR
003f748f   _USER12_ISR
003f7494   _USER1_ISR
003f7499   _USER2_ISR
003f749e   _USER3_ISR
003f74a3   _USER4_ISR
003f74a8   _USER5_ISR
003f74ad   _USER6_ISR
003f74b2   _USER7_ISR
003f74b7   _USER8_ISR
003f74bc   _USER9_ISR
003f74c1   _WAKEINT_ISR
003f74c6   _XINT1_ISR
003f74cb   _XINT2_ISR
003f74d0   _XINT3_ISR
003f74d5   _rsvd_ISR
003f74da   _strcpy
003f74df   _CPU_enableInt
003f74e3   _CPU_init
003f74e7   _PWM_enableInt
003f74eb   _PWM_enableSocAPulse
003f74ef   _PWM_setClkDiv
003f74f3   _PWM_setCounterMode
003f74f7   _PWM_setHighSpeedClkDiv
003f74fb   _CPU_clearIntFlags
003f74fe   _CPU_disableGlobalInts
003f7501   _CPU_enableDebugInt
003f7504   _CPU_enableGlobalInts
003f7507   _PIE_disable
003f750a   _PIE_enable
003f750d   _PLL_getClkStatus
003f7510   _PLL_getLockStatus
003f7513   _PWM_disableCounterLoad
003f7516   _remove
003f7519   _PWM_setCount
003f751b   _PWM_setPeriod
003f751d   _PWM_setPhase
003f751f   _SCI_lseek
003f7521   _SCI_rename
003f7523   _SCI_unlink
003f7525   ___cinit__
003f7525   cinit
003f7ff6   code_start
ffffffff   .text
ffffffff   ___binit__
ffffffff   ___c_args__
ffffffff   ___etext__
ffffffff   ___pinit__
ffffffff   ___text__
ffffffff   binit
ffffffff   etext
ffffffff   pinit

[250 symbols]
