******************************************************************************
             TMS320C2000 Linker PC v6.2.8                      
******************************************************************************
>> Linked Sat Nov 22 17:51:12 2014

OUTPUT FILE NAME:   <VoiceModule.out>
ENTRY POINT SYMBOL: "code_start"  address: 003f7ff6


MEMORY CONFIGURATION

         name            origin    length      used     unused   attr    fill
----------------------  --------  ---------  --------  --------  ----  --------
PAGE 0:
  PRAML0                00008000   00000800  00000004  000007fc  RWIX
  OTP                   003d7800   00000400  00000000  00000400  RWIX
  FLASHD                003f0000   00002000  00000000  00002000  RWIX
  FLASHC                003f2000   00002000  00000716  000018ea  RWIX
  FLASHA                003f6000   00001f80  00001f80  00000000  RWIX
  CSM_RSVD              003f7f80   00000076  00000076  00000000  RWIX
  BEGIN                 003f7ff6   00000002  00000002  00000000  RWIX
  CSM_PWL_P0            003f7ff8   00000008  00000008  00000000  RWIX
  IQTABLES              003fe000   00000b50  00000000  00000b50  RWIX
  IQTABLES2             003feb50   0000008c  00000000  0000008c  RWIX
  IQTABLES3             003febdc   000000aa  00000000  000000aa  RWIX
  ROM                   003ff27c   00000d44  00000000  00000d44  RWIX
  RESET                 003fffc0   00000002  00000000  00000002  RWIX
  VECTORS               003fffc2   0000003e  00000000  0000003e  RWIX

PAGE 1:
  BOOT_RSVD             00000000   00000050  00000000  00000050  RWIX
  RAMM0                 00000050   000003b0  00000300  000000b0  RWIX
  RAMM1                 00000400   00000400  00000120  000002e0  RWIX
  DEV_EMU               00000880   00000105  00000000  00000105  RWIX
  SYS_PWR_CTL           00000985   00000003  00000000  00000003  RWIX
  FLASH_REGS            00000a80   00000060  00000000  00000060  RWIX
  CSM                   00000ae0   00000010  00000000  00000010  RWIX
  ADC_RESULT            00000b00   00000020  00000000  00000020  RWIX
  CPU_TIMER0            00000c00   00000008  00000000  00000008  RWIX
  CPU_TIMER1            00000c08   00000008  00000000  00000008  RWIX
  CPU_TIMER2            00000c10   00000008  00000000  00000008  RWIX
  PIE_CTRL              00000ce0   00000020  00000000  00000020  RWIX
  PIE_VECT              00000d00   00000100  00000000  00000100  RWIX
  COMP1                 00006400   00000020  00000000  00000020  RWIX
  COMP2                 00006420   00000020  00000000  00000020  RWIX
  EPWM1                 00006800   00000040  00000000  00000040  RWIX
  EPWM2                 00006840   00000040  00000000  00000040  RWIX
  EPWM3                 00006880   00000040  00000000  00000040  RWIX
  EPWM4                 000068c0   00000040  00000000  00000040  RWIX
  ECAP1                 00006a00   00000020  00000000  00000020  RWIX
  GPIOCTRL              00006f80   00000040  00000000  00000040  RWIX
  GPIODAT               00006fc0   00000020  00000000  00000020  RWIX
  GPIOINT               00006fe0   00000020  00000000  00000020  RWIX
  SYSTEM                00007010   00000020  00000000  00000020  RWIX
  SPIA                  00007040   00000010  00000000  00000010  RWIX
  SCIA                  00007050   00000010  00000000  00000010  RWIX
  NMIINTRUPT            00007060   00000010  00000000  00000010  RWIX
  XINTRUPT              00007070   00000010  00000000  00000010  RWIX
  ADC                   00007100   00000080  00000000  00000080  RWIX
  I2CA                  00007900   00000040  00000000  00000040  RWIX
  DRAML0                00008800   00000800  00000548  000002b8  RWIX
  PARTID                003d7fff   00000001  00000000  00000001  RWIX
  FLASHB                003f4000   00002000  00000000  00002000  RWIX
  CSM_PWL               003f7ff8   00000008  00000000  00000008  RWIX


SECTION ALLOCATION MAP

 output                                  attributes/
section   page    origin      length       input sections
--------  ----  ----------  ----------   ----------------
.pinit     0    003f6000    00000000     UNINITIALIZED

.text.1    0    003f2000    00000689     
                  003f2000    0000002a     rts2800_ml.lib : fd_cmp.obj (.text)
                  003f202a    0000002a                    : l_div.obj (.text)
                  003f2054    00000025                    : fs_toi.obj (.text)
                  003f2079    00000024     driverlib.lib : adc.obj (.text:_ADC_setIntMode)
                  003f209d    00000024                   : adc.obj (.text:_ADC_setIntSrc)
                  003f20c1    00000021     VoiceModule.obj (.text:_init_audio)
                  003f20e2    00000021     rts2800_ml.lib : fd_toi.obj (.text)
                  003f2103    00000021                    : memcpy_ff.obj (.text)
                  003f2124    0000001f     VoiceModule.obj (.text:_epwm2_isr)
                  003f2143    0000001f     rts2800_ml.lib : fd_tol.obj (.text)
                  003f2162    0000001e                    : ll_cmp.obj (.text)
                  003f2180    0000001e                    : strncpy.obj (.text)
                  003f219e    0000001d     VoiceModule.obj (.text:_calculate_duty_cycle)
                  003f21bb    0000001d     rts2800_ml.lib : fs_tou.obj (.text)
                  003f21d8    0000001c     driverlib.lib : adc.obj (.text:_ADC_setSocChanNumber)
                  003f21f4    0000001c                   : adc.obj (.text:_ADC_setSocSampleWindow)
                  003f2210    0000001c                   : adc.obj (.text:_ADC_setSocTrigSrc)
                  003f222c    0000001c                   : sci_io.obj (.text:_SCI_write)
                  003f2248    0000001c     rts2800_ml.lib : fs_tofd.obj (.text)
                  003f2264    0000001c                    : l_tofd.obj (.text)
                  003f2280    0000001a                    : i_tofs.obj (.text)
                  003f229a    00000019     VoiceModule.obj (.text:_update_compare)
                  003f22b3    00000019     rts2800_ml.lib : args_main.obj (.text)
                  003f22cc    00000019                    : exit.obj (.text)
                  003f22e5    00000018     driverlib.lib : adc.obj (.text:_ADC_enableInt)
                  003f22fd    00000018     rts2800_ml.lib : ll_aox.obj (.text)
                  003f2315    00000015     driverlib.lib : pll.obj (.text:_PLL_setup)
                  003f232a    00000014     rts2800_ml.lib : ll_mpy.obj (.text)
                  003f233e    00000013     driverlib.lib : sci_io.obj (.text:_SCI_open)
                  003f2351    00000013                   : sci_io.obj (.text:_SCI_read)
                  003f2364    00000012                   : adc.obj (.text:_ADC_setVoltRefSrc)
                  003f2376    00000012                   : pie.obj (.text:_PIE_enableAdcInt)
                  003f2388    00000012                   : F2802x_asmfuncs.obj (.text)
                  003f239a    00000012     rts2800_ml.lib : memchr.obj (.text)
                  003f23ac    00000011     driverlib.lib : pie.obj (.text:_PIE_setDebugIntVectorTable)
                  003f23bd    00000010     rts2800_ml.lib : u_tofs.obj (.text)
                  003f23cd    0000000f     driverlib.lib : pie.obj (.text:_PIE_disableAllInts)
                  003f23dc    0000000f                   : pie.obj (.text:_PIE_registerPieIntHandler)
                  003f23eb    0000000e     rts2800_ml.lib : fd_sub.obj (.text)
                  003f23f9    0000000d     driverlib.lib : pie.obj (.text:_PIE_enablePwmInt)
                  003f2406    0000000d     rts2800_ml.lib : memccpy.obj (.text)
                  003f2413    0000000d                    : memset.obj (.text)
                  003f2420    0000000c     driverlib.lib : sci_io.obj (.text:_SCI_close)
                  003f242c    0000000b                   : adc.obj (.text:_ADC_enable)
                  003f2437    0000000b                   : adc.obj (.text:_ADC_enableBandGap)
                  003f2442    0000000b                   : adc.obj (.text:_ADC_enableRefBuffers)
                  003f244d    0000000b                   : adc.obj (.text:_ADC_powerUp)
                  003f2458    0000000b     rts2800_ml.lib : strchr.obj (.text)
                  003f2463    0000000a                    : strcmp.obj (.text)
                  003f246d    00000009     driverlib.lib : clk.obj (.text:_CLK_enablePwmClock)
                  003f2476    00000009                   : pwm.obj (.text:_PWM_setActionQual_CntUp_CmpB_PwmB)
                  003f247f    00000009                   : pwm.obj (.text:_PWM_setSocAPeriod)
                  003f2488    00000009                   : pwm.obj (.text:_PWM_setSocAPulseSrc)
                  003f2491    00000009                   : sci.obj (.text:_SCI_putDataBlocking)
                  003f249a    00000009     rts2800_ml.lib : _lock.obj (.text)
                  003f24a3    00000009                    : fd_neg.obj (.text)
                  003f24ac    00000008     driverlib.lib : adc.obj (.text:_ADC_init)
                  003f24b4    00000008                   : pie.obj (.text:_PIE_init)
                  003f24bc    00000008                   : wdog.obj (.text:_WDOG_disable)
                  003f24c4    00000008     rts2800_ml.lib : strlen.obj (.text)
                  003f24cc    00000007     driverlib.lib : clk.obj (.text:_CLK_disableTbClockSync)
                  003f24d3    00000007                   : clk.obj (.text:_CLK_enableAdcClock)
                  003f24da    00000007                   : clk.obj (.text:_CLK_enableTbClockSync)
                  003f24e1    00000007                   : clk.obj (.text:_CLK_init)
                  003f24e8    00000007                   : clk.obj (.text:_CLK_setClkOutPreScaler)
                  003f24ef    00000007                   : clk.obj (.text:_CLK_setOscSrc)
                  003f24f6    00000007                   : flash.obj (.text:_FLASH_init)
                  003f24fd    00000007                   : gpio.obj (.text:_GPIO_init)
                  003f2504    00000007                   : pll.obj (.text:_PLL_init)
                  003f250b    00000007                   : pll.obj (.text:_PLL_setDivider)
                  003f2512    00000007                   : pwm.obj (.text:_PWM_init)
                  003f2519    00000007                   : pwm.obj (.text:_PWM_setActionQual_Zero_PwmB)
                  003f2520    00000007                   : pwm.obj (.text:_PWM_setIntMode)
                  003f2527    00000007                   : pwm.obj (.text:_PWM_setIntPeriod)
                  003f252e    00000007                   : sci.obj (.text:_SCI_init)
                  003f2535    00000007                   : wdog.obj (.text:_WDOG_init)
                  003f253c    00000006                   : pll.obj (.text:_PLL_setMultiplier)
                  003f2542    00000006                   : pwm.obj (.text:_PWM_setLoadMode_CmpB)
                  003f2548    00000006                   : pwm.obj (.text:_PWM_setShadowMode_CmpB)
                  003f254e    00000005                   : F2802x_DefaultIsr.obj (.text:_ADCINT1_ISR)
                  003f2553    00000005                   : F2802x_DefaultIsr.obj (.text:_ADCINT2_ISR)
                  003f2558    00000005                   : F2802x_DefaultIsr.obj (.text:_ADCINT3_ISR)
                  003f255d    00000005                   : F2802x_DefaultIsr.obj (.text:_ADCINT4_ISR)
                  003f2562    00000005                   : F2802x_DefaultIsr.obj (.text:_ADCINT5_ISR)
                  003f2567    00000005                   : F2802x_DefaultIsr.obj (.text:_ADCINT6_ISR)
                  003f256c    00000005                   : F2802x_DefaultIsr.obj (.text:_ADCINT7_ISR)
                  003f2571    00000005                   : F2802x_DefaultIsr.obj (.text:_ADCINT8_ISR)
                  003f2576    00000005                   : F2802x_DefaultIsr.obj (.text:_ADCINT9_ISR)
                  003f257b    00000005                   : F2802x_DefaultIsr.obj (.text:_DATALOG_ISR)
                  003f2580    00000005                   : F2802x_DefaultIsr.obj (.text:_ECAP1_INT_ISR)
                  003f2585    00000005                   : F2802x_DefaultIsr.obj (.text:_EMUINT_ISR)
                  003f258a    00000005                   : F2802x_DefaultIsr.obj (.text:_EPWM1_INT_ISR)
                  003f258f    00000005                   : F2802x_DefaultIsr.obj (.text:_EPWM1_TZINT_ISR)
                  003f2594    00000005                   : F2802x_DefaultIsr.obj (.text:_EPWM2_INT_ISR)
                  003f2599    00000005                   : F2802x_DefaultIsr.obj (.text:_EPWM2_TZINT_ISR)
                  003f259e    00000005                   : F2802x_DefaultIsr.obj (.text:_EPWM3_INT_ISR)
                  003f25a3    00000005                   : F2802x_DefaultIsr.obj (.text:_EPWM3_TZINT_ISR)
                  003f25a8    00000005                   : F2802x_DefaultIsr.obj (.text:_I2CINT1A_ISR)
                  003f25ad    00000005                   : F2802x_DefaultIsr.obj (.text:_I2CINT2A_ISR)
                  003f25b2    00000005                   : F2802x_DefaultIsr.obj (.text:_ILLEGAL_ISR)
                  003f25b7    00000005                   : F2802x_DefaultIsr.obj (.text:_INT13_ISR)
                  003f25bc    00000005                   : F2802x_DefaultIsr.obj (.text:_INT14_ISR)
                  003f25c1    00000005                   : F2802x_DefaultIsr.obj (.text:_NMI_ISR)
                  003f25c6    00000005                   : F2802x_DefaultIsr.obj (.text:_PIE_RESERVED)
                  003f25cb    00000005                   : F2802x_DefaultIsr.obj (.text:_RTOSINT_ISR)
                  003f25d0    00000005                   : F2802x_DefaultIsr.obj (.text:_SCIRXINTA_ISR)
                  003f25d5    00000005                   : F2802x_DefaultIsr.obj (.text:_SCITXINTA_ISR)
                  003f25da    00000005                   : F2802x_DefaultIsr.obj (.text:_SPIRXINTA_ISR)
                  003f25df    00000005                   : F2802x_DefaultIsr.obj (.text:_SPITXINTA_ISR)
                  003f25e4    00000005                   : F2802x_DefaultIsr.obj (.text:_TINT0_ISR)
                  003f25e9    00000005                   : F2802x_DefaultIsr.obj (.text:_USER10_ISR)
                  003f25ee    00000005                   : F2802x_DefaultIsr.obj (.text:_USER11_ISR)
                  003f25f3    00000005                   : F2802x_DefaultIsr.obj (.text:_USER12_ISR)
                  003f25f8    00000005                   : F2802x_DefaultIsr.obj (.text:_USER1_ISR)
                  003f25fd    00000005                   : F2802x_DefaultIsr.obj (.text:_USER2_ISR)
                  003f2602    00000005                   : F2802x_DefaultIsr.obj (.text:_USER3_ISR)
                  003f2607    00000005                   : F2802x_DefaultIsr.obj (.text:_USER4_ISR)
                  003f260c    00000005                   : F2802x_DefaultIsr.obj (.text:_USER5_ISR)
                  003f2611    00000005                   : F2802x_DefaultIsr.obj (.text:_USER6_ISR)
                  003f2616    00000005                   : F2802x_DefaultIsr.obj (.text:_USER7_ISR)
                  003f261b    00000005                   : F2802x_DefaultIsr.obj (.text:_USER8_ISR)
                  003f2620    00000005                   : F2802x_DefaultIsr.obj (.text:_USER9_ISR)
                  003f2625    00000005                   : F2802x_DefaultIsr.obj (.text:_WAKEINT_ISR)
                  003f262a    00000005                   : F2802x_DefaultIsr.obj (.text:_XINT1_ISR)
                  003f262f    00000005                   : F2802x_DefaultIsr.obj (.text:_XINT2_ISR)
                  003f2634    00000005                   : F2802x_DefaultIsr.obj (.text:_XINT3_ISR)
                  003f2639    00000005                   : F2802x_DefaultIsr.obj (.text:_rsvd_ISR)
                  003f263e    00000005     rts2800_ml.lib : strcpy.obj (.text)
                  003f2643    00000004     driverlib.lib : cpu.obj (.text:_CPU_enableInt)
                  003f2647    00000004                   : cpu.obj (.text:_CPU_init)
                  003f264b    00000004                   : pwm.obj (.text:_PWM_enableInt)
                  003f264f    00000004                   : pwm.obj (.text:_PWM_enableSocAPulse)
                  003f2653    00000004                   : pwm.obj (.text:_PWM_setClkDiv)
                  003f2657    00000004                   : pwm.obj (.text:_PWM_setCounterMode)
                  003f265b    00000004                   : pwm.obj (.text:_PWM_setHighSpeedClkDiv)
                  003f265f    00000003                   : cpu.obj (.text:_CPU_clearIntFlags)
                  003f2662    00000003                   : cpu.obj (.text:_CPU_disableGlobalInts)
                  003f2665    00000003                   : cpu.obj (.text:_CPU_enableDebugInt)
                  003f2668    00000003                   : cpu.obj (.text:_CPU_enableGlobalInts)
                  003f266b    00000003                   : pie.obj (.text:_PIE_disable)
                  003f266e    00000003                   : pie.obj (.text:_PIE_enable)
                  003f2671    00000003                   : pll.obj (.text:_PLL_getClkStatus)
                  003f2674    00000003                   : pll.obj (.text:_PLL_getLockStatus)
                  003f2677    00000003                   : pwm.obj (.text:_PWM_disableCounterLoad)
                  003f267a    00000003     rts2800_ml.lib : remove.obj (.text)
                  003f267d    00000002     driverlib.lib : pwm.obj (.text:_PWM_setCount)
                  003f267f    00000002                   : pwm.obj (.text:_PWM_setPeriod)
                  003f2681    00000002                   : pwm.obj (.text:_PWM_setPhase)
                  003f2683    00000002                   : sci_io.obj (.text:_SCI_lseek)
                  003f2685    00000002                   : sci_io.obj (.text:_SCI_rename)
                  003f2687    00000002                   : sci_io.obj (.text:_SCI_unlink)

.cinit     0    003f2689    0000008d     
                  003f2689    00000031     rts2800_ml.lib : lowlev.obj (.cinit)
                  003f26ba    0000002a                    : defs.obj (.cinit)
                  003f26e4    00000010     VoiceModule.obj (.cinit)
                  003f26f4    0000000a     rts2800_ml.lib : _lock.obj (.cinit)
                  003f26fe    0000000a                    : exit.obj (.cinit)
                  003f2708    00000004     driverlib.lib : sci_io.obj (.cinit)
                  003f270c    00000004     rts2800_ml.lib : fopen.obj (.cinit)
                  003f2710    00000004                    : memory.obj (.cinit)
                  003f2714    00000002     --HOLE-- [fill = 0]

.econst    0    003f6000    00000356     
                  003f6000    00000101     rts2800_ml.lib : ctype.obj (.econst:.string:__ctypes_)
                  003f6101    00000001     --HOLE-- [fill = 0]
                  003f6102    00000100     driverlib.lib : pie.obj (.econst:_PIE_tableDebugInit)
                  003f6202    0000006f     VoiceModule.obj (.econst:_wavFile2)
                  003f6271    00000057     VoiceModule.obj (.econst:_wavFile3)
                  003f62c8    0000002d     VoiceModule.obj (.econst:_wavFile)
                  003f62f5    00000001     --HOLE-- [fill = 0]
                  003f62f6    00000024     rts2800_ml.lib : _printfi.obj (.econst:.string)
                  003f631a    0000001c     VoiceModule.obj (.econst:.string)
                  003f6336    00000018     rts2800_ml.lib : _printfi.obj (.econst)
                  003f634e    00000006     VoiceModule.obj (.econst)
                  003f6354    00000002     rts2800_ml.lib : fputs.obj (.econst:.string)

ramfuncs   0    003f6356    00000004     RUN ADDR = 00008000
                  003f6356    00000004     driverlib.lib : F2802x_asmfuncs.obj (ramfuncs)

.text.2    0    003f635a    00001c26     
                  003f635a    00000930     rts2800_ml.lib : _printfi.obj (.text)
                  003f6c8a    000002a0     VoiceModule.obj (.text:_main)
                  003f6f2a    00000201     rts2800_ml.lib : lowlev.obj (.text)
                  003f712b    000001f2                    : trgdrv.obj (.text)
                  003f731d    000001d3                    : memory.obj (.text)
                  003f74f0    00000107                    : ll_div.obj (.text)
                  003f75f7    000000ff                    : fopen.obj (.text)
                  003f76f6    000000a8                    : fputs.obj (.text)
                  003f779e    0000009c                    : fd_add.obj (.text)
                  003f783a    00000090     VoiceModule.obj (.text:_InitEPwm2)
                  003f78ca    0000008e     rts2800_ml.lib : ankmsg.obj (.text)
                  003f7958    0000008b                    : fd_div.obj (.text)
                  003f79e3    00000083                    : fd_mpy.obj (.text)
                  003f7a66    00000083                    : fs_div.obj (.text)
                  003f7ae9    00000079                    : setvbuf.obj (.text)
                  003f7b62    0000006b                    : fflush.obj (.text)
                  003f7bcd    00000065                    : _io_perm.obj (.text)
                  003f7c32    0000005b                    : fclose.obj (.text)
                  003f7c8d    0000005a                    : fs_mpy.obj (.text)
                  003f7ce7    00000050                    : fputc.obj (.text)
                  003f7d37    0000004b     VoiceModule.obj (.text:_adc_isr)
                  003f7d82    00000049     driverlib.lib : gpio.obj (.text:_GPIO_setMode)
                  003f7dcb    00000044     rts2800_ml.lib : boot.obj (.text)
                  003f7e0f    0000003d                    : fseek.obj (.text)
                  003f7e4c    00000034     driverlib.lib : gpio.obj (.text:_GPIO_setDirection)
                  003f7e80    00000034                   : gpio.obj (.text:_GPIO_setPullUp)
                  003f7eb4    00000032     rts2800_ml.lib : printf.obj (.text)
                  003f7ee6    00000031                    : atoi.obj (.text)
                  003f7f17    0000002c                    : ltoa.obj (.text)
                  003f7f43    0000002b     driverlib.lib : gpio.obj (.text:_GPIO_setQualification)
                  003f7f6e    00000012                   : adc.obj (.text:_ADC_setIntPulseGenMode)

csm_rsvd   0    003f7f80    00000076     
                  003f7f80    00000076     driverlib.lib : F2802x_asmfuncs.obj (csm_rsvd)

codestart 
*          0    003f7ff6    00000002     
                  003f7ff6    00000002     driverlib.lib : F2802x_asmfuncs.obj (codestart)

csmpasswds 
*          0    003f7ff8    00000008     
                  003f7ff8    00000008     driverlib.lib : F2802x_asmfuncs.obj (csmpasswds)

.reset     0    003fffc0    00000002     DSECT
                  003fffc0    00000002     rts2800_ml.lib : boot.obj (.reset)

vectors    0    003fffc2    00000000     DSECT

.stack     1    00000050    00000300     UNINITIALIZED
                  00000050    00000300     --HOLE--

.cio       1    00000400    00000120     UNINITIALIZED
                  00000400    00000120     rts2800_ml.lib : ankmsg.obj (.cio)

.ebss      1    00008800    00000348     UNINITIALIZED
                  00008800    00000160     rts2800_ml.lib : defs.obj (.ebss)
                  00008960    00000008                    : memory.obj (.ebss)
                  00008968    00000008                    : trgdrv.obj (.ebss)
                  00008970    00000004     driverlib.lib : sci_io.obj (.ebss)
                  00008974    00000004     rts2800_ml.lib : _lock.obj (.ebss)
                  00008978    00000004                    : exit.obj (.ebss)
                  0000897c    00000001     driverlib.lib : cpu.obj (.ebss)
                  0000897d    00000001     rts2800_ml.lib : fopen.obj (.ebss)
                  0000897e    00000002     --HOLE--
                  00008980    00000140     VoiceModule.obj (.ebss)
                  00008ac0    00000088     rts2800_ml.lib : lowlev.obj (.ebss)

.sysmem    1    00008b48    00000200     UNINITIALIZED
                  00008b48    00000001     rts2800_ml.lib : memory.obj (.sysmem)
                  00008b49    000001ff     --HOLE--


GLOBAL DATA SYMBOLS: SORTED BY DATA PAGE

address     data page           name
--------    ----------------    ----
00000050       1 (00000040)     __stack

00000400      10 (00000400)     __CIOBUF_

00008800     220 (00008800)     ___TI_ft_end

00008840     221 (00008840)     __ftable

000088c0     223 (000088c0)     ___TI_tmpnams

00008970     225 (00008940)     _deviceOpen
00008972     225 (00008940)     _ioSci
00008974     225 (00008940)     __unlock
00008976     225 (00008940)     __lock
00008978     225 (00008940)     ___TI_cleanup_ptr
0000897a     225 (00008940)     ___TI_dtors_ptr
0000897c     225 (00008940)     _cpu

00008980     226 (00008980)     _timeToUpdate
00008981     226 (00008980)     _loopCount
00008982     226 (00008980)     _ConversionCount
00008983     226 (00008980)     _indexToPlay
00008984     226 (00008980)     _maxValue
00008985     226 (00008980)     _periodForSampleRate
00008986     226 (00008980)     _myGpio
00008988     226 (00008980)     _myFlash
0000898a     226 (00008980)     _mySci
0000898c     226 (00008980)     _myAdc
0000898e     226 (00008980)     _myPie
00008990     226 (00008980)     _myPwm
00008992     226 (00008980)     _myClk
00008994     226 (00008980)     _myCpu
00008996     226 (00008980)     _myPwm2
00008998     226 (00008980)     _beepLow
0000899e     226 (00008980)     _sine
000089a4     226 (00008980)     _beepHigh
000089aa     226 (00008980)     _epwm2_info

000089c0     227 (000089c0)     _voltage

00008b48     22d (00008b40)     __sys_memory

003f6000    fd80 (003f6000)     __ctypes_

003f6102    fd84 (003f6100)     _PIE_tableDebugInit

003f6202    fd88 (003f6200)     _wavFile2

003f6271    fd89 (003f6240)     _wavFile3

003f62c8    fd8b (003f62c0)     _wavFile

003f634e    fd8d (003f6340)     _highSpeedClockDiv
003f6350    fd8d (003f6340)     _clockRate
003f6352    fd8d (003f6340)     _sampleRate


GLOBAL SYMBOLS: SORTED ALPHABETICALLY BY Name 

address    name
--------   ----
ffffffff   .text
003f22cc   C$$EXIT
003f791a   C$$IO$$
003f779e   FD$$ADD
003f2000   FD$$CMP
003f7958   FD$$DIV
003f79e3   FD$$MPY
003f24a3   FD$$NEG
003f23eb   FD$$SUB
003f20e2   FD$$TOI
003f2143   FD$$TOL
003f7a66   FS$$DIV
003f7c8d   FS$$MPY
003f2248   FS$$TOFD
003f2054   FS$$TOI
003f21bb   FS$$TOU
003f2280   I$$TOFS
003f202a   L$$DIV
003f2039   L$$MOD
003f2264   L$$TOFD
003f22fd   LL$$AND
003f2162   LL$$CMP
003f74f0   LL$$DIV
003f752c   LL$$MOD
003f232a   LL$$MPY
003f2305   LL$$OR
003f230d   LL$$XOR
003f23bd   U$$TOFS
003f2047   UL$$DIV
003f204e   UL$$MOD
003f2174   ULL$$CMP
003f7566   ULL$$DIV
003f7595   ULL$$MOD
003f254e   _ADCINT1_ISR
003f2553   _ADCINT2_ISR
003f2558   _ADCINT3_ISR
003f255d   _ADCINT4_ISR
003f2562   _ADCINT5_ISR
003f2567   _ADCINT6_ISR
003f256c   _ADCINT7_ISR
003f2571   _ADCINT8_ISR
003f2576   _ADCINT9_ISR
003f242c   _ADC_enable
003f2437   _ADC_enableBandGap
003f22e5   _ADC_enableInt
003f2442   _ADC_enableRefBuffers
003f24ac   _ADC_init
003f244d   _ADC_powerUp
003f2079   _ADC_setIntMode
003f7f6e   _ADC_setIntPulseGenMode
003f209d   _ADC_setIntSrc
003f21d8   _ADC_setSocChanNumber
003f21f4   _ADC_setSocSampleWindow
003f2210   _ADC_setSocTrigSrc
003f2364   _ADC_setVoltRefSrc
003f24cc   _CLK_disableTbClockSync
003f24d3   _CLK_enableAdcClock
003f246d   _CLK_enablePwmClock
003f24da   _CLK_enableTbClockSync
003f24e1   _CLK_init
003f24e8   _CLK_setClkOutPreScaler
003f24ef   _CLK_setOscSrc
003f265f   _CPU_clearIntFlags
003f2662   _CPU_disableGlobalInts
003f2665   _CPU_enableDebugInt
003f2668   _CPU_enableGlobalInts
003f2643   _CPU_enableInt
003f2647   _CPU_init
00008982   _ConversionCount
003f257b   _DATALOG_ISR
003f2393   _DSP28x_DisableInt
003f2397   _DSP28x_RestoreInt
00008000   _DSP28x_usDelay
003f2580   _ECAP1_INT_ISR
003f2585   _EMUINT_ISR
003f258a   _EPWM1_INT_ISR
003f258f   _EPWM1_TZINT_ISR
003f2594   _EPWM2_INT_ISR
003f2599   _EPWM2_TZINT_ISR
003f259e   _EPWM3_INT_ISR
003f25a3   _EPWM3_TZINT_ISR
003f24f6   _FLASH_init
003f24fd   _GPIO_init
003f7e4c   _GPIO_setDirection
003f7d82   _GPIO_setMode
003f7e80   _GPIO_setPullUp
003f7f43   _GPIO_setQualification
003f72f3   _HOSTclock
003f72cc   _HOSTclose
003f72a2   _HOSTgetenv
003f725b   _HOSTlseek
003f7224   _HOSTopen
003f71ee   _HOSTread
003f71b0   _HOSTrename
003f7186   _HOSTtime
003f7161   _HOSTunlink
003f712b   _HOSTwrite
003f25a8   _I2CINT1A_ISR
003f25ad   _I2CINT2A_ISR
003f25b2   _ILLEGAL_ISR
003f25b7   _INT13_ISR
003f25bc   _INT14_ISR
003f783a   _InitEPwm2
003f25c1   _NMI_ISR
003f25c6   _PIE_RESERVED
003f266b   _PIE_disable
003f23cd   _PIE_disableAllInts
003f266e   _PIE_enable
003f2376   _PIE_enableAdcInt
003f23f9   _PIE_enablePwmInt
003f24b4   _PIE_init
003f23dc   _PIE_registerPieIntHandler
003f23ac   _PIE_setDebugIntVectorTable
003f6102   _PIE_tableDebugInit
003f2671   _PLL_getClkStatus
003f2674   _PLL_getLockStatus
003f2504   _PLL_init
003f250b   _PLL_setDivider
003f253c   _PLL_setMultiplier
003f2315   _PLL_setup
003f2677   _PWM_disableCounterLoad
003f264b   _PWM_enableInt
003f264f   _PWM_enableSocAPulse
003f2512   _PWM_init
003f2476   _PWM_setActionQual_CntUp_CmpB_PwmB
003f2519   _PWM_setActionQual_Zero_PwmB
003f2653   _PWM_setClkDiv
003f267d   _PWM_setCount
003f2657   _PWM_setCounterMode
003f265b   _PWM_setHighSpeedClkDiv
003f2520   _PWM_setIntMode
003f2527   _PWM_setIntPeriod
003f2542   _PWM_setLoadMode_CmpB
003f267f   _PWM_setPeriod
003f2681   _PWM_setPhase
003f2548   _PWM_setShadowMode_CmpB
003f247f   _PWM_setSocAPeriod
003f2488   _PWM_setSocAPulseSrc
003f25cb   _RTOSINT_ISR
00000004   _RamfuncsLoadSize
003f6356   _RamfuncsLoadStart
00008000   _RamfuncsRunStart
003f25d0   _SCIRXINTA_ISR
003f25d5   _SCITXINTA_ISR
003f2420   _SCI_close
003f252e   _SCI_init
003f2683   _SCI_lseek
003f233e   _SCI_open
003f2491   _SCI_putDataBlocking
003f2351   _SCI_read
003f2685   _SCI_rename
003f2687   _SCI_unlink
003f222c   _SCI_write
003f25da   _SPIRXINTA_ISR
003f25df   _SPITXINTA_ISR
003f25e4   _TINT0_ISR
003f25e9   _USER10_ISR
003f25ee   _USER11_ISR
003f25f3   _USER12_ISR
003f25f8   _USER1_ISR
003f25fd   _USER2_ISR
003f2602   _USER3_ISR
003f2607   _USER4_ISR
003f260c   _USER5_ISR
003f2611   _USER6_ISR
003f2616   _USER7_ISR
003f261b   _USER8_ISR
003f2620   _USER9_ISR
003f2625   _WAKEINT_ISR
003f24bc   _WDOG_disable
003f2535   _WDOG_init
003f262a   _XINT1_ISR
003f262f   _XINT2_ISR
003f2634   _XINT3_ISR
00000400   __CIOBUF_
00000350   __STACK_END
00000300   __STACK_SIZE
00000200   __SYSMEM_SIZE
00000001   __TI_args_main
003f766f   ___TI_cleanup
00008978   ___TI_cleanup_ptr
003f7c32   ___TI_closefile
003f7b62   ___TI_doflush
0000897a   ___TI_dtors_ptr
00008800   ___TI_ft_end
003f6b98   ___TI_printfi
003f7c07   ___TI_rd_ok
003f791e   ___TI_readmsg
000088c0   ___TI_tmpnams
003f78ca   ___TI_writemsg
003f7bcd   ___TI_wrt_ok
ffffffff   ___binit__
ffffffff   ___c_args__
003f2689   ___cinit__
ffffffff   ___etext__
003f2103   ___memcpy_ff
ffffffff   ___pinit__
ffffffff   ___text__
003f22b3   __args_main
003f6000   __ctypes_
00008840   __ftable
00008976   __lock
003f24a2   __nop
003f249e   __register_lock
003f249a   __register_unlock
00000050   __stack
00008b48   __sys_memory
00008974   __unlock
003f22cc   _abort
003f7d37   _adc_isr
003f70bf   _add_device
003f7ee6   _atoi
000089a4   _beepHigh
00008998   _beepLow
003f7dcb   _c_int00
003f219e   _calculate_duty_cycle
003f74d8   _calloc
003f74d6   _chkheap
003f6350   _clockRate
003f708d   _close
0000897c   _cpu
00008970   _deviceOpen
000089aa   _epwm2_info
003f2124   _epwm2_isr
003f22ce   _exit
003f7c74   _fclose
003f7b91   _fflush
003f76dc   _fopen
003f7ce7   _fputc
003f76f6   _fputs
003f731d   _free
003f74ba   _free_memory
003f768c   _freopen
003f7e0f   _fseek
003f634e   _highSpeedClockDiv
00008983   _indexToPlay
003f20c1   _init_audio
00008972   _ioSci
00008981   _loopCount
003f7075   _lseek
003f7f17   _ltoa
003f6c8a   _main
003f7386   _malloc
00008984   _maxValue
003f749a   _max_free
003f2406   _memccpy
003f239a   _memchr
003f2413   _memset
003f7362   _minit
0000898c   _myAdc
00008992   _myClk
00008994   _myCpu
00008988   _myFlash
00008986   _myGpio
0000898e   _myPie
00008990   _myPwm
00008996   _myPwm2
0000898a   _mySci
003f7003   _open
00008985   _periodForSampleRate
003f7eba   _printf
003f7ce7   _putc
003f7d32   _putchar
003f778c   _puts
003f6feb   _read
003f73e6   _realloc
003f267a   _remove
003f6fd1   _remove_device
003f6fa8   _rename
003f2639   _rsvd_ISR
003f6352   _sampleRate
003f2390   _setDBGIER
003f7ae9   _setvbuf
0000899e   _sine
003f2458   _strchr
003f2463   _strcmp
003f263e   _strcpy
003f24c4   _strlen
003f2180   _strncpy
00008980   _timeToUpdate
003f6f90   _unlink
003f229a   _update_compare
000089c0   _voltage
003f62c8   _wavFile
003f6202   _wavFile2
003f6271   _wavFile3
003f6f2a   _write
ffffffff   binit
003f2689   cinit
003f7ff6   code_start
ffffffff   etext
ffffffff   pinit


GLOBAL SYMBOLS: SORTED BY Symbol Address 

address    name
--------   ----
00000001   __TI_args_main
00000004   _RamfuncsLoadSize
00000050   __stack
00000200   __SYSMEM_SIZE
00000300   __STACK_SIZE
00000350   __STACK_END
00000400   __CIOBUF_
00008000   _DSP28x_usDelay
00008000   _RamfuncsRunStart
00008800   ___TI_ft_end
00008840   __ftable
000088c0   ___TI_tmpnams
00008970   _deviceOpen
00008972   _ioSci
00008974   __unlock
00008976   __lock
00008978   ___TI_cleanup_ptr
0000897a   ___TI_dtors_ptr
0000897c   _cpu
00008980   _timeToUpdate
00008981   _loopCount
00008982   _ConversionCount
00008983   _indexToPlay
00008984   _maxValue
00008985   _periodForSampleRate
00008986   _myGpio
00008988   _myFlash
0000898a   _mySci
0000898c   _myAdc
0000898e   _myPie
00008990   _myPwm
00008992   _myClk
00008994   _myCpu
00008996   _myPwm2
00008998   _beepLow
0000899e   _sine
000089a4   _beepHigh
000089aa   _epwm2_info
000089c0   _voltage
00008b48   __sys_memory
003f2000   FD$$CMP
003f202a   L$$DIV
003f2039   L$$MOD
003f2047   UL$$DIV
003f204e   UL$$MOD
003f2054   FS$$TOI
003f2079   _ADC_setIntMode
003f209d   _ADC_setIntSrc
003f20c1   _init_audio
003f20e2   FD$$TOI
003f2103   ___memcpy_ff
003f2124   _epwm2_isr
003f2143   FD$$TOL
003f2162   LL$$CMP
003f2174   ULL$$CMP
003f2180   _strncpy
003f219e   _calculate_duty_cycle
003f21bb   FS$$TOU
003f21d8   _ADC_setSocChanNumber
003f21f4   _ADC_setSocSampleWindow
003f2210   _ADC_setSocTrigSrc
003f222c   _SCI_write
003f2248   FS$$TOFD
003f2264   L$$TOFD
003f2280   I$$TOFS
003f229a   _update_compare
003f22b3   __args_main
003f22cc   C$$EXIT
003f22cc   _abort
003f22ce   _exit
003f22e5   _ADC_enableInt
003f22fd   LL$$AND
003f2305   LL$$OR
003f230d   LL$$XOR
003f2315   _PLL_setup
003f232a   LL$$MPY
003f233e   _SCI_open
003f2351   _SCI_read
003f2364   _ADC_setVoltRefSrc
003f2376   _PIE_enableAdcInt
003f2390   _setDBGIER
003f2393   _DSP28x_DisableInt
003f2397   _DSP28x_RestoreInt
003f239a   _memchr
003f23ac   _PIE_setDebugIntVectorTable
003f23bd   U$$TOFS
003f23cd   _PIE_disableAllInts
003f23dc   _PIE_registerPieIntHandler
003f23eb   FD$$SUB
003f23f9   _PIE_enablePwmInt
003f2406   _memccpy
003f2413   _memset
003f2420   _SCI_close
003f242c   _ADC_enable
003f2437   _ADC_enableBandGap
003f2442   _ADC_enableRefBuffers
003f244d   _ADC_powerUp
003f2458   _strchr
003f2463   _strcmp
003f246d   _CLK_enablePwmClock
003f2476   _PWM_setActionQual_CntUp_CmpB_PwmB
003f247f   _PWM_setSocAPeriod
003f2488   _PWM_setSocAPulseSrc
003f2491   _SCI_putDataBlocking
003f249a   __register_unlock
003f249e   __register_lock
003f24a2   __nop
003f24a3   FD$$NEG
003f24ac   _ADC_init
003f24b4   _PIE_init
003f24bc   _WDOG_disable
003f24c4   _strlen
003f24cc   _CLK_disableTbClockSync
003f24d3   _CLK_enableAdcClock
003f24da   _CLK_enableTbClockSync
003f24e1   _CLK_init
003f24e8   _CLK_setClkOutPreScaler
003f24ef   _CLK_setOscSrc
003f24f6   _FLASH_init
003f24fd   _GPIO_init
003f2504   _PLL_init
003f250b   _PLL_setDivider
003f2512   _PWM_init
003f2519   _PWM_setActionQual_Zero_PwmB
003f2520   _PWM_setIntMode
003f2527   _PWM_setIntPeriod
003f252e   _SCI_init
003f2535   _WDOG_init
003f253c   _PLL_setMultiplier
003f2542   _PWM_setLoadMode_CmpB
003f2548   _PWM_setShadowMode_CmpB
003f254e   _ADCINT1_ISR
003f2553   _ADCINT2_ISR
003f2558   _ADCINT3_ISR
003f255d   _ADCINT4_ISR
003f2562   _ADCINT5_ISR
003f2567   _ADCINT6_ISR
003f256c   _ADCINT7_ISR
003f2571   _ADCINT8_ISR
003f2576   _ADCINT9_ISR
003f257b   _DATALOG_ISR
003f2580   _ECAP1_INT_ISR
003f2585   _EMUINT_ISR
003f258a   _EPWM1_INT_ISR
003f258f   _EPWM1_TZINT_ISR
003f2594   _EPWM2_INT_ISR
003f2599   _EPWM2_TZINT_ISR
003f259e   _EPWM3_INT_ISR
003f25a3   _EPWM3_TZINT_ISR
003f25a8   _I2CINT1A_ISR
003f25ad   _I2CINT2A_ISR
003f25b2   _ILLEGAL_ISR
003f25b7   _INT13_ISR
003f25bc   _INT14_ISR
003f25c1   _NMI_ISR
003f25c6   _PIE_RESERVED
003f25cb   _RTOSINT_ISR
003f25d0   _SCIRXINTA_ISR
003f25d5   _SCITXINTA_ISR
003f25da   _SPIRXINTA_ISR
003f25df   _SPITXINTA_ISR
003f25e4   _TINT0_ISR
003f25e9   _USER10_ISR
003f25ee   _USER11_ISR
003f25f3   _USER12_ISR
003f25f8   _USER1_ISR
003f25fd   _USER2_ISR
003f2602   _USER3_ISR
003f2607   _USER4_ISR
003f260c   _USER5_ISR
003f2611   _USER6_ISR
003f2616   _USER7_ISR
003f261b   _USER8_ISR
003f2620   _USER9_ISR
003f2625   _WAKEINT_ISR
003f262a   _XINT1_ISR
003f262f   _XINT2_ISR
003f2634   _XINT3_ISR
003f2639   _rsvd_ISR
003f263e   _strcpy
003f2643   _CPU_enableInt
003f2647   _CPU_init
003f264b   _PWM_enableInt
003f264f   _PWM_enableSocAPulse
003f2653   _PWM_setClkDiv
003f2657   _PWM_setCounterMode
003f265b   _PWM_setHighSpeedClkDiv
003f265f   _CPU_clearIntFlags
003f2662   _CPU_disableGlobalInts
003f2665   _CPU_enableDebugInt
003f2668   _CPU_enableGlobalInts
003f266b   _PIE_disable
003f266e   _PIE_enable
003f2671   _PLL_getClkStatus
003f2674   _PLL_getLockStatus
003f2677   _PWM_disableCounterLoad
003f267a   _remove
003f267d   _PWM_setCount
003f267f   _PWM_setPeriod
003f2681   _PWM_setPhase
003f2683   _SCI_lseek
003f2685   _SCI_rename
003f2687   _SCI_unlink
003f2689   ___cinit__
003f2689   cinit
003f6000   __ctypes_
003f6102   _PIE_tableDebugInit
003f6202   _wavFile2
003f6271   _wavFile3
003f62c8   _wavFile
003f634e   _highSpeedClockDiv
003f6350   _clockRate
003f6352   _sampleRate
003f6356   _RamfuncsLoadStart
003f6b98   ___TI_printfi
003f6c8a   _main
003f6f2a   _write
003f6f90   _unlink
003f6fa8   _rename
003f6fd1   _remove_device
003f6feb   _read
003f7003   _open
003f7075   _lseek
003f708d   _close
003f70bf   _add_device
003f712b   _HOSTwrite
003f7161   _HOSTunlink
003f7186   _HOSTtime
003f71b0   _HOSTrename
003f71ee   _HOSTread
003f7224   _HOSTopen
003f725b   _HOSTlseek
003f72a2   _HOSTgetenv
003f72cc   _HOSTclose
003f72f3   _HOSTclock
003f731d   _free
003f7362   _minit
003f7386   _malloc
003f73e6   _realloc
003f749a   _max_free
003f74ba   _free_memory
003f74d6   _chkheap
003f74d8   _calloc
003f74f0   LL$$DIV
003f752c   LL$$MOD
003f7566   ULL$$DIV
003f7595   ULL$$MOD
003f766f   ___TI_cleanup
003f768c   _freopen
003f76dc   _fopen
003f76f6   _fputs
003f778c   _puts
003f779e   FD$$ADD
003f783a   _InitEPwm2
003f78ca   ___TI_writemsg
003f791a   C$$IO$$
003f791e   ___TI_readmsg
003f7958   FD$$DIV
003f79e3   FD$$MPY
003f7a66   FS$$DIV
003f7ae9   _setvbuf
003f7b62   ___TI_doflush
003f7b91   _fflush
003f7bcd   ___TI_wrt_ok
003f7c07   ___TI_rd_ok
003f7c32   ___TI_closefile
003f7c74   _fclose
003f7c8d   FS$$MPY
003f7ce7   _fputc
003f7ce7   _putc
003f7d32   _putchar
003f7d37   _adc_isr
003f7d82   _GPIO_setMode
003f7dcb   _c_int00
003f7e0f   _fseek
003f7e4c   _GPIO_setDirection
003f7e80   _GPIO_setPullUp
003f7eba   _printf
003f7ee6   _atoi
003f7f17   _ltoa
003f7f43   _GPIO_setQualification
003f7f6e   _ADC_setIntPulseGenMode
003f7ff6   code_start
ffffffff   .text
ffffffff   ___binit__
ffffffff   ___c_args__
ffffffff   ___etext__
ffffffff   ___pinit__
ffffffff   ___text__
ffffffff   binit
ffffffff   etext
ffffffff   pinit

[292 symbols]
