******************************************************************************
             TMS320C2000 Linker PC v6.2.8                      
******************************************************************************
>> Linked Wed Oct 08 01:06:20 2014

OUTPUT FILE NAME:   <VoiceModule.out>
ENTRY POINT SYMBOL: "code_start"  address: 003f7ff6


MEMORY CONFIGURATION

         name            origin    length      used     unused   attr    fill
----------------------  --------  ---------  --------  --------  ----  --------
PAGE 0:
  PRAML0                00008000   00000800  00000004  000007fc  RWIX
  OTP                   003d7800   00000400  00000000  00000400  RWIX
  FLASHD                003f0000   00002000  00000000  00002000  RWIX
  FLASHC                003f2000   00002000  000013a6  00000c5a  RWIX
  FLASHA                003f6000   00001f80  00001f80  00000000  RWIX
  CSM_RSVD              003f7f80   00000076  00000076  00000000  RWIX
  BEGIN                 003f7ff6   00000002  00000002  00000000  RWIX
  CSM_PWL_P0            003f7ff8   00000008  00000008  00000000  RWIX
  IQTABLES              003fe000   00000b50  00000000  00000b50  RWIX
  IQTABLES2             003feb50   0000008c  00000000  0000008c  RWIX
  IQTABLES3             003febdc   000000aa  00000000  000000aa  RWIX
  ROM                   003ff27c   00000d44  00000000  00000d44  RWIX
  RESET                 003fffc0   00000002  00000000  00000002  RWIX
  VECTORS               003fffc2   0000003e  00000000  0000003e  RWIX

PAGE 1:
  BOOT_RSVD             00000000   00000050  00000000  00000050  RWIX
  RAMM0                 00000050   000003b0  00000300  000000b0  RWIX
  RAMM1                 00000400   00000400  00000120  000002e0  RWIX
  DEV_EMU               00000880   00000105  00000000  00000105  RWIX
  SYS_PWR_CTL           00000985   00000003  00000000  00000003  RWIX
  FLASH_REGS            00000a80   00000060  00000000  00000060  RWIX
  CSM                   00000ae0   00000010  00000000  00000010  RWIX
  ADC_RESULT            00000b00   00000020  00000000  00000020  RWIX
  CPU_TIMER0            00000c00   00000008  00000000  00000008  RWIX
  CPU_TIMER1            00000c08   00000008  00000000  00000008  RWIX
  CPU_TIMER2            00000c10   00000008  00000000  00000008  RWIX
  PIE_CTRL              00000ce0   00000020  00000000  00000020  RWIX
  PIE_VECT              00000d00   00000100  00000000  00000100  RWIX
  COMP1                 00006400   00000020  00000000  00000020  RWIX
  COMP2                 00006420   00000020  00000000  00000020  RWIX
  EPWM1                 00006800   00000040  00000000  00000040  RWIX
  EPWM2                 00006840   00000040  00000000  00000040  RWIX
  EPWM3                 00006880   00000040  00000000  00000040  RWIX
  EPWM4                 000068c0   00000040  00000000  00000040  RWIX
  ECAP1                 00006a00   00000020  00000000  00000020  RWIX
  GPIOCTRL              00006f80   00000040  00000000  00000040  RWIX
  GPIODAT               00006fc0   00000020  00000000  00000020  RWIX
  GPIOINT               00006fe0   00000020  00000000  00000020  RWIX
  SYSTEM                00007010   00000020  00000000  00000020  RWIX
  SPIA                  00007040   00000010  00000000  00000010  RWIX
  SCIA                  00007050   00000010  00000000  00000010  RWIX
  NMIINTRUPT            00007060   00000010  00000000  00000010  RWIX
  XINTRUPT              00007070   00000010  00000000  00000010  RWIX
  ADC                   00007100   00000080  00000000  00000080  RWIX
  I2CA                  00007900   00000040  00000000  00000040  RWIX
  DRAML0                00008800   00000800  00000648  000001b8  RWIX
  PARTID                003d7fff   00000001  00000000  00000001  RWIX
  FLASHB                003f4000   00002000  00000000  00002000  RWIX
  CSM_PWL               003f7ff8   00000008  00000000  00000008  RWIX


SECTION ALLOCATION MAP

 output                                  attributes/
section   page    origin      length       input sections
--------  ----  ----------  ----------   ----------------
.pinit     0    003f6000    00000000     UNINITIALIZED

.text.1    0    003f2000    0000131d     
                  003f2000    000001f2     rts2800_ml.lib : trgdrv.obj (.text)
                  003f21f2    000001d3                    : memory.obj (.text)
                  003f23c5    00000107                    : ll_div.obj (.text)
                  003f24cc    000000ff                    : fopen.obj (.text)
                  003f25cb    0000009c                    : fd_add.obj (.text)
                  003f2667    0000008e                    : ankmsg.obj (.text)
                  003f26f5    0000008b                    : fd_div.obj (.text)
                  003f2780    00000083                    : fd_mpy.obj (.text)
                  003f2803    00000079                    : setvbuf.obj (.text)
                  003f287c    0000006f     VoiceModule.obj (.text:_drawTILogo)
                  003f28eb    0000006b     rts2800_ml.lib : fflush.obj (.text)
                  003f2956    00000066     VoiceModule.obj (.text:_scia_init)
                  003f29bc    00000065     rts2800_ml.lib : _io_perm.obj (.text)
                  003f2a21    00000063     VoiceModule.obj (.text:_clearTextBox)
                  003f2a84    0000005b     rts2800_ml.lib : fclose.obj (.text)
                  003f2adf    00000050                    : fputc.obj (.text)
                  003f2b2f    00000049     driverlib.lib : gpio.obj (.text:_GPIO_setMode)
                  003f2b78    00000044     rts2800_ml.lib : boot.obj (.text)
                  003f2bbc    0000003d                    : fseek.obj (.text)
                  003f2bf9    00000034     driverlib.lib : gpio.obj (.text:_GPIO_setDirection)
                  003f2c2d    00000034                   : gpio.obj (.text:_GPIO_setPullUp)
                  003f2c61    00000032     VoiceModule.obj (.text:_adc_isr)
                  003f2c93    00000032     rts2800_ml.lib : printf.obj (.text)
                  003f2cc5    00000031                    : atoi.obj (.text)
                  003f2cf6    0000002b     driverlib.lib : gpio.obj (.text:_GPIO_setQualification)
                  003f2d21    0000002a     rts2800_ml.lib : fd_cmp.obj (.text)
                  003f2d4b    0000002a                    : l_div.obj (.text)
                  003f2d75    00000024     driverlib.lib : adc.obj (.text:_ADC_setIntMode)
                  003f2d99    00000024                   : adc.obj (.text:_ADC_setIntSrc)
                  003f2dbd    00000021     rts2800_ml.lib : fd_toi.obj (.text)
                  003f2dde    00000021                    : memcpy_ff.obj (.text)
                  003f2dff    0000001f                    : fd_tol.obj (.text)
                  003f2e1e    0000001e                    : ll_cmp.obj (.text)
                  003f2e3c    0000001e                    : strncpy.obj (.text)
                  003f2e5a    0000001c     driverlib.lib : adc.obj (.text:_ADC_setSocChanNumber)
                  003f2e76    0000001c                   : adc.obj (.text:_ADC_setSocSampleWindow)
                  003f2e92    0000001c                   : adc.obj (.text:_ADC_setSocTrigSrc)
                  003f2eae    0000001c                   : sci_io.obj (.text:_SCI_write)
                  003f2eca    0000001c     rts2800_ml.lib : fs_tofd.obj (.text)
                  003f2ee6    0000001c                    : l_tofd.obj (.text)
                  003f2f02    00000019                    : args_main.obj (.text)
                  003f2f1b    00000019                    : exit.obj (.text)
                  003f2f34    00000018     driverlib.lib : adc.obj (.text:_ADC_enableInt)
                  003f2f4c    00000018     rts2800_ml.lib : ll_aox.obj (.text)
                  003f2f64    00000015     driverlib.lib : pll.obj (.text:_PLL_setup)
                  003f2f79    00000014     rts2800_ml.lib : ll_mpy.obj (.text)
                  003f2f8d    00000013     driverlib.lib : gpio.obj (.text:_GPIO_setHigh)
                  003f2fa0    00000013                   : gpio.obj (.text:_GPIO_setLow)
                  003f2fb3    00000013                   : sci_io.obj (.text:_SCI_open)
                  003f2fc6    00000013                   : sci_io.obj (.text:_SCI_read)
                  003f2fd9    00000012                   : adc.obj (.text:_ADC_setIntPulseGenMode)
                  003f2feb    00000012                   : adc.obj (.text:_ADC_setVoltRefSrc)
                  003f2ffd    00000012                   : pie.obj (.text:_PIE_enableAdcInt)
                  003f300f    00000012                   : F2802x_asmfuncs.obj (.text)
                  003f3021    00000012     rts2800_ml.lib : memchr.obj (.text)
                  003f3033    00000011     driverlib.lib : gpio.obj (.text:_GPIO_getData)
                  003f3044    00000011                   : pie.obj (.text:_PIE_setDebugIntVectorTable)
                  003f3055    0000000f                   : pie.obj (.text:_PIE_disableAllInts)
                  003f3064    0000000f                   : pie.obj (.text:_PIE_registerPieIntHandler)
                  003f3073    0000000e     rts2800_ml.lib : fd_sub.obj (.text)
                  003f3081    0000000d                    : memccpy.obj (.text)
                  003f308e    0000000d                    : memset.obj (.text)
                  003f309b    0000000c     driverlib.lib : sci_io.obj (.text:_SCI_close)
                  003f30a7    0000000b                   : adc.obj (.text:_ADC_enable)
                  003f30b2    0000000b                   : adc.obj (.text:_ADC_enableBandGap)
                  003f30bd    0000000b                   : adc.obj (.text:_ADC_enableRefBuffers)
                  003f30c8    0000000b                   : adc.obj (.text:_ADC_powerUp)
                  003f30d3    0000000b     rts2800_ml.lib : strchr.obj (.text)
                  003f30de    0000000a     driverlib.lib : sci.obj (.text:_SCI_resetChannels)
                  003f30e8    0000000a                   : sci.obj (.text:_SCI_resetRxFifo)
                  003f30f2    0000000a                   : sci.obj (.text:_SCI_resetTxFifo)
                  003f30fc    0000000a     rts2800_ml.lib : strcmp.obj (.text)
                  003f3106    00000009     driverlib.lib : clk.obj (.text:_CLK_enablePwmClock)
                  003f310f    00000009                   : clk.obj (.text:_CLK_enableSciaClock)
                  003f3118    00000009                   : pwm.obj (.text:_PWM_setSocAPeriod)
                  003f3121    00000009                   : pwm.obj (.text:_PWM_setSocAPulseSrc)
                  003f312a    00000009                   : sci.obj (.text:_SCI_putDataBlocking)
                  003f3133    00000009     rts2800_ml.lib : _lock.obj (.text)
                  003f313c    00000009                    : fd_neg.obj (.text)
                  003f3145    00000008     driverlib.lib : adc.obj (.text:_ADC_init)
                  003f314d    00000008                   : pie.obj (.text:_PIE_init)
                  003f3155    00000008                   : wdog.obj (.text:_WDOG_disable)
                  003f315d    00000008     rts2800_ml.lib : strlen.obj (.text)
                  003f3165    00000007     driverlib.lib : clk.obj (.text:_CLK_enableAdcClock)
                  003f316c    00000007                   : clk.obj (.text:_CLK_init)
                  003f3173    00000007                   : clk.obj (.text:_CLK_setClkOutPreScaler)
                  003f317a    00000007                   : clk.obj (.text:_CLK_setOscSrc)
                  003f3181    00000007                   : flash.obj (.text:_FLASH_init)
                  003f3188    00000007                   : gpio.obj (.text:_GPIO_init)
                  003f318f    00000007                   : pll.obj (.text:_PLL_init)
                  003f3196    00000007                   : pll.obj (.text:_PLL_setDivider)
                  003f319d    00000007                   : pwm.obj (.text:_PWM_init)
                  003f31a4    00000007                   : sci.obj (.text:_SCI_init)
                  003f31ab    00000007                   : sci.obj (.text:_SCI_setRxFifoIntLevel)
                  003f31b2    00000007                   : sci.obj (.text:_SCI_setTxFifoIntLevel)
                  003f31b9    00000007                   : wdog.obj (.text:_WDOG_init)
                  003f31c0    00000006                   : pll.obj (.text:_PLL_setMultiplier)
                  003f31c6    00000006                   : sci.obj (.text:_SCI_setBaudRate)
                  003f31cc    00000005                   : F2802x_DefaultIsr.obj (.text:_ADCINT1_ISR)
                  003f31d1    00000005                   : F2802x_DefaultIsr.obj (.text:_ADCINT2_ISR)
                  003f31d6    00000005                   : F2802x_DefaultIsr.obj (.text:_ADCINT3_ISR)
                  003f31db    00000005                   : F2802x_DefaultIsr.obj (.text:_ADCINT4_ISR)
                  003f31e0    00000005                   : F2802x_DefaultIsr.obj (.text:_ADCINT5_ISR)
                  003f31e5    00000005                   : F2802x_DefaultIsr.obj (.text:_ADCINT6_ISR)
                  003f31ea    00000005                   : F2802x_DefaultIsr.obj (.text:_ADCINT7_ISR)
                  003f31ef    00000005                   : F2802x_DefaultIsr.obj (.text:_ADCINT8_ISR)
                  003f31f4    00000005                   : F2802x_DefaultIsr.obj (.text:_ADCINT9_ISR)
                  003f31f9    00000005                   : F2802x_DefaultIsr.obj (.text:_DATALOG_ISR)
                  003f31fe    00000005                   : F2802x_DefaultIsr.obj (.text:_ECAP1_INT_ISR)
                  003f3203    00000005                   : F2802x_DefaultIsr.obj (.text:_EMUINT_ISR)
                  003f3208    00000005                   : F2802x_DefaultIsr.obj (.text:_EPWM1_INT_ISR)
                  003f320d    00000005                   : F2802x_DefaultIsr.obj (.text:_EPWM1_TZINT_ISR)
                  003f3212    00000005                   : F2802x_DefaultIsr.obj (.text:_EPWM2_INT_ISR)
                  003f3217    00000005                   : F2802x_DefaultIsr.obj (.text:_EPWM2_TZINT_ISR)
                  003f321c    00000005                   : F2802x_DefaultIsr.obj (.text:_EPWM3_INT_ISR)
                  003f3221    00000005                   : F2802x_DefaultIsr.obj (.text:_EPWM3_TZINT_ISR)
                  003f3226    00000005                   : F2802x_DefaultIsr.obj (.text:_I2CINT1A_ISR)
                  003f322b    00000005                   : F2802x_DefaultIsr.obj (.text:_I2CINT2A_ISR)
                  003f3230    00000005                   : F2802x_DefaultIsr.obj (.text:_ILLEGAL_ISR)
                  003f3235    00000005                   : F2802x_DefaultIsr.obj (.text:_INT13_ISR)
                  003f323a    00000005                   : F2802x_DefaultIsr.obj (.text:_INT14_ISR)
                  003f323f    00000005                   : F2802x_DefaultIsr.obj (.text:_NMI_ISR)
                  003f3244    00000005                   : F2802x_DefaultIsr.obj (.text:_PIE_RESERVED)
                  003f3249    00000005                   : F2802x_DefaultIsr.obj (.text:_RTOSINT_ISR)
                  003f324e    00000005                   : F2802x_DefaultIsr.obj (.text:_SCIRXINTA_ISR)
                  003f3253    00000005                   : F2802x_DefaultIsr.obj (.text:_SCITXINTA_ISR)
                  003f3258    00000005                   : F2802x_DefaultIsr.obj (.text:_SPIRXINTA_ISR)
                  003f325d    00000005                   : F2802x_DefaultIsr.obj (.text:_SPITXINTA_ISR)
                  003f3262    00000005                   : F2802x_DefaultIsr.obj (.text:_TINT0_ISR)
                  003f3267    00000005                   : F2802x_DefaultIsr.obj (.text:_USER10_ISR)
                  003f326c    00000005                   : F2802x_DefaultIsr.obj (.text:_USER11_ISR)
                  003f3271    00000005                   : F2802x_DefaultIsr.obj (.text:_USER12_ISR)
                  003f3276    00000005                   : F2802x_DefaultIsr.obj (.text:_USER1_ISR)
                  003f327b    00000005                   : F2802x_DefaultIsr.obj (.text:_USER2_ISR)
                  003f3280    00000005                   : F2802x_DefaultIsr.obj (.text:_USER3_ISR)
                  003f3285    00000005                   : F2802x_DefaultIsr.obj (.text:_USER4_ISR)
                  003f328a    00000005                   : F2802x_DefaultIsr.obj (.text:_USER5_ISR)
                  003f328f    00000005                   : F2802x_DefaultIsr.obj (.text:_USER6_ISR)
                  003f3294    00000005                   : F2802x_DefaultIsr.obj (.text:_USER7_ISR)
                  003f3299    00000005                   : F2802x_DefaultIsr.obj (.text:_USER8_ISR)
                  003f329e    00000005                   : F2802x_DefaultIsr.obj (.text:_USER9_ISR)
                  003f32a3    00000005                   : F2802x_DefaultIsr.obj (.text:_WAKEINT_ISR)
                  003f32a8    00000005                   : F2802x_DefaultIsr.obj (.text:_XINT1_ISR)
                  003f32ad    00000005                   : F2802x_DefaultIsr.obj (.text:_XINT2_ISR)
                  003f32b2    00000005                   : F2802x_DefaultIsr.obj (.text:_XINT3_ISR)
                  003f32b7    00000005                   : F2802x_DefaultIsr.obj (.text:_rsvd_ISR)
                  003f32bc    00000005     rts2800_ml.lib : strcpy.obj (.text)
                  003f32c1    00000004     driverlib.lib : cpu.obj (.text:_CPU_enableInt)
                  003f32c5    00000004                   : cpu.obj (.text:_CPU_init)
                  003f32c9    00000004                   : pwm.obj (.text:_PWM_enableSocAPulse)
                  003f32cd    00000004                   : pwm.obj (.text:_PWM_setCounterMode)
                  003f32d1    00000004                   : sci.obj (.text:_SCI_clearRxFifoInt)
                  003f32d5    00000004                   : sci.obj (.text:_SCI_clearTxFifoInt)
                  003f32d9    00000004                   : sci.obj (.text:_SCI_enableFifoEnh)
                  003f32dd    00000004                   : sci.obj (.text:_SCI_setCharLength)
                  003f32e1    00000004                   : sci.obj (.text:_SCI_setNumStopBits)
                  003f32e5    00000003                   : cpu.obj (.text:_CPU_clearIntFlags)
                  003f32e8    00000003                   : cpu.obj (.text:_CPU_disableGlobalInts)
                  003f32eb    00000003                   : cpu.obj (.text:_CPU_enableDebugInt)
                  003f32ee    00000003                   : cpu.obj (.text:_CPU_enableGlobalInts)
                  003f32f1    00000003                   : pie.obj (.text:_PIE_disable)
                  003f32f4    00000003                   : pie.obj (.text:_PIE_enable)
                  003f32f7    00000003                   : pll.obj (.text:_PLL_getClkStatus)
                  003f32fa    00000003                   : pll.obj (.text:_PLL_getLockStatus)
                  003f32fd    00000003                   : sci.obj (.text:_SCI_disableParity)
                  003f3300    00000003                   : sci.obj (.text:_SCI_enable)
                  003f3303    00000003                   : sci.obj (.text:_SCI_enableRx)
                  003f3306    00000003                   : sci.obj (.text:_SCI_enableRxInt)
                  003f3309    00000003                   : sci.obj (.text:_SCI_enableTx)
                  003f330c    00000003                   : sci.obj (.text:_SCI_enableTxInt)
                  003f330f    00000003                   : sci.obj (.text:_SCI_setPriority)
                  003f3312    00000003     rts2800_ml.lib : remove.obj (.text)
                  003f3315    00000002     driverlib.lib : pwm.obj (.text:_PWM_setPeriod)
                  003f3317    00000002                   : sci_io.obj (.text:_SCI_lseek)
                  003f3319    00000002                   : sci_io.obj (.text:_SCI_rename)
                  003f331b    00000002                   : sci_io.obj (.text:_SCI_unlink)

.cinit     0    003f331d    00000089     
                  003f331d    00000031     rts2800_ml.lib : lowlev.obj (.cinit)
                  003f334e    0000002a                    : defs.obj (.cinit)
                  003f3378    0000000c     VoiceModule.obj (.cinit)
                  003f3384    0000000a     rts2800_ml.lib : _lock.obj (.cinit)
                  003f338e    0000000a                    : exit.obj (.cinit)
                  003f3398    00000004     driverlib.lib : sci_io.obj (.cinit)
                  003f339c    00000004     rts2800_ml.lib : fopen.obj (.cinit)
                  003f33a0    00000004                    : memory.obj (.cinit)
                  003f33a4    00000002     --HOLE-- [fill = 0]

.econst    0    003f6000    000010d6     
                  003f6000    00000e3d     VoiceModule.obj (.econst:_ti_ascii)
                  003f6e3d    00000101     rts2800_ml.lib : ctype.obj (.econst:.string:__ctypes_)
                  003f6f3e    00000100     driverlib.lib : pie.obj (.econst:_PIE_tableDebugInit)
                  003f703e    00000039     VoiceModule.obj (.econst:.string)
                  003f7077    00000001     --HOLE-- [fill = 0]
                  003f7078    00000024     rts2800_ml.lib : _printfi.obj (.econst:.string)
                  003f709c    00000018                    : _printfi.obj (.econst)
                  003f70b4    00000015     VoiceModule.obj (.econst:.string:_pucTempString)
                  003f70c9    00000005     VoiceModule.obj (.econst:.string:_escRed)
                  003f70ce    00000005     VoiceModule.obj (.econst:.string:_escWhite)
                  003f70d3    00000001     --HOLE-- [fill = 0]
                  003f70d4    00000002     rts2800_ml.lib : fputs.obj (.econst:.string)

ramfuncs   0    003f70d6    00000004     RUN ADDR = 00008000
                  003f70d6    00000004     driverlib.lib : F2802x_asmfuncs.obj (ramfuncs)

.text.2    0    003f70da    00000ea6     
                  003f70da    00000930     rts2800_ml.lib : _printfi.obj (.text)
                  003f7a0a    000002a1     VoiceModule.obj (.text:_main)
                  003f7cab    00000201     rts2800_ml.lib : lowlev.obj (.text)
                  003f7eac    000000a8                    : fputs.obj (.text)
                  003f7f54    0000002c                    : ltoa.obj (.text)

csm_rsvd   0    003f7f80    00000076     
                  003f7f80    00000076     driverlib.lib : F2802x_asmfuncs.obj (csm_rsvd)

codestart 
*          0    003f7ff6    00000002     
                  003f7ff6    00000002     driverlib.lib : F2802x_asmfuncs.obj (codestart)

csmpasswds 
*          0    003f7ff8    00000008     
                  003f7ff8    00000008     driverlib.lib : F2802x_asmfuncs.obj (csmpasswds)

.reset     0    003fffc0    00000002     DSECT
                  003fffc0    00000002     rts2800_ml.lib : boot.obj (.reset)

vectors    0    003fffc2    00000000     DSECT

.stack     1    00000050    00000300     UNINITIALIZED
                  00000050    00000300     --HOLE--

.cio       1    00000400    00000120     UNINITIALIZED
                  00000400    00000120     rts2800_ml.lib : ankmsg.obj (.cio)

.ebss      1    00008800    00000448     UNINITIALIZED
                  00008800    00000240     VoiceModule.obj (.ebss)
                  00008a40    00000160     rts2800_ml.lib : defs.obj (.ebss)
                  00008ba0    00000008                    : memory.obj (.ebss)
                  00008ba8    00000008                    : trgdrv.obj (.ebss)
                  00008bb0    00000004     driverlib.lib : sci_io.obj (.ebss)
                  00008bb4    00000004     rts2800_ml.lib : _lock.obj (.ebss)
                  00008bb8    00000004                    : exit.obj (.ebss)
                  00008bbc    00000001     driverlib.lib : cpu.obj (.ebss)
                  00008bbd    00000001     rts2800_ml.lib : fopen.obj (.ebss)
                  00008bbe    00000002     --HOLE--
                  00008bc0    00000088                    : lowlev.obj (.ebss)

.sysmem    1    00008c48    00000200     UNINITIALIZED
                  00008c48    00000001     rts2800_ml.lib : memory.obj (.sysmem)
                  00008c49    000001ff     --HOLE--


GLOBAL DATA SYMBOLS: SORTED BY DATA PAGE

address     data page           name
--------    ----------------    ----
00000050       1 (00000040)     __stack

00000400      10 (00000400)     __CIOBUF_

00008800     220 (00008800)     _ConversionCount
00008804     220 (00008800)     _myAdc
00008806     220 (00008800)     _myClk
00008808     220 (00008800)     _myPwm
0000880a     220 (00008800)     _mySci
0000880c     220 (00008800)     _myGpio
0000880e     220 (00008800)     _myPie
00008810     220 (00008800)     _myFlash

00008840     221 (00008840)     _voltage

00008940     225 (00008940)     _frame

00008a40     229 (00008a40)     ___TI_ft_end

00008a80     22a (00008a80)     __ftable

00008b00     22c (00008b00)     ___TI_tmpnams

00008bb0     22e (00008b80)     _deviceOpen
00008bb2     22e (00008b80)     _ioSci
00008bb4     22e (00008b80)     __unlock
00008bb6     22e (00008b80)     __lock
00008bb8     22e (00008b80)     ___TI_cleanup_ptr
00008bba     22e (00008b80)     ___TI_dtors_ptr
00008bbc     22e (00008b80)     _cpu

00008c48     231 (00008c40)     __sys_memory

003f6000    fd80 (003f6000)     _ti_ascii

003f6e3d    fdb8 (003f6e00)     __ctypes_

003f6f3e    fdbc (003f6f00)     _PIE_tableDebugInit

003f70b4    fdc2 (003f7080)     _pucTempString

003f70c9    fdc3 (003f70c0)     _escRed
003f70ce    fdc3 (003f70c0)     _escWhite


GLOBAL SYMBOLS: SORTED ALPHABETICALLY BY Name 

address    name
--------   ----
ffffffff   .text
003f2f1b   C$$EXIT
003f26b7   C$$IO$$
003f25cb   FD$$ADD
003f2d21   FD$$CMP
003f26f5   FD$$DIV
003f2780   FD$$MPY
003f313c   FD$$NEG
003f3073   FD$$SUB
003f2dbd   FD$$TOI
003f2dff   FD$$TOL
003f2eca   FS$$TOFD
003f2d4b   L$$DIV
003f2d5a   L$$MOD
003f2ee6   L$$TOFD
003f2f4c   LL$$AND
003f2e1e   LL$$CMP
003f23c5   LL$$DIV
003f2401   LL$$MOD
003f2f79   LL$$MPY
003f2f54   LL$$OR
003f2f5c   LL$$XOR
003f2d68   UL$$DIV
003f2d6f   UL$$MOD
003f2e30   ULL$$CMP
003f243b   ULL$$DIV
003f246a   ULL$$MOD
003f31cc   _ADCINT1_ISR
003f31d1   _ADCINT2_ISR
003f31d6   _ADCINT3_ISR
003f31db   _ADCINT4_ISR
003f31e0   _ADCINT5_ISR
003f31e5   _ADCINT6_ISR
003f31ea   _ADCINT7_ISR
003f31ef   _ADCINT8_ISR
003f31f4   _ADCINT9_ISR
003f30a7   _ADC_enable
003f30b2   _ADC_enableBandGap
003f2f34   _ADC_enableInt
003f30bd   _ADC_enableRefBuffers
003f3145   _ADC_init
003f30c8   _ADC_powerUp
003f2d75   _ADC_setIntMode
003f2fd9   _ADC_setIntPulseGenMode
003f2d99   _ADC_setIntSrc
003f2e5a   _ADC_setSocChanNumber
003f2e76   _ADC_setSocSampleWindow
003f2e92   _ADC_setSocTrigSrc
003f2feb   _ADC_setVoltRefSrc
003f3165   _CLK_enableAdcClock
003f3106   _CLK_enablePwmClock
003f310f   _CLK_enableSciaClock
003f316c   _CLK_init
003f3173   _CLK_setClkOutPreScaler
003f317a   _CLK_setOscSrc
003f32e5   _CPU_clearIntFlags
003f32e8   _CPU_disableGlobalInts
003f32eb   _CPU_enableDebugInt
003f32ee   _CPU_enableGlobalInts
003f32c1   _CPU_enableInt
003f32c5   _CPU_init
00008800   _ConversionCount
003f31f9   _DATALOG_ISR
003f301a   _DSP28x_DisableInt
003f301e   _DSP28x_RestoreInt
00008000   _DSP28x_usDelay
003f31fe   _ECAP1_INT_ISR
003f3203   _EMUINT_ISR
003f3208   _EPWM1_INT_ISR
003f320d   _EPWM1_TZINT_ISR
003f3212   _EPWM2_INT_ISR
003f3217   _EPWM2_TZINT_ISR
003f321c   _EPWM3_INT_ISR
003f3221   _EPWM3_TZINT_ISR
003f3181   _FLASH_init
003f3033   _GPIO_getData
003f3188   _GPIO_init
003f2bf9   _GPIO_setDirection
003f2f8d   _GPIO_setHigh
003f2fa0   _GPIO_setLow
003f2b2f   _GPIO_setMode
003f2c2d   _GPIO_setPullUp
003f2cf6   _GPIO_setQualification
003f21c8   _HOSTclock
003f21a1   _HOSTclose
003f2177   _HOSTgetenv
003f2130   _HOSTlseek
003f20f9   _HOSTopen
003f20c3   _HOSTread
003f2085   _HOSTrename
003f205b   _HOSTtime
003f2036   _HOSTunlink
003f2000   _HOSTwrite
003f3226   _I2CINT1A_ISR
003f322b   _I2CINT2A_ISR
003f3230   _ILLEGAL_ISR
003f3235   _INT13_ISR
003f323a   _INT14_ISR
003f323f   _NMI_ISR
003f3244   _PIE_RESERVED
003f32f1   _PIE_disable
003f3055   _PIE_disableAllInts
003f32f4   _PIE_enable
003f2ffd   _PIE_enableAdcInt
003f314d   _PIE_init
003f3064   _PIE_registerPieIntHandler
003f3044   _PIE_setDebugIntVectorTable
003f6f3e   _PIE_tableDebugInit
003f32f7   _PLL_getClkStatus
003f32fa   _PLL_getLockStatus
003f318f   _PLL_init
003f3196   _PLL_setDivider
003f31c0   _PLL_setMultiplier
003f2f64   _PLL_setup
003f32c9   _PWM_enableSocAPulse
003f319d   _PWM_init
003f32cd   _PWM_setCounterMode
003f3315   _PWM_setPeriod
003f3118   _PWM_setSocAPeriod
003f3121   _PWM_setSocAPulseSrc
003f3249   _RTOSINT_ISR
00000004   _RamfuncsLoadSize
003f70d6   _RamfuncsLoadStart
00008000   _RamfuncsRunStart
003f324e   _SCIRXINTA_ISR
003f3253   _SCITXINTA_ISR
003f32d1   _SCI_clearRxFifoInt
003f32d5   _SCI_clearTxFifoInt
003f309b   _SCI_close
003f32fd   _SCI_disableParity
003f3300   _SCI_enable
003f32d9   _SCI_enableFifoEnh
003f3303   _SCI_enableRx
003f3306   _SCI_enableRxInt
003f3309   _SCI_enableTx
003f330c   _SCI_enableTxInt
003f31a4   _SCI_init
003f3317   _SCI_lseek
003f2fb3   _SCI_open
003f312a   _SCI_putDataBlocking
003f2fc6   _SCI_read
003f3319   _SCI_rename
003f30de   _SCI_resetChannels
003f30e8   _SCI_resetRxFifo
003f30f2   _SCI_resetTxFifo
003f31c6   _SCI_setBaudRate
003f32dd   _SCI_setCharLength
003f32e1   _SCI_setNumStopBits
003f330f   _SCI_setPriority
003f31ab   _SCI_setRxFifoIntLevel
003f31b2   _SCI_setTxFifoIntLevel
003f331b   _SCI_unlink
003f2eae   _SCI_write
003f3258   _SPIRXINTA_ISR
003f325d   _SPITXINTA_ISR
003f3262   _TINT0_ISR
003f3267   _USER10_ISR
003f326c   _USER11_ISR
003f3271   _USER12_ISR
003f3276   _USER1_ISR
003f327b   _USER2_ISR
003f3280   _USER3_ISR
003f3285   _USER4_ISR
003f328a   _USER5_ISR
003f328f   _USER6_ISR
003f3294   _USER7_ISR
003f3299   _USER8_ISR
003f329e   _USER9_ISR
003f32a3   _WAKEINT_ISR
003f3155   _WDOG_disable
003f31b9   _WDOG_init
003f32a8   _XINT1_ISR
003f32ad   _XINT2_ISR
003f32b2   _XINT3_ISR
00000400   __CIOBUF_
00000350   __STACK_END
00000300   __STACK_SIZE
00000200   __SYSMEM_SIZE
00000001   __TI_args_main
003f2544   ___TI_cleanup
00008bb8   ___TI_cleanup_ptr
003f2a84   ___TI_closefile
003f28eb   ___TI_doflush
00008bba   ___TI_dtors_ptr
00008a40   ___TI_ft_end
003f7918   ___TI_printfi
003f29f6   ___TI_rd_ok
003f26bb   ___TI_readmsg
00008b00   ___TI_tmpnams
003f2667   ___TI_writemsg
003f29bc   ___TI_wrt_ok
ffffffff   ___binit__
ffffffff   ___c_args__
003f331d   ___cinit__
ffffffff   ___etext__
003f2dde   ___memcpy_ff
ffffffff   ___pinit__
ffffffff   ___text__
003f2f02   __args_main
003f6e3d   __ctypes_
00008a80   __ftable
00008bb6   __lock
003f313b   __nop
003f3137   __register_lock
003f3133   __register_unlock
00000050   __stack
00008c48   __sys_memory
00008bb4   __unlock
003f2f1b   _abort
003f2c61   _adc_isr
003f7e40   _add_device
003f2cc5   _atoi
003f2b78   _c_int00
003f23ad   _calloc
003f23ab   _chkheap
003f2a21   _clearTextBox
003f7e0e   _close
00008bbc   _cpu
00008bb0   _deviceOpen
003f287c   _drawTILogo
003f70c9   _escRed
003f70ce   _escWhite
003f2f1d   _exit
003f2ac6   _fclose
003f291a   _fflush
003f25b1   _fopen
003f2adf   _fputc
003f7eac   _fputs
00008940   _frame
003f21f2   _free
003f238f   _free_memory
003f2561   _freopen
003f2bbc   _fseek
00008bb2   _ioSci
003f7df6   _lseek
003f7f54   _ltoa
003f7a0a   _main
003f225b   _malloc
003f236f   _max_free
003f3081   _memccpy
003f3021   _memchr
003f308e   _memset
003f2237   _minit
00008804   _myAdc
00008806   _myClk
00008810   _myFlash
0000880c   _myGpio
0000880e   _myPie
00008808   _myPwm
0000880a   _mySci
003f7d84   _open
003f2c99   _printf
003f70b4   _pucTempString
003f2adf   _putc
003f2b2a   _putchar
003f7f42   _puts
003f7d6c   _read
003f22bb   _realloc
003f3312   _remove
003f7d52   _remove_device
003f7d29   _rename
003f32b7   _rsvd_ISR
003f2956   _scia_init
003f3017   _setDBGIER
003f2803   _setvbuf
003f30d3   _strchr
003f30fc   _strcmp
003f32bc   _strcpy
003f315d   _strlen
003f2e3c   _strncpy
003f6000   _ti_ascii
003f7d11   _unlink
00008840   _voltage
003f7cab   _write
ffffffff   binit
003f331d   cinit
003f7ff6   code_start
ffffffff   etext
ffffffff   pinit


GLOBAL SYMBOLS: SORTED BY Symbol Address 

address    name
--------   ----
00000001   __TI_args_main
00000004   _RamfuncsLoadSize
00000050   __stack
00000200   __SYSMEM_SIZE
00000300   __STACK_SIZE
00000350   __STACK_END
00000400   __CIOBUF_
00008000   _DSP28x_usDelay
00008000   _RamfuncsRunStart
00008800   _ConversionCount
00008804   _myAdc
00008806   _myClk
00008808   _myPwm
0000880a   _mySci
0000880c   _myGpio
0000880e   _myPie
00008810   _myFlash
00008840   _voltage
00008940   _frame
00008a40   ___TI_ft_end
00008a80   __ftable
00008b00   ___TI_tmpnams
00008bb0   _deviceOpen
00008bb2   _ioSci
00008bb4   __unlock
00008bb6   __lock
00008bb8   ___TI_cleanup_ptr
00008bba   ___TI_dtors_ptr
00008bbc   _cpu
00008c48   __sys_memory
003f2000   _HOSTwrite
003f2036   _HOSTunlink
003f205b   _HOSTtime
003f2085   _HOSTrename
003f20c3   _HOSTread
003f20f9   _HOSTopen
003f2130   _HOSTlseek
003f2177   _HOSTgetenv
003f21a1   _HOSTclose
003f21c8   _HOSTclock
003f21f2   _free
003f2237   _minit
003f225b   _malloc
003f22bb   _realloc
003f236f   _max_free
003f238f   _free_memory
003f23ab   _chkheap
003f23ad   _calloc
003f23c5   LL$$DIV
003f2401   LL$$MOD
003f243b   ULL$$DIV
003f246a   ULL$$MOD
003f2544   ___TI_cleanup
003f2561   _freopen
003f25b1   _fopen
003f25cb   FD$$ADD
003f2667   ___TI_writemsg
003f26b7   C$$IO$$
003f26bb   ___TI_readmsg
003f26f5   FD$$DIV
003f2780   FD$$MPY
003f2803   _setvbuf
003f287c   _drawTILogo
003f28eb   ___TI_doflush
003f291a   _fflush
003f2956   _scia_init
003f29bc   ___TI_wrt_ok
003f29f6   ___TI_rd_ok
003f2a21   _clearTextBox
003f2a84   ___TI_closefile
003f2ac6   _fclose
003f2adf   _fputc
003f2adf   _putc
003f2b2a   _putchar
003f2b2f   _GPIO_setMode
003f2b78   _c_int00
003f2bbc   _fseek
003f2bf9   _GPIO_setDirection
003f2c2d   _GPIO_setPullUp
003f2c61   _adc_isr
003f2c99   _printf
003f2cc5   _atoi
003f2cf6   _GPIO_setQualification
003f2d21   FD$$CMP
003f2d4b   L$$DIV
003f2d5a   L$$MOD
003f2d68   UL$$DIV
003f2d6f   UL$$MOD
003f2d75   _ADC_setIntMode
003f2d99   _ADC_setIntSrc
003f2dbd   FD$$TOI
003f2dde   ___memcpy_ff
003f2dff   FD$$TOL
003f2e1e   LL$$CMP
003f2e30   ULL$$CMP
003f2e3c   _strncpy
003f2e5a   _ADC_setSocChanNumber
003f2e76   _ADC_setSocSampleWindow
003f2e92   _ADC_setSocTrigSrc
003f2eae   _SCI_write
003f2eca   FS$$TOFD
003f2ee6   L$$TOFD
003f2f02   __args_main
003f2f1b   C$$EXIT
003f2f1b   _abort
003f2f1d   _exit
003f2f34   _ADC_enableInt
003f2f4c   LL$$AND
003f2f54   LL$$OR
003f2f5c   LL$$XOR
003f2f64   _PLL_setup
003f2f79   LL$$MPY
003f2f8d   _GPIO_setHigh
003f2fa0   _GPIO_setLow
003f2fb3   _SCI_open
003f2fc6   _SCI_read
003f2fd9   _ADC_setIntPulseGenMode
003f2feb   _ADC_setVoltRefSrc
003f2ffd   _PIE_enableAdcInt
003f3017   _setDBGIER
003f301a   _DSP28x_DisableInt
003f301e   _DSP28x_RestoreInt
003f3021   _memchr
003f3033   _GPIO_getData
003f3044   _PIE_setDebugIntVectorTable
003f3055   _PIE_disableAllInts
003f3064   _PIE_registerPieIntHandler
003f3073   FD$$SUB
003f3081   _memccpy
003f308e   _memset
003f309b   _SCI_close
003f30a7   _ADC_enable
003f30b2   _ADC_enableBandGap
003f30bd   _ADC_enableRefBuffers
003f30c8   _ADC_powerUp
003f30d3   _strchr
003f30de   _SCI_resetChannels
003f30e8   _SCI_resetRxFifo
003f30f2   _SCI_resetTxFifo
003f30fc   _strcmp
003f3106   _CLK_enablePwmClock
003f310f   _CLK_enableSciaClock
003f3118   _PWM_setSocAPeriod
003f3121   _PWM_setSocAPulseSrc
003f312a   _SCI_putDataBlocking
003f3133   __register_unlock
003f3137   __register_lock
003f313b   __nop
003f313c   FD$$NEG
003f3145   _ADC_init
003f314d   _PIE_init
003f3155   _WDOG_disable
003f315d   _strlen
003f3165   _CLK_enableAdcClock
003f316c   _CLK_init
003f3173   _CLK_setClkOutPreScaler
003f317a   _CLK_setOscSrc
003f3181   _FLASH_init
003f3188   _GPIO_init
003f318f   _PLL_init
003f3196   _PLL_setDivider
003f319d   _PWM_init
003f31a4   _SCI_init
003f31ab   _SCI_setRxFifoIntLevel
003f31b2   _SCI_setTxFifoIntLevel
003f31b9   _WDOG_init
003f31c0   _PLL_setMultiplier
003f31c6   _SCI_setBaudRate
003f31cc   _ADCINT1_ISR
003f31d1   _ADCINT2_ISR
003f31d6   _ADCINT3_ISR
003f31db   _ADCINT4_ISR
003f31e0   _ADCINT5_ISR
003f31e5   _ADCINT6_ISR
003f31ea   _ADCINT7_ISR
003f31ef   _ADCINT8_ISR
003f31f4   _ADCINT9_ISR
003f31f9   _DATALOG_ISR
003f31fe   _ECAP1_INT_ISR
003f3203   _EMUINT_ISR
003f3208   _EPWM1_INT_ISR
003f320d   _EPWM1_TZINT_ISR
003f3212   _EPWM2_INT_ISR
003f3217   _EPWM2_TZINT_ISR
003f321c   _EPWM3_INT_ISR
003f3221   _EPWM3_TZINT_ISR
003f3226   _I2CINT1A_ISR
003f322b   _I2CINT2A_ISR
003f3230   _ILLEGAL_ISR
003f3235   _INT13_ISR
003f323a   _INT14_ISR
003f323f   _NMI_ISR
003f3244   _PIE_RESERVED
003f3249   _RTOSINT_ISR
003f324e   _SCIRXINTA_ISR
003f3253   _SCITXINTA_ISR
003f3258   _SPIRXINTA_ISR
003f325d   _SPITXINTA_ISR
003f3262   _TINT0_ISR
003f3267   _USER10_ISR
003f326c   _USER11_ISR
003f3271   _USER12_ISR
003f3276   _USER1_ISR
003f327b   _USER2_ISR
003f3280   _USER3_ISR
003f3285   _USER4_ISR
003f328a   _USER5_ISR
003f328f   _USER6_ISR
003f3294   _USER7_ISR
003f3299   _USER8_ISR
003f329e   _USER9_ISR
003f32a3   _WAKEINT_ISR
003f32a8   _XINT1_ISR
003f32ad   _XINT2_ISR
003f32b2   _XINT3_ISR
003f32b7   _rsvd_ISR
003f32bc   _strcpy
003f32c1   _CPU_enableInt
003f32c5   _CPU_init
003f32c9   _PWM_enableSocAPulse
003f32cd   _PWM_setCounterMode
003f32d1   _SCI_clearRxFifoInt
003f32d5   _SCI_clearTxFifoInt
003f32d9   _SCI_enableFifoEnh
003f32dd   _SCI_setCharLength
003f32e1   _SCI_setNumStopBits
003f32e5   _CPU_clearIntFlags
003f32e8   _CPU_disableGlobalInts
003f32eb   _CPU_enableDebugInt
003f32ee   _CPU_enableGlobalInts
003f32f1   _PIE_disable
003f32f4   _PIE_enable
003f32f7   _PLL_getClkStatus
003f32fa   _PLL_getLockStatus
003f32fd   _SCI_disableParity
003f3300   _SCI_enable
003f3303   _SCI_enableRx
003f3306   _SCI_enableRxInt
003f3309   _SCI_enableTx
003f330c   _SCI_enableTxInt
003f330f   _SCI_setPriority
003f3312   _remove
003f3315   _PWM_setPeriod
003f3317   _SCI_lseek
003f3319   _SCI_rename
003f331b   _SCI_unlink
003f331d   ___cinit__
003f331d   cinit
003f6000   _ti_ascii
003f6e3d   __ctypes_
003f6f3e   _PIE_tableDebugInit
003f70b4   _pucTempString
003f70c9   _escRed
003f70ce   _escWhite
003f70d6   _RamfuncsLoadStart
003f7918   ___TI_printfi
003f7a0a   _main
003f7cab   _write
003f7d11   _unlink
003f7d29   _rename
003f7d52   _remove_device
003f7d6c   _read
003f7d84   _open
003f7df6   _lseek
003f7e0e   _close
003f7e40   _add_device
003f7eac   _fputs
003f7f42   _puts
003f7f54   _ltoa
003f7ff6   code_start
ffffffff   .text
ffffffff   ___binit__
ffffffff   ___c_args__
ffffffff   ___etext__
ffffffff   ___pinit__
ffffffff   ___text__
ffffffff   binit
ffffffff   etext
ffffffff   pinit

[279 symbols]
