******************************************************************************
             TMS320C2000 Linker PC v6.2.8                      
******************************************************************************
>> Linked Wed Nov 12 14:16:46 2014

OUTPUT FILE NAME:   <VoiceModule.out>
ENTRY POINT SYMBOL: "code_start"  address: 003f7ff6


MEMORY CONFIGURATION

         name            origin    length      used     unused   attr    fill
----------------------  --------  ---------  --------  --------  ----  --------
PAGE 0:
  PRAML0                00008000   00000800  00000004  000007fc  RWIX
  OTP                   003d7800   00000400  00000000  00000400  RWIX
  FLASHD                003f0000   00002000  00000000  00002000  RWIX
  FLASHC                003f2000   00002000  00000000  00002000  RWIX
  FLASHA                003f6000   00001f80  000016d8  000008a8  RWIX
  CSM_RSVD              003f7f80   00000076  00000076  00000000  RWIX
  BEGIN                 003f7ff6   00000002  00000002  00000000  RWIX
  CSM_PWL_P0            003f7ff8   00000008  00000008  00000000  RWIX
  IQTABLES              003fe000   00000b50  00000000  00000b50  RWIX
  IQTABLES2             003feb50   0000008c  00000000  0000008c  RWIX
  IQTABLES3             003febdc   000000aa  00000000  000000aa  RWIX
  ROM                   003ff27c   00000d44  00000000  00000d44  RWIX
  RESET                 003fffc0   00000002  00000000  00000002  RWIX
  VECTORS               003fffc2   0000003e  00000000  0000003e  RWIX

PAGE 1:
  BOOT_RSVD             00000000   00000050  00000000  00000050  RWIX
  RAMM0                 00000050   000003b0  00000300  000000b0  RWIX
  RAMM1                 00000400   00000400  00000120  000002e0  RWIX
  DEV_EMU               00000880   00000105  00000004  00000101  RWIX
  SYS_PWR_CTL           00000985   00000003  00000003  00000000  RWIX
  FLASH_REGS            00000a80   00000060  00000008  00000058  RWIX
  CSM                   00000ae0   00000010  00000010  00000000  RWIX
  ADC_RESULT            00000b00   00000020  00000020  00000000  RWIX
  CPU_TIMER0            00000c00   00000008  00000008  00000000  RWIX
  CPU_TIMER1            00000c08   00000008  00000008  00000000  RWIX
  CPU_TIMER2            00000c10   00000008  00000008  00000000  RWIX
  PIE_CTRL              00000ce0   00000020  0000001a  00000006  RWIX
  PIE_VECT              00000d00   00000100  00000100  00000000  RWIX
  COMP1                 00006400   00000020  00000011  0000000f  RWIX
  COMP2                 00006420   00000020  00000011  0000000f  RWIX
  EPWM1                 00006800   00000040  00000040  00000000  RWIX
  EPWM2                 00006840   00000040  00000040  00000000  RWIX
  EPWM3                 00006880   00000040  00000040  00000000  RWIX
  EPWM4                 000068c0   00000040  00000040  00000000  RWIX
  ECAP1                 00006a00   00000020  00000020  00000000  RWIX
  GPIOCTRL              00006f80   00000040  00000040  00000000  RWIX
  GPIODAT               00006fc0   00000020  00000020  00000000  RWIX
  GPIOINT               00006fe0   00000020  0000000a  00000016  RWIX
  SYSTEM                00007010   00000020  0000001f  00000001  RWIX
  SPIA                  00007040   00000010  00000010  00000000  RWIX
  SCIA                  00007050   00000010  00000010  00000000  RWIX
  NMIINTRUPT            00007060   00000010  00000010  00000000  RWIX
  XINTRUPT              00007070   00000010  00000010  00000000  RWIX
  ADC                   00007100   00000080  00000051  0000002f  RWIX
  I2CA                  00007900   00000040  00000022  0000001e  RWIX
  DRAML0                00008800   00000800  0000064c  000001b4  RWIX
  PARTID                003d7fff   00000001  00000001  00000000  RWIX
  FLASHB                003f4000   00002000  00000000  00002000  RWIX
  CSM_PWL               003f7ff8   00000008  00000008  00000000  RWIX


SECTION ALLOCATION MAP

 output                                  attributes/
section   page    origin      length       input sections
--------  ----  ----------  ----------   ----------------
.pinit     0    003f6000    00000000     UNINITIALIZED

.econst    0    003f6000    00000214     
                  003f6000    00000100     driverlib.lib : pie.obj (.econst:_PIE_tableDebugInit)
                  003f6100    00000100     Sin256Q15.obj (.econst:_sine256Q15)
                  003f6200    0000000e     VoiceModule.obj (.econst:.string)
                  003f620e    00000006     VoiceModule.obj (.econst)

ramfuncs   0    003f6214    00000004     RUN ADDR = 00008000
                  003f6214    00000004     driverlib.lib : F2802x_asmfuncs.obj (ramfuncs)

.text      0    003f6218    0000142f     
                  003f6218    00000240     VoiceModule.obj (.text:_main)
                  003f6458    00000201     rts2800_ml.lib : lowlev.obj (.text)
                  003f6659    000001f2                    : trgdrv.obj (.text)
                  003f684b    000001d3                    : memory.obj (.text)
                  003f6a1e    000000ff                    : fopen.obj (.text)
                  003f6b1d    000000ab     VoiceModule.obj (.text:_InitEPwm2)
                  003f6bc8    0000008e     rts2800_ml.lib : ankmsg.obj (.text)
                  003f6c56    00000083                    : fs_div.obj (.text)
                  003f6cd9    00000079                    : setvbuf.obj (.text)
                  003f6d52    0000006b                    : fflush.obj (.text)
                  003f6dbd    00000066     VoiceModule.obj (.text:_scia_init)
                  003f6e23    0000005b     rts2800_ml.lib : fclose.obj (.text)
                  003f6e7e    0000005a                    : fs_mpy.obj (.text)
                  003f6ed8    00000055     VoiceModule.obj (.text:_adc_isr)
                  003f6f2d    00000049     driverlib.lib : gpio.obj (.text:_GPIO_setMode)
                  003f6f76    00000044     rts2800_ml.lib : boot.obj (.text)
                  003f6fba    0000003e     VoiceModule.obj (.text:_calculate_duty_cycle)
                  003f6ff8    00000034     driverlib.lib : gpio.obj (.text:_GPIO_setDirection)
                  003f702c    00000034                   : gpio.obj (.text:_GPIO_setPullUp)
                  003f7060    0000002b                   : gpio.obj (.text:_GPIO_setQualification)
                  003f708b    0000002a     VoiceModule.obj (.text:_update_compare)
                  003f70b5    00000025     rts2800_ml.lib : fs_toi.obj (.text)
                  003f70da    00000024     driverlib.lib : adc.obj (.text:_ADC_setIntMode)
                  003f70fe    00000024                   : adc.obj (.text:_ADC_setIntSrc)
                  003f7122    00000021     rts2800_ml.lib : memcpy_ff.obj (.text)
                  003f7143    0000001f     VoiceModule.obj (.text:_epwm2_isr)
                  003f7162    0000001e     rts2800_ml.lib : strncpy.obj (.text)
                  003f7180    0000001d                    : fs_tou.obj (.text)
                  003f719d    0000001c     driverlib.lib : adc.obj (.text:_ADC_setSocChanNumber)
                  003f71b9    0000001c                   : adc.obj (.text:_ADC_setSocSampleWindow)
                  003f71d5    0000001c                   : adc.obj (.text:_ADC_setSocTrigSrc)
                  003f71f1    0000001c                   : sci_io.obj (.text:_SCI_write)
                  003f720d    0000001a     rts2800_ml.lib : i_tofs.obj (.text)
                  003f7227    00000019                    : args_main.obj (.text)
                  003f7240    00000019                    : exit.obj (.text)
                  003f7259    00000018     driverlib.lib : adc.obj (.text:_ADC_enableInt)
                  003f7271    00000016     VoiceModule.obj (.text:_fullFrame)
                  003f7287    00000015     driverlib.lib : pll.obj (.text:_PLL_setup)
                  003f729c    00000013                   : sci_io.obj (.text:_SCI_open)
                  003f72af    00000013                   : sci_io.obj (.text:_SCI_read)
                  003f72c2    00000012                   : adc.obj (.text:_ADC_setIntPulseGenMode)
                  003f72d4    00000012                   : adc.obj (.text:_ADC_setVoltRefSrc)
                  003f72e6    00000012                   : pie.obj (.text:_PIE_enableAdcInt)
                  003f72f8    00000012                   : F2802x_asmfuncs.obj (.text)
                  003f730a    00000011                   : gpio.obj (.text:_GPIO_getData)
                  003f731b    00000011                   : pie.obj (.text:_PIE_setDebugIntVectorTable)
                  003f732c    00000010     rts2800_ml.lib : u_tofs.obj (.text)
                  003f733c    0000000f     driverlib.lib : pie.obj (.text:_PIE_disableAllInts)
                  003f734b    0000000f                   : pie.obj (.text:_PIE_registerPieIntHandler)
                  003f735a    0000000d                   : pie.obj (.text:_PIE_enablePwmInt)
                  003f7367    0000000c                   : sci_io.obj (.text:_SCI_close)
                  003f7373    0000000b                   : adc.obj (.text:_ADC_enable)
                  003f737e    0000000b                   : adc.obj (.text:_ADC_enableBandGap)
                  003f7389    0000000b                   : adc.obj (.text:_ADC_enableRefBuffers)
                  003f7394    0000000b                   : adc.obj (.text:_ADC_powerUp)
                  003f739f    0000000b     rts2800_ml.lib : strchr.obj (.text)
                  003f73aa    0000000a     driverlib.lib : sci.obj (.text:_SCI_resetChannels)
                  003f73b4    0000000a                   : sci.obj (.text:_SCI_resetRxFifo)
                  003f73be    0000000a                   : sci.obj (.text:_SCI_resetTxFifo)
                  003f73c8    0000000a     rts2800_ml.lib : strcmp.obj (.text)
                  003f73d2    00000009     driverlib.lib : clk.obj (.text:_CLK_enablePwmClock)
                  003f73db    00000009                   : clk.obj (.text:_CLK_enableSciaClock)
                  003f73e4    00000009                   : pwm.obj (.text:_PWM_setActionQual_CntDown_CmpB_PwmA)
                  003f73ed    00000009                   : pwm.obj (.text:_PWM_setActionQual_CntUp_CmpA_PwmA)
                  003f73f6    00000009                   : pwm.obj (.text:_PWM_setActionQual_CntUp_CmpB_PwmB)
                  003f73ff    00000009                   : pwm.obj (.text:_PWM_setSocAPeriod)
                  003f7408    00000009                   : pwm.obj (.text:_PWM_setSocAPulseSrc)
                  003f7411    00000009                   : sci.obj (.text:_SCI_putDataBlocking)
                  003f741a    00000009     rts2800_ml.lib : _lock.obj (.text)
                  003f7423    00000008     driverlib.lib : adc.obj (.text:_ADC_init)
                  003f742b    00000008                   : pie.obj (.text:_PIE_init)
                  003f7433    00000008                   : wdog.obj (.text:_WDOG_disable)
                  003f743b    00000008     rts2800_ml.lib : strlen.obj (.text)
                  003f7443    00000007     driverlib.lib : clk.obj (.text:_CLK_disableTbClockSync)
                  003f744a    00000007                   : clk.obj (.text:_CLK_enableAdcClock)
                  003f7451    00000007                   : clk.obj (.text:_CLK_enableTbClockSync)
                  003f7458    00000007                   : clk.obj (.text:_CLK_init)
                  003f745f    00000007                   : clk.obj (.text:_CLK_setClkOutPreScaler)
                  003f7466    00000007                   : clk.obj (.text:_CLK_setOscSrc)
                  003f746d    00000007                   : flash.obj (.text:_FLASH_init)
                  003f7474    00000007                   : gpio.obj (.text:_GPIO_init)
                  003f747b    00000007                   : pll.obj (.text:_PLL_init)
                  003f7482    00000007                   : pll.obj (.text:_PLL_setDivider)
                  003f7489    00000007                   : pwm.obj (.text:_PWM_init)
                  003f7490    00000007                   : pwm.obj (.text:_PWM_setActionQual_Zero_PwmB)
                  003f7497    00000007                   : pwm.obj (.text:_PWM_setIntMode)
                  003f749e    00000007                   : pwm.obj (.text:_PWM_setIntPeriod)
                  003f74a5    00000007                   : sci.obj (.text:_SCI_init)
                  003f74ac    00000007                   : sci.obj (.text:_SCI_setRxFifoIntLevel)
                  003f74b3    00000007                   : sci.obj (.text:_SCI_setTxFifoIntLevel)
                  003f74ba    00000007                   : wdog.obj (.text:_WDOG_init)
                  003f74c1    00000006                   : pll.obj (.text:_PLL_setMultiplier)
                  003f74c7    00000006                   : pwm.obj (.text:_PWM_setLoadMode_CmpB)
                  003f74cd    00000006                   : pwm.obj (.text:_PWM_setShadowMode_CmpA)
                  003f74d3    00000006                   : pwm.obj (.text:_PWM_setShadowMode_CmpB)
                  003f74d9    00000006                   : sci.obj (.text:_SCI_setBaudRate)
                  003f74df    00000005                   : F2802x_DefaultIsr.obj (.text:_ADCINT1_ISR)
                  003f74e4    00000005                   : F2802x_DefaultIsr.obj (.text:_ADCINT2_ISR)
                  003f74e9    00000005                   : F2802x_DefaultIsr.obj (.text:_ADCINT3_ISR)
                  003f74ee    00000005                   : F2802x_DefaultIsr.obj (.text:_ADCINT4_ISR)
                  003f74f3    00000005                   : F2802x_DefaultIsr.obj (.text:_ADCINT5_ISR)
                  003f74f8    00000005                   : F2802x_DefaultIsr.obj (.text:_ADCINT6_ISR)
                  003f74fd    00000005                   : F2802x_DefaultIsr.obj (.text:_ADCINT7_ISR)
                  003f7502    00000005                   : F2802x_DefaultIsr.obj (.text:_ADCINT8_ISR)
                  003f7507    00000005                   : F2802x_DefaultIsr.obj (.text:_ADCINT9_ISR)
                  003f750c    00000005                   : F2802x_DefaultIsr.obj (.text:_DATALOG_ISR)
                  003f7511    00000005                   : F2802x_DefaultIsr.obj (.text:_ECAP1_INT_ISR)
                  003f7516    00000005                   : F2802x_DefaultIsr.obj (.text:_EMUINT_ISR)
                  003f751b    00000005                   : F2802x_DefaultIsr.obj (.text:_EPWM1_INT_ISR)
                  003f7520    00000005                   : F2802x_DefaultIsr.obj (.text:_EPWM1_TZINT_ISR)
                  003f7525    00000005                   : F2802x_DefaultIsr.obj (.text:_EPWM2_INT_ISR)
                  003f752a    00000005                   : F2802x_DefaultIsr.obj (.text:_EPWM2_TZINT_ISR)
                  003f752f    00000005                   : F2802x_DefaultIsr.obj (.text:_EPWM3_INT_ISR)
                  003f7534    00000005                   : F2802x_DefaultIsr.obj (.text:_EPWM3_TZINT_ISR)
                  003f7539    00000005                   : F2802x_DefaultIsr.obj (.text:_I2CINT1A_ISR)
                  003f753e    00000005                   : F2802x_DefaultIsr.obj (.text:_I2CINT2A_ISR)
                  003f7543    00000005                   : F2802x_DefaultIsr.obj (.text:_ILLEGAL_ISR)
                  003f7548    00000005                   : F2802x_DefaultIsr.obj (.text:_INT13_ISR)
                  003f754d    00000005                   : F2802x_DefaultIsr.obj (.text:_INT14_ISR)
                  003f7552    00000005                   : F2802x_DefaultIsr.obj (.text:_NMI_ISR)
                  003f7557    00000005                   : F2802x_DefaultIsr.obj (.text:_PIE_RESERVED)
                  003f755c    00000005                   : F2802x_DefaultIsr.obj (.text:_RTOSINT_ISR)
                  003f7561    00000005                   : F2802x_DefaultIsr.obj (.text:_SCIRXINTA_ISR)
                  003f7566    00000005                   : F2802x_DefaultIsr.obj (.text:_SCITXINTA_ISR)
                  003f756b    00000005                   : F2802x_DefaultIsr.obj (.text:_SPIRXINTA_ISR)
                  003f7570    00000005                   : F2802x_DefaultIsr.obj (.text:_SPITXINTA_ISR)
                  003f7575    00000005                   : F2802x_DefaultIsr.obj (.text:_TINT0_ISR)
                  003f757a    00000005                   : F2802x_DefaultIsr.obj (.text:_USER10_ISR)
                  003f757f    00000005                   : F2802x_DefaultIsr.obj (.text:_USER11_ISR)
                  003f7584    00000005                   : F2802x_DefaultIsr.obj (.text:_USER12_ISR)
                  003f7589    00000005                   : F2802x_DefaultIsr.obj (.text:_USER1_ISR)
                  003f758e    00000005                   : F2802x_DefaultIsr.obj (.text:_USER2_ISR)
                  003f7593    00000005                   : F2802x_DefaultIsr.obj (.text:_USER3_ISR)
                  003f7598    00000005                   : F2802x_DefaultIsr.obj (.text:_USER4_ISR)
                  003f759d    00000005                   : F2802x_DefaultIsr.obj (.text:_USER5_ISR)
                  003f75a2    00000005                   : F2802x_DefaultIsr.obj (.text:_USER6_ISR)
                  003f75a7    00000005                   : F2802x_DefaultIsr.obj (.text:_USER7_ISR)
                  003f75ac    00000005                   : F2802x_DefaultIsr.obj (.text:_USER8_ISR)
                  003f75b1    00000005                   : F2802x_DefaultIsr.obj (.text:_USER9_ISR)
                  003f75b6    00000005                   : F2802x_DefaultIsr.obj (.text:_WAKEINT_ISR)
                  003f75bb    00000005                   : F2802x_DefaultIsr.obj (.text:_XINT1_ISR)
                  003f75c0    00000005                   : F2802x_DefaultIsr.obj (.text:_XINT2_ISR)
                  003f75c5    00000005                   : F2802x_DefaultIsr.obj (.text:_XINT3_ISR)
                  003f75ca    00000005                   : F2802x_DefaultIsr.obj (.text:_rsvd_ISR)
                  003f75cf    00000005     rts2800_ml.lib : strcpy.obj (.text)
                  003f75d4    00000004     driverlib.lib : cpu.obj (.text:_CPU_enableInt)
                  003f75d8    00000004                   : cpu.obj (.text:_CPU_init)
                  003f75dc    00000004                   : pwm.obj (.text:_PWM_enableInt)
                  003f75e0    00000004                   : pwm.obj (.text:_PWM_enableSocAPulse)
                  003f75e4    00000004                   : pwm.obj (.text:_PWM_setClkDiv)
                  003f75e8    00000004                   : pwm.obj (.text:_PWM_setCounterMode)
                  003f75ec    00000004                   : pwm.obj (.text:_PWM_setHighSpeedClkDiv)
                  003f75f0    00000004                   : pwm.obj (.text:_PWM_setLoadMode_CmpA)
                  003f75f4    00000004                   : sci.obj (.text:_SCI_clearRxFifoInt)
                  003f75f8    00000004                   : sci.obj (.text:_SCI_clearTxFifoInt)
                  003f75fc    00000004                   : sci.obj (.text:_SCI_enableFifoEnh)
                  003f7600    00000004                   : sci.obj (.text:_SCI_setCharLength)
                  003f7604    00000004                   : sci.obj (.text:_SCI_setNumStopBits)
                  003f7608    00000003                   : cpu.obj (.text:_CPU_clearIntFlags)
                  003f760b    00000003                   : cpu.obj (.text:_CPU_disableGlobalInts)
                  003f760e    00000003                   : cpu.obj (.text:_CPU_enableDebugInt)
                  003f7611    00000003                   : cpu.obj (.text:_CPU_enableGlobalInts)
                  003f7614    00000003                   : pie.obj (.text:_PIE_disable)
                  003f7617    00000003                   : pie.obj (.text:_PIE_enable)
                  003f761a    00000003                   : pll.obj (.text:_PLL_getClkStatus)
                  003f761d    00000003                   : pll.obj (.text:_PLL_getLockStatus)
                  003f7620    00000003                   : pwm.obj (.text:_PWM_disableCounterLoad)
                  003f7623    00000003                   : sci.obj (.text:_SCI_disableParity)
                  003f7626    00000003                   : sci.obj (.text:_SCI_enable)
                  003f7629    00000003                   : sci.obj (.text:_SCI_enableRx)
                  003f762c    00000003                   : sci.obj (.text:_SCI_enableRxInt)
                  003f762f    00000003                   : sci.obj (.text:_SCI_enableTx)
                  003f7632    00000003                   : sci.obj (.text:_SCI_enableTxInt)
                  003f7635    00000003                   : sci.obj (.text:_SCI_setPriority)
                  003f7638    00000003     rts2800_ml.lib : remove.obj (.text)
                  003f763b    00000002     driverlib.lib : pwm.obj (.text:_PWM_setCount)
                  003f763d    00000002                   : pwm.obj (.text:_PWM_setPeriod)
                  003f763f    00000002                   : pwm.obj (.text:_PWM_setPhase)
                  003f7641    00000002                   : sci_io.obj (.text:_SCI_lseek)
                  003f7643    00000002                   : sci_io.obj (.text:_SCI_rename)
                  003f7645    00000002                   : sci_io.obj (.text:_SCI_unlink)

.cinit     0    003f7647    00000091     
                  003f7647    00000031     rts2800_ml.lib : lowlev.obj (.cinit)
                  003f7678    0000002a                    : defs.obj (.cinit)
                  003f76a2    0000000c     VoiceModule.obj (.cinit)
                  003f76ae    0000000a     rts2800_ml.lib : _lock.obj (.cinit)
                  003f76b8    0000000a                    : exit.obj (.cinit)
                  003f76c2    00000008     WriteDac.obj (.cinit)
                  003f76ca    00000004     driverlib.lib : sci_io.obj (.cinit)
                  003f76ce    00000004     rts2800_ml.lib : fopen.obj (.cinit)
                  003f76d2    00000004                    : memory.obj (.cinit)
                  003f76d6    00000002     --HOLE-- [fill = 0]

csm_rsvd   0    003f7f80    00000076     
                  003f7f80    00000076     driverlib.lib : F2802x_asmfuncs.obj (csm_rsvd)

codestart 
*          0    003f7ff6    00000002     
                  003f7ff6    00000002     driverlib.lib : F2802x_asmfuncs.obj (codestart)

csmpasswds 
*          0    003f7ff8    00000008     
                  003f7ff8    00000008     driverlib.lib : F2802x_asmfuncs.obj (csmpasswds)

.reset     0    003fffc0    00000002     DSECT
                  003fffc0    00000002     rts2800_ml.lib : boot.obj (.reset)

vectors    0    003fffc2    00000000     DSECT

.stack     1    00000050    00000300     UNINITIALIZED
                  00000050    00000300     --HOLE--

.cio       1    00000400    00000120     UNINITIALIZED
                  00000400    00000120     rts2800_ml.lib : ankmsg.obj (.cio)

DevEmuRegsFile 
*          1    00000880    00000004     UNINITIALIZED
                  00000880    00000004     driverlib.lib : F2802x_GlobalVariableDefs.obj (DevEmuRegsFile)

SysPwrCtrlRegsFile 
*          1    00000985    00000003     UNINITIALIZED
                  00000985    00000003     driverlib.lib : F2802x_GlobalVariableDefs.obj (SysPwrCtrlRegsFile)

FlashRegsFile 
*          1    00000a80    00000008     UNINITIALIZED
                  00000a80    00000008     driverlib.lib : F2802x_GlobalVariableDefs.obj (FlashRegsFile)

CsmRegsFile 
*          1    00000ae0    00000010     UNINITIALIZED
                  00000ae0    00000010     driverlib.lib : F2802x_GlobalVariableDefs.obj (CsmRegsFile)

AdcResultFile 
*          1    00000b00    00000020     UNINITIALIZED
                  00000b00    00000020     driverlib.lib : F2802x_GlobalVariableDefs.obj (AdcResultFile)

CpuTimer0RegsFile 
*          1    00000c00    00000008     UNINITIALIZED
                  00000c00    00000008     driverlib.lib : F2802x_GlobalVariableDefs.obj (CpuTimer0RegsFile)

CpuTimer1RegsFile 
*          1    00000c08    00000008     UNINITIALIZED
                  00000c08    00000008     driverlib.lib : F2802x_GlobalVariableDefs.obj (CpuTimer1RegsFile)

CpuTimer2RegsFile 
*          1    00000c10    00000008     UNINITIALIZED
                  00000c10    00000008     driverlib.lib : F2802x_GlobalVariableDefs.obj (CpuTimer2RegsFile)

PieCtrlRegsFile 
*          1    00000ce0    0000001a     UNINITIALIZED
                  00000ce0    0000001a     driverlib.lib : F2802x_GlobalVariableDefs.obj (PieCtrlRegsFile)

PieVectTableFile 
*          1    00000d00    00000100     UNINITIALIZED
                  00000d00    00000100     driverlib.lib : F2802x_GlobalVariableDefs.obj (PieVectTableFile)

EmuKeyVar 
*          1    00000d00    00000001     UNINITIALIZED
                  00000d00    00000001     driverlib.lib : F2802x_GlobalVariableDefs.obj (EmuKeyVar)

EmuBModeVar 
*          1    00000d01    00000001     UNINITIALIZED
                  00000d01    00000001     driverlib.lib : F2802x_GlobalVariableDefs.obj (EmuBModeVar)

FlashCallbackVar 
*          1    00000d02    00000002     UNINITIALIZED
                  00000d02    00000002     driverlib.lib : F2802x_GlobalVariableDefs.obj (FlashCallbackVar)

FlashScalingVar 
*          1    00000d04    00000002     UNINITIALIZED
                  00000d04    00000002     driverlib.lib : F2802x_GlobalVariableDefs.obj (FlashScalingVar)

Comp1RegsFile 
*          1    00006400    00000011     UNINITIALIZED
                  00006400    00000011     driverlib.lib : F2802x_GlobalVariableDefs.obj (Comp1RegsFile)

Comp2RegsFile 
*          1    00006420    00000011     UNINITIALIZED
                  00006420    00000011     driverlib.lib : F2802x_GlobalVariableDefs.obj (Comp2RegsFile)

EPwm1RegsFile 
*          1    00006800    00000040     UNINITIALIZED
                  00006800    00000040     driverlib.lib : F2802x_GlobalVariableDefs.obj (EPwm1RegsFile)

EPwm2RegsFile 
*          1    00006840    00000040     UNINITIALIZED
                  00006840    00000040     driverlib.lib : F2802x_GlobalVariableDefs.obj (EPwm2RegsFile)

EPwm3RegsFile 
*          1    00006880    00000040     UNINITIALIZED
                  00006880    00000040     driverlib.lib : F2802x_GlobalVariableDefs.obj (EPwm3RegsFile)

EPwm4RegsFile 
*          1    000068c0    00000040     UNINITIALIZED
                  000068c0    00000040     driverlib.lib : F2802x_GlobalVariableDefs.obj (EPwm4RegsFile)

ECap1RegsFile 
*          1    00006a00    00000020     UNINITIALIZED
                  00006a00    00000020     driverlib.lib : F2802x_GlobalVariableDefs.obj (ECap1RegsFile)

GpioCtrlRegsFile 
*          1    00006f80    00000040     UNINITIALIZED
                  00006f80    00000040     driverlib.lib : F2802x_GlobalVariableDefs.obj (GpioCtrlRegsFile)

GpioDataRegsFile 
*          1    00006fc0    00000020     UNINITIALIZED
                  00006fc0    00000020     driverlib.lib : F2802x_GlobalVariableDefs.obj (GpioDataRegsFile)

GpioIntRegsFile 
*          1    00006fe0    0000000a     UNINITIALIZED
                  00006fe0    0000000a     driverlib.lib : F2802x_GlobalVariableDefs.obj (GpioIntRegsFile)

SysCtrlRegsFile 
*          1    00007010    0000001f     UNINITIALIZED
                  00007010    0000001f     driverlib.lib : F2802x_GlobalVariableDefs.obj (SysCtrlRegsFile)

SpiaRegsFile 
*          1    00007040    00000010     UNINITIALIZED
                  00007040    00000010     driverlib.lib : F2802x_GlobalVariableDefs.obj (SpiaRegsFile)

SciaRegsFile 
*          1    00007050    00000010     UNINITIALIZED
                  00007050    00000010     driverlib.lib : F2802x_GlobalVariableDefs.obj (SciaRegsFile)

NmiIntruptRegsFile 
*          1    00007060    00000010     UNINITIALIZED
                  00007060    00000010     driverlib.lib : F2802x_GlobalVariableDefs.obj (NmiIntruptRegsFile)

XIntruptRegsFile 
*          1    00007070    00000010     UNINITIALIZED
                  00007070    00000010     driverlib.lib : F2802x_GlobalVariableDefs.obj (XIntruptRegsFile)

AdcRegsFile 
*          1    00007100    00000051     UNINITIALIZED
                  00007100    00000051     driverlib.lib : F2802x_GlobalVariableDefs.obj (AdcRegsFile)

I2caRegsFile 
*          1    00007900    00000022     UNINITIALIZED
                  00007900    00000022     driverlib.lib : F2802x_GlobalVariableDefs.obj (I2caRegsFile)

.ebss      1    00008800    0000044c     UNINITIALIZED
                  00008800    00000240     VoiceModule.obj (.ebss)
                  00008a40    00000160     rts2800_ml.lib : defs.obj (.ebss)
                  00008ba0    00000008                    : memory.obj (.ebss)
                  00008ba8    00000008                    : trgdrv.obj (.ebss)
                  00008bb0    00000005     WriteDac.obj (.ebss)
                  00008bb5    00000001     driverlib.lib : cpu.obj (.ebss)
                  00008bb6    00000004                   : sci_io.obj (.ebss)
                  00008bba    00000004     rts2800_ml.lib : _lock.obj (.ebss)
                  00008bbe    00000001                    : fopen.obj (.ebss)
                  00008bbf    00000001     --HOLE--
                  00008bc0    00000088                    : lowlev.obj (.ebss)
                  00008c48    00000004                    : exit.obj (.ebss)

.sysmem    1    00008c4c    00000200     UNINITIALIZED
                  00008c4c    00000001     rts2800_ml.lib : memory.obj (.sysmem)
                  00008c4d    000001ff     --HOLE--

PartIdRegsFile 
*          1    003d7fff    00000001     UNINITIALIZED
                  003d7fff    00000001     driverlib.lib : F2802x_GlobalVariableDefs.obj (PartIdRegsFile)

CsmPwlFile 
*          1    003f7ff8    00000008     UNINITIALIZED
                  003f7ff8    00000008     driverlib.lib : F2802x_GlobalVariableDefs.obj (CsmPwlFile)


GLOBAL DATA SYMBOLS: SORTED BY DATA PAGE

address     data page           name
--------    ----------------    ----
00000050       1 (00000040)     __stack

00000400      10 (00000400)     __CIOBUF_

00000880      22 (00000880)     _DevEmuRegs

00000985      26 (00000980)     _SysPwrCtrlRegs

00000a80      2a (00000a80)     _FlashRegs

00000ae0      2b (00000ac0)     _CsmRegs

00000b00      2c (00000b00)     _AdcResult

00000c00      30 (00000c00)     _CpuTimer0Regs
00000c08      30 (00000c00)     _CpuTimer1Regs
00000c10      30 (00000c00)     _CpuTimer2Regs

00000ce0      33 (00000cc0)     _PieCtrlRegs

00000d00      34 (00000d00)     _EmuKey
00000d00      34 (00000d00)     _PieVectTable
00000d01      34 (00000d00)     _EmuBMode
00000d02      34 (00000d00)     _Flash_CallbackPtr
00000d04      34 (00000d00)     _Flash_CPUScaleFactor

00006400     190 (00006400)     _Comp1Regs
00006420     190 (00006400)     _Comp2Regs

00006800     1a0 (00006800)     _EPwm1Regs

00006840     1a1 (00006840)     _EPwm2Regs

00006880     1a2 (00006880)     _EPwm3Regs

000068c0     1a3 (000068c0)     _EPwm4Regs

00006a00     1a8 (00006a00)     _ECap1Regs

00006f80     1be (00006f80)     _GpioCtrlRegs

00006fc0     1bf (00006fc0)     _GpioDataRegs
00006fe0     1bf (00006fc0)     _GpioIntRegs

00007010     1c0 (00007000)     _SysCtrlRegs

00007040     1c1 (00007040)     _SpiaRegs
00007050     1c1 (00007040)     _SciaRegs
00007060     1c1 (00007040)     _NmiIntruptRegs
00007070     1c1 (00007040)     _XIntruptRegs

00007100     1c4 (00007100)     _AdcRegs

00007900     1e4 (00007900)     _I2caRegs

00008800     220 (00008800)     _loopCount
00008801     220 (00008800)     _ConversionCount
00008802     220 (00008800)     _indexToPlay
00008804     220 (00008800)     _myClk
00008806     220 (00008800)     _myAdc
00008808     220 (00008800)     _myFlash
0000880a     220 (00008800)     _myGpio
0000880c     220 (00008800)     _myPwm
0000880e     220 (00008800)     _myCpu
00008810     220 (00008800)     _myPie
00008812     220 (00008800)     _myPwm2
00008814     220 (00008800)     _mySci
00008816     220 (00008800)     _epwm2_info

00008840     221 (00008840)     _voltage

00008940     225 (00008940)     _frame

00008a40     229 (00008a40)     ___TI_ft_end

00008a80     22a (00008a80)     __ftable

00008b00     22c (00008b00)     ___TI_tmpnams

00008bb0     22e (00008b80)     _MEP_ScaleFactor
00008bb5     22e (00008b80)     _cpu
00008bb6     22e (00008b80)     _deviceOpen
00008bb8     22e (00008b80)     _ioSci
00008bba     22e (00008b80)     __unlock
00008bbc     22e (00008b80)     __lock

00008c48     231 (00008c40)     ___TI_cleanup_ptr
00008c4a     231 (00008c40)     ___TI_dtors_ptr
00008c4c     231 (00008c40)     __sys_memory

003d7fff    f5ff (003d7fc0)     _PartIdRegs

003f6000    fd80 (003f6000)     _PIE_tableDebugInit

003f6100    fd84 (003f6100)     _sine256Q15

003f620e    fd88 (003f6200)     _highSpeedClockDiv
003f6210    fd88 (003f6200)     _sampleRate
003f6212    fd88 (003f6200)     _clockRate

003f7ff8    fdff (003f7fc0)     _CsmPwl


GLOBAL SYMBOLS: SORTED ALPHABETICALLY BY Name 

address    name
--------   ----
ffffffff   .text
003f7240   C$$EXIT
003f6c18   C$$IO$$
003f6c56   FS$$DIV
003f6e7e   FS$$MPY
003f70b5   FS$$TOI
003f7180   FS$$TOU
003f720d   I$$TOFS
003f732c   U$$TOFS
003f74df   _ADCINT1_ISR
003f74e4   _ADCINT2_ISR
003f74e9   _ADCINT3_ISR
003f74ee   _ADCINT4_ISR
003f74f3   _ADCINT5_ISR
003f74f8   _ADCINT6_ISR
003f74fd   _ADCINT7_ISR
003f7502   _ADCINT8_ISR
003f7507   _ADCINT9_ISR
003f7373   _ADC_enable
003f737e   _ADC_enableBandGap
003f7259   _ADC_enableInt
003f7389   _ADC_enableRefBuffers
003f7423   _ADC_init
003f7394   _ADC_powerUp
003f70da   _ADC_setIntMode
003f72c2   _ADC_setIntPulseGenMode
003f70fe   _ADC_setIntSrc
003f719d   _ADC_setSocChanNumber
003f71b9   _ADC_setSocSampleWindow
003f71d5   _ADC_setSocTrigSrc
003f72d4   _ADC_setVoltRefSrc
00007100   _AdcRegs
00000b00   _AdcResult
003f7443   _CLK_disableTbClockSync
003f744a   _CLK_enableAdcClock
003f73d2   _CLK_enablePwmClock
003f73db   _CLK_enableSciaClock
003f7451   _CLK_enableTbClockSync
003f7458   _CLK_init
003f745f   _CLK_setClkOutPreScaler
003f7466   _CLK_setOscSrc
003f7608   _CPU_clearIntFlags
003f760b   _CPU_disableGlobalInts
003f760e   _CPU_enableDebugInt
003f7611   _CPU_enableGlobalInts
003f75d4   _CPU_enableInt
003f75d8   _CPU_init
00006400   _Comp1Regs
00006420   _Comp2Regs
00008801   _ConversionCount
00000c00   _CpuTimer0Regs
00000c08   _CpuTimer1Regs
00000c10   _CpuTimer2Regs
003f7ff8   _CsmPwl
00000ae0   _CsmRegs
003f750c   _DATALOG_ISR
003f7303   _DSP28x_DisableInt
003f7307   _DSP28x_RestoreInt
00008000   _DSP28x_usDelay
00000880   _DevEmuRegs
003f7511   _ECAP1_INT_ISR
00006a00   _ECap1Regs
003f7516   _EMUINT_ISR
003f751b   _EPWM1_INT_ISR
003f7520   _EPWM1_TZINT_ISR
003f7525   _EPWM2_INT_ISR
003f752a   _EPWM2_TZINT_ISR
003f752f   _EPWM3_INT_ISR
003f7534   _EPWM3_TZINT_ISR
00006800   _EPwm1Regs
00006840   _EPwm2Regs
00006880   _EPwm3Regs
000068c0   _EPwm4Regs
00000d01   _EmuBMode
00000d00   _EmuKey
003f746d   _FLASH_init
00000a80   _FlashRegs
00000d04   _Flash_CPUScaleFactor
00000d02   _Flash_CallbackPtr
003f730a   _GPIO_getData
003f7474   _GPIO_init
003f6ff8   _GPIO_setDirection
003f6f2d   _GPIO_setMode
003f702c   _GPIO_setPullUp
003f7060   _GPIO_setQualification
00006f80   _GpioCtrlRegs
00006fc0   _GpioDataRegs
00006fe0   _GpioIntRegs
003f6821   _HOSTclock
003f67fa   _HOSTclose
003f67d0   _HOSTgetenv
003f6789   _HOSTlseek
003f6752   _HOSTopen
003f671c   _HOSTread
003f66de   _HOSTrename
003f66b4   _HOSTtime
003f668f   _HOSTunlink
003f6659   _HOSTwrite
003f7539   _I2CINT1A_ISR
003f753e   _I2CINT2A_ISR
00007900   _I2caRegs
003f7543   _ILLEGAL_ISR
003f7548   _INT13_ISR
003f754d   _INT14_ISR
003f6b1d   _InitEPwm2
00008bb0   _MEP_ScaleFactor
003f7552   _NMI_ISR
00007060   _NmiIntruptRegs
003f7557   _PIE_RESERVED
003f7614   _PIE_disable
003f733c   _PIE_disableAllInts
003f7617   _PIE_enable
003f72e6   _PIE_enableAdcInt
003f735a   _PIE_enablePwmInt
003f742b   _PIE_init
003f734b   _PIE_registerPieIntHandler
003f731b   _PIE_setDebugIntVectorTable
003f6000   _PIE_tableDebugInit
003f761a   _PLL_getClkStatus
003f761d   _PLL_getLockStatus
003f747b   _PLL_init
003f7482   _PLL_setDivider
003f74c1   _PLL_setMultiplier
003f7287   _PLL_setup
003f7620   _PWM_disableCounterLoad
003f75dc   _PWM_enableInt
003f75e0   _PWM_enableSocAPulse
003f7489   _PWM_init
003f73e4   _PWM_setActionQual_CntDown_CmpB_PwmA
003f73ed   _PWM_setActionQual_CntUp_CmpA_PwmA
003f73f6   _PWM_setActionQual_CntUp_CmpB_PwmB
003f7490   _PWM_setActionQual_Zero_PwmB
003f75e4   _PWM_setClkDiv
003f763b   _PWM_setCount
003f75e8   _PWM_setCounterMode
003f75ec   _PWM_setHighSpeedClkDiv
003f7497   _PWM_setIntMode
003f749e   _PWM_setIntPeriod
003f75f0   _PWM_setLoadMode_CmpA
003f74c7   _PWM_setLoadMode_CmpB
003f763d   _PWM_setPeriod
003f763f   _PWM_setPhase
003f74cd   _PWM_setShadowMode_CmpA
003f74d3   _PWM_setShadowMode_CmpB
003f73ff   _PWM_setSocAPeriod
003f7408   _PWM_setSocAPulseSrc
003d7fff   _PartIdRegs
00000ce0   _PieCtrlRegs
00000d00   _PieVectTable
003f755c   _RTOSINT_ISR
00000004   _RamfuncsLoadSize
003f6214   _RamfuncsLoadStart
00008000   _RamfuncsRunStart
003f7561   _SCIRXINTA_ISR
003f7566   _SCITXINTA_ISR
003f75f4   _SCI_clearRxFifoInt
003f75f8   _SCI_clearTxFifoInt
003f7367   _SCI_close
003f7623   _SCI_disableParity
003f7626   _SCI_enable
003f75fc   _SCI_enableFifoEnh
003f7629   _SCI_enableRx
003f762c   _SCI_enableRxInt
003f762f   _SCI_enableTx
003f7632   _SCI_enableTxInt
003f74a5   _SCI_init
003f7641   _SCI_lseek
003f729c   _SCI_open
003f7411   _SCI_putDataBlocking
003f72af   _SCI_read
003f7643   _SCI_rename
003f73aa   _SCI_resetChannels
003f73b4   _SCI_resetRxFifo
003f73be   _SCI_resetTxFifo
003f74d9   _SCI_setBaudRate
003f7600   _SCI_setCharLength
003f7604   _SCI_setNumStopBits
003f7635   _SCI_setPriority
003f74ac   _SCI_setRxFifoIntLevel
003f74b3   _SCI_setTxFifoIntLevel
003f7645   _SCI_unlink
003f71f1   _SCI_write
003f756b   _SPIRXINTA_ISR
003f7570   _SPITXINTA_ISR
00007050   _SciaRegs
00007040   _SpiaRegs
00007010   _SysCtrlRegs
00000985   _SysPwrCtrlRegs
003f7575   _TINT0_ISR
003f757a   _USER10_ISR
003f757f   _USER11_ISR
003f7584   _USER12_ISR
003f7589   _USER1_ISR
003f758e   _USER2_ISR
003f7593   _USER3_ISR
003f7598   _USER4_ISR
003f759d   _USER5_ISR
003f75a2   _USER6_ISR
003f75a7   _USER7_ISR
003f75ac   _USER8_ISR
003f75b1   _USER9_ISR
003f75b6   _WAKEINT_ISR
003f7433   _WDOG_disable
003f74ba   _WDOG_init
003f75bb   _XINT1_ISR
003f75c0   _XINT2_ISR
003f75c5   _XINT3_ISR
00007070   _XIntruptRegs
00000400   __CIOBUF_
00000350   __STACK_END
00000300   __STACK_SIZE
00000200   __SYSMEM_SIZE
00000001   __TI_args_main
003f6a96   ___TI_cleanup
00008c48   ___TI_cleanup_ptr
003f6e23   ___TI_closefile
003f6d52   ___TI_doflush
00008c4a   ___TI_dtors_ptr
00008a40   ___TI_ft_end
003f6c1c   ___TI_readmsg
00008b00   ___TI_tmpnams
003f6bc8   ___TI_writemsg
ffffffff   ___binit__
ffffffff   ___c_args__
003f7647   ___cinit__
ffffffff   ___etext__
003f7122   ___memcpy_ff
ffffffff   ___pinit__
ffffffff   ___text__
003f7227   __args_main
00008a80   __ftable
00008bbc   __lock
003f7422   __nop
003f741e   __register_lock
003f741a   __register_unlock
00000050   __stack
00008c4c   __sys_memory
00008bba   __unlock
003f7240   _abort
003f6ed8   _adc_isr
003f65ed   _add_device
003f6f76   _c_int00
003f6fba   _calculate_duty_cycle
003f6a06   _calloc
003f6a04   _chkheap
003f6212   _clockRate
003f65bb   _close
00008bb5   _cpu
00008bb6   _deviceOpen
00008816   _epwm2_info
003f7143   _epwm2_isr
003f7242   _exit
003f6e65   _fclose
003f6d81   _fflush
003f6b03   _fopen
00008940   _frame
003f684b   _free
003f69e8   _free_memory
003f6ab3   _freopen
003f7271   _fullFrame
003f620e   _highSpeedClockDiv
00008802   _indexToPlay
00008bb8   _ioSci
00008800   _loopCount
003f65a3   _lseek
003f6218   _main
003f68b4   _malloc
003f69c8   _max_free
003f6890   _minit
00008806   _myAdc
00008804   _myClk
0000880e   _myCpu
00008808   _myFlash
0000880a   _myGpio
00008810   _myPie
0000880c   _myPwm
00008812   _myPwm2
00008814   _mySci
003f6531   _open
003f6519   _read
003f6914   _realloc
003f7638   _remove
003f64ff   _remove_device
003f64d6   _rename
003f75ca   _rsvd_ISR
003f6210   _sampleRate
003f6dbd   _scia_init
003f7300   _setDBGIER
003f6cd9   _setvbuf
003f6100   _sine256Q15
003f739f   _strchr
003f73c8   _strcmp
003f75cf   _strcpy
003f743b   _strlen
003f7162   _strncpy
003f64be   _unlink
003f708b   _update_compare
00008840   _voltage
003f6458   _write
ffffffff   binit
003f7647   cinit
003f7ff6   code_start
ffffffff   etext
ffffffff   pinit


GLOBAL SYMBOLS: SORTED BY Symbol Address 

address    name
--------   ----
00000001   __TI_args_main
00000004   _RamfuncsLoadSize
00000050   __stack
00000200   __SYSMEM_SIZE
00000300   __STACK_SIZE
00000350   __STACK_END
00000400   __CIOBUF_
00000880   _DevEmuRegs
00000985   _SysPwrCtrlRegs
00000a80   _FlashRegs
00000ae0   _CsmRegs
00000b00   _AdcResult
00000c00   _CpuTimer0Regs
00000c08   _CpuTimer1Regs
00000c10   _CpuTimer2Regs
00000ce0   _PieCtrlRegs
00000d00   _EmuKey
00000d00   _PieVectTable
00000d01   _EmuBMode
00000d02   _Flash_CallbackPtr
00000d04   _Flash_CPUScaleFactor
00006400   _Comp1Regs
00006420   _Comp2Regs
00006800   _EPwm1Regs
00006840   _EPwm2Regs
00006880   _EPwm3Regs
000068c0   _EPwm4Regs
00006a00   _ECap1Regs
00006f80   _GpioCtrlRegs
00006fc0   _GpioDataRegs
00006fe0   _GpioIntRegs
00007010   _SysCtrlRegs
00007040   _SpiaRegs
00007050   _SciaRegs
00007060   _NmiIntruptRegs
00007070   _XIntruptRegs
00007100   _AdcRegs
00007900   _I2caRegs
00008000   _DSP28x_usDelay
00008000   _RamfuncsRunStart
00008800   _loopCount
00008801   _ConversionCount
00008802   _indexToPlay
00008804   _myClk
00008806   _myAdc
00008808   _myFlash
0000880a   _myGpio
0000880c   _myPwm
0000880e   _myCpu
00008810   _myPie
00008812   _myPwm2
00008814   _mySci
00008816   _epwm2_info
00008840   _voltage
00008940   _frame
00008a40   ___TI_ft_end
00008a80   __ftable
00008b00   ___TI_tmpnams
00008bb0   _MEP_ScaleFactor
00008bb5   _cpu
00008bb6   _deviceOpen
00008bb8   _ioSci
00008bba   __unlock
00008bbc   __lock
00008c48   ___TI_cleanup_ptr
00008c4a   ___TI_dtors_ptr
00008c4c   __sys_memory
003d7fff   _PartIdRegs
003f6000   _PIE_tableDebugInit
003f6100   _sine256Q15
003f620e   _highSpeedClockDiv
003f6210   _sampleRate
003f6212   _clockRate
003f6214   _RamfuncsLoadStart
003f6218   _main
003f6458   _write
003f64be   _unlink
003f64d6   _rename
003f64ff   _remove_device
003f6519   _read
003f6531   _open
003f65a3   _lseek
003f65bb   _close
003f65ed   _add_device
003f6659   _HOSTwrite
003f668f   _HOSTunlink
003f66b4   _HOSTtime
003f66de   _HOSTrename
003f671c   _HOSTread
003f6752   _HOSTopen
003f6789   _HOSTlseek
003f67d0   _HOSTgetenv
003f67fa   _HOSTclose
003f6821   _HOSTclock
003f684b   _free
003f6890   _minit
003f68b4   _malloc
003f6914   _realloc
003f69c8   _max_free
003f69e8   _free_memory
003f6a04   _chkheap
003f6a06   _calloc
003f6a96   ___TI_cleanup
003f6ab3   _freopen
003f6b03   _fopen
003f6b1d   _InitEPwm2
003f6bc8   ___TI_writemsg
003f6c18   C$$IO$$
003f6c1c   ___TI_readmsg
003f6c56   FS$$DIV
003f6cd9   _setvbuf
003f6d52   ___TI_doflush
003f6d81   _fflush
003f6dbd   _scia_init
003f6e23   ___TI_closefile
003f6e65   _fclose
003f6e7e   FS$$MPY
003f6ed8   _adc_isr
003f6f2d   _GPIO_setMode
003f6f76   _c_int00
003f6fba   _calculate_duty_cycle
003f6ff8   _GPIO_setDirection
003f702c   _GPIO_setPullUp
003f7060   _GPIO_setQualification
003f708b   _update_compare
003f70b5   FS$$TOI
003f70da   _ADC_setIntMode
003f70fe   _ADC_setIntSrc
003f7122   ___memcpy_ff
003f7143   _epwm2_isr
003f7162   _strncpy
003f7180   FS$$TOU
003f719d   _ADC_setSocChanNumber
003f71b9   _ADC_setSocSampleWindow
003f71d5   _ADC_setSocTrigSrc
003f71f1   _SCI_write
003f720d   I$$TOFS
003f7227   __args_main
003f7240   C$$EXIT
003f7240   _abort
003f7242   _exit
003f7259   _ADC_enableInt
003f7271   _fullFrame
003f7287   _PLL_setup
003f729c   _SCI_open
003f72af   _SCI_read
003f72c2   _ADC_setIntPulseGenMode
003f72d4   _ADC_setVoltRefSrc
003f72e6   _PIE_enableAdcInt
003f7300   _setDBGIER
003f7303   _DSP28x_DisableInt
003f7307   _DSP28x_RestoreInt
003f730a   _GPIO_getData
003f731b   _PIE_setDebugIntVectorTable
003f732c   U$$TOFS
003f733c   _PIE_disableAllInts
003f734b   _PIE_registerPieIntHandler
003f735a   _PIE_enablePwmInt
003f7367   _SCI_close
003f7373   _ADC_enable
003f737e   _ADC_enableBandGap
003f7389   _ADC_enableRefBuffers
003f7394   _ADC_powerUp
003f739f   _strchr
003f73aa   _SCI_resetChannels
003f73b4   _SCI_resetRxFifo
003f73be   _SCI_resetTxFifo
003f73c8   _strcmp
003f73d2   _CLK_enablePwmClock
003f73db   _CLK_enableSciaClock
003f73e4   _PWM_setActionQual_CntDown_CmpB_PwmA
003f73ed   _PWM_setActionQual_CntUp_CmpA_PwmA
003f73f6   _PWM_setActionQual_CntUp_CmpB_PwmB
003f73ff   _PWM_setSocAPeriod
003f7408   _PWM_setSocAPulseSrc
003f7411   _SCI_putDataBlocking
003f741a   __register_unlock
003f741e   __register_lock
003f7422   __nop
003f7423   _ADC_init
003f742b   _PIE_init
003f7433   _WDOG_disable
003f743b   _strlen
003f7443   _CLK_disableTbClockSync
003f744a   _CLK_enableAdcClock
003f7451   _CLK_enableTbClockSync
003f7458   _CLK_init
003f745f   _CLK_setClkOutPreScaler
003f7466   _CLK_setOscSrc
003f746d   _FLASH_init
003f7474   _GPIO_init
003f747b   _PLL_init
003f7482   _PLL_setDivider
003f7489   _PWM_init
003f7490   _PWM_setActionQual_Zero_PwmB
003f7497   _PWM_setIntMode
003f749e   _PWM_setIntPeriod
003f74a5   _SCI_init
003f74ac   _SCI_setRxFifoIntLevel
003f74b3   _SCI_setTxFifoIntLevel
003f74ba   _WDOG_init
003f74c1   _PLL_setMultiplier
003f74c7   _PWM_setLoadMode_CmpB
003f74cd   _PWM_setShadowMode_CmpA
003f74d3   _PWM_setShadowMode_CmpB
003f74d9   _SCI_setBaudRate
003f74df   _ADCINT1_ISR
003f74e4   _ADCINT2_ISR
003f74e9   _ADCINT3_ISR
003f74ee   _ADCINT4_ISR
003f74f3   _ADCINT5_ISR
003f74f8   _ADCINT6_ISR
003f74fd   _ADCINT7_ISR
003f7502   _ADCINT8_ISR
003f7507   _ADCINT9_ISR
003f750c   _DATALOG_ISR
003f7511   _ECAP1_INT_ISR
003f7516   _EMUINT_ISR
003f751b   _EPWM1_INT_ISR
003f7520   _EPWM1_TZINT_ISR
003f7525   _EPWM2_INT_ISR
003f752a   _EPWM2_TZINT_ISR
003f752f   _EPWM3_INT_ISR
003f7534   _EPWM3_TZINT_ISR
003f7539   _I2CINT1A_ISR
003f753e   _I2CINT2A_ISR
003f7543   _ILLEGAL_ISR
003f7548   _INT13_ISR
003f754d   _INT14_ISR
003f7552   _NMI_ISR
003f7557   _PIE_RESERVED
003f755c   _RTOSINT_ISR
003f7561   _SCIRXINTA_ISR
003f7566   _SCITXINTA_ISR
003f756b   _SPIRXINTA_ISR
003f7570   _SPITXINTA_ISR
003f7575   _TINT0_ISR
003f757a   _USER10_ISR
003f757f   _USER11_ISR
003f7584   _USER12_ISR
003f7589   _USER1_ISR
003f758e   _USER2_ISR
003f7593   _USER3_ISR
003f7598   _USER4_ISR
003f759d   _USER5_ISR
003f75a2   _USER6_ISR
003f75a7   _USER7_ISR
003f75ac   _USER8_ISR
003f75b1   _USER9_ISR
003f75b6   _WAKEINT_ISR
003f75bb   _XINT1_ISR
003f75c0   _XINT2_ISR
003f75c5   _XINT3_ISR
003f75ca   _rsvd_ISR
003f75cf   _strcpy
003f75d4   _CPU_enableInt
003f75d8   _CPU_init
003f75dc   _PWM_enableInt
003f75e0   _PWM_enableSocAPulse
003f75e4   _PWM_setClkDiv
003f75e8   _PWM_setCounterMode
003f75ec   _PWM_setHighSpeedClkDiv
003f75f0   _PWM_setLoadMode_CmpA
003f75f4   _SCI_clearRxFifoInt
003f75f8   _SCI_clearTxFifoInt
003f75fc   _SCI_enableFifoEnh
003f7600   _SCI_setCharLength
003f7604   _SCI_setNumStopBits
003f7608   _CPU_clearIntFlags
003f760b   _CPU_disableGlobalInts
003f760e   _CPU_enableDebugInt
003f7611   _CPU_enableGlobalInts
003f7614   _PIE_disable
003f7617   _PIE_enable
003f761a   _PLL_getClkStatus
003f761d   _PLL_getLockStatus
003f7620   _PWM_disableCounterLoad
003f7623   _SCI_disableParity
003f7626   _SCI_enable
003f7629   _SCI_enableRx
003f762c   _SCI_enableRxInt
003f762f   _SCI_enableTx
003f7632   _SCI_enableTxInt
003f7635   _SCI_setPriority
003f7638   _remove
003f763b   _PWM_setCount
003f763d   _PWM_setPeriod
003f763f   _PWM_setPhase
003f7641   _SCI_lseek
003f7643   _SCI_rename
003f7645   _SCI_unlink
003f7647   ___cinit__
003f7647   cinit
003f7ff6   code_start
003f7ff8   _CsmPwl
ffffffff   .text
ffffffff   ___binit__
ffffffff   ___c_args__
ffffffff   ___etext__
ffffffff   ___pinit__
ffffffff   ___text__
ffffffff   binit
ffffffff   etext
ffffffff   pinit

[304 symbols]
