******************************************************************************
             TMS320C2000 Linker PC v6.2.8                      
******************************************************************************
>> Linked Tue Oct 07 22:08:08 2014

OUTPUT FILE NAME:   <VoiceModule.out>
ENTRY POINT SYMBOL: "code_start"  address: 003f7ff6


MEMORY CONFIGURATION

         name            origin    length      used     unused   attr    fill
----------------------  --------  ---------  --------  --------  ----  --------
PAGE 0:
  PRAML0                00008000   00000800  00000020  000007e0  RWIX
  OTP                   003d7800   00000400  00000000  00000400  RWIX
  FLASHD                003f0000   00002000  00000000  00002000  RWIX
  FLASHC                003f2000   00002000  0000113b  00000ec5  RWIX
  FLASHA                003f6000   00001f80  00001f80  00000000  RWIX
  CSM_RSVD              003f7f80   00000076  00000076  00000000  RWIX
  BEGIN                 003f7ff6   00000002  00000002  00000000  RWIX
  CSM_PWL_P0            003f7ff8   00000008  00000008  00000000  RWIX
  IQTABLES              003fe000   00000b50  00000000  00000b50  RWIX
  IQTABLES2             003feb50   0000008c  00000000  0000008c  RWIX
  IQTABLES3             003febdc   000000aa  00000000  000000aa  RWIX
  ROM                   003ff27c   00000d44  00000000  00000d44  RWIX
  RESET                 003fffc0   00000002  00000000  00000002  RWIX
  VECTORS               003fffc2   0000003e  00000000  0000003e  RWIX

PAGE 1:
  BOOT_RSVD             00000000   00000050  00000000  00000050  RWIX
  RAMM0                 00000050   000003b0  00000300  000000b0  RWIX
  RAMM1                 00000400   00000400  00000120  000002e0  RWIX
  DEV_EMU               00000880   00000105  00000000  00000105  RWIX
  SYS_PWR_CTL           00000985   00000003  00000000  00000003  RWIX
  FLASH_REGS            00000a80   00000060  00000000  00000060  RWIX
  CSM                   00000ae0   00000010  00000000  00000010  RWIX
  ADC_RESULT            00000b00   00000020  00000000  00000020  RWIX
  CPU_TIMER0            00000c00   00000008  00000000  00000008  RWIX
  CPU_TIMER1            00000c08   00000008  00000000  00000008  RWIX
  CPU_TIMER2            00000c10   00000008  00000000  00000008  RWIX
  PIE_CTRL              00000ce0   00000020  00000000  00000020  RWIX
  PIE_VECT              00000d00   00000100  00000000  00000100  RWIX
  COMP1                 00006400   00000020  00000000  00000020  RWIX
  COMP2                 00006420   00000020  00000000  00000020  RWIX
  EPWM1                 00006800   00000040  00000000  00000040  RWIX
  EPWM2                 00006840   00000040  00000000  00000040  RWIX
  EPWM3                 00006880   00000040  00000000  00000040  RWIX
  EPWM4                 000068c0   00000040  00000000  00000040  RWIX
  ECAP1                 00006a00   00000020  00000000  00000020  RWIX
  GPIOCTRL              00006f80   00000040  00000000  00000040  RWIX
  GPIODAT               00006fc0   00000020  00000000  00000020  RWIX
  GPIOINT               00006fe0   00000020  00000000  00000020  RWIX
  SYSTEM                00007010   00000020  00000000  00000020  RWIX
  SPIA                  00007040   00000010  00000000  00000010  RWIX
  SCIA                  00007050   00000010  00000000  00000010  RWIX
  NMIINTRUPT            00007060   00000010  00000000  00000010  RWIX
  XINTRUPT              00007070   00000010  00000000  00000010  RWIX
  ADC                   00007100   00000080  00000000  00000080  RWIX
  I2CA                  00007900   00000040  00000000  00000040  RWIX
  DRAML0                00008800   00000800  00000416  000003ea  RWIX
  PARTID                003d7fff   00000001  00000000  00000001  RWIX
  FLASHB                003f4000   00002000  00000000  00002000  RWIX
  CSM_PWL               003f7ff8   00000008  00000000  00000008  RWIX


SECTION ALLOCATION MAP

 output                                  attributes/
section   page    origin      length       input sections
--------  ----  ----------  ----------   ----------------
.pinit     0    003f6000    00000000     UNINITIALIZED

.text.1    0    003f2000    000010b6     
                  003f2000    000001d3     rts2800_ml.lib : memory.obj (.text)
                  003f21d3    000001c9     VoiceModule.obj (.text:_main)
                  003f239c    000000ff     rts2800_ml.lib : fopen.obj (.text)
                  003f249b    000000a8                    : fputs.obj (.text)
                  003f2543    0000009c                    : fd_add.obj (.text)
                  003f25df    0000008e                    : ankmsg.obj (.text)
                  003f266d    0000008b                    : fd_div.obj (.text)
                  003f26f8    00000083                    : fd_mpy.obj (.text)
                  003f277b    0000006f     VoiceModule.obj (.text:_drawTILogo)
                  003f27ea    0000006b     rts2800_ml.lib : fflush.obj (.text)
                  003f2855    00000066     VoiceModule.obj (.text:_scia_init)
                  003f28bb    00000065     rts2800_ml.lib : _io_perm.obj (.text)
                  003f2920    00000063     VoiceModule.obj (.text:_clearTextBox)
                  003f2983    0000005b     rts2800_ml.lib : fclose.obj (.text)
                  003f29de    00000050                    : fputc.obj (.text)
                  003f2a2e    00000049     driverlib.lib : gpio.obj (.text:_GPIO_setMode)
                  003f2a77    00000044     rts2800_ml.lib : boot.obj (.text)
                  003f2abb    0000003d                    : fseek.obj (.text)
                  003f2af8    00000034     driverlib.lib : gpio.obj (.text:_GPIO_setDirection)
                  003f2b2c    00000034                   : gpio.obj (.text:_GPIO_setPullUp)
                  003f2b60    00000032     rts2800_ml.lib : printf.obj (.text)
                  003f2b92    00000031                    : atoi.obj (.text)
                  003f2bc3    0000002c                    : ltoa.obj (.text)
                  003f2bef    0000002b     driverlib.lib : gpio.obj (.text:_GPIO_setQualification)
                  003f2c1a    0000002a     rts2800_ml.lib : fd_cmp.obj (.text)
                  003f2c44    0000002a                    : l_div.obj (.text)
                  003f2c6e    00000021                    : fd_toi.obj (.text)
                  003f2c8f    00000021                    : memcpy_ff.obj (.text)
                  003f2cb0    0000001f                    : fd_tol.obj (.text)
                  003f2ccf    0000001e                    : ll_cmp.obj (.text)
                  003f2ced    0000001e                    : strncpy.obj (.text)
                  003f2d0b    0000001c     driverlib.lib : sci_io.obj (.text:_SCI_write)
                  003f2d27    0000001c     rts2800_ml.lib : fs_tofd.obj (.text)
                  003f2d43    0000001c                    : l_tofd.obj (.text)
                  003f2d5f    00000019                    : args_main.obj (.text)
                  003f2d78    00000019                    : exit.obj (.text)
                  003f2d91    00000018                    : ll_aox.obj (.text)
                  003f2da9    00000015     driverlib.lib : pll.obj (.text:_PLL_setup)
                  003f2dbe    00000014     rts2800_ml.lib : ll_mpy.obj (.text)
                  003f2dd2    00000013     driverlib.lib : gpio.obj (.text:_GPIO_setHigh)
                  003f2de5    00000013                   : gpio.obj (.text:_GPIO_setLow)
                  003f2df8    00000013                   : sci_io.obj (.text:_SCI_open)
                  003f2e0b    00000013                   : sci_io.obj (.text:_SCI_read)
                  003f2e1e    00000012                   : F2802x_asmfuncs.obj (.text)
                  003f2e30    00000012     rts2800_ml.lib : memchr.obj (.text)
                  003f2e42    00000011     driverlib.lib : gpio.obj (.text:_GPIO_getData)
                  003f2e53    00000011                   : pie.obj (.text:_PIE_setDebugIntVectorTable)
                  003f2e64    0000000f                   : pie.obj (.text:_PIE_disableAllInts)
                  003f2e73    0000000e     rts2800_ml.lib : fd_sub.obj (.text)
                  003f2e81    0000000d                    : memccpy.obj (.text)
                  003f2e8e    0000000d                    : memset.obj (.text)
                  003f2e9b    0000000c     driverlib.lib : sci_io.obj (.text:_SCI_close)
                  003f2ea7    0000000b     rts2800_ml.lib : strchr.obj (.text)
                  003f2eb2    0000000a     driverlib.lib : sci.obj (.text:_SCI_resetChannels)
                  003f2ebc    0000000a                   : sci.obj (.text:_SCI_resetRxFifo)
                  003f2ec6    0000000a                   : sci.obj (.text:_SCI_resetTxFifo)
                  003f2ed0    0000000a     rts2800_ml.lib : strcmp.obj (.text)
                  003f2eda    00000009     driverlib.lib : clk.obj (.text:_CLK_enableSciaClock)
                  003f2ee3    00000009                   : sci.obj (.text:_SCI_putDataBlocking)
                  003f2eec    00000009     rts2800_ml.lib : _lock.obj (.text)
                  003f2ef5    00000009                    : fd_neg.obj (.text)
                  003f2efe    00000008     driverlib.lib : adc.obj (.text:_ADC_init)
                  003f2f06    00000008                   : pie.obj (.text:_PIE_init)
                  003f2f0e    00000008                   : wdog.obj (.text:_WDOG_disable)
                  003f2f16    00000008     rts2800_ml.lib : strlen.obj (.text)
                  003f2f1e    00000007     driverlib.lib : clk.obj (.text:_CLK_enableAdcClock)
                  003f2f25    00000007                   : clk.obj (.text:_CLK_init)
                  003f2f2c    00000007                   : clk.obj (.text:_CLK_setClkOutPreScaler)
                  003f2f33    00000007                   : clk.obj (.text:_CLK_setOscSrc)
                  003f2f3a    00000007                   : flash.obj (.text:_FLASH_init)
                  003f2f41    00000007                   : gpio.obj (.text:_GPIO_init)
                  003f2f48    00000007                   : pll.obj (.text:_PLL_init)
                  003f2f4f    00000007                   : pll.obj (.text:_PLL_setDivider)
                  003f2f56    00000007                   : sci.obj (.text:_SCI_init)
                  003f2f5d    00000007                   : sci.obj (.text:_SCI_setRxFifoIntLevel)
                  003f2f64    00000007                   : sci.obj (.text:_SCI_setTxFifoIntLevel)
                  003f2f6b    00000007                   : wdog.obj (.text:_WDOG_init)
                  003f2f72    00000006                   : pll.obj (.text:_PLL_setMultiplier)
                  003f2f78    00000006                   : sci.obj (.text:_SCI_setBaudRate)
                  003f2f7e    00000005                   : F2802x_DefaultIsr.obj (.text:_ADCINT2_ISR)
                  003f2f83    00000005                   : F2802x_DefaultIsr.obj (.text:_ADCINT3_ISR)
                  003f2f88    00000005                   : F2802x_DefaultIsr.obj (.text:_ADCINT4_ISR)
                  003f2f8d    00000005                   : F2802x_DefaultIsr.obj (.text:_ADCINT5_ISR)
                  003f2f92    00000005                   : F2802x_DefaultIsr.obj (.text:_ADCINT6_ISR)
                  003f2f97    00000005                   : F2802x_DefaultIsr.obj (.text:_ADCINT7_ISR)
                  003f2f9c    00000005                   : F2802x_DefaultIsr.obj (.text:_ADCINT8_ISR)
                  003f2fa1    00000005                   : F2802x_DefaultIsr.obj (.text:_ADCINT9_ISR)
                  003f2fa6    00000005                   : F2802x_DefaultIsr.obj (.text:_DATALOG_ISR)
                  003f2fab    00000005                   : F2802x_DefaultIsr.obj (.text:_ECAP1_INT_ISR)
                  003f2fb0    00000005                   : F2802x_DefaultIsr.obj (.text:_EMUINT_ISR)
                  003f2fb5    00000005                   : F2802x_DefaultIsr.obj (.text:_EPWM1_INT_ISR)
                  003f2fba    00000005                   : F2802x_DefaultIsr.obj (.text:_EPWM1_TZINT_ISR)
                  003f2fbf    00000005                   : F2802x_DefaultIsr.obj (.text:_EPWM2_INT_ISR)
                  003f2fc4    00000005                   : F2802x_DefaultIsr.obj (.text:_EPWM2_TZINT_ISR)
                  003f2fc9    00000005                   : F2802x_DefaultIsr.obj (.text:_EPWM3_INT_ISR)
                  003f2fce    00000005                   : F2802x_DefaultIsr.obj (.text:_EPWM3_TZINT_ISR)
                  003f2fd3    00000005                   : F2802x_DefaultIsr.obj (.text:_I2CINT1A_ISR)
                  003f2fd8    00000005                   : F2802x_DefaultIsr.obj (.text:_I2CINT2A_ISR)
                  003f2fdd    00000005                   : F2802x_DefaultIsr.obj (.text:_ILLEGAL_ISR)
                  003f2fe2    00000005                   : F2802x_DefaultIsr.obj (.text:_INT13_ISR)
                  003f2fe7    00000005                   : F2802x_DefaultIsr.obj (.text:_INT14_ISR)
                  003f2fec    00000005                   : F2802x_DefaultIsr.obj (.text:_NMI_ISR)
                  003f2ff1    00000005                   : F2802x_DefaultIsr.obj (.text:_PIE_RESERVED)
                  003f2ff6    00000005                   : F2802x_DefaultIsr.obj (.text:_RTOSINT_ISR)
                  003f2ffb    00000005                   : F2802x_DefaultIsr.obj (.text:_SCIRXINTA_ISR)
                  003f3000    00000005                   : F2802x_DefaultIsr.obj (.text:_SCITXINTA_ISR)
                  003f3005    00000005                   : F2802x_DefaultIsr.obj (.text:_SPIRXINTA_ISR)
                  003f300a    00000005                   : F2802x_DefaultIsr.obj (.text:_SPITXINTA_ISR)
                  003f300f    00000005                   : F2802x_DefaultIsr.obj (.text:_TINT0_ISR)
                  003f3014    00000005                   : F2802x_DefaultIsr.obj (.text:_USER10_ISR)
                  003f3019    00000005                   : F2802x_DefaultIsr.obj (.text:_USER11_ISR)
                  003f301e    00000005                   : F2802x_DefaultIsr.obj (.text:_USER12_ISR)
                  003f3023    00000005                   : F2802x_DefaultIsr.obj (.text:_USER1_ISR)
                  003f3028    00000005                   : F2802x_DefaultIsr.obj (.text:_USER2_ISR)
                  003f302d    00000005                   : F2802x_DefaultIsr.obj (.text:_USER3_ISR)
                  003f3032    00000005                   : F2802x_DefaultIsr.obj (.text:_USER4_ISR)
                  003f3037    00000005                   : F2802x_DefaultIsr.obj (.text:_USER5_ISR)
                  003f303c    00000005                   : F2802x_DefaultIsr.obj (.text:_USER6_ISR)
                  003f3041    00000005                   : F2802x_DefaultIsr.obj (.text:_USER7_ISR)
                  003f3046    00000005                   : F2802x_DefaultIsr.obj (.text:_USER8_ISR)
                  003f304b    00000005                   : F2802x_DefaultIsr.obj (.text:_USER9_ISR)
                  003f3050    00000005                   : F2802x_DefaultIsr.obj (.text:_WAKEINT_ISR)
                  003f3055    00000005                   : F2802x_DefaultIsr.obj (.text:_XINT1_ISR)
                  003f305a    00000005                   : F2802x_DefaultIsr.obj (.text:_XINT2_ISR)
                  003f305f    00000005                   : F2802x_DefaultIsr.obj (.text:_XINT3_ISR)
                  003f3064    00000005                   : F2802x_DefaultIsr.obj (.text:_rsvd_ISR)
                  003f3069    00000005     rts2800_ml.lib : strcpy.obj (.text)
                  003f306e    00000004     driverlib.lib : cpu.obj (.text:_CPU_init)
                  003f3072    00000004                   : sci.obj (.text:_SCI_clearRxFifoInt)
                  003f3076    00000004                   : sci.obj (.text:_SCI_clearTxFifoInt)
                  003f307a    00000004                   : sci.obj (.text:_SCI_enableFifoEnh)
                  003f307e    00000004                   : sci.obj (.text:_SCI_setCharLength)
                  003f3082    00000004                   : sci.obj (.text:_SCI_setNumStopBits)
                  003f3086    00000003                   : cpu.obj (.text:_CPU_clearIntFlags)
                  003f3089    00000003                   : cpu.obj (.text:_CPU_disableGlobalInts)
                  003f308c    00000003                   : pie.obj (.text:_PIE_disable)
                  003f308f    00000003                   : pie.obj (.text:_PIE_enable)
                  003f3092    00000003                   : pll.obj (.text:_PLL_getClkStatus)
                  003f3095    00000003                   : pll.obj (.text:_PLL_getLockStatus)
                  003f3098    00000003                   : sci.obj (.text:_SCI_disableParity)
                  003f309b    00000003                   : sci.obj (.text:_SCI_enable)
                  003f309e    00000003                   : sci.obj (.text:_SCI_enableRx)
                  003f30a1    00000003                   : sci.obj (.text:_SCI_enableRxInt)
                  003f30a4    00000003                   : sci.obj (.text:_SCI_enableTx)
                  003f30a7    00000003                   : sci.obj (.text:_SCI_enableTxInt)
                  003f30aa    00000003                   : sci.obj (.text:_SCI_setPriority)
                  003f30ad    00000003     rts2800_ml.lib : remove.obj (.text)
                  003f30b0    00000002     driverlib.lib : sci_io.obj (.text:_SCI_lseek)
                  003f30b2    00000002                   : sci_io.obj (.text:_SCI_rename)
                  003f30b4    00000002                   : sci_io.obj (.text:_SCI_unlink)

.cinit     0    003f30b6    00000085     
                  003f30b6    00000031     rts2800_ml.lib : lowlev.obj (.cinit)
                  003f30e7    0000002a                    : defs.obj (.cinit)
                  003f3111    0000000a                    : _lock.obj (.cinit)
                  003f311b    0000000a                    : exit.obj (.cinit)
                  003f3125    00000008     VoiceModule.obj (.cinit)
                  003f312d    00000004     driverlib.lib : sci_io.obj (.cinit)
                  003f3131    00000004     rts2800_ml.lib : fopen.obj (.cinit)
                  003f3135    00000004                    : memory.obj (.cinit)
                  003f3139    00000002     --HOLE-- [fill = 0]

.econst    0    003f6000    000010b8     
                  003f6000    00000e3d     VoiceModule.obj (.econst:_ti_ascii)
                  003f6e3d    00000101     rts2800_ml.lib : ctype.obj (.econst:.string:__ctypes_)
                  003f6f3e    00000100     driverlib.lib : pie.obj (.econst:_PIE_tableDebugInit)
                  003f703e    00000024     rts2800_ml.lib : _printfi.obj (.econst:.string)
                  003f7062    0000001b     VoiceModule.obj (.econst:.string)
                  003f707d    00000001     --HOLE-- [fill = 0]
                  003f707e    00000018     rts2800_ml.lib : _printfi.obj (.econst)
                  003f7096    00000015     VoiceModule.obj (.econst:.string:_pucTempString)
                  003f70ab    00000005     VoiceModule.obj (.econst:.string:_escRed)
                  003f70b0    00000005     VoiceModule.obj (.econst:.string:_escWhite)
                  003f70b5    00000001     --HOLE-- [fill = 0]
                  003f70b6    00000002     rts2800_ml.lib : fputs.obj (.econst:.string)

ramfuncs   0    003f70b8    00000020     RUN ADDR = 00008000
                  003f70b8    0000000c     driverlib.lib : flash.obj (ramfuncs:_FLASH_setup)
                  003f70c4    00000006                   : flash.obj (ramfuncs:_FLASH_enablePipelineMode)
                  003f70ca    00000005                   : flash.obj (ramfuncs:_FLASH_setActiveWaitCount)
                  003f70cf    00000005                   : flash.obj (ramfuncs:_FLASH_setStandbyWaitCount)
                  003f70d4    00000004                   : F2802x_asmfuncs.obj (ramfuncs)

.text.2    0    003f70d8    00000ea8     
                  003f70d8    00000930     rts2800_ml.lib : _printfi.obj (.text)
                  003f7a08    00000201                    : lowlev.obj (.text)
                  003f7c09    000001f2                    : trgdrv.obj (.text)
                  003f7dfb    00000107                    : ll_div.obj (.text)
                  003f7f02    00000079                    : setvbuf.obj (.text)
                  003f7f7b    00000005     driverlib.lib : F2802x_DefaultIsr.obj (.text:_ADCINT1_ISR)

csm_rsvd   0    003f7f80    00000076     
                  003f7f80    00000076     driverlib.lib : F2802x_asmfuncs.obj (csm_rsvd)

codestart 
*          0    003f7ff6    00000002     
                  003f7ff6    00000002     driverlib.lib : F2802x_asmfuncs.obj (codestart)

csmpasswds 
*          0    003f7ff8    00000008     
                  003f7ff8    00000008     driverlib.lib : F2802x_asmfuncs.obj (csmpasswds)

.reset     0    003fffc0    00000002     DSECT
                  003fffc0    00000002     rts2800_ml.lib : boot.obj (.reset)

vectors    0    003fffc2    00000000     DSECT

.stack     1    00000050    00000300     UNINITIALIZED
                  00000050    00000300     --HOLE--

.cio       1    00000400    00000120     UNINITIALIZED
                  00000400    00000120     rts2800_ml.lib : ankmsg.obj (.cio)

.ebss      1    00008800    00000216     UNINITIALIZED
                  00008800    00000160     rts2800_ml.lib : defs.obj (.ebss)
                  00008960    00000010     VoiceModule.obj (.ebss)
                  00008970    00000008     rts2800_ml.lib : memory.obj (.ebss)
                  00008978    00000008                    : trgdrv.obj (.ebss)
                  00008980    00000088                    : lowlev.obj (.ebss)
                  00008a08    00000004     driverlib.lib : sci_io.obj (.ebss)
                  00008a0c    00000004     rts2800_ml.lib : _lock.obj (.ebss)
                  00008a10    00000004                    : exit.obj (.ebss)
                  00008a14    00000001     driverlib.lib : cpu.obj (.ebss)
                  00008a15    00000001     rts2800_ml.lib : fopen.obj (.ebss)

.sysmem    1    00008a16    00000200     UNINITIALIZED
                  00008a16    00000001     rts2800_ml.lib : memory.obj (.sysmem)
                  00008a17    000001ff     --HOLE--


GLOBAL DATA SYMBOLS: SORTED BY DATA PAGE

address     data page           name
--------    ----------------    ----
00000050       1 (00000040)     __stack

00000400      10 (00000400)     __CIOBUF_

00008800     220 (00008800)     ___TI_ft_end

00008840     221 (00008840)     __ftable

000088c0     223 (000088c0)     ___TI_tmpnams

00008962     225 (00008940)     _ConversionCount
00008964     225 (00008940)     _mySci
00008966     225 (00008940)     _myGpio
00008968     225 (00008940)     _myPie
0000896a     225 (00008940)     _myFlash
0000896c     225 (00008940)     _myAdc
0000896e     225 (00008940)     _myClk

00008a08     228 (00008a00)     _deviceOpen
00008a0a     228 (00008a00)     _ioSci
00008a0c     228 (00008a00)     __unlock
00008a0e     228 (00008a00)     __lock
00008a10     228 (00008a00)     ___TI_cleanup_ptr
00008a12     228 (00008a00)     ___TI_dtors_ptr
00008a14     228 (00008a00)     _cpu
00008a16     228 (00008a00)     __sys_memory

003f6000    fd80 (003f6000)     _ti_ascii

003f6e3d    fdb8 (003f6e00)     __ctypes_

003f6f3e    fdbc (003f6f00)     _PIE_tableDebugInit

003f7096    fdc2 (003f7080)     _pucTempString
003f70ab    fdc2 (003f7080)     _escRed
003f70b0    fdc2 (003f7080)     _escWhite


GLOBAL SYMBOLS: SORTED ALPHABETICALLY BY Name 

address    name
--------   ----
ffffffff   .text
003f2d78   C$$EXIT
003f262f   C$$IO$$
003f2543   FD$$ADD
003f2c1a   FD$$CMP
003f266d   FD$$DIV
003f26f8   FD$$MPY
003f2ef5   FD$$NEG
003f2e73   FD$$SUB
003f2c6e   FD$$TOI
003f2cb0   FD$$TOL
003f2d27   FS$$TOFD
003f2c44   L$$DIV
003f2c53   L$$MOD
003f2d43   L$$TOFD
003f2d91   LL$$AND
003f2ccf   LL$$CMP
003f7dfb   LL$$DIV
003f7e37   LL$$MOD
003f2dbe   LL$$MPY
003f2d99   LL$$OR
003f2da1   LL$$XOR
003f2c61   UL$$DIV
003f2c68   UL$$MOD
003f2ce1   ULL$$CMP
003f7e71   ULL$$DIV
003f7ea0   ULL$$MOD
003f7f7b   _ADCINT1_ISR
003f2f7e   _ADCINT2_ISR
003f2f83   _ADCINT3_ISR
003f2f88   _ADCINT4_ISR
003f2f8d   _ADCINT5_ISR
003f2f92   _ADCINT6_ISR
003f2f97   _ADCINT7_ISR
003f2f9c   _ADCINT8_ISR
003f2fa1   _ADCINT9_ISR
003f2efe   _ADC_init
003f2f1e   _CLK_enableAdcClock
003f2eda   _CLK_enableSciaClock
003f2f25   _CLK_init
003f2f2c   _CLK_setClkOutPreScaler
003f2f33   _CLK_setOscSrc
003f3086   _CPU_clearIntFlags
003f3089   _CPU_disableGlobalInts
003f306e   _CPU_init
00008962   _ConversionCount
003f2fa6   _DATALOG_ISR
003f2e29   _DSP28x_DisableInt
003f2e2d   _DSP28x_RestoreInt
0000801c   _DSP28x_usDelay
003f2fab   _ECAP1_INT_ISR
003f2fb0   _EMUINT_ISR
003f2fb5   _EPWM1_INT_ISR
003f2fba   _EPWM1_TZINT_ISR
003f2fbf   _EPWM2_INT_ISR
003f2fc4   _EPWM2_TZINT_ISR
003f2fc9   _EPWM3_INT_ISR
003f2fce   _EPWM3_TZINT_ISR
0000800c   _FLASH_enablePipelineMode
003f2f3a   _FLASH_init
00008012   _FLASH_setActiveWaitCount
00008017   _FLASH_setStandbyWaitCount
00008000   _FLASH_setup
003f2e42   _GPIO_getData
003f2f41   _GPIO_init
003f2af8   _GPIO_setDirection
003f2dd2   _GPIO_setHigh
003f2de5   _GPIO_setLow
003f2a2e   _GPIO_setMode
003f2b2c   _GPIO_setPullUp
003f2bef   _GPIO_setQualification
003f7dd1   _HOSTclock
003f7daa   _HOSTclose
003f7d80   _HOSTgetenv
003f7d39   _HOSTlseek
003f7d02   _HOSTopen
003f7ccc   _HOSTread
003f7c8e   _HOSTrename
003f7c64   _HOSTtime
003f7c3f   _HOSTunlink
003f7c09   _HOSTwrite
003f2fd3   _I2CINT1A_ISR
003f2fd8   _I2CINT2A_ISR
003f2fdd   _ILLEGAL_ISR
003f2fe2   _INT13_ISR
003f2fe7   _INT14_ISR
003f2fec   _NMI_ISR
003f2ff1   _PIE_RESERVED
003f308c   _PIE_disable
003f2e64   _PIE_disableAllInts
003f308f   _PIE_enable
003f2f06   _PIE_init
003f2e53   _PIE_setDebugIntVectorTable
003f6f3e   _PIE_tableDebugInit
003f3092   _PLL_getClkStatus
003f3095   _PLL_getLockStatus
003f2f48   _PLL_init
003f2f4f   _PLL_setDivider
003f2f72   _PLL_setMultiplier
003f2da9   _PLL_setup
003f2ff6   _RTOSINT_ISR
00000020   _RamfuncsLoadSize
003f70b8   _RamfuncsLoadStart
00008000   _RamfuncsRunStart
003f2ffb   _SCIRXINTA_ISR
003f3000   _SCITXINTA_ISR
003f3072   _SCI_clearRxFifoInt
003f3076   _SCI_clearTxFifoInt
003f2e9b   _SCI_close
003f3098   _SCI_disableParity
003f309b   _SCI_enable
003f307a   _SCI_enableFifoEnh
003f309e   _SCI_enableRx
003f30a1   _SCI_enableRxInt
003f30a4   _SCI_enableTx
003f30a7   _SCI_enableTxInt
003f2f56   _SCI_init
003f30b0   _SCI_lseek
003f2df8   _SCI_open
003f2ee3   _SCI_putDataBlocking
003f2e0b   _SCI_read
003f30b2   _SCI_rename
003f2eb2   _SCI_resetChannels
003f2ebc   _SCI_resetRxFifo
003f2ec6   _SCI_resetTxFifo
003f2f78   _SCI_setBaudRate
003f307e   _SCI_setCharLength
003f3082   _SCI_setNumStopBits
003f30aa   _SCI_setPriority
003f2f5d   _SCI_setRxFifoIntLevel
003f2f64   _SCI_setTxFifoIntLevel
003f30b4   _SCI_unlink
003f2d0b   _SCI_write
003f3005   _SPIRXINTA_ISR
003f300a   _SPITXINTA_ISR
003f300f   _TINT0_ISR
003f3014   _USER10_ISR
003f3019   _USER11_ISR
003f301e   _USER12_ISR
003f3023   _USER1_ISR
003f3028   _USER2_ISR
003f302d   _USER3_ISR
003f3032   _USER4_ISR
003f3037   _USER5_ISR
003f303c   _USER6_ISR
003f3041   _USER7_ISR
003f3046   _USER8_ISR
003f304b   _USER9_ISR
003f3050   _WAKEINT_ISR
003f2f0e   _WDOG_disable
003f2f6b   _WDOG_init
003f3055   _XINT1_ISR
003f305a   _XINT2_ISR
003f305f   _XINT3_ISR
00000400   __CIOBUF_
00000350   __STACK_END
00000300   __STACK_SIZE
00000200   __SYSMEM_SIZE
00000001   __TI_args_main
003f2414   ___TI_cleanup
00008a10   ___TI_cleanup_ptr
003f2983   ___TI_closefile
003f27ea   ___TI_doflush
00008a12   ___TI_dtors_ptr
00008800   ___TI_ft_end
003f7916   ___TI_printfi
003f28f5   ___TI_rd_ok
003f2633   ___TI_readmsg
000088c0   ___TI_tmpnams
003f25df   ___TI_writemsg
003f28bb   ___TI_wrt_ok
ffffffff   ___binit__
ffffffff   ___c_args__
003f30b6   ___cinit__
ffffffff   ___etext__
003f2c8f   ___memcpy_ff
ffffffff   ___pinit__
ffffffff   ___text__
003f2d5f   __args_main
003f6e3d   __ctypes_
00008840   __ftable
00008a0e   __lock
003f2ef4   __nop
003f2ef0   __register_lock
003f2eec   __register_unlock
00000050   __stack
00008a16   __sys_memory
00008a0c   __unlock
003f2d78   _abort
003f7b9d   _add_device
003f2b92   _atoi
003f2a77   _c_int00
003f21bb   _calloc
003f21b9   _chkheap
003f2920   _clearTextBox
003f7b6b   _close
00008a14   _cpu
00008a08   _deviceOpen
003f277b   _drawTILogo
003f70ab   _escRed
003f70b0   _escWhite
003f2d7a   _exit
003f29c5   _fclose
003f2819   _fflush
003f2481   _fopen
003f29de   _fputc
003f249b   _fputs
003f2000   _free
003f219d   _free_memory
003f2431   _freopen
003f2abb   _fseek
00008a0a   _ioSci
003f7b53   _lseek
003f2bc3   _ltoa
003f21d3   _main
003f2069   _malloc
003f217d   _max_free
003f2e81   _memccpy
003f2e30   _memchr
003f2e8e   _memset
003f2045   _minit
0000896c   _myAdc
0000896e   _myClk
0000896a   _myFlash
00008966   _myGpio
00008968   _myPie
00008964   _mySci
003f7ae1   _open
003f2b66   _printf
003f7096   _pucTempString
003f29de   _putc
003f2a29   _putchar
003f2531   _puts
003f7ac9   _read
003f20c9   _realloc
003f30ad   _remove
003f7aaf   _remove_device
003f7a86   _rename
003f3064   _rsvd_ISR
003f2855   _scia_init
003f2e26   _setDBGIER
003f7f02   _setvbuf
003f2ea7   _strchr
003f2ed0   _strcmp
003f3069   _strcpy
003f2f16   _strlen
003f2ced   _strncpy
003f6000   _ti_ascii
003f7a6e   _unlink
003f7a08   _write
ffffffff   binit
003f30b6   cinit
003f7ff6   code_start
ffffffff   etext
ffffffff   pinit


GLOBAL SYMBOLS: SORTED BY Symbol Address 

address    name
--------   ----
00000001   __TI_args_main
00000020   _RamfuncsLoadSize
00000050   __stack
00000200   __SYSMEM_SIZE
00000300   __STACK_SIZE
00000350   __STACK_END
00000400   __CIOBUF_
00008000   _FLASH_setup
00008000   _RamfuncsRunStart
0000800c   _FLASH_enablePipelineMode
00008012   _FLASH_setActiveWaitCount
00008017   _FLASH_setStandbyWaitCount
0000801c   _DSP28x_usDelay
00008800   ___TI_ft_end
00008840   __ftable
000088c0   ___TI_tmpnams
00008962   _ConversionCount
00008964   _mySci
00008966   _myGpio
00008968   _myPie
0000896a   _myFlash
0000896c   _myAdc
0000896e   _myClk
00008a08   _deviceOpen
00008a0a   _ioSci
00008a0c   __unlock
00008a0e   __lock
00008a10   ___TI_cleanup_ptr
00008a12   ___TI_dtors_ptr
00008a14   _cpu
00008a16   __sys_memory
003f2000   _free
003f2045   _minit
003f2069   _malloc
003f20c9   _realloc
003f217d   _max_free
003f219d   _free_memory
003f21b9   _chkheap
003f21bb   _calloc
003f21d3   _main
003f2414   ___TI_cleanup
003f2431   _freopen
003f2481   _fopen
003f249b   _fputs
003f2531   _puts
003f2543   FD$$ADD
003f25df   ___TI_writemsg
003f262f   C$$IO$$
003f2633   ___TI_readmsg
003f266d   FD$$DIV
003f26f8   FD$$MPY
003f277b   _drawTILogo
003f27ea   ___TI_doflush
003f2819   _fflush
003f2855   _scia_init
003f28bb   ___TI_wrt_ok
003f28f5   ___TI_rd_ok
003f2920   _clearTextBox
003f2983   ___TI_closefile
003f29c5   _fclose
003f29de   _fputc
003f29de   _putc
003f2a29   _putchar
003f2a2e   _GPIO_setMode
003f2a77   _c_int00
003f2abb   _fseek
003f2af8   _GPIO_setDirection
003f2b2c   _GPIO_setPullUp
003f2b66   _printf
003f2b92   _atoi
003f2bc3   _ltoa
003f2bef   _GPIO_setQualification
003f2c1a   FD$$CMP
003f2c44   L$$DIV
003f2c53   L$$MOD
003f2c61   UL$$DIV
003f2c68   UL$$MOD
003f2c6e   FD$$TOI
003f2c8f   ___memcpy_ff
003f2cb0   FD$$TOL
003f2ccf   LL$$CMP
003f2ce1   ULL$$CMP
003f2ced   _strncpy
003f2d0b   _SCI_write
003f2d27   FS$$TOFD
003f2d43   L$$TOFD
003f2d5f   __args_main
003f2d78   C$$EXIT
003f2d78   _abort
003f2d7a   _exit
003f2d91   LL$$AND
003f2d99   LL$$OR
003f2da1   LL$$XOR
003f2da9   _PLL_setup
003f2dbe   LL$$MPY
003f2dd2   _GPIO_setHigh
003f2de5   _GPIO_setLow
003f2df8   _SCI_open
003f2e0b   _SCI_read
003f2e26   _setDBGIER
003f2e29   _DSP28x_DisableInt
003f2e2d   _DSP28x_RestoreInt
003f2e30   _memchr
003f2e42   _GPIO_getData
003f2e53   _PIE_setDebugIntVectorTable
003f2e64   _PIE_disableAllInts
003f2e73   FD$$SUB
003f2e81   _memccpy
003f2e8e   _memset
003f2e9b   _SCI_close
003f2ea7   _strchr
003f2eb2   _SCI_resetChannels
003f2ebc   _SCI_resetRxFifo
003f2ec6   _SCI_resetTxFifo
003f2ed0   _strcmp
003f2eda   _CLK_enableSciaClock
003f2ee3   _SCI_putDataBlocking
003f2eec   __register_unlock
003f2ef0   __register_lock
003f2ef4   __nop
003f2ef5   FD$$NEG
003f2efe   _ADC_init
003f2f06   _PIE_init
003f2f0e   _WDOG_disable
003f2f16   _strlen
003f2f1e   _CLK_enableAdcClock
003f2f25   _CLK_init
003f2f2c   _CLK_setClkOutPreScaler
003f2f33   _CLK_setOscSrc
003f2f3a   _FLASH_init
003f2f41   _GPIO_init
003f2f48   _PLL_init
003f2f4f   _PLL_setDivider
003f2f56   _SCI_init
003f2f5d   _SCI_setRxFifoIntLevel
003f2f64   _SCI_setTxFifoIntLevel
003f2f6b   _WDOG_init
003f2f72   _PLL_setMultiplier
003f2f78   _SCI_setBaudRate
003f2f7e   _ADCINT2_ISR
003f2f83   _ADCINT3_ISR
003f2f88   _ADCINT4_ISR
003f2f8d   _ADCINT5_ISR
003f2f92   _ADCINT6_ISR
003f2f97   _ADCINT7_ISR
003f2f9c   _ADCINT8_ISR
003f2fa1   _ADCINT9_ISR
003f2fa6   _DATALOG_ISR
003f2fab   _ECAP1_INT_ISR
003f2fb0   _EMUINT_ISR
003f2fb5   _EPWM1_INT_ISR
003f2fba   _EPWM1_TZINT_ISR
003f2fbf   _EPWM2_INT_ISR
003f2fc4   _EPWM2_TZINT_ISR
003f2fc9   _EPWM3_INT_ISR
003f2fce   _EPWM3_TZINT_ISR
003f2fd3   _I2CINT1A_ISR
003f2fd8   _I2CINT2A_ISR
003f2fdd   _ILLEGAL_ISR
003f2fe2   _INT13_ISR
003f2fe7   _INT14_ISR
003f2fec   _NMI_ISR
003f2ff1   _PIE_RESERVED
003f2ff6   _RTOSINT_ISR
003f2ffb   _SCIRXINTA_ISR
003f3000   _SCITXINTA_ISR
003f3005   _SPIRXINTA_ISR
003f300a   _SPITXINTA_ISR
003f300f   _TINT0_ISR
003f3014   _USER10_ISR
003f3019   _USER11_ISR
003f301e   _USER12_ISR
003f3023   _USER1_ISR
003f3028   _USER2_ISR
003f302d   _USER3_ISR
003f3032   _USER4_ISR
003f3037   _USER5_ISR
003f303c   _USER6_ISR
003f3041   _USER7_ISR
003f3046   _USER8_ISR
003f304b   _USER9_ISR
003f3050   _WAKEINT_ISR
003f3055   _XINT1_ISR
003f305a   _XINT2_ISR
003f305f   _XINT3_ISR
003f3064   _rsvd_ISR
003f3069   _strcpy
003f306e   _CPU_init
003f3072   _SCI_clearRxFifoInt
003f3076   _SCI_clearTxFifoInt
003f307a   _SCI_enableFifoEnh
003f307e   _SCI_setCharLength
003f3082   _SCI_setNumStopBits
003f3086   _CPU_clearIntFlags
003f3089   _CPU_disableGlobalInts
003f308c   _PIE_disable
003f308f   _PIE_enable
003f3092   _PLL_getClkStatus
003f3095   _PLL_getLockStatus
003f3098   _SCI_disableParity
003f309b   _SCI_enable
003f309e   _SCI_enableRx
003f30a1   _SCI_enableRxInt
003f30a4   _SCI_enableTx
003f30a7   _SCI_enableTxInt
003f30aa   _SCI_setPriority
003f30ad   _remove
003f30b0   _SCI_lseek
003f30b2   _SCI_rename
003f30b4   _SCI_unlink
003f30b6   ___cinit__
003f30b6   cinit
003f6000   _ti_ascii
003f6e3d   __ctypes_
003f6f3e   _PIE_tableDebugInit
003f7096   _pucTempString
003f70ab   _escRed
003f70b0   _escWhite
003f70b8   _RamfuncsLoadStart
003f7916   ___TI_printfi
003f7a08   _write
003f7a6e   _unlink
003f7a86   _rename
003f7aaf   _remove_device
003f7ac9   _read
003f7ae1   _open
003f7b53   _lseek
003f7b6b   _close
003f7b9d   _add_device
003f7c09   _HOSTwrite
003f7c3f   _HOSTunlink
003f7c64   _HOSTtime
003f7c8e   _HOSTrename
003f7ccc   _HOSTread
003f7d02   _HOSTopen
003f7d39   _HOSTlseek
003f7d80   _HOSTgetenv
003f7daa   _HOSTclose
003f7dd1   _HOSTclock
003f7dfb   LL$$DIV
003f7e37   LL$$MOD
003f7e71   ULL$$DIV
003f7ea0   ULL$$MOD
003f7f02   _setvbuf
003f7f7b   _ADCINT1_ISR
003f7ff6   code_start
ffffffff   .text
ffffffff   ___binit__
ffffffff   ___c_args__
ffffffff   ___etext__
ffffffff   ___pinit__
ffffffff   ___text__
ffffffff   binit
ffffffff   etext
ffffffff   pinit

[255 symbols]
