******************************************************************************
             TMS320C2000 Linker PC v6.2.8                      
******************************************************************************
>> Linked Fri Oct 10 11:05:29 2014

OUTPUT FILE NAME:   <VoiceModule.out>
ENTRY POINT SYMBOL: "code_start"  address: 003f7ff6


MEMORY CONFIGURATION

         name            origin    length      used     unused   attr    fill
----------------------  --------  ---------  --------  --------  ----  --------
PAGE 0:
  PRAML0                00008000   00000800  00000004  000007fc  RWIX
  OTP                   003d7800   00000400  00000000  00000400  RWIX
  FLASHD                003f0000   00002000  00000000  00002000  RWIX
  FLASHC                003f2000   00002000  000003f5  00001c0b  RWIX
  FLASHA                003f6000   00001f80  00001f80  00000000  RWIX
  CSM_RSVD              003f7f80   00000076  00000076  00000000  RWIX
  BEGIN                 003f7ff6   00000002  00000002  00000000  RWIX
  CSM_PWL_P0            003f7ff8   00000008  00000008  00000000  RWIX
  IQTABLES              003fe000   00000b50  00000000  00000b50  RWIX
  IQTABLES2             003feb50   0000008c  00000000  0000008c  RWIX
  IQTABLES3             003febdc   000000aa  00000000  000000aa  RWIX
  ROM                   003ff27c   00000d44  00000000  00000d44  RWIX
  RESET                 003fffc0   00000002  00000000  00000002  RWIX
  VECTORS               003fffc2   0000003e  00000000  0000003e  RWIX

PAGE 1:
  BOOT_RSVD             00000000   00000050  00000000  00000050  RWIX
  RAMM0                 00000050   000003b0  00000300  000000b0  RWIX
  RAMM1                 00000400   00000400  00000120  000002e0  RWIX
  DEV_EMU               00000880   00000105  00000000  00000105  RWIX
  SYS_PWR_CTL           00000985   00000003  00000000  00000003  RWIX
  FLASH_REGS            00000a80   00000060  00000000  00000060  RWIX
  CSM                   00000ae0   00000010  00000000  00000010  RWIX
  ADC_RESULT            00000b00   00000020  00000000  00000020  RWIX
  CPU_TIMER0            00000c00   00000008  00000000  00000008  RWIX
  CPU_TIMER1            00000c08   00000008  00000000  00000008  RWIX
  CPU_TIMER2            00000c10   00000008  00000000  00000008  RWIX
  PIE_CTRL              00000ce0   00000020  00000000  00000020  RWIX
  PIE_VECT              00000d00   00000100  00000000  00000100  RWIX
  COMP1                 00006400   00000020  00000000  00000020  RWIX
  COMP2                 00006420   00000020  00000000  00000020  RWIX
  EPWM1                 00006800   00000040  00000000  00000040  RWIX
  EPWM2                 00006840   00000040  00000000  00000040  RWIX
  EPWM3                 00006880   00000040  00000000  00000040  RWIX
  EPWM4                 000068c0   00000040  00000000  00000040  RWIX
  ECAP1                 00006a00   00000020  00000000  00000020  RWIX
  GPIOCTRL              00006f80   00000040  00000000  00000040  RWIX
  GPIODAT               00006fc0   00000020  00000000  00000020  RWIX
  GPIOINT               00006fe0   00000020  00000000  00000020  RWIX
  SYSTEM                00007010   00000020  00000000  00000020  RWIX
  SPIA                  00007040   00000010  00000000  00000010  RWIX
  SCIA                  00007050   00000010  00000000  00000010  RWIX
  NMIINTRUPT            00007060   00000010  00000000  00000010  RWIX
  XINTRUPT              00007070   00000010  00000000  00000010  RWIX
  ADC                   00007100   00000080  00000000  00000080  RWIX
  I2CA                  00007900   00000040  00000000  00000040  RWIX
  DRAML0                00008800   00000800  00000788  00000078  RWIX
  PARTID                003d7fff   00000001  00000000  00000001  RWIX
  FLASHB                003f4000   00002000  00000000  00002000  RWIX
  CSM_PWL               003f7ff8   00000008  00000000  00000008  RWIX


SECTION ALLOCATION MAP

 output                                  attributes/
section   page    origin      length       input sections
--------  ----  ----------  ----------   ----------------
.pinit     0    003f6000    00000000     UNINITIALIZED

.text.1    0    003f2000    00000364     
                  003f2000    00000013     driverlib.lib : sci_io.obj (.text:_SCI_open)
                  003f2013    00000013                   : sci_io.obj (.text:_SCI_read)
                  003f2026    00000012                   : adc.obj (.text:_ADC_setIntPulseGenMode)
                  003f2038    00000012                   : adc.obj (.text:_ADC_setVoltRefSrc)
                  003f204a    00000012                   : pie.obj (.text:_PIE_enableAdcInt)
                  003f205c    00000012                   : F2802x_asmfuncs.obj (.text)
                  003f206e    00000012     rts2800_ml.lib : memchr.obj (.text)
                  003f2080    00000011     driverlib.lib : gpio.obj (.text:_GPIO_getData)
                  003f2091    00000011                   : pie.obj (.text:_PIE_setDebugIntVectorTable)
                  003f20a2    0000000f                   : pie.obj (.text:_PIE_disableAllInts)
                  003f20b1    0000000f                   : pie.obj (.text:_PIE_registerPieIntHandler)
                  003f20c0    0000000e     rts2800_ml.lib : fd_sub.obj (.text)
                  003f20ce    0000000d                    : memset.obj (.text)
                  003f20db    0000000c     driverlib.lib : sci_io.obj (.text:_SCI_close)
                  003f20e7    0000000b                   : adc.obj (.text:_ADC_enable)
                  003f20f2    0000000b                   : adc.obj (.text:_ADC_enableBandGap)
                  003f20fd    0000000b                   : adc.obj (.text:_ADC_enableRefBuffers)
                  003f2108    0000000b                   : adc.obj (.text:_ADC_powerUp)
                  003f2113    0000000b     rts2800_ml.lib : strchr.obj (.text)
                  003f211e    0000000a     driverlib.lib : sci.obj (.text:_SCI_resetChannels)
                  003f2128    0000000a                   : sci.obj (.text:_SCI_resetRxFifo)
                  003f2132    0000000a                   : sci.obj (.text:_SCI_resetTxFifo)
                  003f213c    0000000a     rts2800_ml.lib : strcmp.obj (.text)
                  003f2146    00000009     driverlib.lib : clk.obj (.text:_CLK_enablePwmClock)
                  003f214f    00000009                   : clk.obj (.text:_CLK_enableSciaClock)
                  003f2158    00000009                   : pwm.obj (.text:_PWM_setSocAPeriod)
                  003f2161    00000009                   : pwm.obj (.text:_PWM_setSocAPulseSrc)
                  003f216a    00000009                   : sci.obj (.text:_SCI_putDataBlocking)
                  003f2173    00000009     rts2800_ml.lib : _lock.obj (.text)
                  003f217c    00000009                    : fd_neg.obj (.text)
                  003f2185    00000008     driverlib.lib : adc.obj (.text:_ADC_init)
                  003f218d    00000008                   : pie.obj (.text:_PIE_init)
                  003f2195    00000008                   : wdog.obj (.text:_WDOG_disable)
                  003f219d    00000008     rts2800_ml.lib : strlen.obj (.text)
                  003f21a5    00000007     driverlib.lib : clk.obj (.text:_CLK_enableAdcClock)
                  003f21ac    00000007                   : clk.obj (.text:_CLK_enableTbClockSync)
                  003f21b3    00000007                   : clk.obj (.text:_CLK_init)
                  003f21ba    00000007                   : clk.obj (.text:_CLK_setClkOutPreScaler)
                  003f21c1    00000007                   : clk.obj (.text:_CLK_setOscSrc)
                  003f21c8    00000007                   : flash.obj (.text:_FLASH_init)
                  003f21cf    00000007                   : gpio.obj (.text:_GPIO_init)
                  003f21d6    00000007                   : pll.obj (.text:_PLL_init)
                  003f21dd    00000007                   : pll.obj (.text:_PLL_setDivider)
                  003f21e4    00000007                   : pwm.obj (.text:_PWM_init)
                  003f21eb    00000007                   : sci.obj (.text:_SCI_init)
                  003f21f2    00000007                   : sci.obj (.text:_SCI_setRxFifoIntLevel)
                  003f21f9    00000007                   : sci.obj (.text:_SCI_setTxFifoIntLevel)
                  003f2200    00000007                   : wdog.obj (.text:_WDOG_init)
                  003f2207    00000006                   : pll.obj (.text:_PLL_setMultiplier)
                  003f220d    00000006                   : sci.obj (.text:_SCI_setBaudRate)
                  003f2213    00000005                   : F2802x_DefaultIsr.obj (.text:_ADCINT1_ISR)
                  003f2218    00000005                   : F2802x_DefaultIsr.obj (.text:_ADCINT2_ISR)
                  003f221d    00000005                   : F2802x_DefaultIsr.obj (.text:_ADCINT3_ISR)
                  003f2222    00000005                   : F2802x_DefaultIsr.obj (.text:_ADCINT4_ISR)
                  003f2227    00000005                   : F2802x_DefaultIsr.obj (.text:_ADCINT5_ISR)
                  003f222c    00000005                   : F2802x_DefaultIsr.obj (.text:_ADCINT6_ISR)
                  003f2231    00000005                   : F2802x_DefaultIsr.obj (.text:_ADCINT7_ISR)
                  003f2236    00000005                   : F2802x_DefaultIsr.obj (.text:_ADCINT8_ISR)
                  003f223b    00000005                   : F2802x_DefaultIsr.obj (.text:_ADCINT9_ISR)
                  003f2240    00000005                   : F2802x_DefaultIsr.obj (.text:_DATALOG_ISR)
                  003f2245    00000005                   : F2802x_DefaultIsr.obj (.text:_ECAP1_INT_ISR)
                  003f224a    00000005                   : F2802x_DefaultIsr.obj (.text:_EMUINT_ISR)
                  003f224f    00000005                   : F2802x_DefaultIsr.obj (.text:_EPWM1_INT_ISR)
                  003f2254    00000005                   : F2802x_DefaultIsr.obj (.text:_EPWM1_TZINT_ISR)
                  003f2259    00000005                   : F2802x_DefaultIsr.obj (.text:_EPWM2_INT_ISR)
                  003f225e    00000005                   : F2802x_DefaultIsr.obj (.text:_EPWM2_TZINT_ISR)
                  003f2263    00000005                   : F2802x_DefaultIsr.obj (.text:_EPWM3_INT_ISR)
                  003f2268    00000005                   : F2802x_DefaultIsr.obj (.text:_EPWM3_TZINT_ISR)
                  003f226d    00000005                   : F2802x_DefaultIsr.obj (.text:_I2CINT1A_ISR)
                  003f2272    00000005                   : F2802x_DefaultIsr.obj (.text:_I2CINT2A_ISR)
                  003f2277    00000005                   : F2802x_DefaultIsr.obj (.text:_ILLEGAL_ISR)
                  003f227c    00000005                   : F2802x_DefaultIsr.obj (.text:_INT13_ISR)
                  003f2281    00000005                   : F2802x_DefaultIsr.obj (.text:_INT14_ISR)
                  003f2286    00000005                   : F2802x_DefaultIsr.obj (.text:_NMI_ISR)
                  003f228b    00000005                   : F2802x_DefaultIsr.obj (.text:_PIE_RESERVED)
                  003f2290    00000005                   : F2802x_DefaultIsr.obj (.text:_RTOSINT_ISR)
                  003f2295    00000005                   : F2802x_DefaultIsr.obj (.text:_SCIRXINTA_ISR)
                  003f229a    00000005                   : F2802x_DefaultIsr.obj (.text:_SCITXINTA_ISR)
                  003f229f    00000005                   : F2802x_DefaultIsr.obj (.text:_SPIRXINTA_ISR)
                  003f22a4    00000005                   : F2802x_DefaultIsr.obj (.text:_SPITXINTA_ISR)
                  003f22a9    00000005                   : F2802x_DefaultIsr.obj (.text:_TINT0_ISR)
                  003f22ae    00000005                   : F2802x_DefaultIsr.obj (.text:_USER10_ISR)
                  003f22b3    00000005                   : F2802x_DefaultIsr.obj (.text:_USER11_ISR)
                  003f22b8    00000005                   : F2802x_DefaultIsr.obj (.text:_USER12_ISR)
                  003f22bd    00000005                   : F2802x_DefaultIsr.obj (.text:_USER1_ISR)
                  003f22c2    00000005                   : F2802x_DefaultIsr.obj (.text:_USER2_ISR)
                  003f22c7    00000005                   : F2802x_DefaultIsr.obj (.text:_USER3_ISR)
                  003f22cc    00000005                   : F2802x_DefaultIsr.obj (.text:_USER4_ISR)
                  003f22d1    00000005                   : F2802x_DefaultIsr.obj (.text:_USER5_ISR)
                  003f22d6    00000005                   : F2802x_DefaultIsr.obj (.text:_USER6_ISR)
                  003f22db    00000005                   : F2802x_DefaultIsr.obj (.text:_USER7_ISR)
                  003f22e0    00000005                   : F2802x_DefaultIsr.obj (.text:_USER8_ISR)
                  003f22e5    00000005                   : F2802x_DefaultIsr.obj (.text:_USER9_ISR)
                  003f22ea    00000005                   : F2802x_DefaultIsr.obj (.text:_WAKEINT_ISR)
                  003f22ef    00000005                   : F2802x_DefaultIsr.obj (.text:_XINT1_ISR)
                  003f22f4    00000005                   : F2802x_DefaultIsr.obj (.text:_XINT2_ISR)
                  003f22f9    00000005                   : F2802x_DefaultIsr.obj (.text:_XINT3_ISR)
                  003f22fe    00000005                   : F2802x_DefaultIsr.obj (.text:_rsvd_ISR)
                  003f2303    00000005     rts2800_ml.lib : strcpy.obj (.text)
                  003f2308    00000004     driverlib.lib : cpu.obj (.text:_CPU_enableInt)
                  003f230c    00000004                   : cpu.obj (.text:_CPU_init)
                  003f2310    00000004                   : pwm.obj (.text:_PWM_enableSocAPulse)
                  003f2314    00000004                   : pwm.obj (.text:_PWM_setCounterMode)
                  003f2318    00000004                   : sci.obj (.text:_SCI_clearRxFifoInt)
                  003f231c    00000004                   : sci.obj (.text:_SCI_clearTxFifoInt)
                  003f2320    00000004                   : sci.obj (.text:_SCI_enableFifoEnh)
                  003f2324    00000004                   : sci.obj (.text:_SCI_setCharLength)
                  003f2328    00000004                   : sci.obj (.text:_SCI_setNumStopBits)
                  003f232c    00000003                   : cpu.obj (.text:_CPU_clearIntFlags)
                  003f232f    00000003                   : cpu.obj (.text:_CPU_disableGlobalInts)
                  003f2332    00000003                   : cpu.obj (.text:_CPU_enableDebugInt)
                  003f2335    00000003                   : cpu.obj (.text:_CPU_enableGlobalInts)
                  003f2338    00000003                   : pie.obj (.text:_PIE_disable)
                  003f233b    00000003                   : pie.obj (.text:_PIE_enable)
                  003f233e    00000003                   : pll.obj (.text:_PLL_getClkStatus)
                  003f2341    00000003                   : pll.obj (.text:_PLL_getLockStatus)
                  003f2344    00000003                   : sci.obj (.text:_SCI_disableParity)
                  003f2347    00000003                   : sci.obj (.text:_SCI_enable)
                  003f234a    00000003                   : sci.obj (.text:_SCI_enableRx)
                  003f234d    00000003                   : sci.obj (.text:_SCI_enableRxInt)
                  003f2350    00000003                   : sci.obj (.text:_SCI_enableTx)
                  003f2353    00000003                   : sci.obj (.text:_SCI_enableTxInt)
                  003f2356    00000003                   : sci.obj (.text:_SCI_setPriority)
                  003f2359    00000003     rts2800_ml.lib : remove.obj (.text)
                  003f235c    00000002     driverlib.lib : pwm.obj (.text:_PWM_setPeriod)
                  003f235e    00000002                   : sci_io.obj (.text:_SCI_lseek)
                  003f2360    00000002                   : sci_io.obj (.text:_SCI_rename)
                  003f2362    00000002                   : sci_io.obj (.text:_SCI_unlink)

.cinit     0    003f2364    00000091     
                  003f2364    00000031     rts2800_ml.lib : lowlev.obj (.cinit)
                  003f2395    0000002a                    : defs.obj (.cinit)
                  003f23bf    00000014     VoiceModule.obj (.cinit)
                  003f23d3    0000000a     rts2800_ml.lib : _lock.obj (.cinit)
                  003f23dd    0000000a                    : exit.obj (.cinit)
                  003f23e7    00000004     driverlib.lib : sci_io.obj (.cinit)
                  003f23eb    00000004     rts2800_ml.lib : fopen.obj (.cinit)
                  003f23ef    00000004                    : memory.obj (.cinit)
                  003f23f3    00000002     --HOLE-- [fill = 0]

.econst    0    003f6000    0000025a     
                  003f6000    00000101     rts2800_ml.lib : ctype.obj (.econst:.string:__ctypes_)
                  003f6101    00000001     --HOLE-- [fill = 0]
                  003f6102    00000100     driverlib.lib : pie.obj (.econst:_PIE_tableDebugInit)
                  003f6202    00000024     rts2800_ml.lib : _printfi.obj (.econst:.string)
                  003f6226    0000001a     VoiceModule.obj (.econst:.string)
                  003f6240    00000018     rts2800_ml.lib : _printfi.obj (.econst)
                  003f6258    00000002                    : fputs.obj (.econst:.string)

ramfuncs   0    003f625a    00000004     RUN ADDR = 00008000
                  003f625a    00000004     driverlib.lib : F2802x_asmfuncs.obj (ramfuncs)

.text.2    0    003f625e    00001d22     
                  003f625e    00000930     rts2800_ml.lib : _printfi.obj (.text)
                  003f6b8e    00000221     VoiceModule.obj (.text:_main)
                  003f6daf    00000201     rts2800_ml.lib : lowlev.obj (.text)
                  003f6fb0    000001f2                    : trgdrv.obj (.text)
                  003f71a2    000001d3                    : memory.obj (.text)
                  003f7375    00000107                    : ll_div.obj (.text)
                  003f747c    000000ff                    : fopen.obj (.text)
                  003f757b    000000a8                    : fputs.obj (.text)
                  003f7623    0000009c                    : fd_add.obj (.text)
                  003f76bf    0000008e                    : ankmsg.obj (.text)
                  003f774d    0000008b                    : fd_div.obj (.text)
                  003f77d8    00000083                    : fd_mpy.obj (.text)
                  003f785b    00000079                    : setvbuf.obj (.text)
                  003f78d4    0000006b                    : fflush.obj (.text)
                  003f793f    00000066     VoiceModule.obj (.text:_adc_isr)
                  003f79a5    00000066     VoiceModule.obj (.text:_scia_init)
                  003f7a0b    00000065     rts2800_ml.lib : _io_perm.obj (.text)
                  003f7a70    0000005b                    : fclose.obj (.text)
                  003f7acb    00000050                    : fputc.obj (.text)
                  003f7b1b    00000049     driverlib.lib : gpio.obj (.text:_GPIO_setMode)
                  003f7b64    00000044     rts2800_ml.lib : boot.obj (.text)
                  003f7ba8    0000003d                    : fseek.obj (.text)
                  003f7be5    00000034     driverlib.lib : gpio.obj (.text:_GPIO_setDirection)
                  003f7c19    00000034                   : gpio.obj (.text:_GPIO_setPullUp)
                  003f7c4d    00000032     rts2800_ml.lib : printf.obj (.text)
                  003f7c7f    00000031                    : atoi.obj (.text)
                  003f7cb0    0000002c                    : ltoa.obj (.text)
                  003f7cdc    0000002b     driverlib.lib : gpio.obj (.text:_GPIO_setQualification)
                  003f7d07    0000002a     rts2800_ml.lib : fd_cmp.obj (.text)
                  003f7d31    0000002a                    : l_div.obj (.text)
                  003f7d5b    00000024     driverlib.lib : adc.obj (.text:_ADC_setIntMode)
                  003f7d7f    00000024                   : adc.obj (.text:_ADC_setIntSrc)
                  003f7da3    00000021     rts2800_ml.lib : fd_toi.obj (.text)
                  003f7dc4    00000021                    : memcpy_ff.obj (.text)
                  003f7de5    0000001f                    : fd_tol.obj (.text)
                  003f7e04    0000001e                    : ll_cmp.obj (.text)
                  003f7e22    0000001e                    : strncpy.obj (.text)
                  003f7e40    0000001c     driverlib.lib : adc.obj (.text:_ADC_setSocChanNumber)
                  003f7e5c    0000001c                   : adc.obj (.text:_ADC_setSocSampleWindow)
                  003f7e78    0000001c                   : adc.obj (.text:_ADC_setSocTrigSrc)
                  003f7e94    0000001c                   : sci_io.obj (.text:_SCI_write)
                  003f7eb0    0000001c     rts2800_ml.lib : fs_tofd.obj (.text)
                  003f7ecc    0000001c                    : l_tofd.obj (.text)
                  003f7ee8    00000019                    : args_main.obj (.text)
                  003f7f01    00000019                    : exit.obj (.text)
                  003f7f1a    00000018     driverlib.lib : adc.obj (.text:_ADC_enableInt)
                  003f7f32    00000018     rts2800_ml.lib : ll_aox.obj (.text)
                  003f7f4a    00000015     driverlib.lib : pll.obj (.text:_PLL_setup)
                  003f7f5f    00000014     rts2800_ml.lib : ll_mpy.obj (.text)
                  003f7f73    0000000d                    : memccpy.obj (.text)

csm_rsvd   0    003f7f80    00000076     
                  003f7f80    00000076     driverlib.lib : F2802x_asmfuncs.obj (csm_rsvd)

codestart 
*          0    003f7ff6    00000002     
                  003f7ff6    00000002     driverlib.lib : F2802x_asmfuncs.obj (codestart)

csmpasswds 
*          0    003f7ff8    00000008     
                  003f7ff8    00000008     driverlib.lib : F2802x_asmfuncs.obj (csmpasswds)

.reset     0    003fffc0    00000002     DSECT
                  003fffc0    00000002     rts2800_ml.lib : boot.obj (.reset)

vectors    0    003fffc2    00000000     DSECT

.stack     1    00000050    00000300     UNINITIALIZED
                  00000050    00000300     --HOLE--

.cio       1    00000400    00000120     UNINITIALIZED
                  00000400    00000120     rts2800_ml.lib : ankmsg.obj (.cio)

.ebss      1    00008800    00000588     UNINITIALIZED
                  00008800    00000360     VoiceModule.obj (.ebss)
                  00008b60    00000008     rts2800_ml.lib : memory.obj (.ebss)
                  00008b68    00000008                    : trgdrv.obj (.ebss)
                  00008b70    00000004     driverlib.lib : sci_io.obj (.ebss)
                  00008b74    00000004     rts2800_ml.lib : _lock.obj (.ebss)
                  00008b78    00000004                    : exit.obj (.ebss)
                  00008b7c    00000001     driverlib.lib : cpu.obj (.ebss)
                  00008b7d    00000001     rts2800_ml.lib : fopen.obj (.ebss)
                  00008b7e    00000002     --HOLE--
                  00008b80    00000160                    : defs.obj (.ebss)
                  00008ce0    00000020     --HOLE--
                  00008d00    00000088                    : lowlev.obj (.ebss)

.sysmem    1    00008d88    00000200     UNINITIALIZED
                  00008d88    00000001     rts2800_ml.lib : memory.obj (.sysmem)
                  00008d89    000001ff     --HOLE--


GLOBAL DATA SYMBOLS: SORTED BY DATA PAGE

address     data page           name
--------    ----------------    ----
00000050       1 (00000040)     __stack

00000400      10 (00000400)     __CIOBUF_

00008800     220 (00008800)     _totalCount
00008801     220 (00008800)     _printInfo
00008803     220 (00008800)     _ConversionCount
00008806     220 (00008800)     _myFlash
00008808     220 (00008800)     _myGpio
0000880a     220 (00008800)     _myAdc
0000880c     220 (00008800)     _myClk
0000880e     220 (00008800)     _myCpu
00008810     220 (00008800)     _myPwm
00008812     220 (00008800)     _myPie
00008814     220 (00008800)     _mySci

00008840     221 (00008840)     _voltage

00008b70     22d (00008b40)     _deviceOpen
00008b72     22d (00008b40)     _ioSci
00008b74     22d (00008b40)     __unlock
00008b76     22d (00008b40)     __lock
00008b78     22d (00008b40)     ___TI_cleanup_ptr
00008b7a     22d (00008b40)     ___TI_dtors_ptr
00008b7c     22d (00008b40)     _cpu

00008b80     22e (00008b80)     ___TI_ft_end

00008bc0     22f (00008bc0)     __ftable

00008c40     231 (00008c40)     ___TI_tmpnams

00008d88     236 (00008d80)     __sys_memory

003f6000    fd80 (003f6000)     __ctypes_

003f6102    fd84 (003f6100)     _PIE_tableDebugInit


GLOBAL SYMBOLS: SORTED ALPHABETICALLY BY Name 

address    name
--------   ----
ffffffff   .text
003f7f01   C$$EXIT
003f770f   C$$IO$$
003f7623   FD$$ADD
003f7d07   FD$$CMP
003f774d   FD$$DIV
003f77d8   FD$$MPY
003f217c   FD$$NEG
003f20c0   FD$$SUB
003f7da3   FD$$TOI
003f7de5   FD$$TOL
003f7eb0   FS$$TOFD
003f7d31   L$$DIV
003f7d40   L$$MOD
003f7ecc   L$$TOFD
003f7f32   LL$$AND
003f7e04   LL$$CMP
003f7375   LL$$DIV
003f73b1   LL$$MOD
003f7f5f   LL$$MPY
003f7f3a   LL$$OR
003f7f42   LL$$XOR
003f7d4e   UL$$DIV
003f7d55   UL$$MOD
003f7e16   ULL$$CMP
003f73eb   ULL$$DIV
003f741a   ULL$$MOD
003f2213   _ADCINT1_ISR
003f2218   _ADCINT2_ISR
003f221d   _ADCINT3_ISR
003f2222   _ADCINT4_ISR
003f2227   _ADCINT5_ISR
003f222c   _ADCINT6_ISR
003f2231   _ADCINT7_ISR
003f2236   _ADCINT8_ISR
003f223b   _ADCINT9_ISR
003f20e7   _ADC_enable
003f20f2   _ADC_enableBandGap
003f7f1a   _ADC_enableInt
003f20fd   _ADC_enableRefBuffers
003f2185   _ADC_init
003f2108   _ADC_powerUp
003f7d5b   _ADC_setIntMode
003f2026   _ADC_setIntPulseGenMode
003f7d7f   _ADC_setIntSrc
003f7e40   _ADC_setSocChanNumber
003f7e5c   _ADC_setSocSampleWindow
003f7e78   _ADC_setSocTrigSrc
003f2038   _ADC_setVoltRefSrc
003f21a5   _CLK_enableAdcClock
003f2146   _CLK_enablePwmClock
003f214f   _CLK_enableSciaClock
003f21ac   _CLK_enableTbClockSync
003f21b3   _CLK_init
003f21ba   _CLK_setClkOutPreScaler
003f21c1   _CLK_setOscSrc
003f232c   _CPU_clearIntFlags
003f232f   _CPU_disableGlobalInts
003f2332   _CPU_enableDebugInt
003f2335   _CPU_enableGlobalInts
003f2308   _CPU_enableInt
003f230c   _CPU_init
00008803   _ConversionCount
003f2240   _DATALOG_ISR
003f2067   _DSP28x_DisableInt
003f206b   _DSP28x_RestoreInt
00008000   _DSP28x_usDelay
003f2245   _ECAP1_INT_ISR
003f224a   _EMUINT_ISR
003f224f   _EPWM1_INT_ISR
003f2254   _EPWM1_TZINT_ISR
003f2259   _EPWM2_INT_ISR
003f225e   _EPWM2_TZINT_ISR
003f2263   _EPWM3_INT_ISR
003f2268   _EPWM3_TZINT_ISR
003f21c8   _FLASH_init
003f2080   _GPIO_getData
003f21cf   _GPIO_init
003f7be5   _GPIO_setDirection
003f7b1b   _GPIO_setMode
003f7c19   _GPIO_setPullUp
003f7cdc   _GPIO_setQualification
003f7178   _HOSTclock
003f7151   _HOSTclose
003f7127   _HOSTgetenv
003f70e0   _HOSTlseek
003f70a9   _HOSTopen
003f7073   _HOSTread
003f7035   _HOSTrename
003f700b   _HOSTtime
003f6fe6   _HOSTunlink
003f6fb0   _HOSTwrite
003f226d   _I2CINT1A_ISR
003f2272   _I2CINT2A_ISR
003f2277   _ILLEGAL_ISR
003f227c   _INT13_ISR
003f2281   _INT14_ISR
003f2286   _NMI_ISR
003f228b   _PIE_RESERVED
003f2338   _PIE_disable
003f20a2   _PIE_disableAllInts
003f233b   _PIE_enable
003f204a   _PIE_enableAdcInt
003f218d   _PIE_init
003f20b1   _PIE_registerPieIntHandler
003f2091   _PIE_setDebugIntVectorTable
003f6102   _PIE_tableDebugInit
003f233e   _PLL_getClkStatus
003f2341   _PLL_getLockStatus
003f21d6   _PLL_init
003f21dd   _PLL_setDivider
003f2207   _PLL_setMultiplier
003f7f4a   _PLL_setup
003f2310   _PWM_enableSocAPulse
003f21e4   _PWM_init
003f2314   _PWM_setCounterMode
003f235c   _PWM_setPeriod
003f2158   _PWM_setSocAPeriod
003f2161   _PWM_setSocAPulseSrc
003f2290   _RTOSINT_ISR
00000004   _RamfuncsLoadSize
003f625a   _RamfuncsLoadStart
00008000   _RamfuncsRunStart
003f2295   _SCIRXINTA_ISR
003f229a   _SCITXINTA_ISR
003f2318   _SCI_clearRxFifoInt
003f231c   _SCI_clearTxFifoInt
003f20db   _SCI_close
003f2344   _SCI_disableParity
003f2347   _SCI_enable
003f2320   _SCI_enableFifoEnh
003f234a   _SCI_enableRx
003f234d   _SCI_enableRxInt
003f2350   _SCI_enableTx
003f2353   _SCI_enableTxInt
003f21eb   _SCI_init
003f235e   _SCI_lseek
003f2000   _SCI_open
003f216a   _SCI_putDataBlocking
003f2013   _SCI_read
003f2360   _SCI_rename
003f211e   _SCI_resetChannels
003f2128   _SCI_resetRxFifo
003f2132   _SCI_resetTxFifo
003f220d   _SCI_setBaudRate
003f2324   _SCI_setCharLength
003f2328   _SCI_setNumStopBits
003f2356   _SCI_setPriority
003f21f2   _SCI_setRxFifoIntLevel
003f21f9   _SCI_setTxFifoIntLevel
003f2362   _SCI_unlink
003f7e94   _SCI_write
003f229f   _SPIRXINTA_ISR
003f22a4   _SPITXINTA_ISR
003f22a9   _TINT0_ISR
003f22ae   _USER10_ISR
003f22b3   _USER11_ISR
003f22b8   _USER12_ISR
003f22bd   _USER1_ISR
003f22c2   _USER2_ISR
003f22c7   _USER3_ISR
003f22cc   _USER4_ISR
003f22d1   _USER5_ISR
003f22d6   _USER6_ISR
003f22db   _USER7_ISR
003f22e0   _USER8_ISR
003f22e5   _USER9_ISR
003f22ea   _WAKEINT_ISR
003f2195   _WDOG_disable
003f2200   _WDOG_init
003f22ef   _XINT1_ISR
003f22f4   _XINT2_ISR
003f22f9   _XINT3_ISR
00000400   __CIOBUF_
00000350   __STACK_END
00000300   __STACK_SIZE
00000200   __SYSMEM_SIZE
00000001   __TI_args_main
003f74f4   ___TI_cleanup
00008b78   ___TI_cleanup_ptr
003f7a70   ___TI_closefile
003f78d4   ___TI_doflush
00008b7a   ___TI_dtors_ptr
00008b80   ___TI_ft_end
003f6a9c   ___TI_printfi
003f7a45   ___TI_rd_ok
003f7713   ___TI_readmsg
00008c40   ___TI_tmpnams
003f76bf   ___TI_writemsg
003f7a0b   ___TI_wrt_ok
ffffffff   ___binit__
ffffffff   ___c_args__
003f2364   ___cinit__
ffffffff   ___etext__
003f7dc4   ___memcpy_ff
ffffffff   ___pinit__
ffffffff   ___text__
003f7ee8   __args_main
003f6000   __ctypes_
00008bc0   __ftable
00008b76   __lock
003f217b   __nop
003f2177   __register_lock
003f2173   __register_unlock
00000050   __stack
00008d88   __sys_memory
00008b74   __unlock
003f7f01   _abort
003f793f   _adc_isr
003f6f44   _add_device
003f7c7f   _atoi
003f7b64   _c_int00
003f735d   _calloc
003f735b   _chkheap
003f6f12   _close
00008b7c   _cpu
00008b70   _deviceOpen
003f7f03   _exit
003f7ab2   _fclose
003f7903   _fflush
003f7561   _fopen
003f7acb   _fputc
003f757b   _fputs
003f71a2   _free
003f733f   _free_memory
003f7511   _freopen
003f7ba8   _fseek
00008b72   _ioSci
003f6efa   _lseek
003f7cb0   _ltoa
003f6b8e   _main
003f720b   _malloc
003f731f   _max_free
003f7f73   _memccpy
003f206e   _memchr
003f20ce   _memset
003f71e7   _minit
0000880a   _myAdc
0000880c   _myClk
0000880e   _myCpu
00008806   _myFlash
00008808   _myGpio
00008812   _myPie
00008810   _myPwm
00008814   _mySci
003f6e88   _open
00008801   _printInfo
003f7c53   _printf
003f7acb   _putc
003f7b16   _putchar
003f7611   _puts
003f6e70   _read
003f726b   _realloc
003f2359   _remove
003f6e56   _remove_device
003f6e2d   _rename
003f22fe   _rsvd_ISR
003f79a5   _scia_init
003f2064   _setDBGIER
003f785b   _setvbuf
003f2113   _strchr
003f213c   _strcmp
003f2303   _strcpy
003f219d   _strlen
003f7e22   _strncpy
00008800   _totalCount
003f6e15   _unlink
00008840   _voltage
003f6daf   _write
ffffffff   binit
003f2364   cinit
003f7ff6   code_start
ffffffff   etext
ffffffff   pinit


GLOBAL SYMBOLS: SORTED BY Symbol Address 

address    name
--------   ----
00000001   __TI_args_main
00000004   _RamfuncsLoadSize
00000050   __stack
00000200   __SYSMEM_SIZE
00000300   __STACK_SIZE
00000350   __STACK_END
00000400   __CIOBUF_
00008000   _DSP28x_usDelay
00008000   _RamfuncsRunStart
00008800   _totalCount
00008801   _printInfo
00008803   _ConversionCount
00008806   _myFlash
00008808   _myGpio
0000880a   _myAdc
0000880c   _myClk
0000880e   _myCpu
00008810   _myPwm
00008812   _myPie
00008814   _mySci
00008840   _voltage
00008b70   _deviceOpen
00008b72   _ioSci
00008b74   __unlock
00008b76   __lock
00008b78   ___TI_cleanup_ptr
00008b7a   ___TI_dtors_ptr
00008b7c   _cpu
00008b80   ___TI_ft_end
00008bc0   __ftable
00008c40   ___TI_tmpnams
00008d88   __sys_memory
003f2000   _SCI_open
003f2013   _SCI_read
003f2026   _ADC_setIntPulseGenMode
003f2038   _ADC_setVoltRefSrc
003f204a   _PIE_enableAdcInt
003f2064   _setDBGIER
003f2067   _DSP28x_DisableInt
003f206b   _DSP28x_RestoreInt
003f206e   _memchr
003f2080   _GPIO_getData
003f2091   _PIE_setDebugIntVectorTable
003f20a2   _PIE_disableAllInts
003f20b1   _PIE_registerPieIntHandler
003f20c0   FD$$SUB
003f20ce   _memset
003f20db   _SCI_close
003f20e7   _ADC_enable
003f20f2   _ADC_enableBandGap
003f20fd   _ADC_enableRefBuffers
003f2108   _ADC_powerUp
003f2113   _strchr
003f211e   _SCI_resetChannels
003f2128   _SCI_resetRxFifo
003f2132   _SCI_resetTxFifo
003f213c   _strcmp
003f2146   _CLK_enablePwmClock
003f214f   _CLK_enableSciaClock
003f2158   _PWM_setSocAPeriod
003f2161   _PWM_setSocAPulseSrc
003f216a   _SCI_putDataBlocking
003f2173   __register_unlock
003f2177   __register_lock
003f217b   __nop
003f217c   FD$$NEG
003f2185   _ADC_init
003f218d   _PIE_init
003f2195   _WDOG_disable
003f219d   _strlen
003f21a5   _CLK_enableAdcClock
003f21ac   _CLK_enableTbClockSync
003f21b3   _CLK_init
003f21ba   _CLK_setClkOutPreScaler
003f21c1   _CLK_setOscSrc
003f21c8   _FLASH_init
003f21cf   _GPIO_init
003f21d6   _PLL_init
003f21dd   _PLL_setDivider
003f21e4   _PWM_init
003f21eb   _SCI_init
003f21f2   _SCI_setRxFifoIntLevel
003f21f9   _SCI_setTxFifoIntLevel
003f2200   _WDOG_init
003f2207   _PLL_setMultiplier
003f220d   _SCI_setBaudRate
003f2213   _ADCINT1_ISR
003f2218   _ADCINT2_ISR
003f221d   _ADCINT3_ISR
003f2222   _ADCINT4_ISR
003f2227   _ADCINT5_ISR
003f222c   _ADCINT6_ISR
003f2231   _ADCINT7_ISR
003f2236   _ADCINT8_ISR
003f223b   _ADCINT9_ISR
003f2240   _DATALOG_ISR
003f2245   _ECAP1_INT_ISR
003f224a   _EMUINT_ISR
003f224f   _EPWM1_INT_ISR
003f2254   _EPWM1_TZINT_ISR
003f2259   _EPWM2_INT_ISR
003f225e   _EPWM2_TZINT_ISR
003f2263   _EPWM3_INT_ISR
003f2268   _EPWM3_TZINT_ISR
003f226d   _I2CINT1A_ISR
003f2272   _I2CINT2A_ISR
003f2277   _ILLEGAL_ISR
003f227c   _INT13_ISR
003f2281   _INT14_ISR
003f2286   _NMI_ISR
003f228b   _PIE_RESERVED
003f2290   _RTOSINT_ISR
003f2295   _SCIRXINTA_ISR
003f229a   _SCITXINTA_ISR
003f229f   _SPIRXINTA_ISR
003f22a4   _SPITXINTA_ISR
003f22a9   _TINT0_ISR
003f22ae   _USER10_ISR
003f22b3   _USER11_ISR
003f22b8   _USER12_ISR
003f22bd   _USER1_ISR
003f22c2   _USER2_ISR
003f22c7   _USER3_ISR
003f22cc   _USER4_ISR
003f22d1   _USER5_ISR
003f22d6   _USER6_ISR
003f22db   _USER7_ISR
003f22e0   _USER8_ISR
003f22e5   _USER9_ISR
003f22ea   _WAKEINT_ISR
003f22ef   _XINT1_ISR
003f22f4   _XINT2_ISR
003f22f9   _XINT3_ISR
003f22fe   _rsvd_ISR
003f2303   _strcpy
003f2308   _CPU_enableInt
003f230c   _CPU_init
003f2310   _PWM_enableSocAPulse
003f2314   _PWM_setCounterMode
003f2318   _SCI_clearRxFifoInt
003f231c   _SCI_clearTxFifoInt
003f2320   _SCI_enableFifoEnh
003f2324   _SCI_setCharLength
003f2328   _SCI_setNumStopBits
003f232c   _CPU_clearIntFlags
003f232f   _CPU_disableGlobalInts
003f2332   _CPU_enableDebugInt
003f2335   _CPU_enableGlobalInts
003f2338   _PIE_disable
003f233b   _PIE_enable
003f233e   _PLL_getClkStatus
003f2341   _PLL_getLockStatus
003f2344   _SCI_disableParity
003f2347   _SCI_enable
003f234a   _SCI_enableRx
003f234d   _SCI_enableRxInt
003f2350   _SCI_enableTx
003f2353   _SCI_enableTxInt
003f2356   _SCI_setPriority
003f2359   _remove
003f235c   _PWM_setPeriod
003f235e   _SCI_lseek
003f2360   _SCI_rename
003f2362   _SCI_unlink
003f2364   ___cinit__
003f2364   cinit
003f6000   __ctypes_
003f6102   _PIE_tableDebugInit
003f625a   _RamfuncsLoadStart
003f6a9c   ___TI_printfi
003f6b8e   _main
003f6daf   _write
003f6e15   _unlink
003f6e2d   _rename
003f6e56   _remove_device
003f6e70   _read
003f6e88   _open
003f6efa   _lseek
003f6f12   _close
003f6f44   _add_device
003f6fb0   _HOSTwrite
003f6fe6   _HOSTunlink
003f700b   _HOSTtime
003f7035   _HOSTrename
003f7073   _HOSTread
003f70a9   _HOSTopen
003f70e0   _HOSTlseek
003f7127   _HOSTgetenv
003f7151   _HOSTclose
003f7178   _HOSTclock
003f71a2   _free
003f71e7   _minit
003f720b   _malloc
003f726b   _realloc
003f731f   _max_free
003f733f   _free_memory
003f735b   _chkheap
003f735d   _calloc
003f7375   LL$$DIV
003f73b1   LL$$MOD
003f73eb   ULL$$DIV
003f741a   ULL$$MOD
003f74f4   ___TI_cleanup
003f7511   _freopen
003f7561   _fopen
003f757b   _fputs
003f7611   _puts
003f7623   FD$$ADD
003f76bf   ___TI_writemsg
003f770f   C$$IO$$
003f7713   ___TI_readmsg
003f774d   FD$$DIV
003f77d8   FD$$MPY
003f785b   _setvbuf
003f78d4   ___TI_doflush
003f7903   _fflush
003f793f   _adc_isr
003f79a5   _scia_init
003f7a0b   ___TI_wrt_ok
003f7a45   ___TI_rd_ok
003f7a70   ___TI_closefile
003f7ab2   _fclose
003f7acb   _fputc
003f7acb   _putc
003f7b16   _putchar
003f7b1b   _GPIO_setMode
003f7b64   _c_int00
003f7ba8   _fseek
003f7be5   _GPIO_setDirection
003f7c19   _GPIO_setPullUp
003f7c53   _printf
003f7c7f   _atoi
003f7cb0   _ltoa
003f7cdc   _GPIO_setQualification
003f7d07   FD$$CMP
003f7d31   L$$DIV
003f7d40   L$$MOD
003f7d4e   UL$$DIV
003f7d55   UL$$MOD
003f7d5b   _ADC_setIntMode
003f7d7f   _ADC_setIntSrc
003f7da3   FD$$TOI
003f7dc4   ___memcpy_ff
003f7de5   FD$$TOL
003f7e04   LL$$CMP
003f7e16   ULL$$CMP
003f7e22   _strncpy
003f7e40   _ADC_setSocChanNumber
003f7e5c   _ADC_setSocSampleWindow
003f7e78   _ADC_setSocTrigSrc
003f7e94   _SCI_write
003f7eb0   FS$$TOFD
003f7ecc   L$$TOFD
003f7ee8   __args_main
003f7f01   C$$EXIT
003f7f01   _abort
003f7f03   _exit
003f7f1a   _ADC_enableInt
003f7f32   LL$$AND
003f7f3a   LL$$OR
003f7f42   LL$$XOR
003f7f4a   _PLL_setup
003f7f5f   LL$$MPY
003f7f73   _memccpy
003f7ff6   code_start
ffffffff   .text
ffffffff   ___binit__
ffffffff   ___c_args__
ffffffff   ___etext__
ffffffff   ___pinit__
ffffffff   ___text__
ffffffff   binit
ffffffff   etext
ffffffff   pinit

[274 symbols]
