<?xml version="1.0"?>
<link_info>
   <banner>TMS320C2000 Linker PC v6.2.8</banner>
   <copyright>Copyright (c) 1996-2014 Texas Instruments Incorporated</copyright>
   <link_time>0x546fcecf</link_time>
   <link_errors>0x0</link_errors>
   <output_file>VoiceModule.out</output_file>
   <entry_point>
      <name>code_start</name>
      <address>0x3f7ff6</address>
   </entry_point>
   <input_file_list>
      <input_file id="fl-2">
         <path>.\</path>
         <kind>object</kind>
         <file>Sin256Q15.obj</file>
         <name>Sin256Q15.obj</name>
      </input_file>
      <input_file id="fl-3">
         <path>.\</path>
         <kind>object</kind>
         <file>VoiceModule.obj</file>
         <name>VoiceModule.obj</name>
      </input_file>
      <input_file id="fl-a">
         <path>C:\ti\controlSUITE\development_kits\C2000_LaunchPad\f2802x_common\lib\</path>
         <kind>archive</kind>
         <file>driverlib.lib</file>
         <name>wdog.obj</name>
      </input_file>
      <input_file id="fl-b">
         <path>C:\ti\controlSUITE\development_kits\C2000_LaunchPad\f2802x_common\lib\</path>
         <kind>archive</kind>
         <file>driverlib.lib</file>
         <name>sci.obj</name>
      </input_file>
      <input_file id="fl-c">
         <path>C:\ti\controlSUITE\development_kits\C2000_LaunchPad\f2802x_common\lib\</path>
         <kind>archive</kind>
         <file>driverlib.lib</file>
         <name>pwm.obj</name>
      </input_file>
      <input_file id="fl-d">
         <path>C:\ti\controlSUITE\development_kits\C2000_LaunchPad\f2802x_common\lib\</path>
         <kind>archive</kind>
         <file>driverlib.lib</file>
         <name>pll.obj</name>
      </input_file>
      <input_file id="fl-e">
         <path>C:\ti\controlSUITE\development_kits\C2000_LaunchPad\f2802x_common\lib\</path>
         <kind>archive</kind>
         <file>driverlib.lib</file>
         <name>pie.obj</name>
      </input_file>
      <input_file id="fl-f">
         <path>C:\ti\controlSUITE\development_kits\C2000_LaunchPad\f2802x_common\lib\</path>
         <kind>archive</kind>
         <file>driverlib.lib</file>
         <name>gpio.obj</name>
      </input_file>
      <input_file id="fl-10">
         <path>C:\ti\controlSUITE\development_kits\C2000_LaunchPad\f2802x_common\lib\</path>
         <kind>archive</kind>
         <file>driverlib.lib</file>
         <name>flash.obj</name>
      </input_file>
      <input_file id="fl-11">
         <path>C:\ti\controlSUITE\development_kits\C2000_LaunchPad\f2802x_common\lib\</path>
         <kind>archive</kind>
         <file>driverlib.lib</file>
         <name>cpu.obj</name>
      </input_file>
      <input_file id="fl-12">
         <path>C:\ti\controlSUITE\development_kits\C2000_LaunchPad\f2802x_common\lib\</path>
         <kind>archive</kind>
         <file>driverlib.lib</file>
         <name>clk.obj</name>
      </input_file>
      <input_file id="fl-13">
         <path>C:\ti\controlSUITE\development_kits\C2000_LaunchPad\f2802x_common\lib\</path>
         <kind>archive</kind>
         <file>driverlib.lib</file>
         <name>adc.obj</name>
      </input_file>
      <input_file id="fl-14">
         <path>C:\ti\controlSUITE\development_kits\C2000_LaunchPad\f2802x_common\lib\</path>
         <kind>archive</kind>
         <file>driverlib.lib</file>
         <name>F2802x_asmfuncs.obj</name>
      </input_file>
      <input_file id="fl-15">
         <path>C:\ti\controlSUITE\development_kits\C2000_LaunchPad\f2802x_common\lib\</path>
         <kind>archive</kind>
         <file>driverlib.lib</file>
         <name>F2802x_DefaultIsr.obj</name>
      </input_file>
      <input_file id="fl-16">
         <path>c:\ti\ccsv6\tools\compiler\c2000_6.2.8\lib\</path>
         <kind>archive</kind>
         <file>rts2800_ml.lib</file>
         <name>boot.obj</name>
      </input_file>
      <input_file id="fl-17">
         <path>c:\ti\ccsv6\tools\compiler\c2000_6.2.8\lib\</path>
         <kind>archive</kind>
         <file>rts2800_ml.lib</file>
         <name>exit.obj</name>
      </input_file>
      <input_file id="fl-18">
         <path>c:\ti\ccsv6\tools\compiler\c2000_6.2.8\lib\</path>
         <kind>archive</kind>
         <file>rts2800_ml.lib</file>
         <name>fs_div.obj</name>
      </input_file>
      <input_file id="fl-19">
         <path>c:\ti\ccsv6\tools\compiler\c2000_6.2.8\lib\</path>
         <kind>archive</kind>
         <file>rts2800_ml.lib</file>
         <name>fs_mpy.obj</name>
      </input_file>
      <input_file id="fl-1a">
         <path>c:\ti\ccsv6\tools\compiler\c2000_6.2.8\lib\</path>
         <kind>archive</kind>
         <file>rts2800_ml.lib</file>
         <name>fs_toi.obj</name>
      </input_file>
      <input_file id="fl-1b">
         <path>c:\ti\ccsv6\tools\compiler\c2000_6.2.8\lib\</path>
         <kind>archive</kind>
         <file>rts2800_ml.lib</file>
         <name>fs_tou.obj</name>
      </input_file>
      <input_file id="fl-1c">
         <path>c:\ti\ccsv6\tools\compiler\c2000_6.2.8\lib\</path>
         <kind>archive</kind>
         <file>rts2800_ml.lib</file>
         <name>i_tofs.obj</name>
      </input_file>
      <input_file id="fl-1d">
         <path>c:\ti\ccsv6\tools\compiler\c2000_6.2.8\lib\</path>
         <kind>archive</kind>
         <file>rts2800_ml.lib</file>
         <name>memcpy_ff.obj</name>
      </input_file>
      <input_file id="fl-1e">
         <path>c:\ti\ccsv6\tools\compiler\c2000_6.2.8\lib\</path>
         <kind>archive</kind>
         <file>rts2800_ml.lib</file>
         <name>u_tofs.obj</name>
      </input_file>
      <input_file id="fl-1f">
         <path>c:\ti\ccsv6\tools\compiler\c2000_6.2.8\lib\</path>
         <kind>archive</kind>
         <file>rts2800_ml.lib</file>
         <name>_lock.obj</name>
      </input_file>
      <input_file id="fl-20">
         <path>c:\ti\ccsv6\tools\compiler\c2000_6.2.8\lib\</path>
         <kind>archive</kind>
         <file>rts2800_ml.lib</file>
         <name>args_main.obj</name>
      </input_file>
   </input_file_list>
   <object_component_list>
      <object_component id="oc-3b">
         <name>.cinit</name>
         <load_address>0x3f69ef</load_address>
         <run_address>0x3f69ef</run_address>
         <size>0x10</size>
         <input_file_ref idref="fl-3"/>
      </object_component>
      <object_component id="oc-a0">
         <name>.cinit</name>
         <load_address>0x3f69ff</load_address>
         <run_address>0x3f69ff</run_address>
         <size>0xa</size>
         <input_file_ref idref="fl-1f"/>
      </object_component>
      <object_component id="oc-7e">
         <name>.cinit</name>
         <load_address>0x3f6a09</load_address>
         <run_address>0x3f6a09</run_address>
         <size>0xa</size>
         <input_file_ref idref="fl-17"/>
      </object_component>
      <object_component id="oc-b2">
         <name>.text:_main</name>
         <load_address>0x3f620a</load_address>
         <run_address>0x3f620a</run_address>
         <size>0x18e</size>
         <input_file_ref idref="fl-3"/>
      </object_component>
      <object_component id="oc-d2">
         <name>.text:_InitEPwm2</name>
         <load_address>0x3f6398</load_address>
         <run_address>0x3f6398</run_address>
         <size>0x90</size>
         <input_file_ref idref="fl-3"/>
      </object_component>
      <object_component id="oc-83">
         <name>.text</name>
         <load_address>0x3f6428</load_address>
         <run_address>0x3f6428</run_address>
         <size>0x83</size>
         <input_file_ref idref="fl-18"/>
      </object_component>
      <object_component id="oc-87">
         <name>.text</name>
         <load_address>0x3f64ab</load_address>
         <run_address>0x3f64ab</run_address>
         <size>0x5a</size>
         <input_file_ref idref="fl-19"/>
      </object_component>
      <object_component id="oc-3e">
         <name>.text:_adc_isr</name>
         <load_address>0x3f6505</load_address>
         <run_address>0x3f6505</run_address>
         <size>0x55</size>
         <input_file_ref idref="fl-3"/>
      </object_component>
      <object_component id="oc-c4">
         <name>.text:_GPIO_setMode</name>
         <load_address>0x3f655a</load_address>
         <run_address>0x3f655a</run_address>
         <size>0x49</size>
         <input_file_ref idref="fl-f"/>
      </object_component>
      <object_component id="oc-77">
         <name>.text</name>
         <load_address>0x3f65a3</load_address>
         <run_address>0x3f65a3</run_address>
         <size>0x44</size>
         <input_file_ref idref="fl-16"/>
      </object_component>
      <object_component id="oc-cf">
         <name>.text:_GPIO_setDirection</name>
         <load_address>0x3f65e7</load_address>
         <run_address>0x3f65e7</run_address>
         <size>0x34</size>
         <input_file_ref idref="fl-f"/>
      </object_component>
      <object_component id="oc-cd">
         <name>.text:_GPIO_setPullUp</name>
         <load_address>0x3f661b</load_address>
         <run_address>0x3f661b</run_address>
         <size>0x34</size>
         <input_file_ref idref="fl-f"/>
      </object_component>
      <object_component id="oc-ce">
         <name>.text:_GPIO_setQualification</name>
         <load_address>0x3f664f</load_address>
         <run_address>0x3f664f</run_address>
         <size>0x2b</size>
         <input_file_ref idref="fl-f"/>
      </object_component>
      <object_component id="oc-8b">
         <name>.text</name>
         <load_address>0x3f667a</load_address>
         <run_address>0x3f667a</run_address>
         <size>0x25</size>
         <input_file_ref idref="fl-1a"/>
      </object_component>
      <object_component id="oc-c3">
         <name>.text</name>
         <load_address>0x3f669f</load_address>
         <run_address>0x3f669f</run_address>
         <size>0x21</size>
         <input_file_ref idref="fl-1d"/>
      </object_component>
      <object_component id="oc-3f">
         <name>.text:_epwm2_isr</name>
         <load_address>0x3f66c0</load_address>
         <run_address>0x3f66c0</run_address>
         <size>0x1f</size>
         <input_file_ref idref="fl-3"/>
      </object_component>
      <object_component id="oc-b4">
         <name>.text:_calculate_duty_cycle</name>
         <load_address>0x3f66df</load_address>
         <run_address>0x3f66df</run_address>
         <size>0x1d</size>
         <input_file_ref idref="fl-3"/>
      </object_component>
      <object_component id="oc-8f">
         <name>.text</name>
         <load_address>0x3f66fc</load_address>
         <run_address>0x3f66fc</run_address>
         <size>0x1d</size>
         <input_file_ref idref="fl-1b"/>
      </object_component>
      <object_component id="oc-93">
         <name>.text</name>
         <load_address>0x3f6719</load_address>
         <run_address>0x3f6719</run_address>
         <size>0x1a</size>
         <input_file_ref idref="fl-1c"/>
      </object_component>
      <object_component id="oc-af">
         <name>.text</name>
         <load_address>0x3f6733</load_address>
         <run_address>0x3f6733</run_address>
         <size>0x19</size>
         <input_file_ref idref="fl-20"/>
      </object_component>
      <object_component id="oc-b0">
         <name>.text</name>
         <load_address>0x3f674c</load_address>
         <run_address>0x3f674c</run_address>
         <size>0x19</size>
         <input_file_ref idref="fl-17"/>
      </object_component>
      <object_component id="oc-ad">
         <name>.text:_fullFrame</name>
         <load_address>0x3f6765</load_address>
         <run_address>0x3f6765</run_address>
         <size>0x16</size>
         <input_file_ref idref="fl-3"/>
      </object_component>
      <object_component id="oc-c2">
         <name>.text:_PLL_setup</name>
         <load_address>0x3f677b</load_address>
         <run_address>0x3f677b</run_address>
         <size>0x15</size>
         <input_file_ref idref="fl-d"/>
      </object_component>
      <object_component id="oc-c9">
         <name>.text:_PIE_enableAdcInt</name>
         <load_address>0x3f6790</load_address>
         <run_address>0x3f6790</run_address>
         <size>0x12</size>
         <input_file_ref idref="fl-e"/>
      </object_component>
      <object_component id="oc-6c">
         <name>.text</name>
         <load_address>0x3f67a2</load_address>
         <run_address>0x3f67a2</run_address>
         <size>0x12</size>
         <input_file_ref idref="fl-14"/>
      </object_component>
      <object_component id="oc-c6">
         <name>.text:_PIE_setDebugIntVectorTable</name>
         <load_address>0x3f67b4</load_address>
         <run_address>0x3f67b4</run_address>
         <size>0x11</size>
         <input_file_ref idref="fl-e"/>
      </object_component>
      <object_component id="oc-ae">
         <name>.text:_update_compare</name>
         <load_address>0x3f67c5</load_address>
         <run_address>0x3f67c5</run_address>
         <size>0x11</size>
         <input_file_ref idref="fl-3"/>
      </object_component>
      <object_component id="oc-9b">
         <name>.text</name>
         <load_address>0x3f67d6</load_address>
         <run_address>0x3f67d6</run_address>
         <size>0x10</size>
         <input_file_ref idref="fl-1e"/>
      </object_component>
      <object_component id="oc-aa">
         <name>.text:_PIE_disableAllInts</name>
         <load_address>0x3f67e6</load_address>
         <run_address>0x3f67e6</run_address>
         <size>0xf</size>
         <input_file_ref idref="fl-e"/>
      </object_component>
      <object_component id="oc-c8">
         <name>.text:_PIE_registerPieIntHandler</name>
         <load_address>0x3f67f5</load_address>
         <run_address>0x3f67f5</run_address>
         <size>0xf</size>
         <input_file_ref idref="fl-e"/>
      </object_component>
      <object_component id="oc-d0">
         <name>.text:_PIE_enablePwmInt</name>
         <load_address>0x3f6804</load_address>
         <run_address>0x3f6804</run_address>
         <size>0xd</size>
         <input_file_ref idref="fl-e"/>
      </object_component>
      <object_component id="oc-d4">
         <name>.text:_CLK_enablePwmClock</name>
         <load_address>0x3f6811</load_address>
         <run_address>0x3f6811</run_address>
         <size>0x9</size>
         <input_file_ref idref="fl-12"/>
      </object_component>
      <object_component id="oc-e4">
         <name>.text:_PWM_setActionQual_CntUp_CmpB_PwmB</name>
         <load_address>0x3f681a</load_address>
         <run_address>0x3f681a</run_address>
         <size>0x9</size>
         <input_file_ref idref="fl-c"/>
      </object_component>
      <object_component id="oc-b1">
         <name>.text</name>
         <load_address>0x3f6823</load_address>
         <run_address>0x3f6823</run_address>
         <size>0x9</size>
         <input_file_ref idref="fl-1f"/>
      </object_component>
      <object_component id="oc-b5">
         <name>.text:_ADC_init</name>
         <load_address>0x3f682c</load_address>
         <run_address>0x3f682c</run_address>
         <size>0x8</size>
         <input_file_ref idref="fl-13"/>
      </object_component>
      <object_component id="oc-ba">
         <name>.text:_PIE_init</name>
         <load_address>0x3f6834</load_address>
         <run_address>0x3f6834</run_address>
         <size>0x8</size>
         <input_file_ref idref="fl-e"/>
      </object_component>
      <object_component id="oc-bf">
         <name>.text:_WDOG_disable</name>
         <load_address>0x3f683c</load_address>
         <run_address>0x3f683c</run_address>
         <size>0x8</size>
         <input_file_ref idref="fl-a"/>
      </object_component>
      <object_component id="oc-d1">
         <name>.text:_CLK_disableTbClockSync</name>
         <load_address>0x3f6844</load_address>
         <run_address>0x3f6844</run_address>
         <size>0x7</size>
         <input_file_ref idref="fl-12"/>
      </object_component>
      <object_component id="oc-c0">
         <name>.text:_CLK_enableAdcClock</name>
         <load_address>0x3f684b</load_address>
         <run_address>0x3f684b</run_address>
         <size>0x7</size>
         <input_file_ref idref="fl-12"/>
      </object_component>
      <object_component id="oc-d3">
         <name>.text:_CLK_enableTbClockSync</name>
         <load_address>0x3f6852</load_address>
         <run_address>0x3f6852</run_address>
         <size>0x7</size>
         <input_file_ref idref="fl-12"/>
      </object_component>
      <object_component id="oc-b6">
         <name>.text:_CLK_init</name>
         <load_address>0x3f6859</load_address>
         <run_address>0x3f6859</run_address>
         <size>0x7</size>
         <input_file_ref idref="fl-12"/>
      </object_component>
      <object_component id="oc-c5">
         <name>.text:_CLK_setClkOutPreScaler</name>
         <load_address>0x3f6860</load_address>
         <run_address>0x3f6860</run_address>
         <size>0x7</size>
         <input_file_ref idref="fl-12"/>
      </object_component>
      <object_component id="oc-c1">
         <name>.text:_CLK_setOscSrc</name>
         <load_address>0x3f6867</load_address>
         <run_address>0x3f6867</run_address>
         <size>0x7</size>
         <input_file_ref idref="fl-12"/>
      </object_component>
      <object_component id="oc-b8">
         <name>.text:_FLASH_init</name>
         <load_address>0x3f686e</load_address>
         <run_address>0x3f686e</run_address>
         <size>0x7</size>
         <input_file_ref idref="fl-10"/>
      </object_component>
      <object_component id="oc-b9">
         <name>.text:_GPIO_init</name>
         <load_address>0x3f6875</load_address>
         <run_address>0x3f6875</run_address>
         <size>0x7</size>
         <input_file_ref idref="fl-f"/>
      </object_component>
      <object_component id="oc-bb">
         <name>.text:_PLL_init</name>
         <load_address>0x3f687c</load_address>
         <run_address>0x3f687c</run_address>
         <size>0x7</size>
         <input_file_ref idref="fl-d"/>
      </object_component>
      <object_component id="oc-d6">
         <name>.text:_PLL_setDivider</name>
         <load_address>0x3f6883</load_address>
         <run_address>0x3f6883</run_address>
         <size>0x7</size>
         <input_file_ref idref="fl-d"/>
      </object_component>
      <object_component id="oc-bd">
         <name>.text:_PWM_init</name>
         <load_address>0x3f688a</load_address>
         <run_address>0x3f688a</run_address>
         <size>0x7</size>
         <input_file_ref idref="fl-c"/>
      </object_component>
      <object_component id="oc-e3">
         <name>.text:_PWM_setActionQual_Zero_PwmB</name>
         <load_address>0x3f6891</load_address>
         <run_address>0x3f6891</run_address>
         <size>0x7</size>
         <input_file_ref idref="fl-c"/>
      </object_component>
      <object_component id="oc-e5">
         <name>.text:_PWM_setIntMode</name>
         <load_address>0x3f6898</load_address>
         <run_address>0x3f6898</run_address>
         <size>0x7</size>
         <input_file_ref idref="fl-c"/>
      </object_component>
      <object_component id="oc-e7">
         <name>.text:_PWM_setIntPeriod</name>
         <load_address>0x3f689f</load_address>
         <run_address>0x3f689f</run_address>
         <size>0x7</size>
         <input_file_ref idref="fl-c"/>
      </object_component>
      <object_component id="oc-bc">
         <name>.text:_SCI_init</name>
         <load_address>0x3f68a6</load_address>
         <run_address>0x3f68a6</run_address>
         <size>0x7</size>
         <input_file_ref idref="fl-b"/>
      </object_component>
      <object_component id="oc-be">
         <name>.text:_WDOG_init</name>
         <load_address>0x3f68ad</load_address>
         <run_address>0x3f68ad</run_address>
         <size>0x7</size>
         <input_file_ref idref="fl-a"/>
      </object_component>
      <object_component id="oc-d7">
         <name>.text:_PLL_setMultiplier</name>
         <load_address>0x3f68b4</load_address>
         <run_address>0x3f68b4</run_address>
         <size>0x6</size>
         <input_file_ref idref="fl-d"/>
      </object_component>
      <object_component id="oc-e2">
         <name>.text:_PWM_setLoadMode_CmpB</name>
         <load_address>0x3f68ba</load_address>
         <run_address>0x3f68ba</run_address>
         <size>0x6</size>
         <input_file_ref idref="fl-c"/>
      </object_component>
      <object_component id="oc-e1">
         <name>.text:_PWM_setShadowMode_CmpB</name>
         <load_address>0x3f68c0</load_address>
         <run_address>0x3f68c0</run_address>
         <size>0x6</size>
         <input_file_ref idref="fl-c"/>
      </object_component>
      <object_component id="oc-fc">
         <name>.text:_ADCINT1_ISR</name>
         <load_address>0x3f68c6</load_address>
         <run_address>0x3f68c6</run_address>
         <size>0x5</size>
         <input_file_ref idref="fl-15"/>
      </object_component>
      <object_component id="oc-fd">
         <name>.text:_ADCINT2_ISR</name>
         <load_address>0x3f68cb</load_address>
         <run_address>0x3f68cb</run_address>
         <size>0x5</size>
         <input_file_ref idref="fl-15"/>
      </object_component>
      <object_component id="oc-111">
         <name>.text:_ADCINT3_ISR</name>
         <load_address>0x3f68d0</load_address>
         <run_address>0x3f68d0</run_address>
         <size>0x5</size>
         <input_file_ref idref="fl-15"/>
      </object_component>
      <object_component id="oc-112">
         <name>.text:_ADCINT4_ISR</name>
         <load_address>0x3f68d5</load_address>
         <run_address>0x3f68d5</run_address>
         <size>0x5</size>
         <input_file_ref idref="fl-15"/>
      </object_component>
      <object_component id="oc-113">
         <name>.text:_ADCINT5_ISR</name>
         <load_address>0x3f68da</load_address>
         <run_address>0x3f68da</run_address>
         <size>0x5</size>
         <input_file_ref idref="fl-15"/>
      </object_component>
      <object_component id="oc-114">
         <name>.text:_ADCINT6_ISR</name>
         <load_address>0x3f68df</load_address>
         <run_address>0x3f68df</run_address>
         <size>0x5</size>
         <input_file_ref idref="fl-15"/>
      </object_component>
      <object_component id="oc-115">
         <name>.text:_ADCINT7_ISR</name>
         <load_address>0x3f68e4</load_address>
         <run_address>0x3f68e4</run_address>
         <size>0x5</size>
         <input_file_ref idref="fl-15"/>
      </object_component>
      <object_component id="oc-116">
         <name>.text:_ADCINT8_ISR</name>
         <load_address>0x3f68e9</load_address>
         <run_address>0x3f68e9</run_address>
         <size>0x5</size>
         <input_file_ref idref="fl-15"/>
      </object_component>
      <object_component id="oc-101">
         <name>.text:_ADCINT9_ISR</name>
         <load_address>0x3f68ee</load_address>
         <run_address>0x3f68ee</run_address>
         <size>0x5</size>
         <input_file_ref idref="fl-15"/>
      </object_component>
      <object_component id="oc-eb">
         <name>.text:_DATALOG_ISR</name>
         <load_address>0x3f68f3</load_address>
         <run_address>0x3f68f3</run_address>
         <size>0x5</size>
         <input_file_ref idref="fl-15"/>
      </object_component>
      <object_component id="oc-10a">
         <name>.text:_ECAP1_INT_ISR</name>
         <load_address>0x3f68f8</load_address>
         <run_address>0x3f68f8</run_address>
         <size>0x5</size>
         <input_file_ref idref="fl-15"/>
      </object_component>
      <object_component id="oc-ed">
         <name>.text:_EMUINT_ISR</name>
         <load_address>0x3f68fd</load_address>
         <run_address>0x3f68fd</run_address>
         <size>0x5</size>
         <input_file_ref idref="fl-15"/>
      </object_component>
      <object_component id="oc-107">
         <name>.text:_EPWM1_INT_ISR</name>
         <load_address>0x3f6902</load_address>
         <run_address>0x3f6902</run_address>
         <size>0x5</size>
         <input_file_ref idref="fl-15"/>
      </object_component>
      <object_component id="oc-104">
         <name>.text:_EPWM1_TZINT_ISR</name>
         <load_address>0x3f6907</load_address>
         <run_address>0x3f6907</run_address>
         <size>0x5</size>
         <input_file_ref idref="fl-15"/>
      </object_component>
      <object_component id="oc-108">
         <name>.text:_EPWM2_INT_ISR</name>
         <load_address>0x3f690c</load_address>
         <run_address>0x3f690c</run_address>
         <size>0x5</size>
         <input_file_ref idref="fl-15"/>
      </object_component>
      <object_component id="oc-105">
         <name>.text:_EPWM2_TZINT_ISR</name>
         <load_address>0x3f6911</load_address>
         <run_address>0x3f6911</run_address>
         <size>0x5</size>
         <input_file_ref idref="fl-15"/>
      </object_component>
      <object_component id="oc-109">
         <name>.text:_EPWM3_INT_ISR</name>
         <load_address>0x3f6916</load_address>
         <run_address>0x3f6916</run_address>
         <size>0x5</size>
         <input_file_ref idref="fl-15"/>
      </object_component>
      <object_component id="oc-106">
         <name>.text:_EPWM3_TZINT_ISR</name>
         <load_address>0x3f691b</load_address>
         <run_address>0x3f691b</run_address>
         <size>0x5</size>
         <input_file_ref idref="fl-15"/>
      </object_component>
      <object_component id="oc-10d">
         <name>.text:_I2CINT1A_ISR</name>
         <load_address>0x3f6920</load_address>
         <run_address>0x3f6920</run_address>
         <size>0x5</size>
         <input_file_ref idref="fl-15"/>
      </object_component>
      <object_component id="oc-10e">
         <name>.text:_I2CINT2A_ISR</name>
         <load_address>0x3f6925</load_address>
         <run_address>0x3f6925</run_address>
         <size>0x5</size>
         <input_file_ref idref="fl-15"/>
      </object_component>
      <object_component id="oc-ef">
         <name>.text:_ILLEGAL_ISR</name>
         <load_address>0x3f692a</load_address>
         <run_address>0x3f692a</run_address>
         <size>0x5</size>
         <input_file_ref idref="fl-15"/>
      </object_component>
      <object_component id="oc-e9">
         <name>.text:_INT13_ISR</name>
         <load_address>0x3f692f</load_address>
         <run_address>0x3f692f</run_address>
         <size>0x5</size>
         <input_file_ref idref="fl-15"/>
      </object_component>
      <object_component id="oc-ea">
         <name>.text:_INT14_ISR</name>
         <load_address>0x3f6934</load_address>
         <run_address>0x3f6934</run_address>
         <size>0x5</size>
         <input_file_ref idref="fl-15"/>
      </object_component>
      <object_component id="oc-ee">
         <name>.text:_NMI_ISR</name>
         <load_address>0x3f6939</load_address>
         <run_address>0x3f6939</run_address>
         <size>0x5</size>
         <input_file_ref idref="fl-15"/>
      </object_component>
      <object_component id="oc-e8">
         <name>.text:_PIE_RESERVED</name>
         <load_address>0x3f693e</load_address>
         <run_address>0x3f693e</run_address>
         <size>0x5</size>
         <input_file_ref idref="fl-15"/>
      </object_component>
      <object_component id="oc-ec">
         <name>.text:_RTOSINT_ISR</name>
         <load_address>0x3f6943</load_address>
         <run_address>0x3f6943</run_address>
         <size>0x5</size>
         <input_file_ref idref="fl-15"/>
      </object_component>
      <object_component id="oc-10f">
         <name>.text:_SCIRXINTA_ISR</name>
         <load_address>0x3f6948</load_address>
         <run_address>0x3f6948</run_address>
         <size>0x5</size>
         <input_file_ref idref="fl-15"/>
      </object_component>
      <object_component id="oc-110">
         <name>.text:_SCITXINTA_ISR</name>
         <load_address>0x3f694d</load_address>
         <run_address>0x3f694d</run_address>
         <size>0x5</size>
         <input_file_ref idref="fl-15"/>
      </object_component>
      <object_component id="oc-10b">
         <name>.text:_SPIRXINTA_ISR</name>
         <load_address>0x3f6952</load_address>
         <run_address>0x3f6952</run_address>
         <size>0x5</size>
         <input_file_ref idref="fl-15"/>
      </object_component>
      <object_component id="oc-10c">
         <name>.text:_SPITXINTA_ISR</name>
         <load_address>0x3f6957</load_address>
         <run_address>0x3f6957</run_address>
         <size>0x5</size>
         <input_file_ref idref="fl-15"/>
      </object_component>
      <object_component id="oc-102">
         <name>.text:_TINT0_ISR</name>
         <load_address>0x3f695c</load_address>
         <run_address>0x3f695c</run_address>
         <size>0x5</size>
         <input_file_ref idref="fl-15"/>
      </object_component>
      <object_component id="oc-f9">
         <name>.text:_USER10_ISR</name>
         <load_address>0x3f6961</load_address>
         <run_address>0x3f6961</run_address>
         <size>0x5</size>
         <input_file_ref idref="fl-15"/>
      </object_component>
      <object_component id="oc-fa">
         <name>.text:_USER11_ISR</name>
         <load_address>0x3f6966</load_address>
         <run_address>0x3f6966</run_address>
         <size>0x5</size>
         <input_file_ref idref="fl-15"/>
      </object_component>
      <object_component id="oc-fb">
         <name>.text:_USER12_ISR</name>
         <load_address>0x3f696b</load_address>
         <run_address>0x3f696b</run_address>
         <size>0x5</size>
         <input_file_ref idref="fl-15"/>
      </object_component>
      <object_component id="oc-f0">
         <name>.text:_USER1_ISR</name>
         <load_address>0x3f6970</load_address>
         <run_address>0x3f6970</run_address>
         <size>0x5</size>
         <input_file_ref idref="fl-15"/>
      </object_component>
      <object_component id="oc-f1">
         <name>.text:_USER2_ISR</name>
         <load_address>0x3f6975</load_address>
         <run_address>0x3f6975</run_address>
         <size>0x5</size>
         <input_file_ref idref="fl-15"/>
      </object_component>
      <object_component id="oc-f2">
         <name>.text:_USER3_ISR</name>
         <load_address>0x3f697a</load_address>
         <run_address>0x3f697a</run_address>
         <size>0x5</size>
         <input_file_ref idref="fl-15"/>
      </object_component>
      <object_component id="oc-f3">
         <name>.text:_USER4_ISR</name>
         <load_address>0x3f697f</load_address>
         <run_address>0x3f697f</run_address>
         <size>0x5</size>
         <input_file_ref idref="fl-15"/>
      </object_component>
      <object_component id="oc-f4">
         <name>.text:_USER5_ISR</name>
         <load_address>0x3f6984</load_address>
         <run_address>0x3f6984</run_address>
         <size>0x5</size>
         <input_file_ref idref="fl-15"/>
      </object_component>
      <object_component id="oc-f5">
         <name>.text:_USER6_ISR</name>
         <load_address>0x3f6989</load_address>
         <run_address>0x3f6989</run_address>
         <size>0x5</size>
         <input_file_ref idref="fl-15"/>
      </object_component>
      <object_component id="oc-f6">
         <name>.text:_USER7_ISR</name>
         <load_address>0x3f698e</load_address>
         <run_address>0x3f698e</run_address>
         <size>0x5</size>
         <input_file_ref idref="fl-15"/>
      </object_component>
      <object_component id="oc-f7">
         <name>.text:_USER8_ISR</name>
         <load_address>0x3f6993</load_address>
         <run_address>0x3f6993</run_address>
         <size>0x5</size>
         <input_file_ref idref="fl-15"/>
      </object_component>
      <object_component id="oc-f8">
         <name>.text:_USER9_ISR</name>
         <load_address>0x3f6998</load_address>
         <run_address>0x3f6998</run_address>
         <size>0x5</size>
         <input_file_ref idref="fl-15"/>
      </object_component>
      <object_component id="oc-103">
         <name>.text:_WAKEINT_ISR</name>
         <load_address>0x3f699d</load_address>
         <run_address>0x3f699d</run_address>
         <size>0x5</size>
         <input_file_ref idref="fl-15"/>
      </object_component>
      <object_component id="oc-ff">
         <name>.text:_XINT1_ISR</name>
         <load_address>0x3f69a2</load_address>
         <run_address>0x3f69a2</run_address>
         <size>0x5</size>
         <input_file_ref idref="fl-15"/>
      </object_component>
      <object_component id="oc-100">
         <name>.text:_XINT2_ISR</name>
         <load_address>0x3f69a7</load_address>
         <run_address>0x3f69a7</run_address>
         <size>0x5</size>
         <input_file_ref idref="fl-15"/>
      </object_component>
      <object_component id="oc-117">
         <name>.text:_XINT3_ISR</name>
         <load_address>0x3f69ac</load_address>
         <run_address>0x3f69ac</run_address>
         <size>0x5</size>
         <input_file_ref idref="fl-15"/>
      </object_component>
      <object_component id="oc-fe">
         <name>.text:_rsvd_ISR</name>
         <load_address>0x3f69b1</load_address>
         <run_address>0x3f69b1</run_address>
         <size>0x5</size>
         <input_file_ref idref="fl-15"/>
      </object_component>
      <object_component id="oc-ca">
         <name>.text:_CPU_enableInt</name>
         <load_address>0x3f69b6</load_address>
         <run_address>0x3f69b6</run_address>
         <size>0x4</size>
         <input_file_ref idref="fl-11"/>
      </object_component>
      <object_component id="oc-b7">
         <name>.text:_CPU_init</name>
         <load_address>0x3f69ba</load_address>
         <run_address>0x3f69ba</run_address>
         <size>0x4</size>
         <input_file_ref idref="fl-11"/>
      </object_component>
      <object_component id="oc-e6">
         <name>.text:_PWM_enableInt</name>
         <load_address>0x3f69be</load_address>
         <run_address>0x3f69be</run_address>
         <size>0x4</size>
         <input_file_ref idref="fl-c"/>
      </object_component>
      <object_component id="oc-e0">
         <name>.text:_PWM_setClkDiv</name>
         <load_address>0x3f69c2</load_address>
         <run_address>0x3f69c2</run_address>
         <size>0x4</size>
         <input_file_ref idref="fl-c"/>
      </object_component>
      <object_component id="oc-dd">
         <name>.text:_PWM_setCounterMode</name>
         <load_address>0x3f69c6</load_address>
         <run_address>0x3f69c6</run_address>
         <size>0x4</size>
         <input_file_ref idref="fl-c"/>
      </object_component>
      <object_component id="oc-df">
         <name>.text:_PWM_setHighSpeedClkDiv</name>
         <load_address>0x3f69ca</load_address>
         <run_address>0x3f69ca</run_address>
         <size>0x4</size>
         <input_file_ref idref="fl-c"/>
      </object_component>
      <object_component id="oc-ac">
         <name>.text:_CPU_clearIntFlags</name>
         <load_address>0x3f69ce</load_address>
         <run_address>0x3f69ce</run_address>
         <size>0x3</size>
         <input_file_ref idref="fl-11"/>
      </object_component>
      <object_component id="oc-ab">
         <name>.text:_CPU_disableGlobalInts</name>
         <load_address>0x3f69d1</load_address>
         <run_address>0x3f69d1</run_address>
         <size>0x3</size>
         <input_file_ref idref="fl-11"/>
      </object_component>
      <object_component id="oc-cc">
         <name>.text:_CPU_enableDebugInt</name>
         <load_address>0x3f69d4</load_address>
         <run_address>0x3f69d4</run_address>
         <size>0x3</size>
         <input_file_ref idref="fl-11"/>
      </object_component>
      <object_component id="oc-cb">
         <name>.text:_CPU_enableGlobalInts</name>
         <load_address>0x3f69d7</load_address>
         <run_address>0x3f69d7</run_address>
         <size>0x3</size>
         <input_file_ref idref="fl-11"/>
      </object_component>
      <object_component id="oc-a9">
         <name>.text:_PIE_disable</name>
         <load_address>0x3f69da</load_address>
         <run_address>0x3f69da</run_address>
         <size>0x3</size>
         <input_file_ref idref="fl-e"/>
      </object_component>
      <object_component id="oc-c7">
         <name>.text:_PIE_enable</name>
         <load_address>0x3f69dd</load_address>
         <run_address>0x3f69dd</run_address>
         <size>0x3</size>
         <input_file_ref idref="fl-e"/>
      </object_component>
      <object_component id="oc-d5">
         <name>.text:_PLL_getClkStatus</name>
         <load_address>0x3f69e0</load_address>
         <run_address>0x3f69e0</run_address>
         <size>0x3</size>
         <input_file_ref idref="fl-d"/>
      </object_component>
      <object_component id="oc-d8">
         <name>.text:_PLL_getLockStatus</name>
         <load_address>0x3f69e3</load_address>
         <run_address>0x3f69e3</run_address>
         <size>0x3</size>
         <input_file_ref idref="fl-d"/>
      </object_component>
      <object_component id="oc-de">
         <name>.text:_PWM_disableCounterLoad</name>
         <load_address>0x3f69e6</load_address>
         <run_address>0x3f69e6</run_address>
         <size>0x3</size>
         <input_file_ref idref="fl-c"/>
      </object_component>
      <object_component id="oc-dc">
         <name>.text:_PWM_setCount</name>
         <load_address>0x3f69e9</load_address>
         <run_address>0x3f69e9</run_address>
         <size>0x2</size>
         <input_file_ref idref="fl-c"/>
      </object_component>
      <object_component id="oc-da">
         <name>.text:_PWM_setPeriod</name>
         <load_address>0x3f69eb</load_address>
         <run_address>0x3f69eb</run_address>
         <size>0x2</size>
         <input_file_ref idref="fl-c"/>
      </object_component>
      <object_component id="oc-db">
         <name>.text:_PWM_setPhase</name>
         <load_address>0x3f69ed</load_address>
         <run_address>0x3f69ed</run_address>
         <size>0x2</size>
         <input_file_ref idref="fl-c"/>
      </object_component>
      <object_component id="oc-37">
         <name>codestart</name>
         <load_address>0x3f7ff6</load_address>
         <run_address>0x3f7ff6</run_address>
         <size>0x2</size>
         <input_file_ref idref="fl-14"/>
      </object_component>
      <object_component id="oc-6d">
         <name>ramfuncs</name>
         <load_address>0x3f6206</load_address>
         <run_address>0x8000</run_address>
         <size>0x4</size>
         <input_file_ref idref="fl-14"/>
      </object_component>
      <object_component id="oc-6e">
         <name>csmpasswds</name>
         <load_address>0x3f7ff8</load_address>
         <run_address>0x3f7ff8</run_address>
         <size>0x8</size>
         <input_file_ref idref="fl-14"/>
      </object_component>
      <object_component id="oc-6f">
         <name>csm_rsvd</name>
         <load_address>0x3f7f80</load_address>
         <run_address>0x3f7f80</run_address>
         <size>0x76</size>
         <input_file_ref idref="fl-14"/>
      </object_component>
      <object_component id="oc-78">
         <name>.stack</name>
         <uninitialized>true</uninitialized>
         <run_address>0x50</run_address>
         <size>0x0</size>
         <input_file_ref idref="fl-16"/>
      </object_component>
      <object_component id="oc-154">
         <name>.stack</name>
         <uninitialized>true</uninitialized>
         <run_address>0x50</run_address>
         <size>0x0</size>
      </object_component>
      <object_component id="oc-3c">
         <name>.ebss</name>
         <uninitialized>true</uninitialized>
         <run_address>0x8800</run_address>
         <size>0x73c</size>
         <input_file_ref idref="fl-3"/>
      </object_component>
      <object_component id="oc-60">
         <name>.ebss</name>
         <uninitialized>true</uninitialized>
         <run_address>0x8f44</run_address>
         <size>0x1</size>
         <input_file_ref idref="fl-11"/>
      </object_component>
      <object_component id="oc-7f">
         <name>.ebss</name>
         <uninitialized>true</uninitialized>
         <run_address>0x8f40</run_address>
         <size>0x4</size>
         <input_file_ref idref="fl-17"/>
      </object_component>
      <object_component id="oc-a1">
         <name>.ebss</name>
         <uninitialized>true</uninitialized>
         <run_address>0x8f3c</run_address>
         <size>0x4</size>
         <input_file_ref idref="fl-1f"/>
      </object_component>
      <object_component id="oc-d9">
         <name>.econst:_PIE_tableDebugInit</name>
         <load_address>0x3f6000</load_address>
         <run_address>0x3f6000</run_address>
         <size>0x100</size>
         <input_file_ref idref="fl-e"/>
      </object_component>
      <object_component id="oc-b3">
         <name>.econst:_sine256Q15</name>
         <load_address>0x3f6100</load_address>
         <run_address>0x3f6100</run_address>
         <size>0x100</size>
         <input_file_ref idref="fl-2"/>
      </object_component>
      <object_component id="oc-3d">
         <name>.econst</name>
         <load_address>0x3f6200</load_address>
         <run_address>0x3f6200</run_address>
         <size>0x6</size>
         <input_file_ref idref="fl-3"/>
      </object_component>
      <object_component id="oc-79">
         <name>.reset</name>
         <load_address>0x3fffc0</load_address>
         <run_address>0x3fffc0</run_address>
         <size>0x2</size>
         <input_file_ref idref="fl-16"/>
      </object_component>
      <object_component id="oc-38">
         <name>.debug_info</name>
         <load_address>0x0</load_address>
         <run_address>0x0</run_address>
         <size>0x2f7</size>
         <input_file_ref idref="fl-2"/>
      </object_component>
      <object_component id="oc-3a">
         <name>.debug_info</name>
         <load_address>0x2f7</load_address>
         <run_address>0x2f7</run_address>
         <size>0x5797</size>
         <input_file_ref idref="fl-3"/>
      </object_component>
      <object_component id="oc-43">
         <name>.debug_info</name>
         <load_address>0x5a8e</load_address>
         <run_address>0x5a8e</run_address>
         <size>0x7f6</size>
         <input_file_ref idref="fl-a"/>
      </object_component>
      <object_component id="oc-47">
         <name>.debug_info</name>
         <load_address>0x6284</load_address>
         <run_address>0x6284</run_address>
         <size>0xa5d</size>
         <input_file_ref idref="fl-b"/>
      </object_component>
      <object_component id="oc-4b">
         <name>.debug_info</name>
         <load_address>0x6ce1</load_address>
         <run_address>0x6ce1</run_address>
         <size>0x3679</size>
         <input_file_ref idref="fl-c"/>
      </object_component>
      <object_component id="oc-4f">
         <name>.debug_info</name>
         <load_address>0xa35a</load_address>
         <run_address>0xa35a</run_address>
         <size>0xed2</size>
         <input_file_ref idref="fl-d"/>
      </object_component>
      <object_component id="oc-53">
         <name>.debug_info</name>
         <load_address>0xb22c</load_address>
         <run_address>0xb22c</run_address>
         <size>0x2f3f</size>
         <input_file_ref idref="fl-e"/>
      </object_component>
      <object_component id="oc-57">
         <name>.debug_info</name>
         <load_address>0xe16b</load_address>
         <run_address>0xe16b</run_address>
         <size>0x1c71</size>
         <input_file_ref idref="fl-f"/>
      </object_component>
      <object_component id="oc-5b">
         <name>.debug_info</name>
         <load_address>0xfddc</load_address>
         <run_address>0xfddc</run_address>
         <size>0xcaf</size>
         <input_file_ref idref="fl-10"/>
      </object_component>
      <object_component id="oc-5f">
         <name>.debug_info</name>
         <load_address>0x10a8b</load_address>
         <run_address>0x10a8b</run_address>
         <size>0xb3e</size>
         <input_file_ref idref="fl-11"/>
      </object_component>
      <object_component id="oc-64">
         <name>.debug_info</name>
         <load_address>0x115c9</load_address>
         <run_address>0x115c9</run_address>
         <size>0x120e</size>
         <input_file_ref idref="fl-12"/>
      </object_component>
      <object_component id="oc-68">
         <name>.debug_info</name>
         <load_address>0x127d7</load_address>
         <run_address>0x127d7</run_address>
         <size>0x1c94</size>
         <input_file_ref idref="fl-13"/>
      </object_component>
      <object_component id="oc-70">
         <name>.debug_info</name>
         <load_address>0x1446b</load_address>
         <run_address>0x1446b</run_address>
         <size>0x329</size>
         <input_file_ref idref="fl-14"/>
      </object_component>
      <object_component id="oc-73">
         <name>.debug_info</name>
         <load_address>0x14794</load_address>
         <run_address>0x14794</run_address>
         <size>0x5348</size>
         <input_file_ref idref="fl-15"/>
      </object_component>
      <object_component id="oc-7a">
         <name>.debug_info</name>
         <load_address>0x19adc</load_address>
         <run_address>0x19adc</run_address>
         <size>0xde</size>
         <input_file_ref idref="fl-16"/>
      </object_component>
      <object_component id="oc-7d">
         <name>.debug_info</name>
         <load_address>0x19bba</load_address>
         <run_address>0x19bba</run_address>
         <size>0x3d6</size>
         <input_file_ref idref="fl-17"/>
      </object_component>
      <object_component id="oc-84">
         <name>.debug_info</name>
         <load_address>0x19f90</load_address>
         <run_address>0x19f90</run_address>
         <size>0xc0</size>
         <input_file_ref idref="fl-18"/>
      </object_component>
      <object_component id="oc-88">
         <name>.debug_info</name>
         <load_address>0x1a050</load_address>
         <run_address>0x1a050</run_address>
         <size>0xc0</size>
         <input_file_ref idref="fl-19"/>
      </object_component>
      <object_component id="oc-8c">
         <name>.debug_info</name>
         <load_address>0x1a110</load_address>
         <run_address>0x1a110</run_address>
         <size>0xcc</size>
         <input_file_ref idref="fl-1a"/>
      </object_component>
      <object_component id="oc-90">
         <name>.debug_info</name>
         <load_address>0x1a1dc</load_address>
         <run_address>0x1a1dc</run_address>
         <size>0xcc</size>
         <input_file_ref idref="fl-1b"/>
      </object_component>
      <object_component id="oc-94">
         <name>.debug_info</name>
         <load_address>0x1a2a8</load_address>
         <run_address>0x1a2a8</run_address>
         <size>0xc6</size>
         <input_file_ref idref="fl-1c"/>
      </object_component>
      <object_component id="oc-97">
         <name>.debug_info</name>
         <load_address>0x1a36e</load_address>
         <run_address>0x1a36e</run_address>
         <size>0x3a3</size>
         <input_file_ref idref="fl-1d"/>
      </object_component>
      <object_component id="oc-9c">
         <name>.debug_info</name>
         <load_address>0x1a711</load_address>
         <run_address>0x1a711</run_address>
         <size>0xc0</size>
         <input_file_ref idref="fl-1e"/>
      </object_component>
      <object_component id="oc-9f">
         <name>.debug_info</name>
         <load_address>0x1a7d1</load_address>
         <run_address>0x1a7d1</run_address>
         <size>0x3fc</size>
         <input_file_ref idref="fl-1f"/>
      </object_component>
      <object_component id="oc-a5">
         <name>.debug_info</name>
         <load_address>0x1abcd</load_address>
         <run_address>0x1abcd</run_address>
         <size>0x3bd</size>
         <input_file_ref idref="fl-20"/>
      </object_component>
      <object_component id="oc-156">
         <name>.debug_info</name>
         <load_address>0x1af8a</load_address>
         <run_address>0x1af8a</run_address>
         <size>0x6f</size>
      </object_component>
      <object_component id="oc-39">
         <name>.debug_abbrev</name>
         <load_address>0x0</load_address>
         <run_address>0x0</run_address>
         <size>0x59</size>
         <input_file_ref idref="fl-2"/>
      </object_component>
      <object_component id="oc-42">
         <name>.debug_abbrev</name>
         <load_address>0x59</load_address>
         <run_address>0x59</run_address>
         <size>0x258</size>
         <input_file_ref idref="fl-3"/>
      </object_component>
      <object_component id="oc-46">
         <name>.debug_abbrev</name>
         <load_address>0x2b1</load_address>
         <run_address>0x2b1</run_address>
         <size>0x113</size>
         <input_file_ref idref="fl-a"/>
      </object_component>
      <object_component id="oc-4a">
         <name>.debug_abbrev</name>
         <load_address>0x3c4</load_address>
         <run_address>0x3c4</run_address>
         <size>0x183</size>
         <input_file_ref idref="fl-b"/>
      </object_component>
      <object_component id="oc-4e">
         <name>.debug_abbrev</name>
         <load_address>0x547</load_address>
         <run_address>0x547</run_address>
         <size>0x168</size>
         <input_file_ref idref="fl-c"/>
      </object_component>
      <object_component id="oc-52">
         <name>.debug_abbrev</name>
         <load_address>0x6af</load_address>
         <run_address>0x6af</run_address>
         <size>0x191</size>
         <input_file_ref idref="fl-d"/>
      </object_component>
      <object_component id="oc-56">
         <name>.debug_abbrev</name>
         <load_address>0x840</load_address>
         <run_address>0x840</run_address>
         <size>0x1f6</size>
         <input_file_ref idref="fl-e"/>
      </object_component>
      <object_component id="oc-5a">
         <name>.debug_abbrev</name>
         <load_address>0xa36</load_address>
         <run_address>0xa36</run_address>
         <size>0x15d</size>
         <input_file_ref idref="fl-f"/>
      </object_component>
      <object_component id="oc-5e">
         <name>.debug_abbrev</name>
         <load_address>0xb93</load_address>
         <run_address>0xb93</run_address>
         <size>0x162</size>
         <input_file_ref idref="fl-10"/>
      </object_component>
      <object_component id="oc-63">
         <name>.debug_abbrev</name>
         <load_address>0xcf5</load_address>
         <run_address>0xcf5</run_address>
         <size>0x113</size>
         <input_file_ref idref="fl-11"/>
      </object_component>
      <object_component id="oc-67">
         <name>.debug_abbrev</name>
         <load_address>0xe08</load_address>
         <run_address>0xe08</run_address>
         <size>0x166</size>
         <input_file_ref idref="fl-12"/>
      </object_component>
      <object_component id="oc-6b">
         <name>.debug_abbrev</name>
         <load_address>0xf6e</load_address>
         <run_address>0xf6e</run_address>
         <size>0x181</size>
         <input_file_ref idref="fl-13"/>
      </object_component>
      <object_component id="oc-72">
         <name>.debug_abbrev</name>
         <load_address>0x10ef</load_address>
         <run_address>0x10ef</run_address>
         <size>0x3b</size>
         <input_file_ref idref="fl-14"/>
      </object_component>
      <object_component id="oc-76">
         <name>.debug_abbrev</name>
         <load_address>0x112a</load_address>
         <run_address>0x112a</run_address>
         <size>0xdc</size>
         <input_file_ref idref="fl-15"/>
      </object_component>
      <object_component id="oc-7c">
         <name>.debug_abbrev</name>
         <load_address>0x1206</load_address>
         <run_address>0x1206</run_address>
         <size>0x43</size>
         <input_file_ref idref="fl-16"/>
      </object_component>
      <object_component id="oc-82">
         <name>.debug_abbrev</name>
         <load_address>0x1249</load_address>
         <run_address>0x1249</run_address>
         <size>0x10c</size>
         <input_file_ref idref="fl-17"/>
      </object_component>
      <object_component id="oc-86">
         <name>.debug_abbrev</name>
         <load_address>0x1355</load_address>
         <run_address>0x1355</run_address>
         <size>0x35</size>
         <input_file_ref idref="fl-18"/>
      </object_component>
      <object_component id="oc-8a">
         <name>.debug_abbrev</name>
         <load_address>0x138a</load_address>
         <run_address>0x138a</run_address>
         <size>0x35</size>
         <input_file_ref idref="fl-19"/>
      </object_component>
      <object_component id="oc-8e">
         <name>.debug_abbrev</name>
         <load_address>0x13bf</load_address>
         <run_address>0x13bf</run_address>
         <size>0x35</size>
         <input_file_ref idref="fl-1a"/>
      </object_component>
      <object_component id="oc-92">
         <name>.debug_abbrev</name>
         <load_address>0x13f4</load_address>
         <run_address>0x13f4</run_address>
         <size>0x35</size>
         <input_file_ref idref="fl-1b"/>
      </object_component>
      <object_component id="oc-96">
         <name>.debug_abbrev</name>
         <load_address>0x1429</load_address>
         <run_address>0x1429</run_address>
         <size>0x35</size>
         <input_file_ref idref="fl-1c"/>
      </object_component>
      <object_component id="oc-9a">
         <name>.debug_abbrev</name>
         <load_address>0x145e</load_address>
         <run_address>0x145e</run_address>
         <size>0xa6</size>
         <input_file_ref idref="fl-1d"/>
      </object_component>
      <object_component id="oc-9e">
         <name>.debug_abbrev</name>
         <load_address>0x1504</load_address>
         <run_address>0x1504</run_address>
         <size>0x35</size>
         <input_file_ref idref="fl-1e"/>
      </object_component>
      <object_component id="oc-a4">
         <name>.debug_abbrev</name>
         <load_address>0x1539</load_address>
         <run_address>0x1539</run_address>
         <size>0xa9</size>
         <input_file_ref idref="fl-1f"/>
      </object_component>
      <object_component id="oc-a8">
         <name>.debug_abbrev</name>
         <load_address>0x15e2</load_address>
         <run_address>0x15e2</run_address>
         <size>0xed</size>
         <input_file_ref idref="fl-20"/>
      </object_component>
      <object_component id="oc-157">
         <name>.debug_abbrev</name>
         <load_address>0x16cf</load_address>
         <run_address>0x16cf</run_address>
         <size>0xd</size>
      </object_component>
      <object_component id="oc-40">
         <name>.debug_frame</name>
         <load_address>0x0</load_address>
         <run_address>0x0</run_address>
         <size>0x1cc</size>
         <input_file_ref idref="fl-3"/>
      </object_component>
      <object_component id="oc-44">
         <name>.debug_frame</name>
         <load_address>0x1cc</load_address>
         <run_address>0x1cc</run_address>
         <size>0x92</size>
         <input_file_ref idref="fl-a"/>
      </object_component>
      <object_component id="oc-48">
         <name>.debug_frame</name>
         <load_address>0x25e</load_address>
         <run_address>0x25e</run_address>
         <size>0x7a</size>
         <input_file_ref idref="fl-b"/>
      </object_component>
      <object_component id="oc-4c">
         <name>.debug_frame</name>
         <load_address>0x2d8</load_address>
         <run_address>0x2d8</run_address>
         <size>0x1ca</size>
         <input_file_ref idref="fl-c"/>
      </object_component>
      <object_component id="oc-50">
         <name>.debug_frame</name>
         <load_address>0x4a2</load_address>
         <run_address>0x4a2</run_address>
         <size>0xf2</size>
         <input_file_ref idref="fl-d"/>
      </object_component>
      <object_component id="oc-54">
         <name>.debug_frame</name>
         <load_address>0x594</load_address>
         <run_address>0x594</run_address>
         <size>0x122</size>
         <input_file_ref idref="fl-e"/>
      </object_component>
      <object_component id="oc-58">
         <name>.debug_frame</name>
         <load_address>0x6b6</load_address>
         <run_address>0x6b6</run_address>
         <size>0xda</size>
         <input_file_ref idref="fl-f"/>
      </object_component>
      <object_component id="oc-5c">
         <name>.debug_frame</name>
         <load_address>0x790</load_address>
         <run_address>0x790</run_address>
         <size>0x7a</size>
         <input_file_ref idref="fl-10"/>
      </object_component>
      <object_component id="oc-61">
         <name>.debug_frame</name>
         <load_address>0x80a</load_address>
         <run_address>0x80a</run_address>
         <size>0xf2</size>
         <input_file_ref idref="fl-11"/>
      </object_component>
      <object_component id="oc-65">
         <name>.debug_frame</name>
         <load_address>0x8fc</load_address>
         <run_address>0x8fc</run_address>
         <size>0x10a</size>
         <input_file_ref idref="fl-12"/>
      </object_component>
      <object_component id="oc-69">
         <name>.debug_frame</name>
         <load_address>0xa06</load_address>
         <run_address>0xa06</run_address>
         <size>0x7a</size>
         <input_file_ref idref="fl-13"/>
      </object_component>
      <object_component id="oc-74">
         <name>.debug_frame</name>
         <load_address>0xa80</load_address>
         <run_address>0xa80</run_address>
         <size>0x512</size>
         <input_file_ref idref="fl-15"/>
      </object_component>
      <object_component id="oc-80">
         <name>.debug_frame</name>
         <load_address>0xf92</load_address>
         <run_address>0xf92</run_address>
         <size>0x9d</size>
         <input_file_ref idref="fl-17"/>
      </object_component>
      <object_component id="oc-98">
         <name>.debug_frame</name>
         <load_address>0x102f</load_address>
         <run_address>0x102f</run_address>
         <size>0x7c</size>
         <input_file_ref idref="fl-1d"/>
      </object_component>
      <object_component id="oc-a2">
         <name>.debug_frame</name>
         <load_address>0x10ab</load_address>
         <run_address>0x10ab</run_address>
         <size>0xac</size>
         <input_file_ref idref="fl-1f"/>
      </object_component>
      <object_component id="oc-a6">
         <name>.debug_frame</name>
         <load_address>0x1157</load_address>
         <run_address>0x1157</run_address>
         <size>0x7c</size>
         <input_file_ref idref="fl-20"/>
      </object_component>
      <object_component id="oc-41">
         <name>.debug_line</name>
         <load_address>0x0</load_address>
         <run_address>0x0</run_address>
         <size>0x30d</size>
         <input_file_ref idref="fl-3"/>
      </object_component>
      <object_component id="oc-45">
         <name>.debug_line</name>
         <load_address>0x30d</load_address>
         <run_address>0x30d</run_address>
         <size>0xb1</size>
         <input_file_ref idref="fl-a"/>
      </object_component>
      <object_component id="oc-49">
         <name>.debug_line</name>
         <load_address>0x3be</load_address>
         <run_address>0x3be</run_address>
         <size>0x107</size>
         <input_file_ref idref="fl-b"/>
      </object_component>
      <object_component id="oc-4d">
         <name>.debug_line</name>
         <load_address>0x4c5</load_address>
         <run_address>0x4c5</run_address>
         <size>0x221</size>
         <input_file_ref idref="fl-c"/>
      </object_component>
      <object_component id="oc-51">
         <name>.debug_line</name>
         <load_address>0x6e6</load_address>
         <run_address>0x6e6</run_address>
         <size>0x131</size>
         <input_file_ref idref="fl-d"/>
      </object_component>
      <object_component id="oc-55">
         <name>.debug_line</name>
         <load_address>0x817</load_address>
         <run_address>0x817</run_address>
         <size>0x17c</size>
         <input_file_ref idref="fl-e"/>
      </object_component>
      <object_component id="oc-59">
         <name>.debug_line</name>
         <load_address>0x993</load_address>
         <run_address>0x993</run_address>
         <size>0x174</size>
         <input_file_ref idref="fl-f"/>
      </object_component>
      <object_component id="oc-5d">
         <name>.debug_line</name>
         <load_address>0xb07</load_address>
         <run_address>0xb07</run_address>
         <size>0x92</size>
         <input_file_ref idref="fl-10"/>
      </object_component>
      <object_component id="oc-62">
         <name>.debug_line</name>
         <load_address>0xb99</load_address>
         <run_address>0xb99</run_address>
         <size>0x109</size>
         <input_file_ref idref="fl-11"/>
      </object_component>
      <object_component id="oc-66">
         <name>.debug_line</name>
         <load_address>0xca2</load_address>
         <run_address>0xca2</run_address>
         <size>0x146</size>
         <input_file_ref idref="fl-12"/>
      </object_component>
      <object_component id="oc-6a">
         <name>.debug_line</name>
         <load_address>0xde8</load_address>
         <run_address>0xde8</run_address>
         <size>0x90</size>
         <input_file_ref idref="fl-13"/>
      </object_component>
      <object_component id="oc-71">
         <name>.debug_line</name>
         <load_address>0xe78</load_address>
         <run_address>0xe78</run_address>
         <size>0xd0</size>
         <input_file_ref idref="fl-14"/>
      </object_component>
      <object_component id="oc-75">
         <name>.debug_line</name>
         <load_address>0xf48</load_address>
         <run_address>0xf48</run_address>
         <size>0x4c6</size>
         <input_file_ref idref="fl-15"/>
      </object_component>
      <object_component id="oc-7b">
         <name>.debug_line</name>
         <load_address>0x140e</load_address>
         <run_address>0x140e</run_address>
         <size>0x70</size>
         <input_file_ref idref="fl-16"/>
      </object_component>
      <object_component id="oc-81">
         <name>.debug_line</name>
         <load_address>0x147e</load_address>
         <run_address>0x147e</run_address>
         <size>0x5a</size>
         <input_file_ref idref="fl-17"/>
      </object_component>
      <object_component id="oc-85">
         <name>.debug_line</name>
         <load_address>0x14d8</load_address>
         <run_address>0x14d8</run_address>
         <size>0xa8</size>
         <input_file_ref idref="fl-18"/>
      </object_component>
      <object_component id="oc-89">
         <name>.debug_line</name>
         <load_address>0x1580</load_address>
         <run_address>0x1580</run_address>
         <size>0x8a</size>
         <input_file_ref idref="fl-19"/>
      </object_component>
      <object_component id="oc-8d">
         <name>.debug_line</name>
         <load_address>0x160a</load_address>
         <run_address>0x160a</run_address>
         <size>0x5b</size>
         <input_file_ref idref="fl-1a"/>
      </object_component>
      <object_component id="oc-91">
         <name>.debug_line</name>
         <load_address>0x1665</load_address>
         <run_address>0x1665</run_address>
         <size>0x53</size>
         <input_file_ref idref="fl-1b"/>
      </object_component>
      <object_component id="oc-95">
         <name>.debug_line</name>
         <load_address>0x16b8</load_address>
         <run_address>0x16b8</run_address>
         <size>0x4f</size>
         <input_file_ref idref="fl-1c"/>
      </object_component>
      <object_component id="oc-99">
         <name>.debug_line</name>
         <load_address>0x1707</load_address>
         <run_address>0x1707</run_address>
         <size>0x59</size>
         <input_file_ref idref="fl-1d"/>
      </object_component>
      <object_component id="oc-9d">
         <name>.debug_line</name>
         <load_address>0x1760</load_address>
         <run_address>0x1760</run_address>
         <size>0x46</size>
         <input_file_ref idref="fl-1e"/>
      </object_component>
      <object_component id="oc-a3">
         <name>.debug_line</name>
         <load_address>0x17a6</load_address>
         <run_address>0x17a6</run_address>
         <size>0x5b</size>
         <input_file_ref idref="fl-1f"/>
      </object_component>
      <object_component id="oc-a7">
         <name>.debug_line</name>
         <load_address>0x1801</load_address>
         <run_address>0x1801</run_address>
         <size>0x56</size>
         <input_file_ref idref="fl-20"/>
      </object_component>
   </object_component_list>
   <logical_group_list>
      <logical_group id="lg-3" display="no" color="cyan">
         <name>PieVectTableFile</name>
         <run_address>0x0</run_address>
         <size>0x0</size>
         <contents>
         </contents>
      </logical_group>
      <logical_group id="lg-5" display="no" color="cyan">
         <name>EmuKeyVar</name>
         <run_address>0x0</run_address>
         <size>0x0</size>
         <contents>
         </contents>
      </logical_group>
      <logical_group id="lg-6" display="no" color="cyan">
         <name>EmuBModeVar</name>
         <run_address>0x0</run_address>
         <size>0x0</size>
         <contents>
         </contents>
      </logical_group>
      <logical_group id="lg-7" display="no" color="cyan">
         <name>FlashCallbackVar</name>
         <run_address>0x0</run_address>
         <size>0x0</size>
         <contents>
         </contents>
      </logical_group>
      <logical_group id="lg-8" display="no" color="cyan">
         <name>FlashScalingVar</name>
         <run_address>0x0</run_address>
         <size>0x0</size>
         <contents>
         </contents>
      </logical_group>
      <logical_group id="lg-4" display="no" color="cyan">
         <name>GROUP_2</name>
         <run_address>0x0</run_address>
         <size>0x0</size>
         <contents>
            <logical_group_ref idref="lg-5"/>
            <logical_group_ref idref="lg-6"/>
            <logical_group_ref idref="lg-7"/>
            <logical_group_ref idref="lg-8"/>
         </contents>
      </logical_group>
      <overlay id="lg-2" display="no" color="cyan">
         <name>UNION_1</name>
         <run_address>0x0</run_address>
         <size>0x0</size>
         <contents>
            <logical_group_ref idref="lg-3"/>
            <logical_group_ref idref="lg-4"/>
         </contents>
      </overlay>
      <logical_group id="lg-9" display="no" color="cyan">
         <name>DevEmuRegsFile</name>
         <run_address>0x0</run_address>
         <size>0x0</size>
         <contents>
         </contents>
      </logical_group>
      <logical_group id="lg-a" display="no" color="cyan">
         <name>SysPwrCtrlRegsFile</name>
         <run_address>0x0</run_address>
         <size>0x0</size>
         <contents>
         </contents>
      </logical_group>
      <logical_group id="lg-b" display="no" color="cyan">
         <name>FlashRegsFile</name>
         <run_address>0x0</run_address>
         <size>0x0</size>
         <contents>
         </contents>
      </logical_group>
      <logical_group id="lg-c" display="no" color="cyan">
         <name>CsmRegsFile</name>
         <run_address>0x0</run_address>
         <size>0x0</size>
         <contents>
         </contents>
      </logical_group>
      <logical_group id="lg-d" display="no" color="cyan">
         <name>AdcResultFile</name>
         <run_address>0x0</run_address>
         <size>0x0</size>
         <contents>
         </contents>
      </logical_group>
      <logical_group id="lg-e" display="no" color="cyan">
         <name>CpuTimer0RegsFile</name>
         <run_address>0x0</run_address>
         <size>0x0</size>
         <contents>
         </contents>
      </logical_group>
      <logical_group id="lg-f" display="no" color="cyan">
         <name>CpuTimer1RegsFile</name>
         <run_address>0x0</run_address>
         <size>0x0</size>
         <contents>
         </contents>
      </logical_group>
      <logical_group id="lg-10" display="no" color="cyan">
         <name>CpuTimer2RegsFile</name>
         <run_address>0x0</run_address>
         <size>0x0</size>
         <contents>
         </contents>
      </logical_group>
      <logical_group id="lg-11" display="no" color="cyan">
         <name>PieCtrlRegsFile</name>
         <run_address>0x0</run_address>
         <size>0x0</size>
         <contents>
         </contents>
      </logical_group>
      <logical_group id="lg-12" display="no" color="cyan">
         <name>ECap1RegsFile</name>
         <run_address>0x0</run_address>
         <size>0x0</size>
         <contents>
         </contents>
      </logical_group>
      <logical_group id="lg-13" display="no" color="cyan">
         <name>GpioCtrlRegsFile</name>
         <run_address>0x0</run_address>
         <size>0x0</size>
         <contents>
         </contents>
      </logical_group>
      <logical_group id="lg-14" display="no" color="cyan">
         <name>GpioDataRegsFile</name>
         <run_address>0x0</run_address>
         <size>0x0</size>
         <contents>
         </contents>
      </logical_group>
      <logical_group id="lg-15" display="no" color="cyan">
         <name>GpioIntRegsFile</name>
         <run_address>0x0</run_address>
         <size>0x0</size>
         <contents>
         </contents>
      </logical_group>
      <logical_group id="lg-16" display="no" color="cyan">
         <name>SysCtrlRegsFile</name>
         <run_address>0x0</run_address>
         <size>0x0</size>
         <contents>
         </contents>
      </logical_group>
      <logical_group id="lg-17" display="no" color="cyan">
         <name>SpiaRegsFile</name>
         <run_address>0x0</run_address>
         <size>0x0</size>
         <contents>
         </contents>
      </logical_group>
      <logical_group id="lg-18" display="no" color="cyan">
         <name>SciaRegsFile</name>
         <run_address>0x0</run_address>
         <size>0x0</size>
         <contents>
         </contents>
      </logical_group>
      <logical_group id="lg-19" display="no" color="cyan">
         <name>NmiIntruptRegsFile</name>
         <run_address>0x0</run_address>
         <size>0x0</size>
         <contents>
         </contents>
      </logical_group>
      <logical_group id="lg-1a" display="no" color="cyan">
         <name>XIntruptRegsFile</name>
         <run_address>0x0</run_address>
         <size>0x0</size>
         <contents>
         </contents>
      </logical_group>
      <logical_group id="lg-1b" display="no" color="cyan">
         <name>AdcRegsFile</name>
         <run_address>0x0</run_address>
         <size>0x0</size>
         <contents>
         </contents>
      </logical_group>
      <logical_group id="lg-1c" display="no" color="cyan">
         <name>I2caRegsFile</name>
         <run_address>0x0</run_address>
         <size>0x0</size>
         <contents>
         </contents>
      </logical_group>
      <logical_group id="lg-1d" display="no" color="cyan">
         <name>Comp1RegsFile</name>
         <run_address>0x0</run_address>
         <size>0x0</size>
         <contents>
         </contents>
      </logical_group>
      <logical_group id="lg-1e" display="no" color="cyan">
         <name>Comp2RegsFile</name>
         <run_address>0x0</run_address>
         <size>0x0</size>
         <contents>
         </contents>
      </logical_group>
      <logical_group id="lg-1f" display="no" color="cyan">
         <name>EPwm1RegsFile</name>
         <run_address>0x0</run_address>
         <size>0x0</size>
         <contents>
         </contents>
      </logical_group>
      <logical_group id="lg-20" display="no" color="cyan">
         <name>EPwm2RegsFile</name>
         <run_address>0x0</run_address>
         <size>0x0</size>
         <contents>
         </contents>
      </logical_group>
      <logical_group id="lg-21" display="no" color="cyan">
         <name>EPwm3RegsFile</name>
         <run_address>0x0</run_address>
         <size>0x0</size>
         <contents>
         </contents>
      </logical_group>
      <logical_group id="lg-22" display="no" color="cyan">
         <name>EPwm4RegsFile</name>
         <run_address>0x0</run_address>
         <size>0x0</size>
         <contents>
         </contents>
      </logical_group>
      <logical_group id="lg-23" display="no" color="cyan">
         <name>CsmPwlFile</name>
         <run_address>0x0</run_address>
         <size>0x0</size>
         <contents>
         </contents>
      </logical_group>
      <logical_group id="lg-24" display="no" color="cyan">
         <name>PartIdRegsFile</name>
         <run_address>0x0</run_address>
         <size>0x0</size>
         <contents>
         </contents>
      </logical_group>
      <logical_group id="lg-25" display="no" color="cyan">
         <name>.cinit</name>
         <load_address>0x3f69ef</load_address>
         <run_address>0x3f69ef</run_address>
         <size>0x26</size>
         <contents>
            <object_component_ref idref="oc-3b"/>
            <object_component_ref idref="oc-a0"/>
            <object_component_ref idref="oc-7e"/>
         </contents>
      </logical_group>
      <logical_group id="lg-26" display="no" color="cyan">
         <name>.pinit</name>
         <run_address>0x0</run_address>
         <size>0x0</size>
         <contents>
         </contents>
      </logical_group>
      <logical_group id="lg-155" display="no" color="cyan">
         <name>.text</name>
         <load_address>0x3f620a</load_address>
         <run_address>0x3f620a</run_address>
         <size>0x7e5</size>
         <contents>
            <object_component_ref idref="oc-b2"/>
            <object_component_ref idref="oc-d2"/>
            <object_component_ref idref="oc-83"/>
            <object_component_ref idref="oc-87"/>
            <object_component_ref idref="oc-3e"/>
            <object_component_ref idref="oc-c4"/>
            <object_component_ref idref="oc-77"/>
            <object_component_ref idref="oc-cf"/>
            <object_component_ref idref="oc-cd"/>
            <object_component_ref idref="oc-ce"/>
            <object_component_ref idref="oc-8b"/>
            <object_component_ref idref="oc-c3"/>
            <object_component_ref idref="oc-3f"/>
            <object_component_ref idref="oc-b4"/>
            <object_component_ref idref="oc-8f"/>
            <object_component_ref idref="oc-93"/>
            <object_component_ref idref="oc-af"/>
            <object_component_ref idref="oc-b0"/>
            <object_component_ref idref="oc-ad"/>
            <object_component_ref idref="oc-c2"/>
            <object_component_ref idref="oc-c9"/>
            <object_component_ref idref="oc-6c"/>
            <object_component_ref idref="oc-c6"/>
            <object_component_ref idref="oc-ae"/>
            <object_component_ref idref="oc-9b"/>
            <object_component_ref idref="oc-aa"/>
            <object_component_ref idref="oc-c8"/>
            <object_component_ref idref="oc-d0"/>
            <object_component_ref idref="oc-d4"/>
            <object_component_ref idref="oc-e4"/>
            <object_component_ref idref="oc-b1"/>
            <object_component_ref idref="oc-b5"/>
            <object_component_ref idref="oc-ba"/>
            <object_component_ref idref="oc-bf"/>
            <object_component_ref idref="oc-d1"/>
            <object_component_ref idref="oc-c0"/>
            <object_component_ref idref="oc-d3"/>
            <object_component_ref idref="oc-b6"/>
            <object_component_ref idref="oc-c5"/>
            <object_component_ref idref="oc-c1"/>
            <object_component_ref idref="oc-b8"/>
            <object_component_ref idref="oc-b9"/>
            <object_component_ref idref="oc-bb"/>
            <object_component_ref idref="oc-d6"/>
            <object_component_ref idref="oc-bd"/>
            <object_component_ref idref="oc-e3"/>
            <object_component_ref idref="oc-e5"/>
            <object_component_ref idref="oc-e7"/>
            <object_component_ref idref="oc-bc"/>
            <object_component_ref idref="oc-be"/>
            <object_component_ref idref="oc-d7"/>
            <object_component_ref idref="oc-e2"/>
            <object_component_ref idref="oc-e1"/>
            <object_component_ref idref="oc-fc"/>
            <object_component_ref idref="oc-fd"/>
            <object_component_ref idref="oc-111"/>
            <object_component_ref idref="oc-112"/>
            <object_component_ref idref="oc-113"/>
            <object_component_ref idref="oc-114"/>
            <object_component_ref idref="oc-115"/>
            <object_component_ref idref="oc-116"/>
            <object_component_ref idref="oc-101"/>
            <object_component_ref idref="oc-eb"/>
            <object_component_ref idref="oc-10a"/>
            <object_component_ref idref="oc-ed"/>
            <object_component_ref idref="oc-107"/>
            <object_component_ref idref="oc-104"/>
            <object_component_ref idref="oc-108"/>
            <object_component_ref idref="oc-105"/>
            <object_component_ref idref="oc-109"/>
            <object_component_ref idref="oc-106"/>
            <object_component_ref idref="oc-10d"/>
            <object_component_ref idref="oc-10e"/>
            <object_component_ref idref="oc-ef"/>
            <object_component_ref idref="oc-e9"/>
            <object_component_ref idref="oc-ea"/>
            <object_component_ref idref="oc-ee"/>
            <object_component_ref idref="oc-e8"/>
            <object_component_ref idref="oc-ec"/>
            <object_component_ref idref="oc-10f"/>
            <object_component_ref idref="oc-110"/>
            <object_component_ref idref="oc-10b"/>
            <object_component_ref idref="oc-10c"/>
            <object_component_ref idref="oc-102"/>
            <object_component_ref idref="oc-f9"/>
            <object_component_ref idref="oc-fa"/>
            <object_component_ref idref="oc-fb"/>
            <object_component_ref idref="oc-f0"/>
            <object_component_ref idref="oc-f1"/>
            <object_component_ref idref="oc-f2"/>
            <object_component_ref idref="oc-f3"/>
            <object_component_ref idref="oc-f4"/>
            <object_component_ref idref="oc-f5"/>
            <object_component_ref idref="oc-f6"/>
            <object_component_ref idref="oc-f7"/>
            <object_component_ref idref="oc-f8"/>
            <object_component_ref idref="oc-103"/>
            <object_component_ref idref="oc-ff"/>
            <object_component_ref idref="oc-100"/>
            <object_component_ref idref="oc-117"/>
            <object_component_ref idref="oc-fe"/>
            <object_component_ref idref="oc-ca"/>
            <object_component_ref idref="oc-b7"/>
            <object_component_ref idref="oc-e6"/>
            <object_component_ref idref="oc-e0"/>
            <object_component_ref idref="oc-dd"/>
            <object_component_ref idref="oc-df"/>
            <object_component_ref idref="oc-ac"/>
            <object_component_ref idref="oc-ab"/>
            <object_component_ref idref="oc-cc"/>
            <object_component_ref idref="oc-cb"/>
            <object_component_ref idref="oc-a9"/>
            <object_component_ref idref="oc-c7"/>
            <object_component_ref idref="oc-d5"/>
            <object_component_ref idref="oc-d8"/>
            <object_component_ref idref="oc-de"/>
            <object_component_ref idref="oc-dc"/>
            <object_component_ref idref="oc-da"/>
            <object_component_ref idref="oc-db"/>
         </contents>
      </logical_group>
      <split_section id="lg-27" display="no" color="cyan">
         <name>.text</name>
         <contents>
            <logical_group_ref idref="lg-155"/>
         </contents>
      </split_section>
[...]
      </symbol>
      <symbol id="sm-10a">
         <name>_PWM_setPeriod</name>
         <value>0x3f69eb</value>
         <object_component_ref idref="oc-da"/>
      </symbol>
      <symbol id="sm-10b">
         <name>_PWM_setHighSpeedClkDiv</name>
         <value>0x3f69ca</value>
         <object_component_ref idref="oc-df"/>
      </symbol>
      <symbol id="sm-10c">
         <name>_PWM_init</name>
         <value>0x3f688a</value>
         <object_component_ref idref="oc-bd"/>
      </symbol>
      <symbol id="sm-10d">
         <name>_PWM_setShadowMode_CmpB</name>
         <value>0x3f68c0</value>
         <object_component_ref idref="oc-e1"/>
      </symbol>
      <symbol id="sm-10e">
         <name>_PWM_setActionQual_Zero_PwmB</name>
         <value>0x3f6891</value>
         <object_component_ref idref="oc-e3"/>
      </symbol>
      <symbol id="sm-10f">
         <name>_PWM_setPhase</name>
         <value>0x3f69ed</value>
         <object_component_ref idref="oc-db"/>
      </symbol>
      <symbol id="sm-110">
         <name>_PWM_setIntMode</name>
         <value>0x3f6898</value>
         <object_component_ref idref="oc-e5"/>
      </symbol>
      <symbol id="sm-111">
         <name>_PWM_setLoadMode_CmpB</name>
         <value>0x3f68ba</value>
         <object_component_ref idref="oc-e2"/>
      </symbol>
      <symbol id="sm-112">
         <name>_PWM_disableCounterLoad</name>
         <value>0x3f69e6</value>
         <object_component_ref idref="oc-de"/>
      </symbol>
      <symbol id="sm-113">
         <name>_PWM_setActionQual_CntUp_CmpB_PwmB</name>
         <value>0x3f681a</value>
         <object_component_ref idref="oc-e4"/>
      </symbol>
      <symbol id="sm-114">
         <name>_PWM_setIntPeriod</name>
         <value>0x3f689f</value>
         <object_component_ref idref="oc-e7"/>
      </symbol>
      <symbol id="sm-115">
         <name>_PWM_setClkDiv</name>
         <value>0x3f69c2</value>
         <object_component_ref idref="oc-e0"/>
      </symbol>
      <symbol id="sm-116">
         <name>_PWM_enableInt</name>
         <value>0x3f69be</value>
         <object_component_ref idref="oc-e6"/>
      </symbol>
      <symbol id="sm-117">
         <name>_PWM_setCounterMode</name>
         <value>0x3f69c6</value>
         <object_component_ref idref="oc-dd"/>
      </symbol>
      <symbol id="sm-118">
         <name>_PWM_setCount</name>
         <value>0x3f69e9</value>
         <object_component_ref idref="oc-dc"/>
      </symbol>
      <symbol id="sm-131">
         <name>_PLL_getClkStatus</name>
         <value>0x3f69e0</value>
         <object_component_ref idref="oc-d5"/>
      </symbol>
      <symbol id="sm-132">
         <name>_PLL_setDivider</name>
         <value>0x3f6883</value>
         <object_component_ref idref="oc-d6"/>
      </symbol>
      <symbol id="sm-133">
         <name>_PLL_init</name>
         <value>0x3f687c</value>
         <object_component_ref idref="oc-bb"/>
      </symbol>
      <symbol id="sm-134">
         <name>_PLL_getLockStatus</name>
         <value>0x3f69e3</value>
         <object_component_ref idref="oc-d8"/>
      </symbol>
      <symbol id="sm-135">
         <name>_PLL_setup</name>
         <value>0x3f677b</value>
         <object_component_ref idref="oc-c2"/>
      </symbol>
      <symbol id="sm-136">
         <name>_PLL_setMultiplier</name>
         <value>0x3f68b4</value>
         <object_component_ref idref="oc-d7"/>
      </symbol>
      <symbol id="sm-15b">
         <name>_PIE_enable</name>
         <value>0x3f69dd</value>
         <object_component_ref idref="oc-c7"/>
      </symbol>
      <symbol id="sm-15c">
         <name>_PIE_enableAdcInt</name>
         <value>0x3f6790</value>
         <object_component_ref idref="oc-c9"/>
      </symbol>
      <symbol id="sm-15d">
         <name>_PIE_disableAllInts</name>
         <value>0x3f67e6</value>
         <object_component_ref idref="oc-aa"/>
      </symbol>
      <symbol id="sm-15e">
         <name>_PIE_disable</name>
         <value>0x3f69da</value>
         <object_component_ref idref="oc-a9"/>
      </symbol>
      <symbol id="sm-15f">
         <name>_PIE_registerPieIntHandler</name>
         <value>0x3f67f5</value>
         <object_component_ref idref="oc-c8"/>
      </symbol>
      <symbol id="sm-160">
         <name>_PIE_init</name>
         <value>0x3f6834</value>
         <object_component_ref idref="oc-ba"/>
      </symbol>
      <symbol id="sm-161">
         <name>_PIE_setDebugIntVectorTable</name>
         <value>0x3f67b4</value>
         <object_component_ref idref="oc-c6"/>
      </symbol>
      <symbol id="sm-162">
         <name>_PIE_enablePwmInt</name>
         <value>0x3f6804</value>
         <object_component_ref idref="oc-d0"/>
      </symbol>
      <symbol id="sm-163">
         <name>_PIE_tableDebugInit</name>
         <value>0x3f6000</value>
         <object_component_ref idref="oc-d9"/>
      </symbol>
      <symbol id="sm-180">
         <name>_GPIO_setQualification</name>
         <value>0x3f664f</value>
         <object_component_ref idref="oc-ce"/>
      </symbol>
      <symbol id="sm-181">
         <name>_GPIO_setMode</name>
         <value>0x3f655a</value>
         <object_component_ref idref="oc-c4"/>
      </symbol>
      <symbol id="sm-182">
         <name>_GPIO_init</name>
         <value>0x3f6875</value>
         <object_component_ref idref="oc-b9"/>
      </symbol>
      <symbol id="sm-183">
         <name>_GPIO_setPullUp</name>
         <value>0x3f661b</value>
         <object_component_ref idref="oc-cd"/>
      </symbol>
      <symbol id="sm-184">
         <name>_GPIO_setDirection</name>
         <value>0x3f65e7</value>
         <object_component_ref idref="oc-cf"/>
      </symbol>
      <symbol id="sm-18f">
         <name>_FLASH_init</name>
         <value>0x3f686e</value>
         <object_component_ref idref="oc-b8"/>
      </symbol>
      <symbol id="sm-1a6">
         <name>_CPU_disableGlobalInts</name>
         <value>0x3f69d1</value>
         <object_component_ref idref="oc-ab"/>
      </symbol>
      <symbol id="sm-1a7">
         <name>_CPU_enableGlobalInts</name>
         <value>0x3f69d7</value>
         <object_component_ref idref="oc-cb"/>
      </symbol>
      <symbol id="sm-1a8">
         <name>_CPU_clearIntFlags</name>
         <value>0x3f69ce</value>
         <object_component_ref idref="oc-ac"/>
      </symbol>
      <symbol id="sm-1a9">
         <name>_CPU_init</name>
         <value>0x3f69ba</value>
         <object_component_ref idref="oc-b7"/>
      </symbol>
      <symbol id="sm-1aa">
         <name>_cpu</name>
         <value>0x8f44</value>
         <object_component_ref idref="oc-60"/>
      </symbol>
      <symbol id="sm-1ab">
         <name>_CPU_enableDebugInt</name>
         <value>0x3f69d4</value>
         <object_component_ref idref="oc-cc"/>
      </symbol>
      <symbol id="sm-1ac">
         <name>_CPU_enableInt</name>
         <value>0x3f69b6</value>
         <object_component_ref idref="oc-ca"/>
      </symbol>
      <symbol id="sm-1c3">
         <name>_CLK_enablePwmClock</name>
         <value>0x3f6811</value>
         <object_component_ref idref="oc-d4"/>
      </symbol>
      <symbol id="sm-1c4">
         <name>_CLK_enableAdcClock</name>
         <value>0x3f684b</value>
         <object_component_ref idref="oc-c0"/>
      </symbol>
      <symbol id="sm-1c5">
         <name>_CLK_enableTbClockSync</name>
         <value>0x3f6852</value>
         <object_component_ref idref="oc-d3"/>
      </symbol>
      <symbol id="sm-1c6">
         <name>_CLK_disableTbClockSync</name>
         <value>0x3f6844</value>
         <object_component_ref idref="oc-d1"/>
      </symbol>
      <symbol id="sm-1c7">
         <name>_CLK_setOscSrc</name>
         <value>0x3f6867</value>
         <object_component_ref idref="oc-c1"/>
      </symbol>
      <symbol id="sm-1c8">
         <name>_CLK_setClkOutPreScaler</name>
         <value>0x3f6860</value>
         <object_component_ref idref="oc-c5"/>
      </symbol>
      <symbol id="sm-1c9">
         <name>_CLK_init</name>
         <value>0x3f6859</value>
         <object_component_ref idref="oc-b6"/>
      </symbol>
      <symbol id="sm-1d4">
         <name>_ADC_init</name>
         <value>0x3f682c</value>
         <object_component_ref idref="oc-b5"/>
      </symbol>
      <symbol id="sm-1e5">
         <name>_setDBGIER</name>
         <value>0x3f67aa</value>
         <object_component_ref idref="oc-6c"/>
      </symbol>
      <symbol id="sm-1e6">
         <name>_DSP28x_DisableInt</name>
         <value>0x3f67ad</value>
         <object_component_ref idref="oc-6c"/>
      </symbol>
      <symbol id="sm-1e7">
         <name>_DSP28x_RestoreInt</name>
         <value>0x3f67b1</value>
         <object_component_ref idref="oc-6c"/>
      </symbol>
      <symbol id="sm-1e8">
         <name>_DSP28x_usDelay</name>
         <value>0x8000</value>
         <object_component_ref idref="oc-6d"/>
      </symbol>
      <symbol id="sm-1e9">
         <name>code_start</name>
         <value>0x3f7ff6</value>
         <object_component_ref idref="oc-37"/>
      </symbol>
      <symbol id="sm-2df">
         <name>_ILLEGAL_ISR</name>
         <value>0x3f692a</value>
         <object_component_ref idref="oc-ef"/>
      </symbol>
      <symbol id="sm-2e0">
         <name>_ADCINT4_ISR</name>
         <value>0x3f68d5</value>
         <object_component_ref idref="oc-112"/>
      </symbol>
      <symbol id="sm-2e1">
         <name>_DATALOG_ISR</name>
         <value>0x3f68f3</value>
         <object_component_ref idref="oc-eb"/>
      </symbol>
      <symbol id="sm-2e2">
         <name>_SPITXINTA_ISR</name>
         <value>0x3f6957</value>
         <object_component_ref idref="oc-10c"/>
      </symbol>
      <symbol id="sm-2e3">
         <name>_SPIRXINTA_ISR</name>
         <value>0x3f6952</value>
         <object_component_ref idref="oc-10b"/>
      </symbol>
      <symbol id="sm-2e4">
         <name>_INT13_ISR</name>
         <value>0x3f692f</value>
         <object_component_ref idref="oc-e9"/>
      </symbol>
      <symbol id="sm-2e5">
         <name>_ADCINT5_ISR</name>
         <value>0x3f68da</value>
         <object_component_ref idref="oc-113"/>
      </symbol>
      <symbol id="sm-2e6">
         <name>_USER5_ISR</name>
         <value>0x3f6984</value>
         <object_component_ref idref="oc-f4"/>
      </symbol>
      <symbol id="sm-2e7">
         <name>_EMUINT_ISR</name>
         <value>0x3f68fd</value>
         <object_component_ref idref="oc-ed"/>
      </symbol>
      <symbol id="sm-2e8">
         <name>_ECAP1_INT_ISR</name>
         <value>0x3f68f8</value>
         <object_component_ref idref="oc-10a"/>
      </symbol>
      <symbol id="sm-2e9">
         <name>_EPWM1_TZINT_ISR</name>
         <value>0x3f6907</value>
         <object_component_ref idref="oc-104"/>
      </symbol>
      <symbol id="sm-2ea">
         <name>_ADCINT6_ISR</name>
         <value>0x3f68df</value>
         <object_component_ref idref="oc-114"/>
      </symbol>
      <symbol id="sm-2eb">
         <name>_ADCINT8_ISR</name>
         <value>0x3f68e9</value>
         <object_component_ref idref="oc-116"/>
      </symbol>
      <symbol id="sm-2ec">
         <name>_USER11_ISR</name>
         <value>0x3f6966</value>
         <object_component_ref idref="oc-fa"/>
      </symbol>
      <symbol id="sm-2ed">
         <name>_EPWM3_TZINT_ISR</name>
         <value>0x3f691b</value>
         <object_component_ref idref="oc-106"/>
      </symbol>
      <symbol id="sm-2ee">
         <name>_USER4_ISR</name>
         <value>0x3f697f</value>
         <object_component_ref idref="oc-f3"/>
      </symbol>
      <symbol id="sm-2ef">
         <name>_EPWM2_TZINT_ISR</name>
         <value>0x3f6911</value>
         <object_component_ref idref="oc-105"/>
      </symbol>
      <symbol id="sm-2f0">
         <name>_EPWM2_INT_ISR</name>
         <value>0x3f690c</value>
         <object_component_ref idref="oc-108"/>
      </symbol>
      <symbol id="sm-2f1">
         <name>_TINT0_ISR</name>
         <value>0x3f695c</value>
         <object_component_ref idref="oc-102"/>
      </symbol>
      <symbol id="sm-2f2">
         <name>_WAKEINT_ISR</name>
         <value>0x3f699d</value>
         <object_component_ref idref="oc-103"/>
      </symbol>
      <symbol id="sm-2f3">
         <name>_ADCINT7_ISR</name>
         <value>0x3f68e4</value>
         <object_component_ref idref="oc-115"/>
      </symbol>
      <symbol id="sm-2f4">
         <name>_ADCINT9_ISR</name>
         <value>0x3f68ee</value>
         <object_component_ref idref="oc-101"/>
      </symbol>
      <symbol id="sm-2f5">
         <name>_USER10_ISR</name>
         <value>0x3f6961</value>
         <object_component_ref idref="oc-f9"/>
      </symbol>
      <symbol id="sm-2f6">
         <name>_USER7_ISR</name>
         <value>0x3f698e</value>
         <object_component_ref idref="oc-f6"/>
      </symbol>
      <symbol id="sm-2f7">
         <name>_XINT1_ISR</name>
         <value>0x3f69a2</value>
         <object_component_ref idref="oc-ff"/>
      </symbol>
      <symbol id="sm-2f8">
         <name>_INT14_ISR</name>
         <value>0x3f6934</value>
         <object_component_ref idref="oc-ea"/>
      </symbol>
      <symbol id="sm-2f9">
         <name>_USER6_ISR</name>
         <value>0x3f6989</value>
         <object_component_ref idref="oc-f5"/>
      </symbol>
      <symbol id="sm-2fa">
         <name>_ADCINT1_ISR</name>
         <value>0x3f68c6</value>
         <object_component_ref idref="oc-fc"/>
      </symbol>
      <symbol id="sm-2fb">
         <name>_USER12_ISR</name>
         <value>0x3f696b</value>
         <object_component_ref idref="oc-fb"/>
      </symbol>
      <symbol id="sm-2fc">
         <name>_USER1_ISR</name>
         <value>0x3f6970</value>
         <object_component_ref idref="oc-f0"/>
      </symbol>
      <symbol id="sm-2fd">
         <name>_XINT3_ISR</name>
         <value>0x3f69ac</value>
         <object_component_ref idref="oc-117"/>
      </symbol>
      <symbol id="sm-2fe">
         <name>_NMI_ISR</name>
         <value>0x3f6939</value>
         <object_component_ref idref="oc-ee"/>
      </symbol>
      <symbol id="sm-2ff">
         <name>_ADCINT2_ISR</name>
         <value>0x3f68cb</value>
         <object_component_ref idref="oc-fd"/>
      </symbol>
      <symbol id="sm-300">
         <name>_PIE_RESERVED</name>
         <value>0x3f693e</value>
         <object_component_ref idref="oc-e8"/>
      </symbol>
      <symbol id="sm-301">
         <name>_I2CINT1A_ISR</name>
         <value>0x3f6920</value>
         <object_component_ref idref="oc-10d"/>
      </symbol>
      <symbol id="sm-302">
         <name>_XINT2_ISR</name>
         <value>0x3f69a7</value>
         <object_component_ref idref="oc-100"/>
      </symbol>
      <symbol id="sm-303">
         <name>_I2CINT2A_ISR</name>
         <value>0x3f6925</value>
         <object_component_ref idref="oc-10e"/>
      </symbol>
      <symbol id="sm-304">
         <name>_RTOSINT_ISR</name>
         <value>0x3f6943</value>
         <object_component_ref idref="oc-ec"/>
      </symbol>
      <symbol id="sm-305">
         <name>_EPWM3_INT_ISR</name>
         <value>0x3f6916</value>
         <object_component_ref idref="oc-109"/>
      </symbol>
      <symbol id="sm-306">
         <name>_ADCINT3_ISR</name>
         <value>0x3f68d0</value>
         <object_component_ref idref="oc-111"/>
      </symbol>
      <symbol id="sm-307">
         <name>_USER9_ISR</name>
         <value>0x3f6998</value>
         <object_component_ref idref="oc-f8"/>
      </symbol>
      <symbol id="sm-308">
         <name>_USER3_ISR</name>
         <value>0x3f697a</value>
         <object_component_ref idref="oc-f2"/>
      </symbol>
      <symbol id="sm-309">
         <name>_USER8_ISR</name>
         <value>0x3f6993</value>
         <object_component_ref idref="oc-f7"/>
      </symbol>
      <symbol id="sm-30a">
         <name>_EPWM1_INT_ISR</name>
         <value>0x3f6902</value>
         <object_component_ref idref="oc-107"/>
      </symbol>
      <symbol id="sm-30b">
         <name>_USER2_ISR</name>
         <value>0x3f6975</value>
         <object_component_ref idref="oc-f1"/>
      </symbol>
      <symbol id="sm-30c">
         <name>_SCITXINTA_ISR</name>
         <value>0x3f694d</value>
         <object_component_ref idref="oc-110"/>
      </symbol>
      <symbol id="sm-30d">
         <name>_SCIRXINTA_ISR</name>
         <value>0x3f6948</value>
         <object_component_ref idref="oc-10f"/>
      </symbol>
      <symbol id="sm-30e">
         <name>_rsvd_ISR</name>
         <value>0x3f69b1</value>
         <object_component_ref idref="oc-fe"/>
      </symbol>
      <symbol id="sm-322">
         <name>_c_int00</name>
         <value>0x3f65a3</value>
         <object_component_ref idref="oc-77"/>
      </symbol>
      <symbol id="sm-323">
         <name>__stack</name>
         <value>0x50</value>
         <object_component_ref idref="oc-78"/>
      </symbol>
      <symbol id="sm-334">
         <name>C$$EXIT</name>
         <value>0x3f674c</value>
         <object_component_ref idref="oc-b0"/>
      </symbol>
      <symbol id="sm-335">
         <name>_exit</name>
         <value>0x3f674e</value>
         <object_component_ref idref="oc-b0"/>
      </symbol>
      <symbol id="sm-336">
         <name>___TI_cleanup_ptr</name>
         <value>0x8f40</value>
         <object_component_ref idref="oc-7f"/>
      </symbol>
      <symbol id="sm-337">
         <name>_abort</name>
         <value>0x3f674c</value>
         <object_component_ref idref="oc-b0"/>
      </symbol>
      <symbol id="sm-338">
         <name>___TI_dtors_ptr</name>
         <value>0x8f42</value>
         <object_component_ref idref="oc-7f"/>
      </symbol>
      <symbol id="sm-345">
         <name>FS$$DIV</name>
         <value>0x3f6428</value>
         <object_component_ref idref="oc-83"/>
      </symbol>
      <symbol id="sm-352">
         <name>FS$$MPY</name>
         <value>0x3f64ab</value>
         <object_component_ref idref="oc-87"/>
      </symbol>
      <symbol id="sm-35f">
         <name>FS$$TOI</name>
         <value>0x3f667a</value>
         <object_component_ref idref="oc-8b"/>
      </symbol>
      <symbol id="sm-36c">
         <name>FS$$TOU</name>
         <value>0x3f66fc</value>
         <object_component_ref idref="oc-8f"/>
      </symbol>
      <symbol id="sm-377">
         <name>I$$TOFS</name>
         <value>0x3f6719</value>
         <object_component_ref idref="oc-93"/>
      </symbol>
      <symbol id="sm-386">
         <name>___memcpy_ff</name>
         <value>0x3f669f</value>
         <object_component_ref idref="oc-c3"/>
      </symbol>
      <symbol id="sm-390">
         <name>U$$TOFS</name>
         <value>0x3f67d6</value>
         <object_component_ref idref="oc-9b"/>
      </symbol>
      <symbol id="sm-39e">
         <name>__unlock</name>
         <value>0x8f3c</value>
         <object_component_ref idref="oc-a1"/>
      </symbol>
      <symbol id="sm-39f">
         <name>__lock</name>
         <value>0x8f3e</value>
         <object_component_ref idref="oc-a1"/>
      </symbol>
      <symbol id="sm-3a0">
         <name>__register_lock</name>
         <value>0x3f6827</value>
         <object_component_ref idref="oc-b1"/>
      </symbol>
      <symbol id="sm-3a1">
         <name>__nop</name>
         <value>0x3f682b</value>
         <object_component_ref idref="oc-b1"/>
      </symbol>
      <symbol id="sm-3a2">
         <name>__register_unlock</name>
         <value>0x3f6823</value>
         <object_component_ref idref="oc-b1"/>
      </symbol>
      <symbol id="sm-3ae">
         <name>__args_main</name>
         <value>0x3f6733</value>
         <object_component_ref idref="oc-af"/>
      </symbol>
      <symbol id="sm-3af">
         <name>__TI_args_main</name>
         <value>0x1</value>
      </symbol>
   </symbol_table>
   <title>Link successful</title>
</link_info>
