******************************************************************************
             TMS320C2000 Linker PC v6.2.8                      
******************************************************************************
>> Linked Thu Oct 09 00:48:47 2014

OUTPUT FILE NAME:   <VoiceModule.out>
ENTRY POINT SYMBOL: "code_start"  address: 003f7ff6


MEMORY CONFIGURATION

         name            origin    length      used     unused   attr    fill
----------------------  --------  ---------  --------  --------  ----  --------
PAGE 0:
  PRAML0                00008000   00000800  00000004  000007fc  RWIX
  OTP                   003d7800   00000400  00000000  00000400  RWIX
  FLASHD                003f0000   00002000  00000000  00002000  RWIX
  FLASHC                003f2000   00002000  00000482  00001b7e  RWIX
  FLASHA                003f6000   00001f80  00001f80  00000000  RWIX
  CSM_RSVD              003f7f80   00000076  00000076  00000000  RWIX
  BEGIN                 003f7ff6   00000002  00000002  00000000  RWIX
  CSM_PWL_P0            003f7ff8   00000008  00000008  00000000  RWIX
  IQTABLES              003fe000   00000b50  00000000  00000b50  RWIX
  IQTABLES2             003feb50   0000008c  00000000  0000008c  RWIX
  IQTABLES3             003febdc   000000aa  00000000  000000aa  RWIX
  ROM                   003ff27c   00000d44  00000000  00000d44  RWIX
  RESET                 003fffc0   00000002  00000000  00000002  RWIX
  VECTORS               003fffc2   0000003e  00000000  0000003e  RWIX

PAGE 1:
  BOOT_RSVD             00000000   00000050  00000000  00000050  RWIX
  RAMM0                 00000050   000003b0  00000300  000000b0  RWIX
  RAMM1                 00000400   00000400  00000120  000002e0  RWIX
  DEV_EMU               00000880   00000105  00000000  00000105  RWIX
  SYS_PWR_CTL           00000985   00000003  00000000  00000003  RWIX
  FLASH_REGS            00000a80   00000060  00000000  00000060  RWIX
  CSM                   00000ae0   00000010  00000000  00000010  RWIX
  ADC_RESULT            00000b00   00000020  00000000  00000020  RWIX
  CPU_TIMER0            00000c00   00000008  00000000  00000008  RWIX
  CPU_TIMER1            00000c08   00000008  00000000  00000008  RWIX
  CPU_TIMER2            00000c10   00000008  00000000  00000008  RWIX
  PIE_CTRL              00000ce0   00000020  00000000  00000020  RWIX
  PIE_VECT              00000d00   00000100  00000000  00000100  RWIX
  COMP1                 00006400   00000020  00000000  00000020  RWIX
  COMP2                 00006420   00000020  00000000  00000020  RWIX
  EPWM1                 00006800   00000040  00000000  00000040  RWIX
  EPWM2                 00006840   00000040  00000000  00000040  RWIX
  EPWM3                 00006880   00000040  00000000  00000040  RWIX
  EPWM4                 000068c0   00000040  00000000  00000040  RWIX
  ECAP1                 00006a00   00000020  00000000  00000020  RWIX
  GPIOCTRL              00006f80   00000040  00000000  00000040  RWIX
  GPIODAT               00006fc0   00000020  00000000  00000020  RWIX
  GPIOINT               00006fe0   00000020  00000000  00000020  RWIX
  SYSTEM                00007010   00000020  00000000  00000020  RWIX
  SPIA                  00007040   00000010  00000000  00000010  RWIX
  SCIA                  00007050   00000010  00000000  00000010  RWIX
  NMIINTRUPT            00007060   00000010  00000000  00000010  RWIX
  XINTRUPT              00007070   00000010  00000000  00000010  RWIX
  ADC                   00007100   00000080  00000000  00000080  RWIX
  I2CA                  00007900   00000040  00000000  00000040  RWIX
  DRAML0                00008800   00000800  00000648  000001b8  RWIX
  PARTID                003d7fff   00000001  00000000  00000001  RWIX
  FLASHB                003f4000   00002000  00000000  00002000  RWIX
  CSM_PWL               003f7ff8   00000008  00000000  00000008  RWIX


SECTION ALLOCATION MAP

 output                                  attributes/
section   page    origin      length       input sections
--------  ----  ----------  ----------   ----------------
.pinit     0    003f6000    00000000     UNINITIALIZED

.text.1    0    003f2000    000003f5     
                  003f2000    00000019     rts2800_ml.lib : exit.obj (.text)
                  003f2019    00000018     driverlib.lib : adc.obj (.text:_ADC_enableInt)
                  003f2031    00000018     rts2800_ml.lib : ll_aox.obj (.text)
                  003f2049    00000015     driverlib.lib : pll.obj (.text:_PLL_setup)
                  003f205e    00000013                   : gpio.obj (.text:_GPIO_setHigh)
                  003f2071    00000013                   : gpio.obj (.text:_GPIO_setLow)
                  003f2084    00000013                   : sci_io.obj (.text:_SCI_open)
                  003f2097    00000013                   : sci_io.obj (.text:_SCI_read)
                  003f20aa    00000012                   : adc.obj (.text:_ADC_setIntPulseGenMode)
                  003f20bc    00000012                   : adc.obj (.text:_ADC_setVoltRefSrc)
                  003f20ce    00000012                   : pie.obj (.text:_PIE_enableAdcInt)
                  003f20e0    00000012                   : F2802x_asmfuncs.obj (.text)
                  003f20f2    00000012     rts2800_ml.lib : memchr.obj (.text)
                  003f2104    00000011     driverlib.lib : gpio.obj (.text:_GPIO_getData)
                  003f2115    00000011                   : pie.obj (.text:_PIE_setDebugIntVectorTable)
                  003f2126    0000000f                   : pie.obj (.text:_PIE_disableAllInts)
                  003f2135    0000000f                   : pie.obj (.text:_PIE_registerPieIntHandler)
                  003f2144    0000000e     rts2800_ml.lib : fd_sub.obj (.text)
                  003f2152    0000000d                    : memccpy.obj (.text)
                  003f215f    0000000d                    : memset.obj (.text)
                  003f216c    0000000c     driverlib.lib : sci_io.obj (.text:_SCI_close)
                  003f2178    0000000b                   : adc.obj (.text:_ADC_enable)
                  003f2183    0000000b                   : adc.obj (.text:_ADC_enableBandGap)
                  003f218e    0000000b                   : adc.obj (.text:_ADC_enableRefBuffers)
                  003f2199    0000000b                   : adc.obj (.text:_ADC_powerUp)
                  003f21a4    0000000b     rts2800_ml.lib : strchr.obj (.text)
                  003f21af    0000000a     driverlib.lib : sci.obj (.text:_SCI_resetChannels)
                  003f21b9    0000000a                   : sci.obj (.text:_SCI_resetRxFifo)
                  003f21c3    0000000a                   : sci.obj (.text:_SCI_resetTxFifo)
                  003f21cd    0000000a     rts2800_ml.lib : strcmp.obj (.text)
                  003f21d7    00000009     driverlib.lib : clk.obj (.text:_CLK_enablePwmClock)
                  003f21e0    00000009                   : clk.obj (.text:_CLK_enableSciaClock)
                  003f21e9    00000009                   : pwm.obj (.text:_PWM_setSocAPeriod)
                  003f21f2    00000009                   : pwm.obj (.text:_PWM_setSocAPulseSrc)
                  003f21fb    00000009                   : sci.obj (.text:_SCI_putDataBlocking)
                  003f2204    00000009     rts2800_ml.lib : _lock.obj (.text)
                  003f220d    00000009                    : fd_neg.obj (.text)
                  003f2216    00000008     driverlib.lib : adc.obj (.text:_ADC_init)
                  003f221e    00000008                   : pie.obj (.text:_PIE_init)
                  003f2226    00000008                   : wdog.obj (.text:_WDOG_disable)
                  003f222e    00000008     rts2800_ml.lib : strlen.obj (.text)
                  003f2236    00000007     driverlib.lib : clk.obj (.text:_CLK_enableAdcClock)
                  003f223d    00000007                   : clk.obj (.text:_CLK_enableTbClockSync)
                  003f2244    00000007                   : clk.obj (.text:_CLK_init)
                  003f224b    00000007                   : clk.obj (.text:_CLK_setClkOutPreScaler)
                  003f2252    00000007                   : clk.obj (.text:_CLK_setOscSrc)
                  003f2259    00000007                   : flash.obj (.text:_FLASH_init)
                  003f2260    00000007                   : gpio.obj (.text:_GPIO_init)
                  003f2267    00000007                   : pll.obj (.text:_PLL_init)
                  003f226e    00000007                   : pll.obj (.text:_PLL_setDivider)
                  003f2275    00000007                   : pwm.obj (.text:_PWM_init)
                  003f227c    00000007                   : sci.obj (.text:_SCI_init)
                  003f2283    00000007                   : sci.obj (.text:_SCI_setRxFifoIntLevel)
                  003f228a    00000007                   : sci.obj (.text:_SCI_setTxFifoIntLevel)
                  003f2291    00000007                   : wdog.obj (.text:_WDOG_init)
                  003f2298    00000006                   : pll.obj (.text:_PLL_setMultiplier)
                  003f229e    00000006                   : sci.obj (.text:_SCI_setBaudRate)
                  003f22a4    00000005                   : F2802x_DefaultIsr.obj (.text:_ADCINT1_ISR)
                  003f22a9    00000005                   : F2802x_DefaultIsr.obj (.text:_ADCINT2_ISR)
                  003f22ae    00000005                   : F2802x_DefaultIsr.obj (.text:_ADCINT3_ISR)
                  003f22b3    00000005                   : F2802x_DefaultIsr.obj (.text:_ADCINT4_ISR)
                  003f22b8    00000005                   : F2802x_DefaultIsr.obj (.text:_ADCINT5_ISR)
                  003f22bd    00000005                   : F2802x_DefaultIsr.obj (.text:_ADCINT6_ISR)
                  003f22c2    00000005                   : F2802x_DefaultIsr.obj (.text:_ADCINT7_ISR)
                  003f22c7    00000005                   : F2802x_DefaultIsr.obj (.text:_ADCINT8_ISR)
                  003f22cc    00000005                   : F2802x_DefaultIsr.obj (.text:_ADCINT9_ISR)
                  003f22d1    00000005                   : F2802x_DefaultIsr.obj (.text:_DATALOG_ISR)
                  003f22d6    00000005                   : F2802x_DefaultIsr.obj (.text:_ECAP1_INT_ISR)
                  003f22db    00000005                   : F2802x_DefaultIsr.obj (.text:_EMUINT_ISR)
                  003f22e0    00000005                   : F2802x_DefaultIsr.obj (.text:_EPWM1_INT_ISR)
                  003f22e5    00000005                   : F2802x_DefaultIsr.obj (.text:_EPWM1_TZINT_ISR)
                  003f22ea    00000005                   : F2802x_DefaultIsr.obj (.text:_EPWM2_INT_ISR)
                  003f22ef    00000005                   : F2802x_DefaultIsr.obj (.text:_EPWM2_TZINT_ISR)
                  003f22f4    00000005                   : F2802x_DefaultIsr.obj (.text:_EPWM3_INT_ISR)
                  003f22f9    00000005                   : F2802x_DefaultIsr.obj (.text:_EPWM3_TZINT_ISR)
                  003f22fe    00000005                   : F2802x_DefaultIsr.obj (.text:_I2CINT1A_ISR)
                  003f2303    00000005                   : F2802x_DefaultIsr.obj (.text:_I2CINT2A_ISR)
                  003f2308    00000005                   : F2802x_DefaultIsr.obj (.text:_ILLEGAL_ISR)
                  003f230d    00000005                   : F2802x_DefaultIsr.obj (.text:_INT13_ISR)
                  003f2312    00000005                   : F2802x_DefaultIsr.obj (.text:_INT14_ISR)
                  003f2317    00000005                   : F2802x_DefaultIsr.obj (.text:_NMI_ISR)
                  003f231c    00000005                   : F2802x_DefaultIsr.obj (.text:_PIE_RESERVED)
                  003f2321    00000005                   : F2802x_DefaultIsr.obj (.text:_RTOSINT_ISR)
                  003f2326    00000005                   : F2802x_DefaultIsr.obj (.text:_SCIRXINTA_ISR)
                  003f232b    00000005                   : F2802x_DefaultIsr.obj (.text:_SCITXINTA_ISR)
                  003f2330    00000005                   : F2802x_DefaultIsr.obj (.text:_SPIRXINTA_ISR)
                  003f2335    00000005                   : F2802x_DefaultIsr.obj (.text:_SPITXINTA_ISR)
                  003f233a    00000005                   : F2802x_DefaultIsr.obj (.text:_TINT0_ISR)
                  003f233f    00000005                   : F2802x_DefaultIsr.obj (.text:_USER10_ISR)
                  003f2344    00000005                   : F2802x_DefaultIsr.obj (.text:_USER11_ISR)
                  003f2349    00000005                   : F2802x_DefaultIsr.obj (.text:_USER12_ISR)
                  003f234e    00000005                   : F2802x_DefaultIsr.obj (.text:_USER1_ISR)
                  003f2353    00000005                   : F2802x_DefaultIsr.obj (.text:_USER2_ISR)
                  003f2358    00000005                   : F2802x_DefaultIsr.obj (.text:_USER3_ISR)
                  003f235d    00000005                   : F2802x_DefaultIsr.obj (.text:_USER4_ISR)
                  003f2362    00000005                   : F2802x_DefaultIsr.obj (.text:_USER5_ISR)
                  003f2367    00000005                   : F2802x_DefaultIsr.obj (.text:_USER6_ISR)
                  003f236c    00000005                   : F2802x_DefaultIsr.obj (.text:_USER7_ISR)
                  003f2371    00000005                   : F2802x_DefaultIsr.obj (.text:_USER8_ISR)
                  003f2376    00000005                   : F2802x_DefaultIsr.obj (.text:_USER9_ISR)
                  003f237b    00000005                   : F2802x_DefaultIsr.obj (.text:_WAKEINT_ISR)
                  003f2380    00000005                   : F2802x_DefaultIsr.obj (.text:_XINT1_ISR)
                  003f2385    00000005                   : F2802x_DefaultIsr.obj (.text:_XINT2_ISR)
                  003f238a    00000005                   : F2802x_DefaultIsr.obj (.text:_XINT3_ISR)
                  003f238f    00000005                   : F2802x_DefaultIsr.obj (.text:_rsvd_ISR)
                  003f2394    00000005     rts2800_ml.lib : strcpy.obj (.text)
                  003f2399    00000004     driverlib.lib : cpu.obj (.text:_CPU_enableInt)
                  003f239d    00000004                   : cpu.obj (.text:_CPU_init)
                  003f23a1    00000004                   : pwm.obj (.text:_PWM_enableSocAPulse)
                  003f23a5    00000004                   : pwm.obj (.text:_PWM_setCounterMode)
                  003f23a9    00000004                   : sci.obj (.text:_SCI_clearRxFifoInt)
                  003f23ad    00000004                   : sci.obj (.text:_SCI_clearTxFifoInt)
                  003f23b1    00000004                   : sci.obj (.text:_SCI_enableFifoEnh)
                  003f23b5    00000004                   : sci.obj (.text:_SCI_setCharLength)
                  003f23b9    00000004                   : sci.obj (.text:_SCI_setNumStopBits)
                  003f23bd    00000003                   : cpu.obj (.text:_CPU_clearIntFlags)
                  003f23c0    00000003                   : cpu.obj (.text:_CPU_disableGlobalInts)
                  003f23c3    00000003                   : cpu.obj (.text:_CPU_enableDebugInt)
                  003f23c6    00000003                   : cpu.obj (.text:_CPU_enableGlobalInts)
                  003f23c9    00000003                   : pie.obj (.text:_PIE_disable)
                  003f23cc    00000003                   : pie.obj (.text:_PIE_enable)
                  003f23cf    00000003                   : pll.obj (.text:_PLL_getClkStatus)
                  003f23d2    00000003                   : pll.obj (.text:_PLL_getLockStatus)
                  003f23d5    00000003                   : sci.obj (.text:_SCI_disableParity)
                  003f23d8    00000003                   : sci.obj (.text:_SCI_enable)
                  003f23db    00000003                   : sci.obj (.text:_SCI_enableRx)
                  003f23de    00000003                   : sci.obj (.text:_SCI_enableRxInt)
                  003f23e1    00000003                   : sci.obj (.text:_SCI_enableTx)
                  003f23e4    00000003                   : sci.obj (.text:_SCI_enableTxInt)
                  003f23e7    00000003                   : sci.obj (.text:_SCI_setPriority)
                  003f23ea    00000003     rts2800_ml.lib : remove.obj (.text)
                  003f23ed    00000002     driverlib.lib : pwm.obj (.text:_PWM_setPeriod)
                  003f23ef    00000002                   : sci_io.obj (.text:_SCI_lseek)
                  003f23f1    00000002                   : sci_io.obj (.text:_SCI_rename)
                  003f23f3    00000002                   : sci_io.obj (.text:_SCI_unlink)

.cinit     0    003f23f5    0000008d     
                  003f23f5    00000031     rts2800_ml.lib : lowlev.obj (.cinit)
                  003f2426    0000002a                    : defs.obj (.cinit)
                  003f2450    00000010     VoiceModule.obj (.cinit)
                  003f2460    0000000a     rts2800_ml.lib : _lock.obj (.cinit)
                  003f246a    0000000a                    : exit.obj (.cinit)
                  003f2474    00000004     driverlib.lib : sci_io.obj (.cinit)
                  003f2478    00000004     rts2800_ml.lib : fopen.obj (.cinit)
                  003f247c    00000004                    : memory.obj (.cinit)
                  003f2480    00000002     --HOLE-- [fill = 0]

.econst    0    003f6000    00000254     
                  003f6000    00000101     rts2800_ml.lib : ctype.obj (.econst:.string:__ctypes_)
                  003f6101    00000001     --HOLE-- [fill = 0]
                  003f6102    00000100     driverlib.lib : pie.obj (.econst:_PIE_tableDebugInit)
                  003f6202    00000024     rts2800_ml.lib : _printfi.obj (.econst:.string)
                  003f6226    00000018                    : _printfi.obj (.econst)
                  003f623e    00000014     VoiceModule.obj (.econst:.string)
                  003f6252    00000002     rts2800_ml.lib : fputs.obj (.econst:.string)

ramfuncs   0    003f6254    00000004     RUN ADDR = 00008000
                  003f6254    00000004     driverlib.lib : F2802x_asmfuncs.obj (ramfuncs)

.text.2    0    003f6258    00001d28     
                  003f6258    00000930     rts2800_ml.lib : _printfi.obj (.text)
                  003f6b88    0000029e     VoiceModule.obj (.text:_main)
                  003f6e26    00000201     rts2800_ml.lib : lowlev.obj (.text)
                  003f7027    000001f2                    : trgdrv.obj (.text)
                  003f7219    000001d3                    : memory.obj (.text)
                  003f73ec    00000107                    : ll_div.obj (.text)
                  003f74f3    000000ff                    : fopen.obj (.text)
                  003f75f2    000000a8                    : fputs.obj (.text)
                  003f769a    0000009c                    : fd_add.obj (.text)
                  003f7736    0000008e                    : ankmsg.obj (.text)
                  003f77c4    0000008b                    : fd_div.obj (.text)
                  003f784f    00000083                    : fd_mpy.obj (.text)
                  003f78d2    00000079                    : setvbuf.obj (.text)
                  003f794b    0000006b                    : fflush.obj (.text)
                  003f79b6    00000066     VoiceModule.obj (.text:_scia_init)
                  003f7a1c    00000065     rts2800_ml.lib : _io_perm.obj (.text)
                  003f7a81    0000005b                    : fclose.obj (.text)
                  003f7adc    0000005a     VoiceModule.obj (.text:_adc_isr)
                  003f7b36    00000050     rts2800_ml.lib : fputc.obj (.text)
                  003f7b86    00000049     driverlib.lib : gpio.obj (.text:_GPIO_setMode)
                  003f7bcf    00000044     rts2800_ml.lib : boot.obj (.text)
                  003f7c13    0000003d                    : fseek.obj (.text)
                  003f7c50    00000034     driverlib.lib : gpio.obj (.text:_GPIO_setDirection)
                  003f7c84    00000034                   : gpio.obj (.text:_GPIO_setPullUp)
                  003f7cb8    00000032     rts2800_ml.lib : printf.obj (.text)
                  003f7cea    00000031                    : atoi.obj (.text)
                  003f7d1b    0000002c                    : ltoa.obj (.text)
                  003f7d47    0000002b     driverlib.lib : gpio.obj (.text:_GPIO_setQualification)
                  003f7d72    0000002a     rts2800_ml.lib : fd_cmp.obj (.text)
                  003f7d9c    0000002a                    : l_div.obj (.text)
                  003f7dc6    00000024     driverlib.lib : adc.obj (.text:_ADC_setIntMode)
                  003f7dea    00000024                   : adc.obj (.text:_ADC_setIntSrc)
                  003f7e0e    00000021     rts2800_ml.lib : fd_toi.obj (.text)
                  003f7e2f    00000021                    : memcpy_ff.obj (.text)
                  003f7e50    0000001f                    : fd_tol.obj (.text)
                  003f7e6f    0000001e                    : ll_cmp.obj (.text)
                  003f7e8d    0000001e                    : strncpy.obj (.text)
                  003f7eab    0000001c     driverlib.lib : adc.obj (.text:_ADC_setSocChanNumber)
                  003f7ec7    0000001c                   : adc.obj (.text:_ADC_setSocSampleWindow)
                  003f7ee3    0000001c                   : adc.obj (.text:_ADC_setSocTrigSrc)
                  003f7eff    0000001c                   : sci_io.obj (.text:_SCI_write)
                  003f7f1b    0000001c     rts2800_ml.lib : fs_tofd.obj (.text)
                  003f7f37    0000001c                    : l_tofd.obj (.text)
                  003f7f53    00000019                    : args_main.obj (.text)
                  003f7f6c    00000014                    : ll_mpy.obj (.text)

csm_rsvd   0    003f7f80    00000076     
                  003f7f80    00000076     driverlib.lib : F2802x_asmfuncs.obj (csm_rsvd)

codestart 
*          0    003f7ff6    00000002     
                  003f7ff6    00000002     driverlib.lib : F2802x_asmfuncs.obj (codestart)

csmpasswds 
*          0    003f7ff8    00000008     
                  003f7ff8    00000008     driverlib.lib : F2802x_asmfuncs.obj (csmpasswds)

.reset     0    003fffc0    00000002     DSECT
                  003fffc0    00000002     rts2800_ml.lib : boot.obj (.reset)

vectors    0    003fffc2    00000000     DSECT

.stack     1    00000050    00000300     UNINITIALIZED
                  00000050    00000300     --HOLE--

.cio       1    00000400    00000120     UNINITIALIZED
                  00000400    00000120     rts2800_ml.lib : ankmsg.obj (.cio)

.ebss      1    00008800    00000448     UNINITIALIZED
                  00008800    00000240     VoiceModule.obj (.ebss)
                  00008a40    00000160     rts2800_ml.lib : defs.obj (.ebss)
                  00008ba0    00000008                    : memory.obj (.ebss)
                  00008ba8    00000008                    : trgdrv.obj (.ebss)
                  00008bb0    00000004     driverlib.lib : sci_io.obj (.ebss)
                  00008bb4    00000004     rts2800_ml.lib : _lock.obj (.ebss)
                  00008bb8    00000004                    : exit.obj (.ebss)
                  00008bbc    00000001     driverlib.lib : cpu.obj (.ebss)
                  00008bbd    00000001     rts2800_ml.lib : fopen.obj (.ebss)
                  00008bbe    00000002     --HOLE--
                  00008bc0    00000088                    : lowlev.obj (.ebss)

.sysmem    1    00008c48    00000200     UNINITIALIZED
                  00008c48    00000001     rts2800_ml.lib : memory.obj (.sysmem)
                  00008c49    000001ff     --HOLE--


GLOBAL DATA SYMBOLS: SORTED BY DATA PAGE

address     data page           name
--------    ----------------    ----
00000050       1 (00000040)     __stack

00000400      10 (00000400)     __CIOBUF_

00008800     220 (00008800)     _ConversionCount
00008803     220 (00008800)     _totalCount
00008804     220 (00008800)     _myCpu
00008806     220 (00008800)     _mySci
00008808     220 (00008800)     _myPwm
0000880a     220 (00008800)     _myAdc
0000880c     220 (00008800)     _myFlash
0000880e     220 (00008800)     _myGpio
00008810     220 (00008800)     _myPie
00008812     220 (00008800)     _myClk

00008840     221 (00008840)     _voltage

00008940     225 (00008940)     _frame

00008a40     229 (00008a40)     ___TI_ft_end

00008a80     22a (00008a80)     __ftable

00008b00     22c (00008b00)     ___TI_tmpnams

00008bb0     22e (00008b80)     _deviceOpen
00008bb2     22e (00008b80)     _ioSci
00008bb4     22e (00008b80)     __unlock
00008bb6     22e (00008b80)     __lock
00008bb8     22e (00008b80)     ___TI_cleanup_ptr
00008bba     22e (00008b80)     ___TI_dtors_ptr
00008bbc     22e (00008b80)     _cpu

00008c48     231 (00008c40)     __sys_memory

003f6000    fd80 (003f6000)     __ctypes_

003f6102    fd84 (003f6100)     _PIE_tableDebugInit


GLOBAL SYMBOLS: SORTED ALPHABETICALLY BY Name 

address    name
--------   ----
ffffffff   .text
003f2000   C$$EXIT
003f7786   C$$IO$$
003f769a   FD$$ADD
003f7d72   FD$$CMP
003f77c4   FD$$DIV
003f784f   FD$$MPY
003f220d   FD$$NEG
003f2144   FD$$SUB
003f7e0e   FD$$TOI
003f7e50   FD$$TOL
003f7f1b   FS$$TOFD
003f7d9c   L$$DIV
003f7dab   L$$MOD
003f7f37   L$$TOFD
003f2031   LL$$AND
003f7e6f   LL$$CMP
003f73ec   LL$$DIV
003f7428   LL$$MOD
003f7f6c   LL$$MPY
003f2039   LL$$OR
003f2041   LL$$XOR
003f7db9   UL$$DIV
003f7dc0   UL$$MOD
003f7e81   ULL$$CMP
003f7462   ULL$$DIV
003f7491   ULL$$MOD
003f22a4   _ADCINT1_ISR
003f22a9   _ADCINT2_ISR
003f22ae   _ADCINT3_ISR
003f22b3   _ADCINT4_ISR
003f22b8   _ADCINT5_ISR
003f22bd   _ADCINT6_ISR
003f22c2   _ADCINT7_ISR
003f22c7   _ADCINT8_ISR
003f22cc   _ADCINT9_ISR
003f2178   _ADC_enable
003f2183   _ADC_enableBandGap
003f2019   _ADC_enableInt
003f218e   _ADC_enableRefBuffers
003f2216   _ADC_init
003f2199   _ADC_powerUp
003f7dc6   _ADC_setIntMode
003f20aa   _ADC_setIntPulseGenMode
003f7dea   _ADC_setIntSrc
003f7eab   _ADC_setSocChanNumber
003f7ec7   _ADC_setSocSampleWindow
003f7ee3   _ADC_setSocTrigSrc
003f20bc   _ADC_setVoltRefSrc
003f2236   _CLK_enableAdcClock
003f21d7   _CLK_enablePwmClock
003f21e0   _CLK_enableSciaClock
003f223d   _CLK_enableTbClockSync
003f2244   _CLK_init
003f224b   _CLK_setClkOutPreScaler
003f2252   _CLK_setOscSrc
003f23bd   _CPU_clearIntFlags
003f23c0   _CPU_disableGlobalInts
003f23c3   _CPU_enableDebugInt
003f23c6   _CPU_enableGlobalInts
003f2399   _CPU_enableInt
003f239d   _CPU_init
00008800   _ConversionCount
003f22d1   _DATALOG_ISR
003f20eb   _DSP28x_DisableInt
003f20ef   _DSP28x_RestoreInt
00008000   _DSP28x_usDelay
003f22d6   _ECAP1_INT_ISR
003f22db   _EMUINT_ISR
003f22e0   _EPWM1_INT_ISR
003f22e5   _EPWM1_TZINT_ISR
003f22ea   _EPWM2_INT_ISR
003f22ef   _EPWM2_TZINT_ISR
003f22f4   _EPWM3_INT_ISR
003f22f9   _EPWM3_TZINT_ISR
003f2259   _FLASH_init
003f2104   _GPIO_getData
003f2260   _GPIO_init
003f7c50   _GPIO_setDirection
003f205e   _GPIO_setHigh
003f2071   _GPIO_setLow
003f7b86   _GPIO_setMode
003f7c84   _GPIO_setPullUp
003f7d47   _GPIO_setQualification
003f71ef   _HOSTclock
003f71c8   _HOSTclose
003f719e   _HOSTgetenv
003f7157   _HOSTlseek
003f7120   _HOSTopen
003f70ea   _HOSTread
003f70ac   _HOSTrename
003f7082   _HOSTtime
003f705d   _HOSTunlink
003f7027   _HOSTwrite
003f22fe   _I2CINT1A_ISR
003f2303   _I2CINT2A_ISR
003f2308   _ILLEGAL_ISR
003f230d   _INT13_ISR
003f2312   _INT14_ISR
003f2317   _NMI_ISR
003f231c   _PIE_RESERVED
003f23c9   _PIE_disable
003f2126   _PIE_disableAllInts
003f23cc   _PIE_enable
003f20ce   _PIE_enableAdcInt
003f221e   _PIE_init
003f2135   _PIE_registerPieIntHandler
003f2115   _PIE_setDebugIntVectorTable
003f6102   _PIE_tableDebugInit
003f23cf   _PLL_getClkStatus
003f23d2   _PLL_getLockStatus
003f2267   _PLL_init
003f226e   _PLL_setDivider
003f2298   _PLL_setMultiplier
003f2049   _PLL_setup
003f23a1   _PWM_enableSocAPulse
003f2275   _PWM_init
003f23a5   _PWM_setCounterMode
003f23ed   _PWM_setPeriod
003f21e9   _PWM_setSocAPeriod
003f21f2   _PWM_setSocAPulseSrc
003f2321   _RTOSINT_ISR
00000004   _RamfuncsLoadSize
003f6254   _RamfuncsLoadStart
00008000   _RamfuncsRunStart
003f2326   _SCIRXINTA_ISR
003f232b   _SCITXINTA_ISR
003f23a9   _SCI_clearRxFifoInt
003f23ad   _SCI_clearTxFifoInt
003f216c   _SCI_close
003f23d5   _SCI_disableParity
003f23d8   _SCI_enable
003f23b1   _SCI_enableFifoEnh
003f23db   _SCI_enableRx
003f23de   _SCI_enableRxInt
003f23e1   _SCI_enableTx
003f23e4   _SCI_enableTxInt
003f227c   _SCI_init
003f23ef   _SCI_lseek
003f2084   _SCI_open
003f21fb   _SCI_putDataBlocking
003f2097   _SCI_read
003f23f1   _SCI_rename
003f21af   _SCI_resetChannels
003f21b9   _SCI_resetRxFifo
003f21c3   _SCI_resetTxFifo
003f229e   _SCI_setBaudRate
003f23b5   _SCI_setCharLength
003f23b9   _SCI_setNumStopBits
003f23e7   _SCI_setPriority
003f2283   _SCI_setRxFifoIntLevel
003f228a   _SCI_setTxFifoIntLevel
003f23f3   _SCI_unlink
003f7eff   _SCI_write
003f2330   _SPIRXINTA_ISR
003f2335   _SPITXINTA_ISR
003f233a   _TINT0_ISR
003f233f   _USER10_ISR
003f2344   _USER11_ISR
003f2349   _USER12_ISR
003f234e   _USER1_ISR
003f2353   _USER2_ISR
003f2358   _USER3_ISR
003f235d   _USER4_ISR
003f2362   _USER5_ISR
003f2367   _USER6_ISR
003f236c   _USER7_ISR
003f2371   _USER8_ISR
003f2376   _USER9_ISR
003f237b   _WAKEINT_ISR
003f2226   _WDOG_disable
003f2291   _WDOG_init
003f2380   _XINT1_ISR
003f2385   _XINT2_ISR
003f238a   _XINT3_ISR
00000400   __CIOBUF_
00000350   __STACK_END
00000300   __STACK_SIZE
00000200   __SYSMEM_SIZE
00000001   __TI_args_main
003f756b   ___TI_cleanup
00008bb8   ___TI_cleanup_ptr
003f7a81   ___TI_closefile
003f794b   ___TI_doflush
00008bba   ___TI_dtors_ptr
00008a40   ___TI_ft_end
003f6a96   ___TI_printfi
003f7a56   ___TI_rd_ok
003f778a   ___TI_readmsg
00008b00   ___TI_tmpnams
003f7736   ___TI_writemsg
003f7a1c   ___TI_wrt_ok
ffffffff   ___binit__
ffffffff   ___c_args__
003f23f5   ___cinit__
ffffffff   ___etext__
003f7e2f   ___memcpy_ff
ffffffff   ___pinit__
ffffffff   ___text__
003f7f53   __args_main
003f6000   __ctypes_
00008a80   __ftable
00008bb6   __lock
003f220c   __nop
003f2208   __register_lock
003f2204   __register_unlock
00000050   __stack
00008c48   __sys_memory
00008bb4   __unlock
003f2000   _abort
003f7adc   _adc_isr
003f6fbb   _add_device
003f7cea   _atoi
003f7bcf   _c_int00
003f73d4   _calloc
003f73d2   _chkheap
003f6f89   _close
00008bbc   _cpu
00008bb0   _deviceOpen
003f2002   _exit
003f7ac3   _fclose
003f797a   _fflush
003f75d8   _fopen
003f7b36   _fputc
003f75f2   _fputs
00008940   _frame
003f7219   _free
003f73b6   _free_memory
003f7588   _freopen
003f7c13   _fseek
00008bb2   _ioSci
003f6f71   _lseek
003f7d1b   _ltoa
003f6b88   _main
003f7282   _malloc
003f7396   _max_free
003f2152   _memccpy
003f20f2   _memchr
003f215f   _memset
003f725e   _minit
0000880a   _myAdc
00008812   _myClk
00008804   _myCpu
0000880c   _myFlash
0000880e   _myGpio
00008810   _myPie
00008808   _myPwm
00008806   _mySci
003f6eff   _open
003f7cbe   _printf
003f7b36   _putc
003f7b81   _putchar
003f7688   _puts
003f6ee7   _read
003f72e2   _realloc
003f23ea   _remove
003f6ecd   _remove_device
003f6ea4   _rename
003f238f   _rsvd_ISR
003f79b6   _scia_init
003f20e8   _setDBGIER
003f78d2   _setvbuf
003f21a4   _strchr
003f21cd   _strcmp
003f2394   _strcpy
003f222e   _strlen
003f7e8d   _strncpy
00008803   _totalCount
003f6e8c   _unlink
00008840   _voltage
003f6e26   _write
ffffffff   binit
003f23f5   cinit
003f7ff6   code_start
ffffffff   etext
ffffffff   pinit


GLOBAL SYMBOLS: SORTED BY Symbol Address 

address    name
--------   ----
00000001   __TI_args_main
00000004   _RamfuncsLoadSize
00000050   __stack
00000200   __SYSMEM_SIZE
00000300   __STACK_SIZE
00000350   __STACK_END
00000400   __CIOBUF_
00008000   _DSP28x_usDelay
00008000   _RamfuncsRunStart
00008800   _ConversionCount
00008803   _totalCount
00008804   _myCpu
00008806   _mySci
00008808   _myPwm
0000880a   _myAdc
0000880c   _myFlash
0000880e   _myGpio
00008810   _myPie
00008812   _myClk
00008840   _voltage
00008940   _frame
00008a40   ___TI_ft_end
00008a80   __ftable
00008b00   ___TI_tmpnams
00008bb0   _deviceOpen
00008bb2   _ioSci
00008bb4   __unlock
00008bb6   __lock
00008bb8   ___TI_cleanup_ptr
00008bba   ___TI_dtors_ptr
00008bbc   _cpu
00008c48   __sys_memory
003f2000   C$$EXIT
003f2000   _abort
003f2002   _exit
003f2019   _ADC_enableInt
003f2031   LL$$AND
003f2039   LL$$OR
003f2041   LL$$XOR
003f2049   _PLL_setup
003f205e   _GPIO_setHigh
003f2071   _GPIO_setLow
003f2084   _SCI_open
003f2097   _SCI_read
003f20aa   _ADC_setIntPulseGenMode
003f20bc   _ADC_setVoltRefSrc
003f20ce   _PIE_enableAdcInt
003f20e8   _setDBGIER
003f20eb   _DSP28x_DisableInt
003f20ef   _DSP28x_RestoreInt
003f20f2   _memchr
003f2104   _GPIO_getData
003f2115   _PIE_setDebugIntVectorTable
003f2126   _PIE_disableAllInts
003f2135   _PIE_registerPieIntHandler
003f2144   FD$$SUB
003f2152   _memccpy
003f215f   _memset
003f216c   _SCI_close
003f2178   _ADC_enable
003f2183   _ADC_enableBandGap
003f218e   _ADC_enableRefBuffers
003f2199   _ADC_powerUp
003f21a4   _strchr
003f21af   _SCI_resetChannels
003f21b9   _SCI_resetRxFifo
003f21c3   _SCI_resetTxFifo
003f21cd   _strcmp
003f21d7   _CLK_enablePwmClock
003f21e0   _CLK_enableSciaClock
003f21e9   _PWM_setSocAPeriod
003f21f2   _PWM_setSocAPulseSrc
003f21fb   _SCI_putDataBlocking
003f2204   __register_unlock
003f2208   __register_lock
003f220c   __nop
003f220d   FD$$NEG
003f2216   _ADC_init
003f221e   _PIE_init
003f2226   _WDOG_disable
003f222e   _strlen
003f2236   _CLK_enableAdcClock
003f223d   _CLK_enableTbClockSync
003f2244   _CLK_init
003f224b   _CLK_setClkOutPreScaler
003f2252   _CLK_setOscSrc
003f2259   _FLASH_init
003f2260   _GPIO_init
003f2267   _PLL_init
003f226e   _PLL_setDivider
003f2275   _PWM_init
003f227c   _SCI_init
003f2283   _SCI_setRxFifoIntLevel
003f228a   _SCI_setTxFifoIntLevel
003f2291   _WDOG_init
003f2298   _PLL_setMultiplier
003f229e   _SCI_setBaudRate
003f22a4   _ADCINT1_ISR
003f22a9   _ADCINT2_ISR
003f22ae   _ADCINT3_ISR
003f22b3   _ADCINT4_ISR
003f22b8   _ADCINT5_ISR
003f22bd   _ADCINT6_ISR
003f22c2   _ADCINT7_ISR
003f22c7   _ADCINT8_ISR
003f22cc   _ADCINT9_ISR
003f22d1   _DATALOG_ISR
003f22d6   _ECAP1_INT_ISR
003f22db   _EMUINT_ISR
003f22e0   _EPWM1_INT_ISR
003f22e5   _EPWM1_TZINT_ISR
003f22ea   _EPWM2_INT_ISR
003f22ef   _EPWM2_TZINT_ISR
003f22f4   _EPWM3_INT_ISR
003f22f9   _EPWM3_TZINT_ISR
003f22fe   _I2CINT1A_ISR
003f2303   _I2CINT2A_ISR
003f2308   _ILLEGAL_ISR
003f230d   _INT13_ISR
003f2312   _INT14_ISR
003f2317   _NMI_ISR
003f231c   _PIE_RESERVED
003f2321   _RTOSINT_ISR
003f2326   _SCIRXINTA_ISR
003f232b   _SCITXINTA_ISR
003f2330   _SPIRXINTA_ISR
003f2335   _SPITXINTA_ISR
003f233a   _TINT0_ISR
003f233f   _USER10_ISR
003f2344   _USER11_ISR
003f2349   _USER12_ISR
003f234e   _USER1_ISR
003f2353   _USER2_ISR
003f2358   _USER3_ISR
003f235d   _USER4_ISR
003f2362   _USER5_ISR
003f2367   _USER6_ISR
003f236c   _USER7_ISR
003f2371   _USER8_ISR
003f2376   _USER9_ISR
003f237b   _WAKEINT_ISR
003f2380   _XINT1_ISR
003f2385   _XINT2_ISR
003f238a   _XINT3_ISR
003f238f   _rsvd_ISR
003f2394   _strcpy
003f2399   _CPU_enableInt
003f239d   _CPU_init
003f23a1   _PWM_enableSocAPulse
003f23a5   _PWM_setCounterMode
003f23a9   _SCI_clearRxFifoInt
003f23ad   _SCI_clearTxFifoInt
003f23b1   _SCI_enableFifoEnh
003f23b5   _SCI_setCharLength
003f23b9   _SCI_setNumStopBits
003f23bd   _CPU_clearIntFlags
003f23c0   _CPU_disableGlobalInts
003f23c3   _CPU_enableDebugInt
003f23c6   _CPU_enableGlobalInts
003f23c9   _PIE_disable
003f23cc   _PIE_enable
003f23cf   _PLL_getClkStatus
003f23d2   _PLL_getLockStatus
003f23d5   _SCI_disableParity
003f23d8   _SCI_enable
003f23db   _SCI_enableRx
003f23de   _SCI_enableRxInt
003f23e1   _SCI_enableTx
003f23e4   _SCI_enableTxInt
003f23e7   _SCI_setPriority
003f23ea   _remove
003f23ed   _PWM_setPeriod
003f23ef   _SCI_lseek
003f23f1   _SCI_rename
003f23f3   _SCI_unlink
003f23f5   ___cinit__
003f23f5   cinit
003f6000   __ctypes_
003f6102   _PIE_tableDebugInit
003f6254   _RamfuncsLoadStart
003f6a96   ___TI_printfi
003f6b88   _main
003f6e26   _write
003f6e8c   _unlink
003f6ea4   _rename
003f6ecd   _remove_device
003f6ee7   _read
003f6eff   _open
003f6f71   _lseek
003f6f89   _close
003f6fbb   _add_device
003f7027   _HOSTwrite
003f705d   _HOSTunlink
003f7082   _HOSTtime
003f70ac   _HOSTrename
003f70ea   _HOSTread
003f7120   _HOSTopen
003f7157   _HOSTlseek
003f719e   _HOSTgetenv
003f71c8   _HOSTclose
003f71ef   _HOSTclock
003f7219   _free
003f725e   _minit
003f7282   _malloc
003f72e2   _realloc
003f7396   _max_free
003f73b6   _free_memory
003f73d2   _chkheap
003f73d4   _calloc
003f73ec   LL$$DIV
003f7428   LL$$MOD
003f7462   ULL$$DIV
003f7491   ULL$$MOD
003f756b   ___TI_cleanup
003f7588   _freopen
003f75d8   _fopen
003f75f2   _fputs
003f7688   _puts
003f769a   FD$$ADD
003f7736   ___TI_writemsg
003f7786   C$$IO$$
003f778a   ___TI_readmsg
003f77c4   FD$$DIV
003f784f   FD$$MPY
003f78d2   _setvbuf
003f794b   ___TI_doflush
003f797a   _fflush
003f79b6   _scia_init
003f7a1c   ___TI_wrt_ok
003f7a56   ___TI_rd_ok
003f7a81   ___TI_closefile
003f7ac3   _fclose
003f7adc   _adc_isr
003f7b36   _fputc
003f7b36   _putc
003f7b81   _putchar
003f7b86   _GPIO_setMode
003f7bcf   _c_int00
003f7c13   _fseek
003f7c50   _GPIO_setDirection
003f7c84   _GPIO_setPullUp
003f7cbe   _printf
003f7cea   _atoi
003f7d1b   _ltoa
003f7d47   _GPIO_setQualification
003f7d72   FD$$CMP
003f7d9c   L$$DIV
003f7dab   L$$MOD
003f7db9   UL$$DIV
003f7dc0   UL$$MOD
003f7dc6   _ADC_setIntMode
003f7dea   _ADC_setIntSrc
003f7e0e   FD$$TOI
003f7e2f   ___memcpy_ff
003f7e50   FD$$TOL
003f7e6f   LL$$CMP
003f7e81   ULL$$CMP
003f7e8d   _strncpy
003f7eab   _ADC_setSocChanNumber
003f7ec7   _ADC_setSocSampleWindow
003f7ee3   _ADC_setSocTrigSrc
003f7eff   _SCI_write
003f7f1b   FS$$TOFD
003f7f37   L$$TOFD
003f7f53   __args_main
003f7f6c   LL$$MPY
003f7ff6   code_start
ffffffff   .text
ffffffff   ___binit__
ffffffff   ___c_args__
ffffffff   ___etext__
ffffffff   ___pinit__
ffffffff   ___text__
ffffffff   binit
ffffffff   etext
ffffffff   pinit

[276 symbols]
