******************************************************************************
             TMS320C2000 Linker PC v6.2.8                      
******************************************************************************
>> Linked Fri Nov 21 17:46:23 2014

OUTPUT FILE NAME:   <VoiceModule.out>
ENTRY POINT SYMBOL: "code_start"  address: 003f7ff6


MEMORY CONFIGURATION

         name            origin    length      used     unused   attr    fill
----------------------  --------  ---------  --------  --------  ----  --------
PAGE 0:
  PRAML0                00008000   00000800  00000004  000007fc  RWIX
  OTP                   003d7800   00000400  00000000  00000400  RWIX
  FLASHD                003f0000   00002000  00000000  00002000  RWIX
  FLASHC                003f2000   00002000  00000000  00002000  RWIX
  FLASHA                003f6000   00001f80  00000a15  0000156b  RWIX
  CSM_RSVD              003f7f80   00000076  00000076  00000000  RWIX
  BEGIN                 003f7ff6   00000002  00000002  00000000  RWIX
  CSM_PWL_P0            003f7ff8   00000008  00000008  00000000  RWIX
  IQTABLES              003fe000   00000b50  00000000  00000b50  RWIX
  IQTABLES2             003feb50   0000008c  00000000  0000008c  RWIX
  IQTABLES3             003febdc   000000aa  00000000  000000aa  RWIX
  ROM                   003ff27c   00000d44  00000000  00000d44  RWIX
  RESET                 003fffc0   00000002  00000000  00000002  RWIX
  VECTORS               003fffc2   0000003e  00000000  0000003e  RWIX

PAGE 1:
  BOOT_RSVD             00000000   00000050  00000000  00000050  RWIX
  RAMM0                 00000050   000003b0  00000300  000000b0  RWIX
  RAMM1                 00000400   00000400  00000000  00000400  RWIX
  DEV_EMU               00000880   00000105  00000000  00000105  RWIX
  SYS_PWR_CTL           00000985   00000003  00000000  00000003  RWIX
  FLASH_REGS            00000a80   00000060  00000000  00000060  RWIX
  CSM                   00000ae0   00000010  00000000  00000010  RWIX
  ADC_RESULT            00000b00   00000020  00000000  00000020  RWIX
  CPU_TIMER0            00000c00   00000008  00000000  00000008  RWIX
  CPU_TIMER1            00000c08   00000008  00000000  00000008  RWIX
  CPU_TIMER2            00000c10   00000008  00000000  00000008  RWIX
  PIE_CTRL              00000ce0   00000020  00000000  00000020  RWIX
  PIE_VECT              00000d00   00000100  00000000  00000100  RWIX
  COMP1                 00006400   00000020  00000000  00000020  RWIX
  COMP2                 00006420   00000020  00000000  00000020  RWIX
  EPWM1                 00006800   00000040  00000000  00000040  RWIX
  EPWM2                 00006840   00000040  00000000  00000040  RWIX
  EPWM3                 00006880   00000040  00000000  00000040  RWIX
  EPWM4                 000068c0   00000040  00000000  00000040  RWIX
  ECAP1                 00006a00   00000020  00000000  00000020  RWIX
  GPIOCTRL              00006f80   00000040  00000000  00000040  RWIX
  GPIODAT               00006fc0   00000020  00000000  00000020  RWIX
  GPIOINT               00006fe0   00000020  00000000  00000020  RWIX
  SYSTEM                00007010   00000020  00000000  00000020  RWIX
  SPIA                  00007040   00000010  00000000  00000010  RWIX
  SCIA                  00007050   00000010  00000000  00000010  RWIX
  NMIINTRUPT            00007060   00000010  00000000  00000010  RWIX
  XINTRUPT              00007070   00000010  00000000  00000010  RWIX
  ADC                   00007100   00000080  00000000  00000080  RWIX
  I2CA                  00007900   00000040  00000000  00000040  RWIX
  DRAML0                00008800   00000800  00000745  000000bb  RWIX
  PARTID                003d7fff   00000001  00000000  00000001  RWIX
  FLASHB                003f4000   00002000  00000000  00002000  RWIX
  CSM_PWL               003f7ff8   00000008  00000000  00000008  RWIX


SECTION ALLOCATION MAP

 output                                  attributes/
section   page    origin      length       input sections
--------  ----  ----------  ----------   ----------------
.pinit     0    003f6000    00000000     UNINITIALIZED

.econst    0    003f6000    00000206     
                  003f6000    00000100     driverlib.lib : pie.obj (.econst:_PIE_tableDebugInit)
                  003f6100    00000100     Sin256Q15.obj (.econst:_sine256Q15)
                  003f6200    00000006     VoiceModule.obj (.econst)

ramfuncs   0    003f6206    00000004     RUN ADDR = 00008000
                  003f6206    00000004     driverlib.lib : F2802x_asmfuncs.obj (ramfuncs)

.text      0    003f620a    000007e5     
                  003f620a    0000018e     VoiceModule.obj (.text:_main)
                  003f6398    00000090     VoiceModule.obj (.text:_InitEPwm2)
                  003f6428    00000083     rts2800_ml.lib : fs_div.obj (.text)
                  003f64ab    0000005a                    : fs_mpy.obj (.text)
                  003f6505    00000055     VoiceModule.obj (.text:_adc_isr)
                  003f655a    00000049     driverlib.lib : gpio.obj (.text:_GPIO_setMode)
                  003f65a3    00000044     rts2800_ml.lib : boot.obj (.text)
                  003f65e7    00000034     driverlib.lib : gpio.obj (.text:_GPIO_setDirection)
                  003f661b    00000034                   : gpio.obj (.text:_GPIO_setPullUp)
                  003f664f    0000002b                   : gpio.obj (.text:_GPIO_setQualification)
                  003f667a    00000025     rts2800_ml.lib : fs_toi.obj (.text)
                  003f669f    00000021                    : memcpy_ff.obj (.text)
                  003f66c0    0000001f     VoiceModule.obj (.text:_epwm2_isr)
                  003f66df    0000001d     VoiceModule.obj (.text:_calculate_duty_cycle)
                  003f66fc    0000001d     rts2800_ml.lib : fs_tou.obj (.text)
                  003f6719    0000001a                    : i_tofs.obj (.text)
                  003f6733    00000019                    : args_main.obj (.text)
                  003f674c    00000019                    : exit.obj (.text)
                  003f6765    00000016     VoiceModule.obj (.text:_fullFrame)
                  003f677b    00000015     driverlib.lib : pll.obj (.text:_PLL_setup)
                  003f6790    00000012                   : pie.obj (.text:_PIE_enableAdcInt)
                  003f67a2    00000012                   : F2802x_asmfuncs.obj (.text)
                  003f67b4    00000011                   : pie.obj (.text:_PIE_setDebugIntVectorTable)
                  003f67c5    00000011     VoiceModule.obj (.text:_update_compare)
                  003f67d6    00000010     rts2800_ml.lib : u_tofs.obj (.text)
                  003f67e6    0000000f     driverlib.lib : pie.obj (.text:_PIE_disableAllInts)
                  003f67f5    0000000f                   : pie.obj (.text:_PIE_registerPieIntHandler)
                  003f6804    0000000d                   : pie.obj (.text:_PIE_enablePwmInt)
                  003f6811    00000009                   : clk.obj (.text:_CLK_enablePwmClock)
                  003f681a    00000009                   : pwm.obj (.text:_PWM_setActionQual_CntUp_CmpB_PwmB)
                  003f6823    00000009     rts2800_ml.lib : _lock.obj (.text)
                  003f682c    00000008     driverlib.lib : adc.obj (.text:_ADC_init)
                  003f6834    00000008                   : pie.obj (.text:_PIE_init)
                  003f683c    00000008                   : wdog.obj (.text:_WDOG_disable)
                  003f6844    00000007                   : clk.obj (.text:_CLK_disableTbClockSync)
                  003f684b    00000007                   : clk.obj (.text:_CLK_enableAdcClock)
                  003f6852    00000007                   : clk.obj (.text:_CLK_enableTbClockSync)
                  003f6859    00000007                   : clk.obj (.text:_CLK_init)
                  003f6860    00000007                   : clk.obj (.text:_CLK_setClkOutPreScaler)
                  003f6867    00000007                   : clk.obj (.text:_CLK_setOscSrc)
                  003f686e    00000007                   : flash.obj (.text:_FLASH_init)
                  003f6875    00000007                   : gpio.obj (.text:_GPIO_init)
                  003f687c    00000007                   : pll.obj (.text:_PLL_init)
                  003f6883    00000007                   : pll.obj (.text:_PLL_setDivider)
                  003f688a    00000007                   : pwm.obj (.text:_PWM_init)
                  003f6891    00000007                   : pwm.obj (.text:_PWM_setActionQual_Zero_PwmB)
                  003f6898    00000007                   : pwm.obj (.text:_PWM_setIntMode)
                  003f689f    00000007                   : pwm.obj (.text:_PWM_setIntPeriod)
                  003f68a6    00000007                   : sci.obj (.text:_SCI_init)
                  003f68ad    00000007                   : wdog.obj (.text:_WDOG_init)
                  003f68b4    00000006                   : pll.obj (.text:_PLL_setMultiplier)
                  003f68ba    00000006                   : pwm.obj (.text:_PWM_setLoadMode_CmpB)
                  003f68c0    00000006                   : pwm.obj (.text:_PWM_setShadowMode_CmpB)
                  003f68c6    00000005                   : F2802x_DefaultIsr.obj (.text:_ADCINT1_ISR)
                  003f68cb    00000005                   : F2802x_DefaultIsr.obj (.text:_ADCINT2_ISR)
                  003f68d0    00000005                   : F2802x_DefaultIsr.obj (.text:_ADCINT3_ISR)
                  003f68d5    00000005                   : F2802x_DefaultIsr.obj (.text:_ADCINT4_ISR)
                  003f68da    00000005                   : F2802x_DefaultIsr.obj (.text:_ADCINT5_ISR)
                  003f68df    00000005                   : F2802x_DefaultIsr.obj (.text:_ADCINT6_ISR)
                  003f68e4    00000005                   : F2802x_DefaultIsr.obj (.text:_ADCINT7_ISR)
                  003f68e9    00000005                   : F2802x_DefaultIsr.obj (.text:_ADCINT8_ISR)
                  003f68ee    00000005                   : F2802x_DefaultIsr.obj (.text:_ADCINT9_ISR)
                  003f68f3    00000005                   : F2802x_DefaultIsr.obj (.text:_DATALOG_ISR)
                  003f68f8    00000005                   : F2802x_DefaultIsr.obj (.text:_ECAP1_INT_ISR)
                  003f68fd    00000005                   : F2802x_DefaultIsr.obj (.text:_EMUINT_ISR)
                  003f6902    00000005                   : F2802x_DefaultIsr.obj (.text:_EPWM1_INT_ISR)
                  003f6907    00000005                   : F2802x_DefaultIsr.obj (.text:_EPWM1_TZINT_ISR)
                  003f690c    00000005                   : F2802x_DefaultIsr.obj (.text:_EPWM2_INT_ISR)
                  003f6911    00000005                   : F2802x_DefaultIsr.obj (.text:_EPWM2_TZINT_ISR)
                  003f6916    00000005                   : F2802x_DefaultIsr.obj (.text:_EPWM3_INT_ISR)
                  003f691b    00000005                   : F2802x_DefaultIsr.obj (.text:_EPWM3_TZINT_ISR)
                  003f6920    00000005                   : F2802x_DefaultIsr.obj (.text:_I2CINT1A_ISR)
                  003f6925    00000005                   : F2802x_DefaultIsr.obj (.text:_I2CINT2A_ISR)
                  003f692a    00000005                   : F2802x_DefaultIsr.obj (.text:_ILLEGAL_ISR)
                  003f692f    00000005                   : F2802x_DefaultIsr.obj (.text:_INT13_ISR)
                  003f6934    00000005                   : F2802x_DefaultIsr.obj (.text:_INT14_ISR)
                  003f6939    00000005                   : F2802x_DefaultIsr.obj (.text:_NMI_ISR)
                  003f693e    00000005                   : F2802x_DefaultIsr.obj (.text:_PIE_RESERVED)
                  003f6943    00000005                   : F2802x_DefaultIsr.obj (.text:_RTOSINT_ISR)
                  003f6948    00000005                   : F2802x_DefaultIsr.obj (.text:_SCIRXINTA_ISR)
                  003f694d    00000005                   : F2802x_DefaultIsr.obj (.text:_SCITXINTA_ISR)
                  003f6952    00000005                   : F2802x_DefaultIsr.obj (.text:_SPIRXINTA_ISR)
                  003f6957    00000005                   : F2802x_DefaultIsr.obj (.text:_SPITXINTA_ISR)
                  003f695c    00000005                   : F2802x_DefaultIsr.obj (.text:_TINT0_ISR)
                  003f6961    00000005                   : F2802x_DefaultIsr.obj (.text:_USER10_ISR)
                  003f6966    00000005                   : F2802x_DefaultIsr.obj (.text:_USER11_ISR)
                  003f696b    00000005                   : F2802x_DefaultIsr.obj (.text:_USER12_ISR)
                  003f6970    00000005                   : F2802x_DefaultIsr.obj (.text:_USER1_ISR)
                  003f6975    00000005                   : F2802x_DefaultIsr.obj (.text:_USER2_ISR)
                  003f697a    00000005                   : F2802x_DefaultIsr.obj (.text:_USER3_ISR)
                  003f697f    00000005                   : F2802x_DefaultIsr.obj (.text:_USER4_ISR)
                  003f6984    00000005                   : F2802x_DefaultIsr.obj (.text:_USER5_ISR)
                  003f6989    00000005                   : F2802x_DefaultIsr.obj (.text:_USER6_ISR)
                  003f698e    00000005                   : F2802x_DefaultIsr.obj (.text:_USER7_ISR)
                  003f6993    00000005                   : F2802x_DefaultIsr.obj (.text:_USER8_ISR)
                  003f6998    00000005                   : F2802x_DefaultIsr.obj (.text:_USER9_ISR)
                  003f699d    00000005                   : F2802x_DefaultIsr.obj (.text:_WAKEINT_ISR)
                  003f69a2    00000005                   : F2802x_DefaultIsr.obj (.text:_XINT1_ISR)
                  003f69a7    00000005                   : F2802x_DefaultIsr.obj (.text:_XINT2_ISR)
                  003f69ac    00000005                   : F2802x_DefaultIsr.obj (.text:_XINT3_ISR)
                  003f69b1    00000005                   : F2802x_DefaultIsr.obj (.text:_rsvd_ISR)
                  003f69b6    00000004                   : cpu.obj (.text:_CPU_enableInt)
                  003f69ba    00000004                   : cpu.obj (.text:_CPU_init)
                  003f69be    00000004                   : pwm.obj (.text:_PWM_enableInt)
                  003f69c2    00000004                   : pwm.obj (.text:_PWM_setClkDiv)
                  003f69c6    00000004                   : pwm.obj (.text:_PWM_setCounterMode)
                  003f69ca    00000004                   : pwm.obj (.text:_PWM_setHighSpeedClkDiv)
                  003f69ce    00000003                   : cpu.obj (.text:_CPU_clearIntFlags)
                  003f69d1    00000003                   : cpu.obj (.text:_CPU_disableGlobalInts)
                  003f69d4    00000003                   : cpu.obj (.text:_CPU_enableDebugInt)
                  003f69d7    00000003                   : cpu.obj (.text:_CPU_enableGlobalInts)
                  003f69da    00000003                   : pie.obj (.text:_PIE_disable)
                  003f69dd    00000003                   : pie.obj (.text:_PIE_enable)
                  003f69e0    00000003                   : pll.obj (.text:_PLL_getClkStatus)
                  003f69e3    00000003                   : pll.obj (.text:_PLL_getLockStatus)
                  003f69e6    00000003                   : pwm.obj (.text:_PWM_disableCounterLoad)
                  003f69e9    00000002                   : pwm.obj (.text:_PWM_setCount)
                  003f69eb    00000002                   : pwm.obj (.text:_PWM_setPeriod)
                  003f69ed    00000002                   : pwm.obj (.text:_PWM_setPhase)

.cinit     0    003f69ef    00000026     
                  003f69ef    00000010     VoiceModule.obj (.cinit)
                  003f69ff    0000000a     rts2800_ml.lib : _lock.obj (.cinit)
                  003f6a09    0000000a                    : exit.obj (.cinit)
                  003f6a13    00000002     --HOLE-- [fill = 0]

csm_rsvd   0    003f7f80    00000076     
                  003f7f80    00000076     driverlib.lib : F2802x_asmfuncs.obj (csm_rsvd)

codestart 
*          0    003f7ff6    00000002     
                  003f7ff6    00000002     driverlib.lib : F2802x_asmfuncs.obj (codestart)

csmpasswds 
*          0    003f7ff8    00000008     
                  003f7ff8    00000008     driverlib.lib : F2802x_asmfuncs.obj (csmpasswds)

.reset     0    003fffc0    00000002     DSECT
                  003fffc0    00000002     rts2800_ml.lib : boot.obj (.reset)

vectors    0    003fffc2    00000000     DSECT

.stack     1    00000050    00000300     UNINITIALIZED
                  00000050    00000300     --HOLE--

.ebss      1    00008800    00000745     UNINITIALIZED
                  00008800    0000073c     VoiceModule.obj (.ebss)
                  00008f3c    00000004     rts2800_ml.lib : _lock.obj (.ebss)
                  00008f40    00000004                    : exit.obj (.ebss)
                  00008f44    00000001     driverlib.lib : cpu.obj (.ebss)


GLOBAL DATA SYMBOLS: SORTED BY DATA PAGE

address     data page           name
--------    ----------------    ----
00000050       1 (00000040)     __stack

00008800     220 (00008800)     _maxValue
00008801     220 (00008800)     _periodForSampleRate
00008802     220 (00008800)     _timeToUpdate
00008803     220 (00008800)     _ConversionCount
00008804     220 (00008800)     _indexToPlay
00008805     220 (00008800)     _loopCount
00008806     220 (00008800)     _myCpu
00008808     220 (00008800)     _myPwm
0000880a     220 (00008800)     _mySci
0000880c     220 (00008800)     _myPwm2
0000880e     220 (00008800)     _myAdc
00008810     220 (00008800)     _myGpio
00008812     220 (00008800)     _myFlash
00008814     220 (00008800)     _myPie
00008816     220 (00008800)     _myClk
00008818     220 (00008800)     _epwm2_info

00008840     221 (00008840)     _voltage

00008940     225 (00008940)     _frame

00008a40     229 (00008a40)     _sineDuties

00008b40     22d (00008b40)     _wavDuties

00008f3c     23c (00008f00)     __unlock
00008f3e     23c (00008f00)     __lock

00008f40     23d (00008f40)     ___TI_cleanup_ptr
00008f42     23d (00008f40)     ___TI_dtors_ptr
00008f44     23d (00008f40)     _cpu

003f6000    fd80 (003f6000)     _PIE_tableDebugInit

003f6100    fd84 (003f6100)     _sine256Q15

003f6200    fd88 (003f6200)     _highSpeedClockDiv
003f6202    fd88 (003f6200)     _sampleRate
003f6204    fd88 (003f6200)     _clockRate


GLOBAL SYMBOLS: SORTED ALPHABETICALLY BY Name 

address    name
--------   ----
ffffffff   .text
003f674c   C$$EXIT
003f6428   FS$$DIV
003f64ab   FS$$MPY
003f667a   FS$$TOI
003f66fc   FS$$TOU
003f6719   I$$TOFS
003f67d6   U$$TOFS
003f68c6   _ADCINT1_ISR
003f68cb   _ADCINT2_ISR
003f68d0   _ADCINT3_ISR
003f68d5   _ADCINT4_ISR
003f68da   _ADCINT5_ISR
003f68df   _ADCINT6_ISR
003f68e4   _ADCINT7_ISR
003f68e9   _ADCINT8_ISR
003f68ee   _ADCINT9_ISR
003f682c   _ADC_init
003f6844   _CLK_disableTbClockSync
003f684b   _CLK_enableAdcClock
003f6811   _CLK_enablePwmClock
003f6852   _CLK_enableTbClockSync
003f6859   _CLK_init
003f6860   _CLK_setClkOutPreScaler
003f6867   _CLK_setOscSrc
003f69ce   _CPU_clearIntFlags
003f69d1   _CPU_disableGlobalInts
003f69d4   _CPU_enableDebugInt
003f69d7   _CPU_enableGlobalInts
003f69b6   _CPU_enableInt
003f69ba   _CPU_init
00008803   _ConversionCount
003f68f3   _DATALOG_ISR
003f67ad   _DSP28x_DisableInt
003f67b1   _DSP28x_RestoreInt
00008000   _DSP28x_usDelay
003f68f8   _ECAP1_INT_ISR
003f68fd   _EMUINT_ISR
003f6902   _EPWM1_INT_ISR
003f6907   _EPWM1_TZINT_ISR
003f690c   _EPWM2_INT_ISR
003f6911   _EPWM2_TZINT_ISR
003f6916   _EPWM3_INT_ISR
003f691b   _EPWM3_TZINT_ISR
003f686e   _FLASH_init
003f6875   _GPIO_init
003f65e7   _GPIO_setDirection
003f655a   _GPIO_setMode
003f661b   _GPIO_setPullUp
003f664f   _GPIO_setQualification
003f6920   _I2CINT1A_ISR
003f6925   _I2CINT2A_ISR
003f692a   _ILLEGAL_ISR
003f692f   _INT13_ISR
003f6934   _INT14_ISR
003f6398   _InitEPwm2
003f6939   _NMI_ISR
003f693e   _PIE_RESERVED
003f69da   _PIE_disable
003f67e6   _PIE_disableAllInts
003f69dd   _PIE_enable
003f6790   _PIE_enableAdcInt
003f6804   _PIE_enablePwmInt
003f6834   _PIE_init
003f67f5   _PIE_registerPieIntHandler
003f67b4   _PIE_setDebugIntVectorTable
003f6000   _PIE_tableDebugInit
003f69e0   _PLL_getClkStatus
003f69e3   _PLL_getLockStatus
003f687c   _PLL_init
003f6883   _PLL_setDivider
003f68b4   _PLL_setMultiplier
003f677b   _PLL_setup
003f69e6   _PWM_disableCounterLoad
003f69be   _PWM_enableInt
003f688a   _PWM_init
003f681a   _PWM_setActionQual_CntUp_CmpB_PwmB
003f6891   _PWM_setActionQual_Zero_PwmB
003f69c2   _PWM_setClkDiv
003f69e9   _PWM_setCount
003f69c6   _PWM_setCounterMode
003f69ca   _PWM_setHighSpeedClkDiv
003f6898   _PWM_setIntMode
003f689f   _PWM_setIntPeriod
003f68ba   _PWM_setLoadMode_CmpB
003f69eb   _PWM_setPeriod
003f69ed   _PWM_setPhase
003f68c0   _PWM_setShadowMode_CmpB
003f6943   _RTOSINT_ISR
00000004   _RamfuncsLoadSize
003f6206   _RamfuncsLoadStart
00008000   _RamfuncsRunStart
003f6948   _SCIRXINTA_ISR
003f694d   _SCITXINTA_ISR
003f68a6   _SCI_init
003f6952   _SPIRXINTA_ISR
003f6957   _SPITXINTA_ISR
003f695c   _TINT0_ISR
003f6961   _USER10_ISR
003f6966   _USER11_ISR
003f696b   _USER12_ISR
003f6970   _USER1_ISR
003f6975   _USER2_ISR
003f697a   _USER3_ISR
003f697f   _USER4_ISR
003f6984   _USER5_ISR
003f6989   _USER6_ISR
003f698e   _USER7_ISR
003f6993   _USER8_ISR
003f6998   _USER9_ISR
003f699d   _WAKEINT_ISR
003f683c   _WDOG_disable
003f68ad   _WDOG_init
003f69a2   _XINT1_ISR
003f69a7   _XINT2_ISR
003f69ac   _XINT3_ISR
00000350   __STACK_END
00000300   __STACK_SIZE
00000001   __TI_args_main
00008f40   ___TI_cleanup_ptr
00008f42   ___TI_dtors_ptr
ffffffff   ___binit__
ffffffff   ___c_args__
003f69ef   ___cinit__
ffffffff   ___etext__
003f669f   ___memcpy_ff
ffffffff   ___pinit__
ffffffff   ___text__
003f6733   __args_main
00008f3e   __lock
003f682b   __nop
003f6827   __register_lock
003f6823   __register_unlock
00000050   __stack
00008f3c   __unlock
003f674c   _abort
003f6505   _adc_isr
003f65a3   _c_int00
003f66df   _calculate_duty_cycle
003f6204   _clockRate
00008f44   _cpu
00008818   _epwm2_info
003f66c0   _epwm2_isr
003f674e   _exit
00008940   _frame
003f6765   _fullFrame
003f6200   _highSpeedClockDiv
00008804   _indexToPlay
00008805   _loopCount
003f620a   _main
00008800   _maxValue
0000880e   _myAdc
00008816   _myClk
00008806   _myCpu
00008812   _myFlash
00008810   _myGpio
00008814   _myPie
00008808   _myPwm
0000880c   _myPwm2
0000880a   _mySci
00008801   _periodForSampleRate
003f69b1   _rsvd_ISR
003f6202   _sampleRate
003f67aa   _setDBGIER
003f6100   _sine256Q15
00008a40   _sineDuties
00008802   _timeToUpdate
003f67c5   _update_compare
00008840   _voltage
00008b40   _wavDuties
ffffffff   binit
003f69ef   cinit
003f7ff6   code_start
ffffffff   etext
ffffffff   pinit


GLOBAL SYMBOLS: SORTED BY Symbol Address 

address    name
--------   ----
00000001   __TI_args_main
00000004   _RamfuncsLoadSize
00000050   __stack
00000300   __STACK_SIZE
00000350   __STACK_END
00008000   _DSP28x_usDelay
00008000   _RamfuncsRunStart
00008800   _maxValue
00008801   _periodForSampleRate
00008802   _timeToUpdate
00008803   _ConversionCount
00008804   _indexToPlay
00008805   _loopCount
00008806   _myCpu
00008808   _myPwm
0000880a   _mySci
0000880c   _myPwm2
0000880e   _myAdc
00008810   _myGpio
00008812   _myFlash
00008814   _myPie
00008816   _myClk
00008818   _epwm2_info
00008840   _voltage
00008940   _frame
00008a40   _sineDuties
00008b40   _wavDuties
00008f3c   __unlock
00008f3e   __lock
00008f40   ___TI_cleanup_ptr
00008f42   ___TI_dtors_ptr
00008f44   _cpu
003f6000   _PIE_tableDebugInit
003f6100   _sine256Q15
003f6200   _highSpeedClockDiv
003f6202   _sampleRate
003f6204   _clockRate
003f6206   _RamfuncsLoadStart
003f620a   _main
003f6398   _InitEPwm2
003f6428   FS$$DIV
003f64ab   FS$$MPY
003f6505   _adc_isr
003f655a   _GPIO_setMode
003f65a3   _c_int00
003f65e7   _GPIO_setDirection
003f661b   _GPIO_setPullUp
003f664f   _GPIO_setQualification
003f667a   FS$$TOI
003f669f   ___memcpy_ff
003f66c0   _epwm2_isr
003f66df   _calculate_duty_cycle
003f66fc   FS$$TOU
003f6719   I$$TOFS
003f6733   __args_main
003f674c   C$$EXIT
003f674c   _abort
003f674e   _exit
003f6765   _fullFrame
003f677b   _PLL_setup
003f6790   _PIE_enableAdcInt
003f67aa   _setDBGIER
003f67ad   _DSP28x_DisableInt
003f67b1   _DSP28x_RestoreInt
003f67b4   _PIE_setDebugIntVectorTable
003f67c5   _update_compare
003f67d6   U$$TOFS
003f67e6   _PIE_disableAllInts
003f67f5   _PIE_registerPieIntHandler
003f6804   _PIE_enablePwmInt
003f6811   _CLK_enablePwmClock
003f681a   _PWM_setActionQual_CntUp_CmpB_PwmB
003f6823   __register_unlock
003f6827   __register_lock
003f682b   __nop
003f682c   _ADC_init
003f6834   _PIE_init
003f683c   _WDOG_disable
003f6844   _CLK_disableTbClockSync
003f684b   _CLK_enableAdcClock
003f6852   _CLK_enableTbClockSync
003f6859   _CLK_init
003f6860   _CLK_setClkOutPreScaler
003f6867   _CLK_setOscSrc
003f686e   _FLASH_init
003f6875   _GPIO_init
003f687c   _PLL_init
003f6883   _PLL_setDivider
003f688a   _PWM_init
003f6891   _PWM_setActionQual_Zero_PwmB
003f6898   _PWM_setIntMode
003f689f   _PWM_setIntPeriod
003f68a6   _SCI_init
003f68ad   _WDOG_init
003f68b4   _PLL_setMultiplier
003f68ba   _PWM_setLoadMode_CmpB
003f68c0   _PWM_setShadowMode_CmpB
003f68c6   _ADCINT1_ISR
003f68cb   _ADCINT2_ISR
003f68d0   _ADCINT3_ISR
003f68d5   _ADCINT4_ISR
003f68da   _ADCINT5_ISR
003f68df   _ADCINT6_ISR
003f68e4   _ADCINT7_ISR
003f68e9   _ADCINT8_ISR
003f68ee   _ADCINT9_ISR
003f68f3   _DATALOG_ISR
003f68f8   _ECAP1_INT_ISR
003f68fd   _EMUINT_ISR
003f6902   _EPWM1_INT_ISR
003f6907   _EPWM1_TZINT_ISR
003f690c   _EPWM2_INT_ISR
003f6911   _EPWM2_TZINT_ISR
003f6916   _EPWM3_INT_ISR
003f691b   _EPWM3_TZINT_ISR
003f6920   _I2CINT1A_ISR
003f6925   _I2CINT2A_ISR
003f692a   _ILLEGAL_ISR
003f692f   _INT13_ISR
003f6934   _INT14_ISR
003f6939   _NMI_ISR
003f693e   _PIE_RESERVED
003f6943   _RTOSINT_ISR
003f6948   _SCIRXINTA_ISR
003f694d   _SCITXINTA_ISR
003f6952   _SPIRXINTA_ISR
003f6957   _SPITXINTA_ISR
003f695c   _TINT0_ISR
003f6961   _USER10_ISR
003f6966   _USER11_ISR
003f696b   _USER12_ISR
003f6970   _USER1_ISR
003f6975   _USER2_ISR
003f697a   _USER3_ISR
003f697f   _USER4_ISR
003f6984   _USER5_ISR
003f6989   _USER6_ISR
003f698e   _USER7_ISR
003f6993   _USER8_ISR
003f6998   _USER9_ISR
003f699d   _WAKEINT_ISR
003f69a2   _XINT1_ISR
003f69a7   _XINT2_ISR
003f69ac   _XINT3_ISR
003f69b1   _rsvd_ISR
003f69b6   _CPU_enableInt
003f69ba   _CPU_init
003f69be   _PWM_enableInt
003f69c2   _PWM_setClkDiv
003f69c6   _PWM_setCounterMode
003f69ca   _PWM_setHighSpeedClkDiv
003f69ce   _CPU_clearIntFlags
003f69d1   _CPU_disableGlobalInts
003f69d4   _CPU_enableDebugInt
003f69d7   _CPU_enableGlobalInts
003f69da   _PIE_disable
003f69dd   _PIE_enable
003f69e0   _PLL_getClkStatus
003f69e3   _PLL_getLockStatus
003f69e6   _PWM_disableCounterLoad
003f69e9   _PWM_setCount
003f69eb   _PWM_setPeriod
003f69ed   _PWM_setPhase
003f69ef   ___cinit__
003f69ef   cinit
003f7ff6   code_start
ffffffff   .text
ffffffff   ___binit__
ffffffff   ___c_args__
ffffffff   ___etext__
ffffffff   ___pinit__
ffffffff   ___text__
ffffffff   binit
ffffffff   etext
ffffffff   pinit

[175 symbols]
